  Γû▓ Next.js 14.2.15

   Creating an optimized production build ...
 Γ£ô Compiled successfully
   Linting and checking validity of types ...
node.exe : 
At line:1 char:1
+ & "c:\Program 
Files\nodejs/node.exe" 
"c:\Program 
Files\nodejs/node_mo ...
+ ~~~~~~~~~~~~~~~~~~~~~~
~~~~~~~~~~~~~~~~~~~~~~~~
~~~~~~~~~~~~~~~~~~~~~~~
    + CategoryInfo      
        : NotSpeci    
fied: (:String) [    ], 
RemoteExceptio    n
    + FullyQualifiedE   
 rrorId : NativeCo    
mmandError
 
Failed to compile.

./app/api/early-access/r
oute.js
99:30  Error: Replace `Γ
ÉìΓÅÄ┬╖┬╖┬╖┬╖┬╖┬╖{┬╖erro
r:┬╖'Server┬╖error',┬╖de
tails:┬╖error.message┬╖}
,ΓÉìΓÅÄ┬╖┬╖┬╖┬╖┬╖┬╖{┬╖st
atus:┬╖500┬╖},ΓÉìΓÅÄ┬╖┬╖
┬╖┬╖` with `{┬╖error:┬╖'
Server┬╖error',┬╖details
:┬╖error.message┬╖},┬╖{┬
╖status:┬╖500┬╖}`  
prettier/prettier

./app/contact/page.jsx
21:25  Error: Replace `a
x-w-[800px]┬╖mx-auto┬╖` 
with `x-auto┬╖max-w-[800
px]┬╖`  
prettier/prettier
22:23  Error: Replace `t
ext-[11px]┬╖tracking-[0.
15em]┬╖uppercase┬╖opacit
y-30┬╖mb-3` with `mb-3┬╖
text-[11px]┬╖uppercase┬╖
tracking-[0.15em]┬╖opaci
ty-30`  
prettier/prettier
23:24  Error: Replace `t
ext-3xl┬╖md:text-4xl┬╖fo
nt-bold┬╖mb-6` with `mb-
6┬╖text-3xl┬╖font-bold┬╖
md:text-4xl`  
prettier/prettier
24:23  Error: Replace `t
ext-[16px]┬╖opacity-55┬╖
leading-relaxed┬╖mb-12` 
with `mb-12┬╖text-[16px]
┬╖leading-relaxed┬╖opaci
ty-55`  
prettier/prettier
25:86  Error: Delete `ΓÉ
ìΓÅÄ┬╖┬╖┬╖┬╖┬╖┬╖┬╖┬╖┬╖` 
 prettier/prettier
31:81  Error: Replace `h
over:opacity-100┬╖transi
tion-opacity">hello@aiva
lanche.com` with `transi
tion-opacity┬╖hover:opac
ity-100">ΓÉìΓÅÄ┬╖┬╖┬╖┬╖┬
╖┬╖┬╖┬╖┬╖┬╖┬╖┬╖┬╖┬╖hello
@aivalanche.comΓÉìΓÅÄ┬╖┬
╖┬╖┬╖┬╖┬╖┬╖┬╖┬╖┬╖┬╖┬╖`  
prettier/prettier

./app/faq-schema.js
2:3  Error: Replace `┬╖┬
╖"@context":┬╖"https://s
chema.org"` with `'@cont
ext':┬╖'https://schema.o
rg'`  prettier/prettier
3:3  Error: Replace `┬╖┬
╖"@type":┬╖"FAQPage"` 
with 
`'@type':┬╖'FAQPage'`  
prettier/prettier
4:1  Error: Replace 
`┬╖┬╖┬╖┬╖"mainEntity"` 
with `┬╖┬╖mainEntity`  
prettier/prettier
5:1  Error: Replace 
`┬╖┬╖┬╖┬╖┬╖┬╖┬╖┬╖` with 
`┬╖┬╖┬╖┬╖`  
prettier/prettier
6:7  Error: Replace `┬╖┬
╖┬╖┬╖┬╖┬╖"@type":┬╖"Ques
tion"` with 
`'@type':┬╖'Question'`  
prettier/prettier
7:7  Error: Replace `┬╖┬
╖┬╖┬╖┬╖┬╖"name":┬╖"What┬
╖is┬╖LabFlow?"` with `na
me:┬╖'What┬╖is┬╖LabFlow?
'`  prettier/prettier
8:7  Error: Replace `┬╖┬
╖┬╖┬╖┬╖┬╖"acceptedAnswer
"` with 
`acceptedAnswer`  
prettier/prettier
9:1  Error: Replace `┬╖┬
╖┬╖┬╖┬╖┬╖┬╖┬╖┬╖┬╖┬╖┬╖┬╖┬
╖┬╖┬╖"@type":┬╖"Answer"`
 with `┬╖┬╖┬╖┬╖┬╖┬╖┬╖┬╖'
@type':┬╖'Answer'`  
prettier/prettier
10:1  Error: Replace `┬╖
┬╖┬╖┬╖┬╖┬╖┬╖┬╖┬╖┬╖┬╖┬╖┬╖
┬╖┬╖┬╖"text":┬╖"LabFlow┬
╖is┬╖an┬╖AI-Assisted┬╖La
b┬╖Engineer┬╖that┬╖unifi
es┬╖instrumentation┬╖con
trol,┬╖Python/LabVIEW┬╖s
cripting,┬╖and┬╖high-res
olution┬╖dashboards┬╖int
o┬╖a┬╖single┬╖desktop┬╖e
xperience.┬╖It┬╖enables┬
╖engineers┬╖and┬╖scienti
sts┬╖to┬╖automate┬╖labor
atory┬╖workflows,┬╖reduc
e┬╖experiment┬╖time,┬╖an
d┬╖accelerate┬╖R&D┬╖cycl
es."` with `┬╖┬╖┬╖┬╖┬╖┬╖
┬╖┬╖text:┬╖'LabFlow┬╖is┬
╖an┬╖AI-Assisted┬╖Lab┬╖E
ngineer┬╖that┬╖unifies┬╖
instrumentation┬╖control
,┬╖Python/LabVIEW┬╖scrip
ting,┬╖and┬╖high-resolut
ion┬╖dashboards┬╖into┬╖a
┬╖single┬╖desktop┬╖exper
ience.┬╖It┬╖enables┬╖eng
ineers┬╖and┬╖scientists┬
╖to┬╖automate┬╖laborator
y┬╖workflows,┬╖reduce┬╖e
xperiment┬╖time,┬╖and┬╖a
ccelerate┬╖R&D┬╖cycles.'
,`  prettier/prettier
11:1  Error: Replace `┬╖
┬╖┬╖┬╖┬╖┬╖┬╖┬╖┬╖┬╖┬╖┬╖}`
 with `┬╖┬╖┬╖┬╖┬╖┬╖},`  
prettier/prettier
12:1  Error: Delete 
`┬╖┬╖┬╖┬╖`  
prettier/prettier
13:1  Error: Delete 
`┬╖┬╖┬╖┬╖`  
prettier/prettier
14:7  Error: Replace `┬╖
┬╖┬╖┬╖┬╖┬╖"@type":┬╖"Que
stion"` with 
`'@type':┬╖'Question'`  
prettier/prettier
15:1  Error: Replace `┬╖
┬╖┬╖┬╖┬╖┬╖┬╖┬╖┬╖┬╖┬╖┬╖"n
ame":┬╖"How┬╖does┬╖Optic
Flow┬╖accelerate┬╖optica
l┬╖design?"` with `┬╖┬╖┬
╖┬╖┬╖┬╖name:┬╖'How┬╖does
┬╖OpticFlow┬╖accelerate┬
╖optical┬╖design?'`  
prettier/prettier
16:1  Error: Replace `┬╖
┬╖┬╖┬╖┬╖┬╖┬╖┬╖┬╖┬╖┬╖┬╖"a
cceptedAnswer"` with `┬╖
┬╖┬╖┬╖┬╖┬╖acceptedAnswer
`  prettier/prettier
17:1  Error: Replace `┬╖
┬╖┬╖┬╖┬╖┬╖┬╖┬╖┬╖┬╖┬╖┬╖┬╖
┬╖┬╖┬╖"@type":┬╖"Answer"
` with `┬╖┬╖┬╖┬╖┬╖┬╖┬╖┬╖
'@type':┬╖'Answer'`  
prettier/prettier
18:1  Error: Replace `┬╖
┬╖┬╖┬╖┬╖┬╖┬╖┬╖┬╖┬╖┬╖┬╖┬╖
┬╖┬╖┬╖"text":┬╖"OpticFlo
w┬╖accelerates┬╖optical┬
╖design┬╖through┬╖differ
entiable┬╖ray┬╖tracing┬╖
and┬╖gradient-based┬╖opt
imization.┬╖It┬╖automate
s┬╖optomechanical┬╖workf
lows,┬╖eliminating┬╖week
s┬╖of┬╖back-and-forth┬╖b
etween┬╖optical┬╖and┬╖me
chanical┬╖design.┬╖Engin
eers┬╖can┬╖go┬╖from┬╖con
cept┬╖to┬╖prototype┬╖in┬
╖hours┬╖rather┬╖than┬╖we
eks┬╖by┬╖automating┬╖rep
etitive┬╖tasks┬╖and┬╖ena
bling┬╖rapid┬╖exploratio
n┬╖of┬╖the┬╖design┬╖spac
e."` with `┬╖┬╖┬╖┬╖┬╖┬╖┬
╖┬╖text:┬╖'OpticFlow┬╖ac
celerates┬╖optical┬╖desi
gn┬╖through┬╖differentia
ble┬╖ray┬╖tracing┬╖and┬╖
gradient-based┬╖optimiza
tion.┬╖It┬╖automates┬╖op
tomechanical┬╖workflows,
┬╖eliminating┬╖weeks┬╖of
┬╖back-and-forth┬╖betwee
n┬╖optical┬╖and┬╖mechani
cal┬╖design.┬╖Engineers┬
╖can┬╖go┬╖from┬╖concept┬
╖to┬╖prototype┬╖in┬╖hour
s┬╖rather┬╖than┬╖weeks┬╖
by┬╖automating┬╖repetiti
ve┬╖tasks┬╖and┬╖enabling
┬╖rapid┬╖exploration┬╖of
┬╖the┬╖design┬╖space.',`
  prettier/prettier
19:1  Error: Replace `┬╖
┬╖┬╖┬╖┬╖┬╖┬╖┬╖┬╖┬╖┬╖┬╖}`
 with `┬╖┬╖┬╖┬╖┬╖┬╖},`  
prettier/prettier
20:1  Error: Replace 
`┬╖┬╖┬╖┬╖┬╖┬╖┬╖┬╖` with 
`┬╖┬╖┬╖┬╖`  
prettier/prettier
21:1  Error: Delete 
`┬╖┬╖┬╖┬╖`  
prettier/prettier
22:1  Error: Replace `┬╖
┬╖┬╖┬╖┬╖┬╖┬╖┬╖┬╖┬╖┬╖┬╖"@
type":┬╖"Question"` 
with `┬╖┬╖┬╖┬╖┬╖┬╖'@type
':┬╖'Question'`  
prettier/prettier
23:1  Error: Replace `┬╖
┬╖┬╖┬╖┬╖┬╖┬╖┬╖┬╖┬╖┬╖┬╖"n
ame":┬╖"What┬╖is┬╖Sfera┬
╖used┬╖for?"` with `┬╖┬╖
┬╖┬╖┬╖┬╖name:┬╖'What┬╖is
┬╖Sfera┬╖used┬╖for?'`  
prettier/prettier
24:1  Error: Replace `┬╖
┬╖┬╖┬╖┬╖┬╖┬╖┬╖┬╖┬╖┬╖┬╖"a
cceptedAnswer"` with `┬╖
┬╖┬╖┬╖┬╖┬╖acceptedAnswer
`  prettier/prettier
25:9  Error: Replace `┬╖
┬╖┬╖┬╖┬╖┬╖┬╖┬╖"@type":┬╖
"Answer"` with 
`'@type':┬╖'Answer'`  
prettier/prettier
26:1  Error: Replace `┬╖
┬╖┬╖┬╖┬╖┬╖┬╖┬╖┬╖┬╖┬╖┬╖┬╖
┬╖┬╖┬╖"text":┬╖"Sfera┬╖i
s┬╖a┬╖Parametric┬╖Models
┬╖Optimizer┬╖for┬╖BSIM4┬
╖and┬╖semiconductor┬╖des
ign.┬╖It┬╖uses┬╖advanced
┬╖Bayesian┬╖optimization
┬╖and┬╖evolutionary┬╖alg
orithms┬╖to┬╖dramaticall
y┬╖accelerate┬╖model┬╖fi
tting┬╖for┬╖CMOS┬╖proces
ses.┬╖This┬╖tool┬╖is┬╖es
sential┬╖for┬╖semiconduc
tor┬╖engineers┬╖who┬╖nee
d┬╖to┬╖optimize┬╖circuit
┬╖models┬╖for┬╖accuracy┬
╖and┬╖performance┬╖acros
s┬╖multiple┬╖parameters┬
╖and┬╖operating┬╖conditi
ons."` with `┬╖┬╖┬╖┬╖┬╖┬
╖┬╖┬╖text:┬╖'Sfera┬╖is┬╖
a┬╖Parametric┬╖Models┬╖O
ptimizer┬╖for┬╖BSIM4┬╖an
d┬╖semiconductor┬╖design
.┬╖It┬╖uses┬╖advanced┬╖B
ayesian┬╖optimization┬╖a
nd┬╖evolutionary┬╖algori
thms┬╖to┬╖dramatically┬╖
accelerate┬╖model┬╖fitti
ng┬╖for┬╖CMOS┬╖processes
.┬╖This┬╖tool┬╖is┬╖essen
tial┬╖for┬╖semiconductor
┬╖engineers┬╖who┬╖need┬╖
to┬╖optimize┬╖circuit┬╖m
odels┬╖for┬╖accuracy┬╖an
d┬╖performance┬╖across┬╖
multiple┬╖parameters┬╖an
d┬╖operating┬╖conditions
.',`  prettier/prettier
27:7  Error: Replace 
`┬╖┬╖┬╖┬╖┬╖┬╖}` with 
`},`  prettier/prettier
28:5  Error: Delete 
`┬╖┬╖┬╖┬╖`  
prettier/prettier
29:1  Error: Delete 
`┬╖┬╖┬╖┬╖`  
prettier/prettier
30:7  Error: Replace `┬╖
┬╖┬╖┬╖┬╖┬╖"@type":┬╖"Que
stion"` with 
`'@type':┬╖'Question'`  
prettier/prettier
31:1  Error: Replace `┬╖
┬╖┬╖┬╖┬╖┬╖┬╖┬╖┬╖┬╖┬╖┬╖"n
ame":┬╖"Can┬╖AIvalanche┬
╖tools┬╖integrate┬╖with┬
╖my┬╖existing┬╖workflows
?"` with `┬╖┬╖┬╖┬╖┬╖┬╖na
me:┬╖'Can┬╖AIvalanche┬╖t
ools┬╖integrate┬╖with┬╖m
y┬╖existing┬╖workflows?'
`  prettier/prettier
32:1  Error: Replace `┬╖
┬╖┬╖┬╖┬╖┬╖┬╖┬╖┬╖┬╖┬╖┬╖"a
cceptedAnswer"` with `┬╖
┬╖┬╖┬╖┬╖┬╖acceptedAnswer
`  prettier/prettier
33:9  Error: Replace `┬╖
┬╖┬╖┬╖┬╖┬╖┬╖┬╖"@type":┬╖
"Answer"` with 
`'@type':┬╖'Answer'`  
prettier/prettier
34:1  Error: Replace `┬╖
┬╖┬╖┬╖┬╖┬╖┬╖┬╖┬╖┬╖┬╖┬╖┬╖
┬╖┬╖┬╖"text":┬╖"Yes,┬╖al
l┬╖AIvalanche┬╖tools┬╖ar
e┬╖designed┬╖for┬╖seamle
ss┬╖integration┬╖with┬╖i
ndustry-standard┬╖workfl
ows.┬╖LabFlow┬╖works┬╖wi
th┬╖existing┬╖Python┬╖an
d┬╖LabVIEW┬╖scripts,┬╖Op
ticFlow┬╖can┬╖export┬╖to
┬╖Zemax┬╖OpticStudio┬╖an
d┬╖other┬╖CAD┬╖systems,┬
╖and┬╖Sfera┬╖produces┬╖s
tandard┬╖SPICE┬╖models┬╖
compatible┬╖with┬╖all┬╖m
ajor┬╖circuit┬╖simulator
s.┬╖Our┬╖focus┬╖is┬╖on┬╖
enhancing┬╖your┬╖existin
g┬╖processes┬╖rather┬╖th
an┬╖replacing┬╖them."` 
with `┬╖┬╖┬╖┬╖┬╖┬╖┬╖┬╖te
xt:┬╖'Yes,┬╖all┬╖AIvalan
che┬╖tools┬╖are┬╖designe
d┬╖for┬╖seamless┬╖integr
ation┬╖with┬╖industry-st
andard┬╖workflows.┬╖LabF
low┬╖works┬╖with┬╖existi
ng┬╖Python┬╖and┬╖LabVIEW
┬╖scripts,┬╖OpticFlow┬╖c
an┬╖export┬╖to┬╖Zemax┬╖O
pticStudio┬╖and┬╖other┬╖
CAD┬╖systems,┬╖and┬╖Sfer
a┬╖produces┬╖standard┬╖S
PICE┬╖models┬╖compatible
┬╖with┬╖all┬╖major┬╖circ
uit┬╖simulators.┬╖Our┬╖f
ocus┬╖is┬╖on┬╖enhancing┬
╖your┬╖existing┬╖process
es┬╖rather┬╖than┬╖replac
ing┬╖them.',`  
prettier/prettier
35:1  Error: Replace `┬╖
┬╖┬╖┬╖┬╖┬╖┬╖┬╖┬╖┬╖┬╖┬╖}`
 with `┬╖┬╖┬╖┬╖┬╖┬╖},`  
prettier/prettier
36:1  Error: Replace 
`┬╖┬╖┬╖┬╖┬╖┬╖┬╖┬╖` with 
`┬╖┬╖┬╖┬╖`  
prettier/prettier
37:1  Error: Delete 
`┬╖┬╖┬╖┬╖`  
prettier/prettier
38:7  Error: Replace `┬╖
┬╖┬╖┬╖┬╖┬╖"@type":┬╖"Que
stion"` with 
`'@type':┬╖'Question'`  
prettier/prettier
39:1  Error: Replace `┬╖
┬╖┬╖┬╖┬╖┬╖┬╖┬╖┬╖┬╖┬╖┬╖"n
ame":┬╖"Do┬╖I┬╖need┬╖spe
cial┬╖hardware┬╖to┬╖run┬
╖AIvalanche┬╖software?"`
 with `┬╖┬╖┬╖┬╖┬╖┬╖name:
┬╖'Do┬╖I┬╖need┬╖special┬
╖hardware┬╖to┬╖run┬╖AIva
lanche┬╖software?'`  
prettier/prettier
40:1  Error: Replace `┬╖
┬╖┬╖┬╖┬╖┬╖┬╖┬╖┬╖┬╖┬╖┬╖"a
cceptedAnswer"` with `┬╖
┬╖┬╖┬╖┬╖┬╖acceptedAnswer
`  prettier/prettier
41:1  Error: Replace `┬╖
┬╖┬╖┬╖┬╖┬╖┬╖┬╖┬╖┬╖┬╖┬╖┬╖
┬╖┬╖┬╖"@type":┬╖"Answer"
` with `┬╖┬╖┬╖┬╖┬╖┬╖┬╖┬╖
'@type':┬╖'Answer'`  
prettier/prettier
42:1  Error: Replace `┬╖
┬╖┬╖┬╖┬╖┬╖┬╖┬╖┬╖┬╖┬╖┬╖┬╖
┬╖┬╖┬╖"text":┬╖"While┬╖o
ur┬╖software┬╖can┬╖benef
it┬╖from┬╖GPU┬╖accelerat
ion,┬╖all┬╖our┬╖tools┬╖a
re┬╖designed┬╖to┬╖run┬╖e
ffectively┬╖on┬╖standard
┬╖engineering┬╖workstati
ons.┬╖For┬╖larger┬╖compu
tational┬╖tasks,┬╖we┬╖of
fer┬╖cloud┬╖computation┬
╖options┬╖that┬╖can┬╖sca
le┬╖with┬╖your┬╖needs┬╖w
ithout┬╖requiring┬╖speci
al┬╖on-premises┬╖hardwar
e.┬╖Contact┬╖us┬╖for┬╖sp
ecific┬╖system┬╖requirem
ents┬╖for┬╖each┬╖product
."` with `┬╖┬╖┬╖┬╖┬╖┬╖┬╖
┬╖text:┬╖'While┬╖our┬╖so
ftware┬╖can┬╖benefit┬╖fr
om┬╖GPU┬╖acceleration,┬╖
all┬╖our┬╖tools┬╖are┬╖de
signed┬╖to┬╖run┬╖effecti
vely┬╖on┬╖standard┬╖engi
neering┬╖workstations.┬╖
For┬╖larger┬╖computation
al┬╖tasks,┬╖we┬╖offer┬╖c
loud┬╖computation┬╖optio
ns┬╖that┬╖can┬╖scale┬╖wi
th┬╖your┬╖needs┬╖without
┬╖requiring┬╖special┬╖on
-premises┬╖hardware.┬╖Co
ntact┬╖us┬╖for┬╖specific
┬╖system┬╖requirements┬╖
for┬╖each┬╖product.',`  
prettier/prettier
43:1  Error: Replace `┬╖
┬╖┬╖┬╖┬╖┬╖┬╖┬╖┬╖┬╖┬╖┬╖}`
 with `┬╖┬╖┬╖┬╖┬╖┬╖},`  
prettier/prettier
44:1  Error: Replace 
`┬╖┬╖┬╖┬╖┬╖┬╖┬╖┬╖}` 
with `┬╖┬╖┬╖┬╖},`  
prettier/prettier
45:1  Error: Replace 
`┬╖┬╖┬╖┬╖]` with 
`┬╖┬╖],`  
prettier/prettier
46:2  Error: Replace 
`;┬╖` with `ΓÉìΓÅÄ`  
prettier/prettier

./app/impressum/page.jsx
14:25  Error: Replace 
`ax-w-[800px]┬╖mx-auto` 
with 
`x-auto┬╖max-w-[800px]` 
 prettier/prettier
15:24  Error: Replace `t
ext-3xl┬╖md:text-4xl┬╖fo
nt-bold┬╖mb-6` with `mb-
6┬╖text-3xl┬╖font-bold┬╖
md:text-4xl`  
prettier/prettier
16:25  Error: Replace `t
ext-[16px]┬╖opacity-55┬╖
leading-relaxed┬╖space-y
-4` with `space-y-4┬╖tex
t-[16px]┬╖leading-relaxe
d┬╖opacity-55`  
prettier/prettier
18:23  Error: Insert `ΓÉ
ìΓÅÄ┬╖┬╖┬╖┬╖┬╖┬╖┬╖┬╖┬╖┬╖
┬╖┬╖`  prettier/prettier
19:35  Error: Insert `ΓÉ
ìΓÅÄ┬╖┬╖┬╖┬╖┬╖┬╖┬╖┬╖┬╖┬╖
┬╖┬╖`  prettier/prettier

./app/layout.js
180:16  Error: Replace `
┬╖dangerouslySetInnerHTM
L={{┬╖__html:┬╖`try{loca
lStorage.removeItem('the
me');document.documentEl
ement.classList.remove('
dark');document.document
Element.classList.add('l
ight')}catch(e){}`┬╖}}` 
with `ΓÉìΓÅÄ┬╖┬╖┬╖┬╖┬╖┬╖
┬╖┬╖┬╖┬╖dangerouslySetIn
nerHTML={{ΓÉìΓÅÄ┬╖┬╖┬╖┬╖
┬╖┬╖┬╖┬╖┬╖┬╖┬╖┬╖__html:┬
╖`try{localStorage.remov
eItem('theme');document.
documentElement.classLis
t.remove('dark');documen
t.documentElement.classL
ist.add('light')}catch(e
){}`,ΓÉìΓÅÄ┬╖┬╖┬╖┬╖┬╖┬╖┬
╖┬╖┬╖┬╖}}ΓÉìΓÅÄ┬╖┬╖┬╖┬╖┬
╖┬╖┬╖`  
prettier/prettier
188:23  Error: Replace `
ΓÉìΓÅÄ┬╖┬╖┬╖┬╖┬╖┬╖┬╖┬╖┬╖
┬╖'relative┬╖overflow-x-
hidden┬╖text-base┬╖antia
liased',ΓÉìΓÅÄ┬╖┬╖┬╖┬╖┬╖
┬╖┬╖┬╖┬╖┬╖inter.variable
,ΓÉìΓÅÄ┬╖┬╖┬╖┬╖┬╖┬╖┬╖┬╖`
 with `'relative┬╖overfl
ow-x-hidden┬╖text-base┬╖
antialiased',┬╖inter.var
iable`  
prettier/prettier

./app/metadata.js
2:3  Error: Delete 
`┬╖┬╖`  
prettier/prettier
3:3  Error: Replace 
`┬╖┬╖description:` with 
`description:ΓÉìΓÅÄ┬╖┬╖┬
╖`  prettier/prettier
4:1  Error: Replace 
`┬╖┬╖┬╖┬╖` with `┬╖┬╖`  
prettier/prettier
5:1  Error: Delete 
`┬╖┬╖┬╖┬╖`  
prettier/prettier
6:5  Error: Delete 
`┬╖┬╖┬╖┬╖`  
prettier/prettier
7:1  Error: Replace 
`┬╖┬╖┬╖┬╖┬╖┬╖┬╖┬╖` with 
`┬╖┬╖┬╖┬╖`  
prettier/prettier
8:1  Error: Replace 
`┬╖┬╖┬╖┬╖┬╖┬╖┬╖┬╖` with 
`┬╖┬╖┬╖┬╖`  
prettier/prettier
9:1  Error: Replace 
`┬╖┬╖┬╖┬╖┬╖┬╖┬╖┬╖` with 
`┬╖┬╖┬╖┬╖`  
prettier/prettier
10:1  Error: Delete 
`┬╖┬╖┬╖┬╖`  
prettier/prettier
11:5  Error: Delete 
`┬╖┬╖┬╖┬╖`  
prettier/prettier
12:1  Error: Replace `┬╖
┬╖┬╖┬╖┬╖┬╖┬╖┬╖'Sfera'` 
with `┬╖┬╖┬╖┬╖'Sfera',` 
 prettier/prettier
13:1  Error: Delete 
`┬╖┬╖`  
prettier/prettier
14:3  Error: Delete 
`┬╖┬╖`  
prettier/prettier
15:1  Error: Delete 
`┬╖┬╖┬╖┬╖`  
prettier/prettier
16:5  Error: Replace 
`┬╖┬╖┬╖┬╖description:` 
with `description:ΓÉìΓÅÄ
┬╖┬╖┬╖┬╖┬╖`  
prettier/prettier
17:5  Error: Delete 
`┬╖┬╖┬╖┬╖`  
prettier/prettier
18:1  Error: Delete 
`┬╖┬╖┬╖┬╖`  
prettier/prettier
19:5  Error: Delete 
`┬╖┬╖┬╖┬╖`  
prettier/prettier
20:1  Error: Replace `┬╖
┬╖┬╖┬╖┬╖┬╖┬╖┬╖┬╖┬╖┬╖┬╖` 
with `┬╖┬╖┬╖┬╖┬╖┬╖`  
prettier/prettier
21:1  Error: Delete 
`┬╖┬╖┬╖┬╖┬╖┬╖┬╖┬╖`  
prettier/prettier
22:9  Error: Delete 
`┬╖┬╖┬╖┬╖┬╖┬╖┬╖┬╖`  
prettier/prettier
23:1  Error: Replace `┬╖
┬╖┬╖┬╖┬╖┬╖┬╖┬╖┬╖┬╖┬╖┬╖┬╖
┬╖┬╖┬╖` with 
`┬╖┬╖┬╖┬╖┬╖┬╖┬╖┬╖`  
prettier/prettier
24:1  Error: Delete 
`┬╖┬╖┬╖┬╖┬╖┬╖┬╖┬╖`  
prettier/prettier
25:1  Error: Replace `┬╖
┬╖┬╖┬╖┬╖┬╖┬╖┬╖┬╖┬╖┬╖┬╖` 
with `┬╖┬╖┬╖┬╖┬╖┬╖`  
prettier/prettier
26:1  Error: Delete 
`┬╖┬╖┬╖┬╖`  
prettier/prettier
27:3  Error: Delete 
`┬╖┬╖`  
prettier/prettier
28:1  Error: Delete 
`┬╖┬╖`  
prettier/prettier
29:1  Error: Replace 
`┬╖┬╖┬╖┬╖┬╖┬╖┬╖┬╖` with 
`┬╖┬╖┬╖┬╖`  
prettier/prettier
30:1  Error: Delete 
`┬╖┬╖┬╖┬╖`  
prettier/prettier
31:1  Error: Replace `┬╖
┬╖┬╖┬╖┬╖┬╖┬╖┬╖descriptio
n:` with `┬╖┬╖┬╖┬╖descri
ption:ΓÉìΓÅÄ┬╖┬╖┬╖┬╖┬╖` 
 prettier/prettier
32:5  Error: Delete 
`┬╖┬╖┬╖┬╖`  
prettier/prettier
33:3  Error: Replace 
`┬╖┬╖}` with `},`  
prettier/prettier
34:2  Error: Replace 
`;┬╖` with `ΓÉìΓÅÄ`  
prettier/prettier

./app/page-metadata.js
2:3  Error: Delete 
`┬╖┬╖`  
prettier/prettier
3:3  Error: Replace 
`┬╖┬╖description:` with 
`description:ΓÉìΓÅÄ┬╖┬╖┬
╖`  prettier/prettier
4:3  Error: Delete 
`┬╖┬╖`  
prettier/prettier
5:1  Error: Delete 
`┬╖┬╖┬╖┬╖`  
prettier/prettier
6:1  Error: Replace 
`┬╖┬╖┬╖┬╖┬╖┬╖┬╖┬╖` with 
`┬╖┬╖┬╖┬╖`  
prettier/prettier
7:1  Error: Delete 
`┬╖┬╖┬╖┬╖`  
prettier/prettier
8:1  Error: Delete 
`┬╖┬╖┬╖┬╖`  
prettier/prettier
9:5  Error: Delete 
`┬╖┬╖┬╖┬╖`  
prettier/prettier
10:1  Error: Delete 
`┬╖┬╖┬╖┬╖`  
prettier/prettier
11:5  Error: Delete 
`┬╖┬╖┬╖┬╖`  
prettier/prettier
12:1  Error: Replace `┬╖
┬╖┬╖┬╖┬╖┬╖┬╖┬╖'AI-driven
┬╖engineering┬╖tools'` 
with `┬╖┬╖┬╖┬╖'AI-driven
┬╖engineering┬╖tools',` 
 prettier/prettier
13:1  Error: Delete 
`┬╖┬╖`  
prettier/prettier
14:3  Error: Delete 
`┬╖┬╖`  
prettier/prettier
15:1  Error: Replace 
`┬╖┬╖┬╖┬╖┬╖┬╖┬╖┬╖` with 
`┬╖┬╖┬╖┬╖`  
prettier/prettier
16:5  Error: Replace 
`┬╖┬╖┬╖┬╖description:` 
with `description:ΓÉìΓÅÄ
┬╖┬╖┬╖┬╖┬╖`  
prettier/prettier
17:3  Error: Replace 
`┬╖┬╖}` with `},`  
prettier/prettier
18:2  Error: Replace 
`;┬╖` with `ΓÉìΓÅÄ`  
prettier/prettier

./app/page.jsx
7:14  Error: Replace `┬╖
Check,┬╖ChevronDown,┬╖Br
ain,┬╖Zap,` with `ΓÉìΓÅÄ
┬╖┬╖Check,ΓÉìΓÅÄ┬╖┬╖Chev
ronDown,ΓÉìΓÅÄ┬╖┬╖Brain,
ΓÉìΓÅÄ┬╖┬╖Zap,ΓÉìΓÅÄ┬╖` 
 prettier/prettier
8:17  Error: Replace `┬╖
Shield,┬╖Monitor,┬╖BarCh
art3,` with `ΓÉìΓÅÄ┬╖┬╖S
hield,ΓÉìΓÅÄ┬╖┬╖Monitor,
ΓÉìΓÅÄ┬╖┬╖BarChart3,ΓÉìΓ
ÅÄ┬╖`  prettier/prettier
9:9  Error: Replace `┬╖H
eartHandshake,┬╖Send,` 
with `ΓÉìΓÅÄ┬╖┬╖HeartHan
dshake,ΓÉìΓÅÄ┬╖┬╖Send,ΓÉ
ìΓÅÄ┬╖`  
prettier/prettier
20:17  Error: Replace 
`┬╖bgAlt:┬╖'#EDE8DD',` 
with `ΓÉìΓÅÄ┬╖┬╖bgAlt:┬╖
'#EDE8DD',ΓÉìΓÅÄ┬╖`  
prettier/prettier
21:35  Error: Insert 
`ΓÉìΓÅÄ┬╖`  
prettier/prettier
22:19  Error: Insert 
`ΓÉìΓÅÄ┬╖`  
prettier/prettier
23:21  Error: Insert 
`ΓÉìΓÅÄ┬╖`  
prettier/prettier
29:6  Error: Replace `┬╖
title:┬╖'Chat-Plattforme
n',┬╖description:┬╖'Lebt
┬╖dort,┬╖wo┬╖Ihr┬╖Team┬╖
kommuniziert.',┬╖items:┬
╖['Slack',┬╖'Microsoft┬╖
Teams',┬╖'WhatsApp',┬╖'D
iscord',┬╖'Telegram',┬╖'
Signal',┬╖'Google┬╖Chat'
]` with `ΓÉìΓÅÄ┬╖┬╖┬╖┬╖┬
╖┬╖title:┬╖'Chat-Plattfo
rmen',ΓÉìΓÅÄ┬╖┬╖┬╖┬╖┬╖┬╖
description:┬╖'Lebt┬╖dor
t,┬╖wo┬╖Ihr┬╖Team┬╖kommu
niziert.',ΓÉìΓÅÄ┬╖┬╖┬╖┬╖
┬╖┬╖items:┬╖['Slack',┬╖'
Microsoft┬╖Teams',┬╖'Wha
tsApp',┬╖'Discord',┬╖'Te
legram',┬╖'Signal',┬╖'Go
ogle┬╖Chat'],ΓÉìΓÅÄ┬╖┬╖┬
╖`  prettier/prettier
30:6  Error: Replace `┬╖
title:┬╖'KI-Modelle',┬╖d
escription:┬╖'Nutzt┬╖die
┬╖leistungsf├ñhigsten┬╖K
I-Modelle.',┬╖items:┬╖['
Claude┬╖(Anthropic)',┬╖'
GPT-4┬╖(OpenAI)',┬╖'Gemi
ni┬╖(Google)',┬╖'Mistral
',┬╖'Llama┬╖(Meta)',┬╖'L
okale┬╖Modelle']` with `
ΓÉìΓÅÄ┬╖┬╖┬╖┬╖┬╖┬╖title:
┬╖'KI-Modelle',ΓÉìΓÅÄ┬╖┬
╖┬╖┬╖┬╖┬╖description:┬╖'
Nutzt┬╖die┬╖leistungsf├ñ
higsten┬╖KI-Modelle.',ΓÉ
ìΓÅÄ┬╖┬╖┬╖┬╖┬╖┬╖items:┬╖
['Claude┬╖(Anthropic)',┬
╖'GPT-4┬╖(OpenAI)',┬╖'Ge
mini┬╖(Google)',┬╖'Mistr
al',┬╖'Llama┬╖(Meta)',┬╖
'Lokale┬╖Modelle'],ΓÉìΓÅ
Ä┬╖┬╖┬╖`  
prettier/prettier
31:6  Error: Replace `┬╖
title:┬╖'Produktivit├ñt'
,┬╖description:┬╖'Verbin
det┬╖sich┬╖mit┬╖Ihren┬╖A
rbeitstools.',┬╖items:┬╖
['Notion',┬╖'Linear',┬╖'
Jira',┬╖'Confluence',┬╖'
Asana',┬╖'Trello',┬╖'Mon
day.com',┬╖'ClickUp',┬╖'
Airtable',┬╖'Google┬╖Wor
kspace']` with `ΓÉìΓÅÄ┬╖
┬╖┬╖┬╖┬╖┬╖title:┬╖'Produ
ktivit├ñt',ΓÉìΓÅÄ┬╖┬╖┬╖┬
╖┬╖┬╖description:┬╖'Verb
indet┬╖sich┬╖mit┬╖Ihren┬
╖Arbeitstools.',ΓÉìΓÅÄ┬╖
┬╖┬╖┬╖┬╖┬╖items:┬╖[ΓÉìΓÅ
Ä┬╖┬╖┬╖┬╖┬╖┬╖┬╖┬╖'Notion
',ΓÉìΓÅÄ┬╖┬╖┬╖┬╖┬╖┬╖┬╖┬╖
'Linear',ΓÉìΓÅÄ┬╖┬╖┬╖┬╖┬
╖┬╖┬╖┬╖'Jira',ΓÉìΓÅÄ┬╖┬╖
┬╖┬╖┬╖┬╖┬╖┬╖'Confluence'
,ΓÉìΓÅÄ┬╖┬╖┬╖┬╖┬╖┬╖┬╖┬╖'
Asana',ΓÉìΓÅÄ┬╖┬╖┬╖┬╖┬╖┬
╖┬╖┬╖'Trello',ΓÉìΓÅÄ┬╖┬╖
┬╖┬╖┬╖┬╖┬╖┬╖'Monday.com'
,ΓÉìΓÅÄ┬╖┬╖┬╖┬╖┬╖┬╖┬╖┬╖'
ClickUp',ΓÉìΓÅÄ┬╖┬╖┬╖┬╖┬
╖┬╖┬╖┬╖'Airtable',ΓÉìΓÅÄ
┬╖┬╖┬╖┬╖┬╖┬╖┬╖┬╖'Google┬
╖Workspace',ΓÉìΓÅÄ┬╖┬╖┬╖
┬╖┬╖┬╖],ΓÉìΓÅÄ┬╖┬╖┬╖`  
prettier/prettier
32:6  Error: Replace `┬╖
title:┬╖'CRM┬╖&┬╖Sales',
┬╖description:┬╖'Ihre┬╖V
ertriebspipeline┬╖im┬╖Gr
iff.',┬╖items:┬╖['Salesf
orce',┬╖'HubSpot',┬╖'Pip
edrive',┬╖'Zoho┬╖CRM',┬╖
'Close.io',┬╖'Freshsales
']` with `ΓÉìΓÅÄ┬╖┬╖┬╖┬╖
┬╖┬╖title:┬╖'CRM┬╖&┬╖Sal
es',ΓÉìΓÅÄ┬╖┬╖┬╖┬╖┬╖┬╖de
scription:┬╖'Ihre┬╖Vertr
iebspipeline┬╖im┬╖Griff.
',ΓÉìΓÅÄ┬╖┬╖┬╖┬╖┬╖┬╖item
s:┬╖['Salesforce',┬╖'Hub
Spot',┬╖'Pipedrive',┬╖'Z
oho┬╖CRM',┬╖'Close.io',┬
╖'Freshsales'],ΓÉìΓÅÄ┬╖┬
╖┬╖`  prettier/prettier
33:6  Error: Replace `┬╖
title:┬╖'DevOps',┬╖descr
iption:┬╖'Entwickler-Wor
kflows┬╖automatisieren.'
,┬╖items:┬╖['GitHub',┬╖'
GitLab',┬╖'Bitbucket',┬╖
'Jenkins',┬╖'Docker',┬╖'
Vercel',┬╖'Railway',┬╖'A
WS']` with `ΓÉìΓÅÄ┬╖┬╖┬╖
┬╖┬╖┬╖title:┬╖'DevOps',Γ
ÉìΓÅÄ┬╖┬╖┬╖┬╖┬╖┬╖descrip
tion:┬╖'Entwickler-Workf
lows┬╖automatisieren.',Γ
ÉìΓÅÄ┬╖┬╖┬╖┬╖┬╖┬╖items:┬
╖['GitHub',┬╖'GitLab',┬╖
'Bitbucket',┬╖'Jenkins',
┬╖'Docker',┬╖'Vercel',┬╖
'Railway',┬╖'AWS'],ΓÉìΓÅ
Ä┬╖┬╖┬╖`  
prettier/prettier
34:6  Error: Replace `┬╖
title:┬╖'Analytics┬╖&┬╖D
aten',┬╖description:┬╖'D
aten┬╖automatisch┬╖analy
sieren.',┬╖items:┬╖['Pos
thog',┬╖'Mixpanel',┬╖'Go
ogle┬╖Analytics',┬╖'Ampl
itude',┬╖'Segment',┬╖'Sn
owflake',┬╖'BigQuery']` 
with `ΓÉìΓÅÄ┬╖┬╖┬╖┬╖┬╖┬╖
title:┬╖'Analytics┬╖&┬╖D
aten',ΓÉìΓÅÄ┬╖┬╖┬╖┬╖┬╖┬╖
description:┬╖'Daten┬╖au
tomatisch┬╖analysieren.'
,ΓÉìΓÅÄ┬╖┬╖┬╖┬╖┬╖┬╖items
:┬╖['Posthog',┬╖'Mixpane
l',┬╖'Google┬╖Analytics'
,┬╖'Amplitude',┬╖'Segmen
t',┬╖'Snowflake',┬╖'BigQ
uery'],ΓÉìΓÅÄ┬╖┬╖┬╖`  
prettier/prettier
35:6  Error: Replace `┬╖
title:┬╖'Marketing',┬╖de
scription:┬╖'Marketing-W
orkflows┬╖automatisieren
.',┬╖items:┬╖['Google┬╖A
ds',┬╖'Meta┬╖Ads',┬╖'Mai
lchimp',┬╖'SendGrid',┬╖'
Webflow',┬╖'WordPress',┬
╖'Canva',┬╖'Figma']` 
with `ΓÉìΓÅÄ┬╖┬╖┬╖┬╖┬╖┬╖
title:┬╖'Marketing',ΓÉìΓ
ÅÄ┬╖┬╖┬╖┬╖┬╖┬╖descriptio
n:┬╖'Marketing-Workflows
┬╖automatisieren.',ΓÉìΓÅ
Ä┬╖┬╖┬╖┬╖┬╖┬╖items:┬╖['G
oogle┬╖Ads',┬╖'Meta┬╖Ads
',┬╖'Mailchimp',┬╖'SendG
rid',┬╖'Webflow',┬╖'Word
Press',┬╖'Canva',┬╖'Figm
a'],ΓÉìΓÅÄ┬╖┬╖┬╖`  
prettier/prettier
36:6  Error: Replace `┬╖
title:┬╖'Finanzen┬╖&┬╖ER
P',┬╖description:┬╖'Fina
nz-┬╖und┬╖Unternehmensso
ftware.',┬╖items:┬╖['SAP
',┬╖'Stripe',┬╖'QuickBoo
ks',┬╖'Xero',┬╖'DATEV',┬
╖'Sage']` with `ΓÉìΓÅÄ┬╖
┬╖┬╖┬╖┬╖┬╖title:┬╖'Finan
zen┬╖&┬╖ERP',ΓÉìΓÅÄ┬╖┬╖┬
╖┬╖┬╖┬╖description:┬╖'Fi
nanz-┬╖und┬╖Unternehmens
software.',ΓÉìΓÅÄ┬╖┬╖┬╖┬
╖┬╖┬╖items:┬╖['SAP',┬╖'S
tripe',┬╖'QuickBooks',┬╖
'Xero',┬╖'DATEV',┬╖'Sage
'],ΓÉìΓÅÄ┬╖┬╖┬╖`  
prettier/prettier
39:6  Error: Replace `┬╖
title:┬╖'Chat┬╖Platforms
',┬╖description:┬╖'Lives
┬╖where┬╖your┬╖team┬╖com
municates.',┬╖items:┬╖['
Slack',┬╖'Microsoft┬╖Tea
ms',┬╖'WhatsApp',┬╖'Disc
ord',┬╖'Telegram',┬╖'Sig
nal',┬╖'Google┬╖Chat']` 
with `ΓÉìΓÅÄ┬╖┬╖┬╖┬╖┬╖┬╖
title:┬╖'Chat┬╖Platforms
',ΓÉìΓÅÄ┬╖┬╖┬╖┬╖┬╖┬╖desc
ription:┬╖'Lives┬╖where┬
╖your┬╖team┬╖communicate
s.',ΓÉìΓÅÄ┬╖┬╖┬╖┬╖┬╖┬╖it
ems:┬╖['Slack',┬╖'Micros
oft┬╖Teams',┬╖'WhatsApp'
,┬╖'Discord',┬╖'Telegram
',┬╖'Signal',┬╖'Google┬╖
Chat'],ΓÉìΓÅÄ┬╖┬╖┬╖`  
prettier/prettier
40:6  Error: Replace `┬╖
title:┬╖'AI┬╖Models',┬╖d
escription:┬╖'Uses┬╖the┬
╖most┬╖powerful┬╖AI┬╖mod
els.',┬╖items:┬╖['Claude
┬╖(Anthropic)',┬╖'GPT-4┬
╖(OpenAI)',┬╖'Gemini┬╖(G
oogle)',┬╖'Mistral',┬╖'L
lama┬╖(Meta)',┬╖'Local┬╖
Models']` with `ΓÉìΓÅÄ┬╖
┬╖┬╖┬╖┬╖┬╖title:┬╖'AI┬╖M
odels',ΓÉìΓÅÄ┬╖┬╖┬╖┬╖┬╖┬
╖description:┬╖'Uses┬╖th
e┬╖most┬╖powerful┬╖AI┬╖m
odels.',ΓÉìΓÅÄ┬╖┬╖┬╖┬╖┬╖
┬╖items:┬╖['Claude┬╖(Ant
hropic)',┬╖'GPT-4┬╖(Open
AI)',┬╖'Gemini┬╖(Google)
',┬╖'Mistral',┬╖'Llama┬╖
(Meta)',┬╖'Local┬╖Models
'],ΓÉìΓÅÄ┬╖┬╖┬╖`  
prettier/prettier
41:6  Error: Replace `┬╖
title:┬╖'Productivity',┬
╖description:┬╖'Connects
┬╖to┬╖your┬╖work┬╖tools.
',┬╖items:┬╖['Notion',┬╖
'Linear',┬╖'Jira',┬╖'Con
fluence',┬╖'Asana',┬╖'Tr
ello',┬╖'Monday.com',┬╖'
ClickUp',┬╖'Airtable',┬╖
'Google┬╖Workspace']` 
with `ΓÉìΓÅÄ┬╖┬╖┬╖┬╖┬╖┬╖
title:┬╖'Productivity',Γ
ÉìΓÅÄ┬╖┬╖┬╖┬╖┬╖┬╖descrip
tion:┬╖'Connects┬╖to┬╖yo
ur┬╖work┬╖tools.',ΓÉìΓÅÄ
┬╖┬╖┬╖┬╖┬╖┬╖items:┬╖[ΓÉì
ΓÅÄ┬╖┬╖┬╖┬╖┬╖┬╖┬╖┬╖'Noti
on',ΓÉìΓÅÄ┬╖┬╖┬╖┬╖┬╖┬╖┬╖
┬╖'Linear',ΓÉìΓÅÄ┬╖┬╖┬╖┬
╖┬╖┬╖┬╖┬╖'Jira',ΓÉìΓÅÄ┬╖
┬╖┬╖┬╖┬╖┬╖┬╖┬╖'Confluenc
e',ΓÉìΓÅÄ┬╖┬╖┬╖┬╖┬╖┬╖┬╖┬
╖'Asana',ΓÉìΓÅÄ┬╖┬╖┬╖┬╖┬
╖┬╖┬╖┬╖'Trello',ΓÉìΓÅÄ┬╖
┬╖┬╖┬╖┬╖┬╖┬╖┬╖'Monday.co
m',ΓÉìΓÅÄ┬╖┬╖┬╖┬╖┬╖┬╖┬╖┬
╖'ClickUp',ΓÉìΓÅÄ┬╖┬╖┬╖┬
╖┬╖┬╖┬╖┬╖'Airtable',ΓÉìΓ
ÅÄ┬╖┬╖┬╖┬╖┬╖┬╖┬╖┬╖'Googl
e┬╖Workspace',ΓÉìΓÅÄ┬╖┬╖
┬╖┬╖┬╖┬╖],ΓÉìΓÅÄ┬╖┬╖┬╖` 
 prettier/prettier
42:6  Error: Replace `┬╖
title:┬╖'CRM┬╖&┬╖Sales',
┬╖description:┬╖'Your┬╖s
ales┬╖pipeline,┬╖managed
.',┬╖items:┬╖['Salesforc
e',┬╖'HubSpot',┬╖'Pipedr
ive',┬╖'Zoho┬╖CRM',┬╖'Cl
ose.io',┬╖'Freshsales']`
 with `ΓÉìΓÅÄ┬╖┬╖┬╖┬╖┬╖┬
╖title:┬╖'CRM┬╖&┬╖Sales'
,ΓÉìΓÅÄ┬╖┬╖┬╖┬╖┬╖┬╖descr
iption:┬╖'Your┬╖sales┬╖p
ipeline,┬╖managed.',ΓÉìΓ
ÅÄ┬╖┬╖┬╖┬╖┬╖┬╖items:┬╖['
Salesforce',┬╖'HubSpot',
┬╖'Pipedrive',┬╖'Zoho┬╖C
RM',┬╖'Close.io',┬╖'Fres
hsales'],ΓÉìΓÅÄ┬╖┬╖┬╖`  
prettier/prettier
43:6  Error: Replace `┬╖
title:┬╖'DevOps',┬╖descr
iption:┬╖'Automate┬╖deve
loper┬╖workflows.',┬╖ite
ms:┬╖['GitHub',┬╖'GitLab
',┬╖'Bitbucket',┬╖'Jenki
ns',┬╖'Docker',┬╖'Vercel
',┬╖'Railway',┬╖'AWS']` 
with `ΓÉìΓÅÄ┬╖┬╖┬╖┬╖┬╖┬╖
title:┬╖'DevOps',ΓÉìΓÅÄ┬
╖┬╖┬╖┬╖┬╖┬╖description:┬
╖'Automate┬╖developer┬╖w
orkflows.',ΓÉìΓÅÄ┬╖┬╖┬╖┬
╖┬╖┬╖items:┬╖['GitHub',┬
╖'GitLab',┬╖'Bitbucket',
┬╖'Jenkins',┬╖'Docker',┬
╖'Vercel',┬╖'Railway',┬╖
'AWS'],ΓÉìΓÅÄ┬╖┬╖┬╖`  
prettier/prettier
44:6  Error: Replace `┬╖
title:┬╖'Analytics┬╖&┬╖D
ata',┬╖description:┬╖'An
alyze┬╖data┬╖automatical
ly.',┬╖items:┬╖['Posthog
',┬╖'Mixpanel',┬╖'Google
┬╖Analytics',┬╖'Amplitud
e',┬╖'Segment',┬╖'Snowfl
ake',┬╖'BigQuery']` 
with `ΓÉìΓÅÄ┬╖┬╖┬╖┬╖┬╖┬╖
title:┬╖'Analytics┬╖&┬╖D
ata',ΓÉìΓÅÄ┬╖┬╖┬╖┬╖┬╖┬╖d
escription:┬╖'Analyze┬╖d
ata┬╖automatically.',ΓÉì
ΓÅÄ┬╖┬╖┬╖┬╖┬╖┬╖items:┬╖[
'Posthog',┬╖'Mixpanel',┬
╖'Google┬╖Analytics',┬╖'
Amplitude',┬╖'Segment',┬
╖'Snowflake',┬╖'BigQuery
'],ΓÉìΓÅÄ┬╖┬╖┬╖`  
prettier/prettier
45:6  Error: Replace `┬╖
title:┬╖'Marketing',┬╖de
scription:┬╖'Automate┬╖m
arketing┬╖workflows.',┬╖
items:┬╖['Google┬╖Ads',┬
╖'Meta┬╖Ads',┬╖'Mailchim
p',┬╖'SendGrid',┬╖'Webfl
ow',┬╖'WordPress',┬╖'Can
va',┬╖'Figma']` with `ΓÉ
ìΓÅÄ┬╖┬╖┬╖┬╖┬╖┬╖title:┬╖
'Marketing',ΓÉìΓÅÄ┬╖┬╖┬╖
┬╖┬╖┬╖description:┬╖'Aut
omate┬╖marketing┬╖workfl
ows.',ΓÉìΓÅÄ┬╖┬╖┬╖┬╖┬╖┬╖
items:┬╖['Google┬╖Ads',┬
╖'Meta┬╖Ads',┬╖'Mailchim
p',┬╖'SendGrid',┬╖'Webfl
ow',┬╖'WordPress',┬╖'Can
va',┬╖'Figma'],ΓÉìΓÅÄ┬╖┬
╖┬╖`  prettier/prettier
46:6  Error: Replace `┬╖
title:┬╖'Finance┬╖&┬╖ERP
',┬╖description:┬╖'Finan
ce┬╖and┬╖enterprise┬╖sof
tware.',┬╖items:┬╖['SAP'
,┬╖'Stripe',┬╖'QuickBook
s',┬╖'Xero',┬╖'DATEV',┬╖
'Sage']` with `ΓÉìΓÅÄ┬╖┬
╖┬╖┬╖┬╖┬╖title:┬╖'Financ
e┬╖&┬╖ERP',ΓÉìΓÅÄ┬╖┬╖┬╖┬
╖┬╖┬╖description:┬╖'Fina
nce┬╖and┬╖enterprise┬╖so
ftware.',ΓÉìΓÅÄ┬╖┬╖┬╖┬╖┬
╖┬╖items:┬╖['SAP',┬╖'Str
ipe',┬╖'QuickBooks',┬╖'X
ero',┬╖'DATEV',┬╖'Sage']
,ΓÉìΓÅÄ┬╖┬╖┬╖`  
prettier/prettier
52:8  Error: Replace `┬╖
className={`${mono.class
Name}┬╖text-[10px]┬╖trac
king-[0.14em]┬╖uppercase
┬╖` with `ΓÉìΓÅÄ┬╖┬╖┬╖┬╖
className={`${mono.class
Name}┬╖text-[10px]┬╖uppe
rcase┬╖tracking-[0.14em]
┬╖`  prettier/prettier
53:47  Error: Replace 
`{children}` with `ΓÉìΓÅ
Ä┬╖┬╖┬╖┬╖{children}ΓÉìΓÅ
Ä┬╖┬╖`  
prettier/prettier
61:27  Error: Replace 
`;` with `ΓÉìΓÅÄ┬╖┬╖┬╖` 
 prettier/prettier
62:42  Error: Replace `(
[e])┬╖=>┬╖{┬╖if┬╖(e.isIn
tersecting)┬╖{┬╖setV(tru
e);┬╖obs.disconnect()┬╖}
┬╖},┬╖{┬╖threshold:┬╖0.1
5┬╖}` with `ΓÉìΓÅÄ┬╖┬╖┬╖
┬╖┬╖┬╖([e])┬╖=>┬╖{ΓÉìΓÅÄ
┬╖┬╖┬╖┬╖┬╖┬╖┬╖┬╖if┬╖(e.i
sIntersecting)┬╖{ΓÉìΓÅÄ┬
╖┬╖┬╖┬╖┬╖┬╖┬╖┬╖┬╖┬╖setV(
true)ΓÉìΓÅÄ┬╖┬╖┬╖┬╖┬╖┬╖┬
╖┬╖┬╖┬╖obs.disconnect()Γ
ÉìΓÅÄ┬╖┬╖┬╖┬╖┬╖┬╖┬╖┬╖}ΓÉ
ìΓÅÄ┬╖┬╖┬╖┬╖┬╖┬╖},ΓÉìΓÅÄ
┬╖┬╖┬╖┬╖┬╖┬╖{┬╖threshold
:┬╖0.15┬╖},ΓÉìΓÅÄ┬╖┬╖┬╖┬
╖`  prettier/prettier
85:19  Error: Replace `┬
╖delete┬╖window.__setLoc
ale;┬╖delete┬╖window.__g
etLocale` with `ΓÉìΓÅÄ┬╖
┬╖┬╖┬╖┬╖┬╖delete┬╖window
.__setLocaleΓÉìΓÅÄ┬╖┬╖┬╖
┬╖┬╖┬╖delete┬╖window.__g
etLocaleΓÉìΓÅÄ┬╖┬╖┬╖`  
prettier/prettier
101:24  Error: Insert 
`ΓÉìΓÅÄ┬╖┬╖┬╖┬╖┬╖┬╖┬╖`  
prettier/prettier
104:13  Error: Empty 
block statement.  
no-empty
104:14  Error: Delete 
`┬╖`  prettier/prettier
105:27  Error: Replace 
`;┬╖setEmail('');` with 
`ΓÉìΓÅÄ┬╖┬╖┬╖┬╖setEmail(
'')ΓÉìΓÅÄ┬╖┬╖┬╖`  
prettier/prettier
110:38  Error: Insert 
`ΓÉìΓÅÄ┬╖┬╖┬╖`  
prettier/prettier
112:27  Error: Insert 
`ΓÉìΓÅÄ┬╖┬╖┬╖┬╖┬╖`  
prettier/prettier
115:4  Error: Delete 
`ΓÉìΓÅÄ`  
prettier/prettier
130:11  Error: Replace 
`┬╖className="wp-page"` 
with `ΓÉìΓÅÄ┬╖┬╖┬╖┬╖┬╖┬╖
┬╖┬╖className="wp-page"Γ
ÉìΓÅÄ┬╖┬╖┬╖┬╖┬╖┬╖┬╖`  
prettier/prettier
131:1  Error: Replace `┬
╖┬╖┬╖┬╖┬╖┬╖┬╖┬╖'--wp-bg'
:┬╖theme.bg,┬╖'--wp-bg-a
lt':┬╖theme.bgAlt,` 
with `┬╖┬╖┬╖┬╖┬╖┬╖┬╖┬╖┬╖
┬╖'--wp-bg':┬╖theme.bg,Γ
ÉìΓÅÄ┬╖┬╖┬╖┬╖┬╖┬╖┬╖┬╖┬╖┬
╖'--wp-bg-alt':┬╖theme.b
gAlt,ΓÉìΓÅÄ┬╖┬╖┬╖┬╖┬╖┬╖┬
╖┬╖┬╖`  
prettier/prettier
132:1  Error: Replace `┬
╖┬╖┬╖┬╖┬╖┬╖┬╖┬╖'--wp-tex
t-soft':┬╖theme.textSoft
,` with `┬╖┬╖┬╖┬╖┬╖┬╖┬╖┬
╖┬╖┬╖'--wp-text-soft':┬╖
theme.textSoft,ΓÉìΓÅÄ┬╖┬
╖┬╖┬╖┬╖┬╖┬╖┬╖┬╖`  
prettier/prettier
133:9  Error: Replace `'
--wp-line':┬╖theme.line,
┬╖'--wp-surface':┬╖theme
.surface,` with `┬╖┬╖'--
wp-line':┬╖theme.line,ΓÉ
ìΓÅÄ┬╖┬╖┬╖┬╖┬╖┬╖┬╖┬╖┬╖┬╖
'--wp-surface':┬╖theme.s
urface,ΓÉìΓÅÄ┬╖┬╖┬╖┬╖┬╖┬
╖┬╖┬╖┬╖`  
prettier/prettier
134:1  Error: Insert 
`┬╖┬╖`  
prettier/prettier
135:1  Error: Insert 
`┬╖┬╖`  
prettier/prettier
136:1  Error: Delete 
`ΓÉìΓÅÄ`  
prettier/prettier
139:15  Error: Insert `Γ
ÉìΓÅÄ┬╖┬╖┬╖┬╖┬╖┬╖┬╖┬╖┬╖┬
╖┬╖`  prettier/prettier
141:30  Error: Replace `
ax-w-[1100px]┬╖mx-auto┬╖
px-6┬╖flex┬╖items-center
` with `x-auto┬╖flex┬╖ma
x-w-[1100px]┬╖items-cent
er┬╖px-6`  
prettier/prettier
147:22  Error: Insert `Γ
ÉìΓÅÄ┬╖┬╖┬╖┬╖┬╖┬╖┬╖┬╖┬╖┬
╖┬╖┬╖┬╖┬╖┬╖`  
prettier/prettier
148:52  Error: Replace `
text-[10px]┬╖tracking-[0
.12em]┬╖px-2.5┬╖py-1┬╖ro
unded-full┬╖uppercase┬╖o
pacity-40┬╖hover:opacity
-80┬╖transition-opacity`
 with `rounded-full┬╖px-
2.5┬╖py-1┬╖text-[10px]┬╖
uppercase┬╖tracking-[0.1
2em]┬╖opacity-40┬╖transi
tion-opacity┬╖hover:opac
ity-80`  
prettier/prettier
153:31  Error: Replace `
hidden┬╖md:flex┬╖items-c
enter┬╖gap-6┬╖ml-auto` 
with `ml-auto┬╖hidden┬╖i
tems-center┬╖gap-6┬╖md:f
lex`  prettier/prettier
154:71  Error: Replace `
hover:opacity-100┬╖trans
ition-opacity">{locale┬╖
===┬╖'de'┬╖?┬╖'Features'
┬╖:┬╖'Features'}` with `
transition-opacity┬╖hove
r:opacity-100">ΓÉìΓÅÄ┬╖┬
╖┬╖┬╖┬╖┬╖┬╖┬╖┬╖┬╖┬╖┬╖┬╖┬
╖┬╖┬╖┬╖┬╖{locale┬╖===┬╖'
de'┬╖?┬╖'Features'┬╖:┬╖'
Features'}ΓÉìΓÅÄ┬╖┬╖┬╖┬╖
┬╖┬╖┬╖┬╖┬╖┬╖┬╖┬╖┬╖┬╖┬╖┬╖
`  prettier/prettier
155:75  Error: Replace `
hover:opacity-100┬╖trans
ition-opacity">{locale┬╖
===┬╖'de'┬╖?┬╖'So┬╖funkt
ioniert\'s'┬╖:┬╖'How┬╖it
┬╖works'}` with `transit
ion-opacity┬╖hover:opaci
ty-100">ΓÉìΓÅÄ┬╖┬╖┬╖┬╖┬╖
┬╖┬╖┬╖┬╖┬╖┬╖┬╖┬╖┬╖┬╖┬╖┬╖
┬╖{locale┬╖===┬╖'de'┬╖?┬
╖"So┬╖funktioniert's"┬╖:
┬╖'How┬╖it┬╖works'}ΓÉìΓÅ
Ä┬╖┬╖┬╖┬╖┬╖┬╖┬╖┬╖┬╖┬╖┬╖┬
╖┬╖┬╖┬╖┬╖`  
prettier/prettier
156:75  Error: Replace `
hover:opacity-100┬╖trans
ition-opacity">{locale┬╖
===┬╖'de'┬╖?┬╖'Integrati
onen'┬╖:┬╖'Integrations'
}` with `transition-opac
ity┬╖hover:opacity-100">
ΓÉìΓÅÄ┬╖┬╖┬╖┬╖┬╖┬╖┬╖┬╖┬╖
┬╖┬╖┬╖┬╖┬╖┬╖┬╖┬╖┬╖{local
e┬╖===┬╖'de'┬╖?┬╖'Integr
ationen'┬╖:┬╖'Integratio
ns'}ΓÉìΓÅÄ┬╖┬╖┬╖┬╖┬╖┬╖┬╖
┬╖┬╖┬╖┬╖┬╖┬╖┬╖┬╖┬╖`  
prettier/prettier
157:24  Error: Insert `Γ
ÉìΓÅÄ┬╖┬╖┬╖┬╖┬╖┬╖┬╖┬╖┬╖┬
╖┬╖┬╖┬╖┬╖┬╖┬╖┬╖`  
prettier/prettier
158:30  Error: Replace `
text-[13px]┬╖font-semibo
ld┬╖px-5┬╖py-2┬╖rounded-
full┬╖` with `rounded-fu
ll┬╖px-5┬╖py-2┬╖text-[13
px]┬╖font-semibold┬╖`  
prettier/prettier
163:35  Error: Replace 
`d:hidden┬╖ml-auto` 
with 
`l-auto┬╖md:hidden`  
prettier/prettier
167:21  Error: Replace `
┬╖className="absolute┬╖t
op-full┬╖left-0┬╖right-0
┬╖md:hidden┬╖p-6┬╖space-
y-3"` with `ΓÉìΓÅÄ┬╖┬╖┬╖
┬╖┬╖┬╖┬╖┬╖┬╖┬╖┬╖┬╖┬╖┬╖┬╖
┬╖┬╖┬╖className="absolut
e┬╖left-0┬╖right-0┬╖top-
full┬╖space-y-3┬╖p-6┬╖md
:hidden"ΓÉìΓÅÄ┬╖┬╖┬╖┬╖┬╖
┬╖┬╖┬╖┬╖┬╖┬╖┬╖┬╖┬╖┬╖┬╖┬╖
`  prettier/prettier
168:102  Error: Replace 
`Features` with `ΓÉìΓÅÄ┬
╖┬╖┬╖┬╖┬╖┬╖┬╖┬╖┬╖┬╖┬╖┬╖┬
╖┬╖┬╖┬╖┬╖┬╖┬╖┬╖FeaturesΓ
ÉìΓÅÄ┬╖┬╖┬╖┬╖┬╖┬╖┬╖┬╖┬╖┬
╖┬╖┬╖┬╖┬╖┬╖┬╖┬╖┬╖`  
prettier/prettier
169:106  Error: Replace 
`{locale┬╖===┬╖'de'┬╖?┬╖
'So┬╖funktioniert\'s'┬╖:
┬╖'How┬╖it┬╖works'}` 
with `ΓÉìΓÅÄ┬╖┬╖┬╖┬╖┬╖┬╖
┬╖┬╖┬╖┬╖┬╖┬╖┬╖┬╖┬╖┬╖┬╖┬╖
┬╖┬╖{locale┬╖===┬╖'de'┬╖
?┬╖"So┬╖funktioniert's"┬
╖:┬╖'How┬╖it┬╖works'}ΓÉì
ΓÅÄ┬╖┬╖┬╖┬╖┬╖┬╖┬╖┬╖┬╖┬╖┬
╖┬╖┬╖┬╖┬╖┬╖┬╖┬╖`  
prettier/prettier
170:106  Error: Replace 
`{locale┬╖===┬╖'de'┬╖?┬╖
'Integrationen'┬╖:┬╖'Int
egrations'}` with `ΓÉìΓÅ
Ä┬╖┬╖┬╖┬╖┬╖┬╖┬╖┬╖┬╖┬╖┬╖┬
╖┬╖┬╖┬╖┬╖┬╖┬╖┬╖┬╖{locale
┬╖===┬╖'de'┬╖?┬╖'Integra
tionen'┬╖:┬╖'Integration
s'}ΓÉìΓÅÄ┬╖┬╖┬╖┬╖┬╖┬╖┬╖┬
╖┬╖┬╖┬╖┬╖┬╖┬╖┬╖┬╖┬╖┬╖`  
prettier/prettier
171:26  Error: Replace `
┬╖onClick={()┬╖=>┬╖{┬╖se
tMobileMenu(false);┬╖scr
ollToWaitlist()` with `Γ
ÉìΓÅÄ┬╖┬╖┬╖┬╖┬╖┬╖┬╖┬╖┬╖┬
╖┬╖┬╖┬╖┬╖┬╖┬╖┬╖┬╖┬╖┬╖onC
lick={()┬╖=>┬╖{ΓÉìΓÅÄ┬╖┬
╖┬╖┬╖┬╖┬╖┬╖┬╖┬╖┬╖┬╖┬╖┬╖┬
╖┬╖┬╖┬╖┬╖┬╖┬╖┬╖┬╖setMobi
leMenu(false)ΓÉìΓÅÄ┬╖┬╖┬
╖┬╖┬╖┬╖┬╖┬╖┬╖┬╖┬╖┬╖┬╖┬╖┬
╖┬╖┬╖┬╖┬╖┬╖┬╖┬╖scrollToW
aitlist()ΓÉìΓÅÄ┬╖┬╖┬╖┬╖┬
╖┬╖┬╖┬╖┬╖┬╖┬╖┬╖┬╖┬╖┬╖┬╖┬
╖┬╖┬╖`  
prettier/prettier
172:39  Error: Replace `
py-2.5┬╖font-semibold┬╖r
ounded-full┬╖text-sm` 
with `rounded-full┬╖py-2
.5┬╖text-sm┬╖font-semibo
ld`  prettier/prettier
173:87  Error: Replace 
`{t.hero.cta}` with `ΓÉì
ΓÅÄ┬╖┬╖┬╖┬╖┬╖┬╖┬╖┬╖┬╖┬╖┬
╖┬╖┬╖┬╖┬╖┬╖┬╖┬╖┬╖┬╖{t.he
ro.cta}ΓÉìΓÅÄ┬╖┬╖┬╖┬╖┬╖┬
╖┬╖┬╖┬╖┬╖┬╖┬╖┬╖┬╖┬╖┬╖┬╖┬
╖`  prettier/prettier
180:27  Error: Replace `
ax-w-[1100px]┬╖mx-auto┬╖
px-6">ΓÉìΓÅÄ` with `x-au
to┬╖max-w-[1100px]┬╖px-6
">`  prettier/prettier
183:32  Error: Replace `
t-[140px]┬╖md:pt-[180px]
┬╖pb-20┬╖md:pb-28` with 
`b-20┬╖pt-[140px]┬╖md:pb
-28┬╖md:pt-[180px]`  
prettier/prettier
184:34  Error: Replace `
lg:grid-cols-[1fr,340px]
┬╖gap-16┬╖lg:gap-20┬╖ite
ms-start` with `items-st
art┬╖gap-16┬╖lg:grid-col
s-[1fr,340px]┬╖lg:gap-20
`  prettier/prettier
185:1  Error: Delete 
`ΓÉìΓÅÄ`  
prettier/prettier
188:20  Error: Replace `
┬╖className={`${space.cl
assName}┬╖text-[2.2rem]┬
╖sm:text-[2.8rem]┬╖md:te
xt-[3.5rem]┬╖font-bold┬╖
leading-[1.1]┬╖tracking-
[-0.025em]` with `ΓÉìΓÅÄ
┬╖┬╖┬╖┬╖┬╖┬╖┬╖┬╖┬╖┬╖┬╖┬╖
┬╖┬╖┬╖┬╖┬╖┬╖className={`
${space.className}┬╖text
-[2.2rem]┬╖font-bold┬╖le
ading-[1.1]┬╖tracking-[-
0.025em]┬╖sm:text-[2.8re
m]┬╖md:text-[3.5rem]`  
prettier/prettier
189:33  Error: Delete `{
'┬╖'}ΓÉìΓÅÄ┬╖┬╖┬╖┬╖┬╖┬╖┬
╖┬╖┬╖┬╖┬╖┬╖┬╖┬╖┬╖┬╖┬╖`  
prettier/prettier
193:36  Error: Replace `
text-[17px]┬╖leading-[1.
65]┬╖opacity-60┬╖max-w-[
560px]">ΓÉìΓÅÄ┬╖┬╖┬╖┬╖┬╖
┬╖┬╖┬╖┬╖┬╖┬╖┬╖┬╖┬╖┬╖┬╖┬╖
┬╖{t.hero.subtitle}ΓÉìΓÅ
Ä┬╖┬╖┬╖┬╖┬╖┬╖┬╖┬╖┬╖┬╖┬╖┬
╖┬╖┬╖┬╖┬╖` with `max-w-[
560px]┬╖text-[17px]┬╖lea
ding-[1.65]┬╖opacity-60"
>{t.hero.subtitle}`  
prettier/prettier
198:26  Error: Insert `Γ
ÉìΓÅÄ┬╖┬╖┬╖┬╖┬╖┬╖┬╖┬╖┬╖┬
╖┬╖┬╖┬╖┬╖┬╖┬╖┬╖┬╖┬╖`  
prettier/prettier
199:32  Error: Replace `
px-7┬╖py-3.5┬╖rounded-fu
ll┬╖font-semibold┬╖text-
sm┬╖transition-colors┬╖f
lex┬╖items-center┬╖gap-2
┬╖group` with `group┬╖fl
ex┬╖items-center┬╖gap-2┬
╖rounded-full┬╖px-7┬╖py-
3.5┬╖text-sm┬╖font-semib
old┬╖transition-colors` 
 prettier/prettier
201:57  Error: Replace `
w-4┬╖h-4┬╖group-hover:tr
anslate-x-0.5┬╖transitio
n-transform` with `h-4┬╖
w-4┬╖transition-transfor
m┬╖group-hover:translate
-x-0.5`  
prettier/prettier
203:21  Error: Replace `
┬╖href="#features"┬╖clas
sName="text-[13px]┬╖opac
ity-40┬╖hover:opacity-80
┬╖transition-opacity┬╖fl
ex┬╖items-center┬╖gap-1`
 with `ΓÉìΓÅÄ┬╖┬╖┬╖┬╖┬╖┬
╖┬╖┬╖┬╖┬╖┬╖┬╖┬╖┬╖┬╖┬╖┬╖┬
╖┬╖┬╖href="#features"ΓÉì
ΓÅÄ┬╖┬╖┬╖┬╖┬╖┬╖┬╖┬╖┬╖┬╖┬
╖┬╖┬╖┬╖┬╖┬╖┬╖┬╖┬╖┬╖class
Name="flex┬╖items-center
┬╖gap-1┬╖text-[13px]┬╖op
acity-40┬╖transition-opa
city┬╖hover:opacity-80` 
 prettier/prettier
204:67  Error: Replace 
`w-3.5┬╖h` with 
`h-3.5┬╖w`  
prettier/prettier
211:26  Error: Replace `
┬╖key={name}┬╖className=
{`${mono.className}┬╖fle
x┬╖items-center┬╖gap-2┬╖
px-3┬╖py-1.5┬╖rounded-fu
ll┬╖` with `ΓÉìΓÅÄ┬╖┬╖┬╖
┬╖┬╖┬╖┬╖┬╖┬╖┬╖┬╖┬╖┬╖┬╖┬╖
┬╖┬╖┬╖┬╖┬╖┬╖┬╖key={name}
ΓÉìΓÅÄ┬╖┬╖┬╖┬╖┬╖┬╖┬╖┬╖┬╖
┬╖┬╖┬╖┬╖┬╖┬╖┬╖┬╖┬╖┬╖┬╖┬╖
┬╖className={`${mono.cla
ssName}┬╖flex┬╖items-cen
ter┬╖gap-2┬╖rounded-full
┬╖px-3┬╖py-1.5┬╖`  
prettier/prettier
213:40  Error: Replace 
`w-1.5┬╖h` with 
`h-1.5┬╖w`  
prettier/prettier
221:31  Error: Replace `
hidden┬╖lg:block┬╖mt-8` 
with `mt-8┬╖hidden┬╖lg:b
lock`  prettier/prettier
223:1  Error: Delete 
`ΓÉìΓÅÄ`  
prettier/prettier
225:21  Error: Replace `
┬╖className={`${mono.cla
ssName}┬╖text-[10px]┬╖tr
acking-[0.15em]┬╖upperca
se┬╖flex┬╖items-center┬╖
gap-2┬╖mb-6` with `ΓÉìΓÅ
Ä┬╖┬╖┬╖┬╖┬╖┬╖┬╖┬╖┬╖┬╖┬╖┬
╖┬╖┬╖┬╖┬╖┬╖┬╖┬╖┬╖classNa
me={`${mono.className}┬╖
mb-6┬╖flex┬╖items-center
┬╖gap-2┬╖text-[10px]┬╖up
percase┬╖tracking-[0.15e
m]`  prettier/prettier
227:38  Error: Replace 
`w-1.5┬╖h` with 
`h-1.5┬╖w`  
prettier/prettier
235:24  Error: Replace `
┬╖label:┬╖locale┬╖===┬╖'
de'┬╖?┬╖'Verbindet'┬╖:┬╖
'Connects',┬╖detail:┬╖lo
cale┬╖===┬╖'de'┬╖?┬╖'3.0
00+┬╖Tools'┬╖:┬╖'3,000+┬
╖tools'` with `ΓÉìΓÅÄ┬╖┬
╖┬╖┬╖┬╖┬╖┬╖┬╖┬╖┬╖┬╖┬╖┬╖┬
╖┬╖┬╖┬╖┬╖┬╖┬╖┬╖┬╖┬╖┬╖lab
el:┬╖locale┬╖===┬╖'de'┬╖
?┬╖'Verbindet'┬╖:┬╖'Conn
ects',ΓÉìΓÅÄ┬╖┬╖┬╖┬╖┬╖┬╖
┬╖┬╖┬╖┬╖┬╖┬╖┬╖┬╖┬╖┬╖┬╖┬╖
┬╖┬╖┬╖┬╖┬╖┬╖detail:┬╖loc
ale┬╖===┬╖'de'┬╖?┬╖'3.00
0+┬╖Tools'┬╖:┬╖'3,000+┬╖
tools',ΓÉìΓÅÄ┬╖┬╖┬╖┬╖┬╖┬
╖┬╖┬╖┬╖┬╖┬╖┬╖┬╖┬╖┬╖┬╖┬╖┬
╖┬╖┬╖┬╖`  
prettier/prettier
236:24  Error: Replace `
┬╖label:┬╖locale┬╖===┬╖'
de'┬╖?┬╖'F├╝hrt┬╖aus'┬╖:
┬╖'Executes',┬╖detail:┬╖
locale┬╖===┬╖'de'┬╖?┬╖'A
ufgaben┬╖end-to-end'┬╖:┬
╖'Tasks┬╖end-to-end'` 
with `ΓÉìΓÅÄ┬╖┬╖┬╖┬╖┬╖┬╖
┬╖┬╖┬╖┬╖┬╖┬╖┬╖┬╖┬╖┬╖┬╖┬╖
┬╖┬╖┬╖┬╖┬╖┬╖label:┬╖loca
le┬╖===┬╖'de'┬╖?┬╖'F├╝hr
t┬╖aus'┬╖:┬╖'Executes',Γ
ÉìΓÅÄ┬╖┬╖┬╖┬╖┬╖┬╖┬╖┬╖┬╖┬
╖┬╖┬╖┬╖┬╖┬╖┬╖┬╖┬╖┬╖┬╖┬╖┬
╖┬╖┬╖detail:┬╖locale┬╖==
=┬╖'de'┬╖?┬╖'Aufgaben┬╖e
nd-to-end'┬╖:┬╖'Tasks┬╖e
nd-to-end',ΓÉìΓÅÄ┬╖┬╖┬╖┬
╖┬╖┬╖┬╖┬╖┬╖┬╖┬╖┬╖┬╖┬╖┬╖┬
╖┬╖┬╖┬╖┬╖┬╖`  
prettier/prettier
238:27  Error: Replace 
`┬╖key={label}` with `ΓÉ
ìΓÅÄ┬╖┬╖┬╖┬╖┬╖┬╖┬╖┬╖┬╖┬╖
┬╖┬╖┬╖┬╖┬╖┬╖┬╖┬╖┬╖┬╖┬╖┬╖
┬╖┬╖key={label}ΓÉìΓÅÄ┬╖┬
╖┬╖┬╖┬╖┬╖┬╖┬╖┬╖┬╖┬╖┬╖┬╖┬
╖┬╖┬╖┬╖┬╖┬╖┬╖┬╖┬╖┬╖`  
prettier/prettier
241:30  Error: Replace `
┬╖className={`${mono.cla
ssName}┬╖text-[11px]┬╖ml
-3` with `ΓÉìΓÅÄ┬╖┬╖┬╖┬╖
┬╖┬╖┬╖┬╖┬╖┬╖┬╖┬╖┬╖┬╖┬╖┬╖
┬╖┬╖┬╖┬╖┬╖┬╖┬╖┬╖┬╖┬╖clas
sName={`${mono.className
}┬╖ml-3┬╖text-[11px]`  
prettier/prettier
257:30  Error: Insert `Γ
ÉìΓÅÄ┬╖┬╖┬╖┬╖┬╖┬╖┬╖┬╖┬╖┬
╖┬╖┬╖┬╖┬╖┬╖┬╖┬╖┬╖┬╖┬╖┬╖┬
╖┬╖┬╖┬╖`  
prettier/prettier
258:65  Error: Replace 
`{value}` with `ΓÉìΓÅÄ┬╖
┬╖┬╖┬╖┬╖┬╖┬╖┬╖┬╖┬╖┬╖┬╖┬╖
┬╖┬╖┬╖┬╖┬╖┬╖┬╖┬╖┬╖┬╖┬╖┬╖
┬╖{value}ΓÉìΓÅÄ┬╖┬╖┬╖┬╖┬
╖┬╖┬╖┬╖┬╖┬╖┬╖┬╖┬╖┬╖┬╖┬╖┬
╖┬╖┬╖┬╖┬╖┬╖┬╖┬╖`  
prettier/prettier
259:30  Error: Replace `
┬╖className={`${mono.cla
ssName}┬╖text-[9px]┬╖tra
cking-[0.1em]┬╖uppercase
┬╖mt-0.5` with `ΓÉìΓÅÄ┬╖
┬╖┬╖┬╖┬╖┬╖┬╖┬╖┬╖┬╖┬╖┬╖┬╖
┬╖┬╖┬╖┬╖┬╖┬╖┬╖┬╖┬╖┬╖┬╖┬╖
┬╖className={`${mono.cla
ssName}┬╖mt-0.5┬╖text-[9
px]┬╖uppercase┬╖tracking
-[0.1em]`  
prettier/prettier
260:69  Error: Replace 
`{label}` with `ΓÉìΓÅÄ┬╖
┬╖┬╖┬╖┬╖┬╖┬╖┬╖┬╖┬╖┬╖┬╖┬╖
┬╖┬╖┬╖┬╖┬╖┬╖┬╖┬╖┬╖┬╖┬╖┬╖
┬╖{label}ΓÉìΓÅÄ┬╖┬╖┬╖┬╖┬
╖┬╖┬╖┬╖┬╖┬╖┬╖┬╖┬╖┬╖┬╖┬╖┬
╖┬╖┬╖┬╖┬╖┬╖┬╖┬╖`  
prettier/prettier
266:21  Error: Replace `
┬╖className={`${mono.cla
ssName}┬╖text-[10px]┬╖tr
acking-[0.1em]┬╖mt-6┬╖op
acity-25┬╖flex┬╖items-ce
nter┬╖gap-1.5` with `ΓÉì
ΓÅÄ┬╖┬╖┬╖┬╖┬╖┬╖┬╖┬╖┬╖┬╖┬
╖┬╖┬╖┬╖┬╖┬╖┬╖┬╖┬╖┬╖class
Name={`${mono.className}
┬╖mt-6┬╖flex┬╖items-cent
er┬╖gap-1.5┬╖text-[10px]
┬╖tracking-[0.1em]┬╖opac
ity-25`  
prettier/prettier
267:37  Error: Replace 
`w-3┬╖h` with `h-3┬╖w`  
prettier/prettier
271:21  Error: Delete 
`ΓÉìΓÅÄ`  
prettier/prettier
305:30  Error: Replace 
`ax-w-[560px]┬╖mx-auto` 
with 
`x-auto┬╖max-w-[560px]` 
 prettier/prettier
307:64  Error: Replace `
md:text-[2rem]┬╖font-bol
d`}>ΓÉìΓÅÄ┬╖┬╖┬╖┬╖┬╖┬╖┬╖
┬╖┬╖┬╖┬╖┬╖┬╖┬╖┬╖┬╖{t.wai
tlist.title}ΓÉìΓÅÄ┬╖┬╖┬╖
┬╖┬╖┬╖┬╖┬╖┬╖┬╖┬╖┬╖┬╖┬╖` 
with `font-bold┬╖md:text
-[2rem]`}>{t.waitlist.ti
tle}`  prettier/prettier
310:46  Error: Replace `
opacity-55┬╖leading-rela
xed">ΓÉìΓÅÄ┬╖┬╖┬╖┬╖┬╖┬╖┬
╖┬╖┬╖┬╖┬╖┬╖┬╖┬╖┬╖┬╖{t.wa
itlist.subtitle}ΓÉìΓÅÄ┬╖
┬╖┬╖┬╖┬╖┬╖┬╖┬╖┬╖┬╖┬╖┬╖┬╖
┬╖` with `leading-relaxe
d┬╖opacity-55">{t.waitli
st.subtitle}`  
prettier/prettier
315:23  Error: Replace `
┬╖type="email"┬╖value={e
mail}` with `ΓÉìΓÅÄ┬╖┬╖┬
╖┬╖┬╖┬╖┬╖┬╖┬╖┬╖┬╖┬╖┬╖┬╖┬
╖┬╖┬╖┬╖type="email"ΓÉìΓÅ
Ä┬╖┬╖┬╖┬╖┬╖┬╖┬╖┬╖┬╖┬╖┬╖┬
╖┬╖┬╖┬╖┬╖┬╖┬╖value={emai
l}ΓÉìΓÅÄ┬╖┬╖┬╖┬╖┬╖┬╖┬╖┬╖
┬╖┬╖┬╖┬╖┬╖┬╖┬╖┬╖┬╖`  
prettier/prettier
316:55  Error: Replace 
`┬╖required` with `ΓÉìΓÅ
Ä┬╖┬╖┬╖┬╖┬╖┬╖┬╖┬╖┬╖┬╖┬╖┬
╖┬╖┬╖┬╖┬╖┬╖┬╖requiredΓÉì
ΓÅÄ┬╖┬╖┬╖┬╖┬╖┬╖┬╖┬╖┬╖┬╖┬
╖┬╖┬╖┬╖┬╖┬╖┬╖`  
prettier/prettier
317:30  Error: Replace `
w-full┬╖rounded-lg┬╖px-4
┬╖py-3┬╖text-[15px]┬╖bg-
transparent┬╖placeholder
:opacity-25┬╖focus:outli
ne-none┬╖focus:ring-1┬╖f
ocus:ring-[var(--wp-acce
nt)]/30┬╖transition-all`
 with `focus:ring-[var(-
-wp-accent)]/30┬╖w-full┬
╖rounded-lg┬╖bg-transpar
ent┬╖px-4┬╖py-3┬╖text-[1
5px]┬╖transition-all┬╖pl
aceholder:opacity-25┬╖fo
cus:outline-none┬╖focus:
ring-1`  
prettier/prettier
320:24  Error: Replace 
`┬╖type="submit"` with `
ΓÉìΓÅÄ┬╖┬╖┬╖┬╖┬╖┬╖┬╖┬╖┬╖
┬╖┬╖┬╖┬╖┬╖┬╖┬╖┬╖┬╖type="
submit"ΓÉìΓÅÄ┬╖┬╖┬╖┬╖┬╖┬
╖┬╖┬╖┬╖┬╖┬╖┬╖┬╖┬╖┬╖┬╖┬╖`
  prettier/prettier
321:31  Error: Replace 
`w-full┬╖flex` with 
`flex┬╖w-full`  
prettier/prettier
323:33  Error: Replace `
'...'┬╖:┬╖<>{t.waitlist.
cta}┬╖<ArrowRight┬╖class
Name="w-3.5┬╖h-3.5"┬╖/><
/>` with `(ΓÉìΓÅÄ┬╖┬╖┬╖┬
╖┬╖┬╖┬╖┬╖┬╖┬╖┬╖┬╖┬╖┬╖┬╖┬
╖┬╖┬╖┬╖┬╖'...'ΓÉìΓÅÄ┬╖┬╖
┬╖┬╖┬╖┬╖┬╖┬╖┬╖┬╖┬╖┬╖┬╖┬╖
┬╖┬╖┬╖┬╖)┬╖:┬╖(ΓÉìΓÅÄ┬╖┬
╖┬╖┬╖┬╖┬╖┬╖┬╖┬╖┬╖┬╖┬╖┬╖┬
╖┬╖┬╖┬╖┬╖┬╖┬╖<>ΓÉìΓÅÄ┬╖┬
╖┬╖┬╖┬╖┬╖┬╖┬╖┬╖┬╖┬╖┬╖┬╖┬
╖┬╖┬╖┬╖┬╖┬╖┬╖┬╖┬╖{t.wait
list.cta}┬╖<ArrowRight┬╖
className="h-3.5┬╖w-3.5"
┬╖/>ΓÉìΓÅÄ┬╖┬╖┬╖┬╖┬╖┬╖┬╖
┬╖┬╖┬╖┬╖┬╖┬╖┬╖┬╖┬╖┬╖┬╖┬╖
┬╖</>ΓÉìΓÅÄ┬╖┬╖┬╖┬╖┬╖┬╖┬
╖┬╖┬╖┬╖┬╖┬╖┬╖┬╖┬╖┬╖┬╖┬╖)
`  prettier/prettier
334:39  Error: Replace 
`w-3.5┬╖h` with 
`h-3.5┬╖w`  
prettier/prettier
345:1  Error: Delete 
`ΓÉìΓÅÄ`  
prettier/prettier
349:16  Error: Replace `
┬╖className="max-w-[1100
px]┬╖mx-auto┬╖px-6┬╖py-8
┬╖flex┬╖items-center┬╖ju
stify-between"` with `ΓÉ
ìΓÅÄ┬╖┬╖┬╖┬╖┬╖┬╖┬╖┬╖┬╖┬╖
className="mx-auto┬╖flex
┬╖max-w-[1100px]┬╖items-
center┬╖justify-between┬
╖px-6┬╖py-8"ΓÉìΓÅÄ┬╖┬╖┬╖
┬╖┬╖┬╖┬╖┬╖┬╖`  
prettier/prettier
352:69  Error: Replace `
hover:opacity-60┬╖transi
tion-opacity">{locale┬╖=
==┬╖'de'┬╖?┬╖'Datenschut
z'┬╖:┬╖'Privacy'}` with 
`transition-opacity┬╖hov
er:opacity-60">ΓÉìΓÅÄ┬╖┬
╖┬╖┬╖┬╖┬╖┬╖┬╖┬╖┬╖┬╖┬╖┬╖┬
╖{locale┬╖===┬╖'de'┬╖?┬╖
'Datenschutz'┬╖:┬╖'Priva
cy'}ΓÉìΓÅÄ┬╖┬╖┬╖┬╖┬╖┬╖┬╖
┬╖┬╖┬╖┬╖┬╖`  
prettier/prettier
353:67  Error: Replace `
hover:opacity-60┬╖transi
tion-opacity">{locale┬╖=
==┬╖'de'┬╖?┬╖'Impressum'
┬╖:┬╖'Terms'}` with `tra
nsition-opacity┬╖hover:o
pacity-60">ΓÉìΓÅÄ┬╖┬╖┬╖┬
╖┬╖┬╖┬╖┬╖┬╖┬╖┬╖┬╖┬╖┬╖{lo
cale┬╖===┬╖'de'┬╖?┬╖'Imp
ressum'┬╖:┬╖'Terms'}ΓÉìΓ
ÅÄ┬╖┬╖┬╖┬╖┬╖┬╖┬╖┬╖┬╖┬╖┬╖
┬╖`  prettier/prettier
359:15  Error: Replace `
┬╖className="fixed┬╖bott
om-4┬╖right-4┬╖px-4┬╖py-
2.5┬╖rounded-lg┬╖text-sm
┬╖z-[1001]┬╖flex┬╖items-
center┬╖gap-2` with `ΓÉì
ΓÅÄ┬╖┬╖┬╖┬╖┬╖┬╖┬╖┬╖┬╖┬╖┬
╖┬╖className="fixed┬╖bot
tom-4┬╖right-4┬╖z-[1001]
┬╖flex┬╖items-center┬╖ga
p-2┬╖rounded-lg┬╖px-4┬╖p
y-2.5┬╖text-sm`  
prettier/prettier
361:31  Error: Replace 
`w-3.5┬╖h` with 
`h-3.5┬╖w`  
prettier/prettier
377:10  Error: Replace `
┬╖panelTitle:┬╖'Ein┬╖Age
nt.┬╖Kein┬╖Toolkit.',┬╖p
anelPoints:┬╖['F├╝hrt┬╖A
ufgaben┬╖end-to-end┬╖aus
',┬╖'Verbindet┬╖3.000+┬╖
Tools',┬╖'Lernt┬╖Ihre┬╖W
orkflows']` with `ΓÉìΓÅÄ
┬╖┬╖┬╖┬╖┬╖┬╖panelTitle:┬
╖'Ein┬╖Agent.┬╖Kein┬╖Too
lkit.',ΓÉìΓÅÄ┬╖┬╖┬╖┬╖┬╖┬
╖panelPoints:┬╖['F├╝hrt┬
╖Aufgaben┬╖end-to-end┬╖a
us',┬╖'Verbindet┬╖3.000+
┬╖Tools',┬╖'Lernt┬╖Ihre┬
╖Workflows'],ΓÉìΓÅÄ┬╖┬╖┬
╖`  prettier/prettier
378:10  Error: Replace `
┬╖panelTitle:┬╖'One┬╖age
nt.┬╖Not┬╖a┬╖toolkit.',┬
╖panelPoints:┬╖['Execute
s┬╖tasks┬╖end-to-end',┬╖
'Connects┬╖3,000+┬╖tools
',┬╖'Learns┬╖your┬╖workf
lows']` with `ΓÉìΓÅÄ┬╖┬╖
┬╖┬╖┬╖┬╖panelTitle:┬╖'On
e┬╖agent.┬╖Not┬╖a┬╖toolk
it.',ΓÉìΓÅÄ┬╖┬╖┬╖┬╖┬╖┬╖p
anelPoints:┬╖['Executes┬
╖tasks┬╖end-to-end',┬╖'C
onnects┬╖3,000+┬╖tools',
┬╖'Learns┬╖your┬╖workflo
ws'],ΓÉìΓÅÄ┬╖┬╖┬╖`  
prettier/prettier
383:75  Error: Replace `
opacity-0┬╖translate-y-3
` with `translate-y-3┬╖o
pacity-0`  
prettier/prettier
385:58  Error: Replace `
md:text-[2rem]┬╖font-bol
d` with `font-bold┬╖md:t
ext-[2rem]`  
prettier/prettier
386:29  Error: Delete `{
'┬╖'}ΓÉìΓÅÄ┬╖┬╖┬╖┬╖┬╖┬╖┬
╖┬╖┬╖`  
prettier/prettier
389:28  Error: Replace `
text-[16px]┬╖opacity-55┬
╖leading-relaxed┬╖max-w-
[640px]">ΓÉìΓÅÄ┬╖┬╖┬╖┬╖┬
╖┬╖┬╖┬╖┬╖┬╖{t.features.s
ubtitle}ΓÉìΓÅÄ┬╖┬╖┬╖┬╖┬╖
┬╖┬╖┬╖` with `max-w-[640
px]┬╖text-[16px]┬╖leadin
g-relaxed┬╖opacity-55">{
t.features.subtitle}`  
prettier/prettier
396:19  Error: Insert `Γ
ÉìΓÅÄ┬╖┬╖┬╖┬╖┬╖┬╖┬╖┬╖┬╖┬
╖┬╖`  prettier/prettier
397:104  Error: Replace 
`opacity-100┬╖translate-
y-0'┬╖:┬╖'opacity-0┬╖tra
nslate-y-3` with `transl
ate-y-0┬╖opacity-100'┬╖:
┬╖'translate-y-3┬╖opacit
y-0`  prettier/prettier
399:50  Error: Insert `Γ
ÉìΓÅÄ┬╖┬╖┬╖┬╖┬╖┬╖┬╖┬╖┬╖┬
╖┬╖┬╖┬╖`  
prettier/prettier
402:18  Error: Replace `
┬╖className={`${mono.cla
ssName}┬╖text-[11px]┬╖tr
acking-[0.1em]┬╖mb-4┬╖bl
ock` with `ΓÉìΓÅÄ┬╖┬╖┬╖┬
╖┬╖┬╖┬╖┬╖┬╖┬╖┬╖┬╖┬╖┬╖cla
ssName={`${mono.classNam
e}┬╖mb-4┬╖block┬╖text-[1
1px]┬╖tracking-[0.1em]` 
 prettier/prettier
406:48  Error: Replace `
text-[16px]┬╖font-semibo
ld┬╖mb-2` with `mb-2┬╖te
xt-[16px]┬╖font-semibold
`  prettier/prettier
407:39  Error: Replace `
opacity-55┬╖leading-rela
xed` with `leading-relax
ed┬╖opacity-55`  
prettier/prettier
409:10  Error: Delete `Γ
ÉìΓÅÄ┬╖┬╖┬╖┬╖┬╖┬╖┬╖┬╖`  
prettier/prettier
414:11  Error: Replace `
┬╖className={`mt-8┬╖roun
ded-xl┬╖p-6┬╖transition-
all┬╖duration-700┬╖${v┬╖
?┬╖'opacity-100'┬╖:┬╖'op
acity-0┬╖translate-y-3` 
with `ΓÉìΓÅÄ┬╖┬╖┬╖┬╖┬╖┬╖
┬╖┬╖className={`mt-8┬╖ro
unded-xl┬╖p-6┬╖transitio
n-all┬╖duration-700┬╖${v
┬╖?┬╖'opacity-100'┬╖:┬╖'
translate-y-3┬╖opacity-0
`  prettier/prettier
421:33  Error: Replace 
`w-4┬╖h-4┬╖mt-0.5` with 
`mt-0.5┬╖h-4┬╖w-4`  
prettier/prettier
440:75  Error: Replace `
opacity-0┬╖translate-y-3
` with `translate-y-3┬╖o
pacity-0`  
prettier/prettier
442:58  Error: Replace `
md:text-[2rem]┬╖font-bol
d` with `font-bold┬╖md:t
ext-[2rem]`  
prettier/prettier
443:29  Error: Delete `{
'┬╖'}ΓÉìΓÅÄ┬╖┬╖┬╖┬╖┬╖┬╖┬
╖┬╖┬╖`  
prettier/prettier
449:11  Error: Replace `
┬╖className={`mt-10┬╖fle
x┬╖gap-2┬╖flex-wrap┬╖jus
tify-center┬╖transition-
all┬╖duration-700┬╖${v┬╖
?┬╖'opacity-100'┬╖:┬╖'op
acity-0'}`}` with `ΓÉìΓÅ
Ä┬╖┬╖┬╖┬╖┬╖┬╖┬╖┬╖classNa
me={`mt-10┬╖flex┬╖flex-w
rap┬╖justify-center┬╖gap
-2┬╖transition-all┬╖dura
tion-700┬╖${v┬╖?┬╖'opaci
ty-100'┬╖:┬╖'opacity-0'}
`}ΓÉìΓÅÄ┬╖┬╖┬╖┬╖┬╖┬╖┬╖` 
 prettier/prettier
451:18  Error: Replace 
`┬╖key={i}` with `ΓÉìΓÅÄ
┬╖┬╖┬╖┬╖┬╖┬╖┬╖┬╖┬╖┬╖┬╖┬╖
key={i}ΓÉìΓÅÄ┬╖┬╖┬╖┬╖┬╖┬
╖┬╖┬╖┬╖┬╖┬╖`  
prettier/prettier
452:43  Error: Replace `
text-[11px]┬╖tracking-[0
.08em]┬╖px-4┬╖py-2┬╖roun
ded-full` with `rounded-
full┬╖px-4┬╖py-2┬╖text-[
11px]┬╖tracking-[0.08em]
`  prettier/prettier
465:11  Error: Replace `
┬╖className={`mt-8┬╖max-
w-2xl┬╖mx-auto┬╖rounded-
xl┬╖overflow-hidden┬╖tra
nsition-all┬╖duration-70
0┬╖${v┬╖?┬╖'opacity-100'
┬╖:┬╖'opacity-0┬╖transla
te-y-3` with `ΓÉìΓÅÄ┬╖┬╖
┬╖┬╖┬╖┬╖┬╖┬╖className={`
mx-auto┬╖mt-8┬╖max-w-2xl
┬╖overflow-hidden┬╖round
ed-xl┬╖transition-all┬╖d
uration-700┬╖${v┬╖?┬╖'op
acity-100'┬╖:┬╖'translat
e-y-3┬╖opacity-0`  
prettier/prettier
469:15  Error: Replace `
┬╖className="w-7┬╖h-7┬╖r
ounded-full┬╖flex┬╖items
-center┬╖justify-center"
` with `ΓÉìΓÅÄ┬╖┬╖┬╖┬╖┬╖
┬╖┬╖┬╖┬╖┬╖┬╖┬╖className=
"flex┬╖h-7┬╖w-7┬╖items-c
enter┬╖justify-center┬╖r
ounded-full"ΓÉìΓÅÄ┬╖┬╖┬╖
┬╖┬╖┬╖┬╖┬╖┬╖┬╖┬╖`  
prettier/prettier
470:34  Error: Replace 
`w-3.5┬╖h` with 
`h-3.5┬╖w`  
prettier/prettier
474:102  Error: Replace 
`{convo.platform}┬╖ΓÇó┬╖
Online` with `ΓÉìΓÅÄ┬╖┬╖
┬╖┬╖┬╖┬╖┬╖┬╖┬╖┬╖┬╖┬╖┬╖┬╖
{convo.platform}┬╖ΓÇó┬╖O
nlineΓÉìΓÅÄ┬╖┬╖┬╖┬╖┬╖┬╖┬
╖┬╖┬╖┬╖┬╖┬╖`  
prettier/prettier
479:25  Error: Replace `
p-5┬╖space-y-4┬╖min-h-[2
80px]` with `min-h-[280p
x]┬╖space-y-4┬╖p-5`  
prettier/prettier
481:17  Error: Replace `
┬╖key={`${activeConvo}-$
{i}`}` with `ΓÉìΓÅÄ┬╖┬╖┬
╖┬╖┬╖┬╖┬╖┬╖┬╖┬╖┬╖┬╖┬╖┬╖k
ey={`${activeConvo}-${i}
`}ΓÉìΓÅÄ┬╖┬╖┬╖┬╖┬╖┬╖┬╖┬╖
┬╖┬╖┬╖┬╖┬╖`  
prettier/prettier
482:19  Error: Replace `
┬╖className="max-w-[85%]
┬╖px-4┬╖py-3┬╖rounded-xl
` with `ΓÉìΓÅÄ┬╖┬╖┬╖┬╖┬╖
┬╖┬╖┬╖┬╖┬╖┬╖┬╖┬╖┬╖┬╖┬╖cl
assName="max-w-[85%]┬╖ro
unded-xl┬╖px-4┬╖py-3`  
prettier/prettier
487:50  Error: Replace 
`text-[10px]┬╖mb-1` 
with 
`mb-1┬╖text-[10px]`  
prettier/prettier
490:31  Error: Replace `
text-[14px]┬╖opacity-70┬
╖leading-relaxed┬╖whites
pace-pre-line` with `whi
tespace-pre-line┬╖text-[
14px]┬╖leading-relaxed┬╖
opacity-70`  
prettier/prettier
498:51  Error: Replace `
px-3┬╖py-2┬╖rounded-lg` 
with `rounded-lg┬╖px-3┬╖
py-2`  prettier/prettier
500:30  Error: Replace `
w-3.5┬╖h-3.5┬╖opacity-20
┬╖ml-auto` with `ml-auto
┬╖h-3.5┬╖w-3.5┬╖opacity-
20`  prettier/prettier
513:24  Error: Insert 
`ΓÉìΓÅÄ┬╖┬╖┬╖`  
prettier/prettier
514:1  Error: Insert 
`┬╖┬╖`  
prettier/prettier
515:1  Error: Insert 
`┬╖┬╖`  
prettier/prettier
519:75  Error: Replace `
opacity-0┬╖translate-y-3
` with `translate-y-3┬╖o
pacity-0`  
prettier/prettier
521:58  Error: Replace `
md:text-[2rem]┬╖font-bol
d` with `font-bold┬╖md:t
ext-[2rem]`  
prettier/prettier
522:29  Error: Delete `{
'┬╖'}ΓÉìΓÅÄ┬╖┬╖┬╖┬╖┬╖┬╖┬
╖┬╖┬╖`  
prettier/prettier
525:28  Error: Replace `
text-[16px]┬╖opacity-55┬
╖leading-relaxed┬╖max-w-
[640px]">ΓÉìΓÅÄ┬╖┬╖┬╖┬╖┬
╖┬╖┬╖┬╖┬╖┬╖{useCasesIntr
o}ΓÉìΓÅÄ┬╖┬╖┬╖┬╖┬╖┬╖┬╖┬╖
` with `max-w-[640px]┬╖t
ext-[16px]┬╖leading-rela
xed┬╖opacity-55">{useCas
esIntro}`  
prettier/prettier
532:19  Error: Insert `Γ
ÉìΓÅÄ┬╖┬╖┬╖┬╖┬╖┬╖┬╖┬╖┬╖┬
╖┬╖`  prettier/prettier
533:75  Error: Replace `
opacity-100┬╖translate-y
-0'┬╖:┬╖'opacity-0┬╖tran
slate-y-3` with `transla
te-y-0┬╖opacity-100'┬╖:┬
╖'translate-y-3┬╖opacity
-0`  prettier/prettier
535:50  Error: Insert `Γ
ÉìΓÅÄ┬╖┬╖┬╖┬╖┬╖┬╖┬╖┬╖┬╖┬
╖┬╖┬╖┬╖`  
prettier/prettier
538:18  Error: Replace `
┬╖className={`${mono.cla
ssName}┬╖text-[11px]┬╖tr
acking-[0.1em]┬╖mb-3┬╖bl
ock` with `ΓÉìΓÅÄ┬╖┬╖┬╖┬
╖┬╖┬╖┬╖┬╖┬╖┬╖┬╖┬╖┬╖┬╖cla
ssName={`${mono.classNam
e}┬╖mb-3┬╖block┬╖text-[1
1px]┬╖tracking-[0.1em]` 
 prettier/prettier
542:48  Error: Replace `
text-[16px]┬╖font-semibo
ld┬╖mb-1` with `mb-1┬╖te
xt-[16px]┬╖font-semibold
`  prettier/prettier
543:27  Error: Replace `
text-[14px]┬╖opacity-55┬
╖leading-relaxed┬╖mb-4` 
with `mb-4┬╖text-[14px]┬
╖leading-relaxed┬╖opacit
y-55`  prettier/prettier
546:22  Error: Replace `
┬╖key={example}┬╖classNa
me={`${mono.className}┬╖
text-[10px]┬╖tracking-[0
.06em]┬╖px-2.5┬╖py-1┬╖ro
unded-full` with `ΓÉìΓÅÄ
┬╖┬╖┬╖┬╖┬╖┬╖┬╖┬╖┬╖┬╖┬╖┬╖
┬╖┬╖┬╖┬╖┬╖┬╖key={example
}ΓÉìΓÅÄ┬╖┬╖┬╖┬╖┬╖┬╖┬╖┬╖┬
╖┬╖┬╖┬╖┬╖┬╖┬╖┬╖┬╖┬╖class
Name={`${mono.className}
┬╖rounded-full┬╖px-2.5┬╖
py-1┬╖text-[10px]┬╖track
ing-[0.06em]`  
prettier/prettier
568:75  Error: Replace `
opacity-0┬╖translate-y-3
` with `translate-y-3┬╖o
pacity-0`  
prettier/prettier
570:58  Error: Replace `
md:text-[2rem]┬╖font-bol
d` with `font-bold┬╖md:t
ext-[2rem]`  
prettier/prettier
574:28  Error: Replace `
text-[16px]┬╖opacity-55┬
╖leading-relaxed┬╖max-w-
[640px]` with `max-w-[64
0px]┬╖text-[16px]┬╖leadi
ng-relaxed┬╖opacity-55` 
 prettier/prettier
582:11  Error: Replace `
┬╖className={`mt-8┬╖flex
┬╖gap-6┬╖flex-wrap┬╖tran
sition-all┬╖duration-700
┬╖${v┬╖?┬╖'opacity-100'┬
╖:┬╖'opacity-0'}`}` 
with `ΓÉìΓÅÄ┬╖┬╖┬╖┬╖┬╖┬╖
┬╖┬╖className={`mt-8┬╖fl
ex┬╖flex-wrap┬╖gap-6┬╖tr
ansition-all┬╖duration-7
00┬╖${v┬╖?┬╖'opacity-100
'┬╖:┬╖'opacity-0'}`}ΓÉìΓ
ÅÄ┬╖┬╖┬╖┬╖┬╖┬╖┬╖`  
prettier/prettier
589:112  Error: Replace 
`{stat.value}` with `ΓÉì
ΓÅÄ┬╖┬╖┬╖┬╖┬╖┬╖┬╖┬╖┬╖┬╖┬
╖┬╖┬╖┬╖{stat.value}ΓÉìΓÅ
Ä┬╖┬╖┬╖┬╖┬╖┬╖┬╖┬╖┬╖┬╖┬╖┬
╖`  prettier/prettier
590:18  Error: Replace `
┬╖className={`${mono.cla
ssName}┬╖text-[11px]┬╖tr
acking-[0.08em]┬╖upperca
se`}┬╖style={{┬╖color:┬╖
'var(--wp-text-muted)'┬╖
}}>{stat.label}` with `Γ
ÉìΓÅÄ┬╖┬╖┬╖┬╖┬╖┬╖┬╖┬╖┬╖┬
╖┬╖┬╖┬╖┬╖className={`${m
ono.className}┬╖text-[11
px]┬╖uppercase┬╖tracking
-[0.08em]`}ΓÉìΓÅÄ┬╖┬╖┬╖┬
╖┬╖┬╖┬╖┬╖┬╖┬╖┬╖┬╖┬╖┬╖sty
le={{┬╖color:┬╖'var(--wp
-text-muted)'┬╖}}>ΓÉìΓÅÄ
┬╖┬╖┬╖┬╖┬╖┬╖┬╖┬╖┬╖┬╖┬╖┬╖
┬╖┬╖{stat.label}ΓÉìΓÅÄ┬╖
┬╖┬╖┬╖┬╖┬╖┬╖┬╖┬╖┬╖┬╖┬╖` 
 prettier/prettier
601:17  Error: Insert `Γ
ÉìΓÅÄ┬╖┬╖┬╖┬╖┬╖┬╖┬╖┬╖┬╖┬
╖┬╖┬╖┬╖`  
prettier/prettier
602:77  Error: Replace `
opacity-100┬╖translate-y
-0'┬╖:┬╖'opacity-0┬╖tran
slate-y-3` with `transla
te-y-0┬╖opacity-100'┬╖:┬
╖'translate-y-3┬╖opacity
-0`  prettier/prettier
604:52  Error: Insert `Γ
ÉìΓÅÄ┬╖┬╖┬╖┬╖┬╖┬╖┬╖┬╖┬╖┬
╖┬╖┬╖┬╖┬╖┬╖`  
prettier/prettier
607:31  Error: Replace `
flex┬╖items-center┬╖just
ify-between┬╖mb-1` with 
`mb-1┬╖flex┬╖items-cente
r┬╖justify-between`  
prettier/prettier
609:22  Error: Replace `
┬╖className={`${mono.cla
ssName}┬╖text-[10px]┬╖px
-2┬╖py-0.5┬╖rounded-full
` with `ΓÉìΓÅÄ┬╖┬╖┬╖┬╖┬╖
┬╖┬╖┬╖┬╖┬╖┬╖┬╖┬╖┬╖┬╖┬╖┬╖
┬╖className={`${mono.cla
ssName}┬╖rounded-full┬╖p
x-2┬╖py-0.5┬╖text-[10px]
`  prettier/prettier
614:29  Error: Replace `
text-[13px]┬╖opacity-45┬
╖mb-3` with `mb-3┬╖text-
[13px]┬╖opacity-45`  
prettier/prettier
617:24  Error: Replace `
┬╖key={item}┬╖className=
{`${mono.className}┬╖tex
t-[10px]┬╖tracking-[0.04
em]┬╖px-2┬╖py-1┬╖rounded
-full` with `ΓÉìΓÅÄ┬╖┬╖┬
╖┬╖┬╖┬╖┬╖┬╖┬╖┬╖┬╖┬╖┬╖┬╖┬
╖┬╖┬╖┬╖┬╖┬╖key={item}ΓÉì
ΓÅÄ┬╖┬╖┬╖┬╖┬╖┬╖┬╖┬╖┬╖┬╖┬
╖┬╖┬╖┬╖┬╖┬╖┬╖┬╖┬╖┬╖class
Name={`${mono.className}
┬╖rounded-full┬╖px-2┬╖py
-1┬╖text-[10px]┬╖trackin
g-[0.04em]`  
prettier/prettier
623:24  Error: Replace `
┬╖className={`${mono.cla
ssName}┬╖text-[10px]┬╖px
-2┬╖py-1┬╖rounded-full` 
with `ΓÉìΓÅÄ┬╖┬╖┬╖┬╖┬╖┬╖
┬╖┬╖┬╖┬╖┬╖┬╖┬╖┬╖┬╖┬╖┬╖┬╖
┬╖┬╖className={`${mono.c
lassName}┬╖rounded-full┬
╖px-2┬╖py-1┬╖text-[10px]
`  prettier/prettier
624:29  Error: Replace `
┬╖background:┬╖'rgba(29,
191,115,0.08)',┬╖color:┬
╖'var(--wp-accent)',┬╖bo
rder:┬╖'1px┬╖dashed┬╖rgb
a(29,191,115,0.3)'` 
with `ΓÉìΓÅÄ┬╖┬╖┬╖┬╖┬╖┬╖
┬╖┬╖┬╖┬╖┬╖┬╖┬╖┬╖┬╖┬╖┬╖┬╖
┬╖┬╖┬╖┬╖background:┬╖'rg
ba(29,191,115,0.08)',ΓÉì
ΓÅÄ┬╖┬╖┬╖┬╖┬╖┬╖┬╖┬╖┬╖┬╖┬
╖┬╖┬╖┬╖┬╖┬╖┬╖┬╖┬╖┬╖┬╖┬╖c
olor:┬╖'var(--wp-accent)
',ΓÉìΓÅÄ┬╖┬╖┬╖┬╖┬╖┬╖┬╖┬╖
┬╖┬╖┬╖┬╖┬╖┬╖┬╖┬╖┬╖┬╖┬╖┬╖
┬╖┬╖border:┬╖'1px┬╖dashe
d┬╖rgba(29,191,115,0.3)'
,ΓÉìΓÅÄ┬╖┬╖┬╖┬╖┬╖┬╖┬╖┬╖┬
╖┬╖┬╖┬╖┬╖┬╖┬╖┬╖┬╖┬╖┬╖`  
prettier/prettier
645:75  Error: Replace `
opacity-0┬╖translate-y-3
` with `translate-y-3┬╖o
pacity-0`  
prettier/prettier
647:45  Error: Replace `
t-3┬╖text-2xl┬╖md:text-[
2rem]┬╖font-bold┬╖mb-10`
}>ΓÉìΓÅÄ┬╖┬╖┬╖┬╖┬╖┬╖┬╖┬╖
┬╖┬╖{t.faq.title}ΓÉìΓÅÄ┬
╖┬╖┬╖┬╖┬╖┬╖┬╖┬╖` with `b
-10┬╖mt-3┬╖text-2xl┬╖fon
t-bold┬╖md:text-[2rem]`}
>{t.faq.title}`  
prettier/prettier
654:15  Error: Insert `Γ
ÉìΓÅÄ┬╖┬╖┬╖┬╖┬╖┬╖┬╖┬╖┬╖┬
╖┬╖`  prettier/prettier
655:76  Error: Replace `
opacity-0┬╖translate-y-2
` with `translate-y-2┬╖o
pacity-0`  
prettier/prettier
657:20  Error: Insert `Γ
ÉìΓÅÄ┬╖┬╖┬╖┬╖┬╖┬╖┬╖┬╖┬╖┬
╖┬╖┬╖┬╖`  
prettier/prettier
658:26  Error: Replace `
w-full┬╖py-4┬╖flex┬╖item
s-center┬╖justify-betwee
n┬╖text-left┬╖group` 
with `group┬╖flex┬╖w-ful
l┬╖items-center┬╖justify
-between┬╖py-4┬╖text-lef
t`  prettier/prettier
659:32  Error: Replace `
text-[15px]┬╖font-medium
┬╖group-hover:opacity-70
┬╖transition-opacity┬╖pr
-4` with `pr-4┬╖text-[15
px]┬╖font-medium┬╖transi
tion-opacity┬╖group-hove
r:opacity-70`  
prettier/prettier
660:27  Error: Replace `
┬╖className={`w-3.5┬╖h-3
.5┬╖opacity-25┬╖transiti
on-transform┬╖duration-3
00┬╖shrink-0┬╖${openFaq┬
╖===┬╖i┬╖?┬╖'rotate-180'
┬╖:┬╖''}`}` with `ΓÉìΓÅÄ
┬╖┬╖┬╖┬╖┬╖┬╖┬╖┬╖┬╖┬╖┬╖┬╖
┬╖┬╖┬╖┬╖className={`h-3.
5┬╖w-3.5┬╖shrink-0┬╖opac
ity-25┬╖transition-trans
form┬╖duration-300┬╖${op
enFaq┬╖===┬╖i┬╖?┬╖'rotat
e-180'┬╖:┬╖''}`}ΓÉìΓÅÄ┬╖
┬╖┬╖┬╖┬╖┬╖┬╖┬╖┬╖┬╖┬╖┬╖┬╖
`  prettier/prettier
662:17  Error: Replace `
┬╖className={`overflow-h
idden┬╖transition-all┬╖d
uration-300┬╖${openFaq┬╖
===┬╖i┬╖?┬╖'max-h-[500px
]┬╖opacity-100┬╖pb-4` 
with `ΓÉìΓÅÄ┬╖┬╖┬╖┬╖┬╖┬╖
┬╖┬╖┬╖┬╖┬╖┬╖┬╖┬╖classNam
e={`overflow-hidden┬╖tra
nsition-all┬╖duration-30
0┬╖${openFaq┬╖===┬╖i┬╖?┬
╖'max-h-[500px]┬╖pb-4┬╖o
pacity-100`  
prettier/prettier
663:29  Error: Replace `
text-[15px]┬╖opacity-50┬
╖leading-relaxed┬╖max-w-
[560px]` with `max-w-[56
0px]┬╖text-[15px]┬╖leadi
ng-relaxed┬╖opacity-50` 
 prettier/prettier

./app/privacy/page.jsx
19:25  Error: Replace 
`ax-w-[800px]┬╖mx-auto` 
with 
`x-auto┬╖max-w-[800px]` 
 prettier/prettier
20:24  Error: Replace `t
ext-3xl┬╖md:text-4xl┬╖fo
nt-bold┬╖mb-10` with `mb
-10┬╖text-3xl┬╖font-bold
┬╖md:text-4xl`  
prettier/prettier

./app/product-schema.js
2:3  Error: Delete 
`┬╖┬╖`  
prettier/prettier
3:1  Error: Replace `┬╖┬
╖┬╖┬╖┬╖┬╖┬╖┬╖"@context":
┬╖"https://schema.org/"`
 with `┬╖┬╖┬╖┬╖'@context
':┬╖'https://schema.org/
'`  prettier/prettier
4:5  Error: Replace `┬╖┬
╖┬╖┬╖"@type":┬╖"Software
Application"` with `'@ty
pe':┬╖'SoftwareApplicati
on'`  prettier/prettier
5:1  Error: Replace `┬╖┬
╖┬╖┬╖┬╖┬╖┬╖┬╖"name":┬╖"L
abFlow"` with `┬╖┬╖┬╖┬╖n
ame:┬╖'LabFlow'`  
prettier/prettier
6:1  Error: Replace `┬╖┬
╖┬╖┬╖┬╖┬╖┬╖┬╖"applicatio
nCategory":┬╖"Engineerin
gApplication"` with `┬╖┬
╖┬╖┬╖applicationCategory
:┬╖'EngineeringApplicati
on'`  prettier/prettier
7:5  Error: Replace `┬╖┬
╖┬╖┬╖"operatingSystem":┬
╖"All"` with `operatingS
ystem:┬╖'All'`  
prettier/prettier
8:5  Error: Replace 
`┬╖┬╖┬╖┬╖"offers"` with 
`offers`  
prettier/prettier
9:1  Error: Replace `┬╖┬
╖┬╖┬╖┬╖┬╖┬╖┬╖┬╖┬╖┬╖┬╖"@t
ype":┬╖"Offer"` with `┬╖
┬╖┬╖┬╖┬╖┬╖'@type':┬╖'Off
er'`  prettier/prettier
10:7  Error: Replace `┬╖
┬╖┬╖┬╖┬╖┬╖"price":┬╖"Con
tact┬╖for┬╖pricing"` 
with `price:┬╖'Contact┬╖
for┬╖pricing'`  
prettier/prettier
11:1  Error: Replace `┬╖
┬╖┬╖┬╖┬╖┬╖┬╖┬╖┬╖┬╖┬╖┬╖"p
riceCurrency":┬╖"USD"` 
with `┬╖┬╖┬╖┬╖┬╖┬╖priceC
urrency:┬╖'USD',`  
prettier/prettier
12:1  Error: Delete 
`┬╖┬╖┬╖┬╖`  
prettier/prettier
13:5  Error: Replace `┬╖
┬╖┬╖┬╖"description":┬╖"A
I-Assisted┬╖Lab┬╖Enginee
r┬╖for┬╖laboratory┬╖work
flow┬╖automation.┬╖LabFl
ow┬╖unifies┬╖instrumenta
tion┬╖control,┬╖Python/L
abVIEW┬╖scripting,┬╖and┬
╖high-resolution┬╖dashbo
ards┬╖into┬╖a┬╖single┬╖d
esktop┬╖experience."` 
with `description:ΓÉìΓÅÄ
┬╖┬╖┬╖┬╖┬╖┬╖'AI-Assisted
┬╖Lab┬╖Engineer┬╖for┬╖la
boratory┬╖workflow┬╖auto
mation.┬╖LabFlow┬╖unifie
s┬╖instrumentation┬╖cont
rol,┬╖Python/LabVIEW┬╖sc
ripting,┬╖and┬╖high-reso
lution┬╖dashboards┬╖into
┬╖a┬╖single┬╖desktop┬╖ex
perience.'`  
prettier/prettier
14:5  Error: Replace `┬╖
┬╖┬╖┬╖"aggregateRating"`
 with `aggregateRating` 
 prettier/prettier
15:7  Error: Replace `┬╖
┬╖┬╖┬╖┬╖┬╖"@type":┬╖"Agg
regateRating"` with `'@t
ype':┬╖'AggregateRating'
`  prettier/prettier
16:1  Error: Replace `┬╖
┬╖┬╖┬╖┬╖┬╖┬╖┬╖┬╖┬╖┬╖┬╖"r
atingValue":┬╖"4.8"` 
with `┬╖┬╖┬╖┬╖┬╖┬╖rating
Value:┬╖'4.8'`  
prettier/prettier
17:7  Error: Replace `┬╖
┬╖┬╖┬╖┬╖┬╖"ratingCount":
┬╖"24"` with 
`ratingCount:┬╖'24',`  
prettier/prettier
18:1  Error: Replace 
`┬╖┬╖┬╖┬╖┬╖┬╖┬╖┬╖` with 
`┬╖┬╖┬╖┬╖`  
prettier/prettier
19:1  Error: Replace `┬╖
┬╖┬╖┬╖┬╖┬╖┬╖┬╖"featureLi
st":┬╖"Unified┬╖control┬
╖interface,┬╖Real-time┬╖
data┬╖acquisition,┬╖AI-p
owered┬╖experiment┬╖opti
mization,┬╖Native┬╖Pytho
n┬╖and┬╖LabVIEW┬╖integra
tion"` with `┬╖┬╖┬╖┬╖fea
tureList:ΓÉìΓÅÄ┬╖┬╖┬╖┬╖┬
╖┬╖'Unified┬╖control┬╖in
terface,┬╖Real-time┬╖dat
a┬╖acquisition,┬╖AI-powe
red┬╖experiment┬╖optimiz
ation,┬╖Native┬╖Python┬╖
and┬╖LabVIEW┬╖integratio
n',`  prettier/prettier
20:1  Error: Replace 
`┬╖┬╖┬╖┬╖` with `┬╖┬╖`  
prettier/prettier
21:1  Error: Replace 
`┬╖┬╖┬╖┬╖` with `┬╖┬╖`  
prettier/prettier
22:1  Error: Replace `┬╖
┬╖┬╖┬╖┬╖┬╖┬╖┬╖"@context"
:┬╖"https://schema.org/"
` with `┬╖┬╖┬╖┬╖'@contex
t':┬╖'https://schema.org
/'`  prettier/prettier
23:5  Error: Replace `┬╖
┬╖┬╖┬╖"@type":┬╖"Softwar
eApplication"` with `'@t
ype':┬╖'SoftwareApplicat
ion'`  prettier/prettier
24:5  Error: Replace `┬╖
┬╖┬╖┬╖"name":┬╖"OpticFlo
w"` with 
`name:┬╖'OpticFlow'`  
prettier/prettier
25:5  Error: Replace `┬╖
┬╖┬╖┬╖"applicationCatego
ry":┬╖"CADApplication"` 
with `applicationCategor
y:┬╖'CADApplication'`  
prettier/prettier
26:1  Error: Replace `┬╖
┬╖┬╖┬╖┬╖┬╖┬╖┬╖"operating
System":┬╖"All"` with `┬
╖┬╖┬╖┬╖operatingSystem:┬
╖'All'`  
prettier/prettier
27:1  Error: Replace `┬╖
┬╖┬╖┬╖┬╖┬╖┬╖┬╖"offers"` 
with `┬╖┬╖┬╖┬╖offers`  
prettier/prettier
28:7  Error: Replace `┬╖
┬╖┬╖┬╖┬╖┬╖"@type":┬╖"Off
er"` with 
`'@type':┬╖'Offer'`  
prettier/prettier
29:1  Error: Replace `┬╖
┬╖┬╖┬╖┬╖┬╖┬╖┬╖┬╖┬╖┬╖┬╖"p
rice":┬╖"Contact┬╖for┬╖p
ricing"` with `┬╖┬╖┬╖┬╖┬
╖┬╖price:┬╖'Contact┬╖for
┬╖pricing'`  
prettier/prettier
30:1  Error: Replace `┬╖
┬╖┬╖┬╖┬╖┬╖┬╖┬╖┬╖┬╖┬╖┬╖"p
riceCurrency":┬╖"USD"` 
with `┬╖┬╖┬╖┬╖┬╖┬╖priceC
urrency:┬╖'USD',`  
prettier/prettier
31:1  Error: Replace 
`┬╖┬╖┬╖┬╖┬╖┬╖┬╖┬╖` with 
`┬╖┬╖┬╖┬╖`  
prettier/prettier
32:5  Error: Replace `┬╖
┬╖┬╖┬╖"description":┬╖"A
ccelerated┬╖Optical┬╖Sys
tem┬╖Design┬╖platform.┬╖
OpticFlow┬╖automates┬╖op
tomechanical┬╖workflows,
┬╖eliminating┬╖weeks┬╖of
┬╖back-and-forth┬╖betwee
n┬╖optical┬╖and┬╖mechani
cal┬╖design."` with `des
cription:ΓÉìΓÅÄ┬╖┬╖┬╖┬╖┬
╖┬╖'Accelerated┬╖Optical
┬╖System┬╖Design┬╖platfo
rm.┬╖OpticFlow┬╖automate
s┬╖optomechanical┬╖workf
lows,┬╖eliminating┬╖week
s┬╖of┬╖back-and-forth┬╖b
etween┬╖optical┬╖and┬╖me
chanical┬╖design.'`  
prettier/prettier
33:5  Error: Replace `┬╖
┬╖┬╖┬╖"aggregateRating"`
 with `aggregateRating` 
 prettier/prettier
34:7  Error: Replace `┬╖
┬╖┬╖┬╖┬╖┬╖"@type":┬╖"Agg
regateRating"` with `'@t
ype':┬╖'AggregateRating'
`  prettier/prettier
35:1  Error: Replace `┬╖
┬╖┬╖┬╖┬╖┬╖┬╖┬╖┬╖┬╖┬╖┬╖"r
atingValue":┬╖"4.9"` 
with `┬╖┬╖┬╖┬╖┬╖┬╖rating
Value:┬╖'4.9'`  
prettier/prettier
36:1  Error: Replace `┬╖
┬╖┬╖┬╖┬╖┬╖┬╖┬╖┬╖┬╖┬╖┬╖"r
atingCount":┬╖"31"` 
with `┬╖┬╖┬╖┬╖┬╖┬╖rating
Count:┬╖'31',`  
prettier/prettier
37:1  Error: Delete 
`┬╖┬╖┬╖┬╖`  
prettier/prettier
38:5  Error: Replace `┬╖
┬╖┬╖┬╖"featureList":┬╖"D
rag┬╖&┬╖Drop┬╖optical┬╖c
omponent┬╖placement,┬╖Au
to-generated┬╖3D┬╖mechan
ical┬╖structures,┬╖Real-
time┬╖updates┬╖to┬╖CAD┬╖
models,┬╖Direct┬╖export┬
╖to┬╖Zemax┬╖OpticStudio"
` with `featureList:ΓÉìΓ
ÅÄ┬╖┬╖┬╖┬╖┬╖┬╖'Drag┬╖&┬╖
Drop┬╖optical┬╖component
┬╖placement,┬╖Auto-gener
ated┬╖3D┬╖mechanical┬╖st
ructures,┬╖Real-time┬╖up
dates┬╖to┬╖CAD┬╖models,┬
╖Direct┬╖export┬╖to┬╖Zem
ax┬╖OpticStudio',`  
prettier/prettier
39:1  Error: Delete 
`┬╖┬╖`  
prettier/prettier
40:1  Error: Replace 
`┬╖┬╖┬╖┬╖` with `┬╖┬╖`  
prettier/prettier
41:5  Error: Replace `┬╖
┬╖┬╖┬╖"@context":┬╖"http
s://schema.org/"` with `
'@context':┬╖'https://sc
hema.org/'`  
prettier/prettier
42:1  Error: Replace `┬╖
┬╖┬╖┬╖┬╖┬╖┬╖┬╖"@type":┬╖
"SoftwareApplication"` 
with `┬╖┬╖┬╖┬╖'@type':┬╖
'SoftwareApplication'`  
prettier/prettier
43:5  Error: Replace `┬╖
┬╖┬╖┬╖"name":┬╖"Sfera"` 
with `name:┬╖'Sfera'`  
prettier/prettier
44:5  Error: Replace `┬╖
┬╖┬╖┬╖"applicationCatego
ry":┬╖"EngineeringApplic
ation"` with `applicatio
nCategory:┬╖'Engineering
Application'`  
prettier/prettier
45:1  Error: Replace `┬╖
┬╖┬╖┬╖┬╖┬╖┬╖┬╖"operating
System":┬╖"All"` with `┬
╖┬╖┬╖┬╖operatingSystem:┬
╖'All'`  
prettier/prettier
46:1  Error: Replace `┬╖
┬╖┬╖┬╖┬╖┬╖┬╖┬╖"offers"` 
with `┬╖┬╖┬╖┬╖offers`  
prettier/prettier
47:7  Error: Replace `┬╖
┬╖┬╖┬╖┬╖┬╖"@type":┬╖"Off
er"` with 
`'@type':┬╖'Offer'`  
prettier/prettier
48:1  Error: Replace `┬╖
┬╖┬╖┬╖┬╖┬╖┬╖┬╖┬╖┬╖┬╖┬╖"p
rice":┬╖"Contact┬╖for┬╖p
ricing"` with `┬╖┬╖┬╖┬╖┬
╖┬╖price:┬╖'Contact┬╖for
┬╖pricing'`  
prettier/prettier
49:7  Error: Replace `┬╖
┬╖┬╖┬╖┬╖┬╖"priceCurrency
":┬╖"USD"` with `priceCu
rrency:┬╖'USD',`  
prettier/prettier
50:1  Error: Replace 
`┬╖┬╖┬╖┬╖┬╖┬╖┬╖┬╖` with 
`┬╖┬╖┬╖┬╖`  
prettier/prettier
51:1  Error: Replace `┬╖
┬╖┬╖┬╖┬╖┬╖┬╖┬╖"descripti
on":┬╖"Parametric┬╖Model
s┬╖Optimizer┬╖for┬╖BSIM4
┬╖and┬╖semiconductor┬╖de
sign.┬╖Sfera┬╖uses┬╖adva
nced┬╖Bayesian┬╖optimiza
tion┬╖and┬╖evolutionary┬
╖algorithms┬╖to┬╖dramati
cally┬╖accelerate┬╖model
┬╖fitting┬╖for┬╖CMOS┬╖pr
ocesses."` with `┬╖┬╖┬╖┬
╖description:ΓÉìΓÅÄ┬╖┬╖┬
╖┬╖┬╖┬╖'Parametric┬╖Mode
ls┬╖Optimizer┬╖for┬╖BSIM
4┬╖and┬╖semiconductor┬╖d
esign.┬╖Sfera┬╖uses┬╖adv
anced┬╖Bayesian┬╖optimiz
ation┬╖and┬╖evolutionary
┬╖algorithms┬╖to┬╖dramat
ically┬╖accelerate┬╖mode
l┬╖fitting┬╖for┬╖CMOS┬╖p
rocesses.'`  
prettier/prettier
52:1  Error: Replace `┬╖
┬╖┬╖┬╖┬╖┬╖┬╖┬╖"aggregate
Rating"` with `┬╖┬╖┬╖┬╖a
ggregateRating`  
prettier/prettier
53:1  Error: Replace `┬╖
┬╖┬╖┬╖┬╖┬╖┬╖┬╖┬╖┬╖┬╖┬╖"@
type":┬╖"AggregateRating
"` with `┬╖┬╖┬╖┬╖┬╖┬╖'@t
ype':┬╖'AggregateRating'
`  prettier/prettier
54:7  Error: Replace `┬╖
┬╖┬╖┬╖┬╖┬╖"ratingValue":
┬╖"4.7"` with 
`ratingValue:┬╖'4.7'`  
prettier/prettier
55:7  Error: Replace `┬╖
┬╖┬╖┬╖┬╖┬╖"ratingCount":
┬╖"19"` with 
`ratingCount:┬╖'19',`  
prettier/prettier
56:5  Error: Delete 
`┬╖┬╖┬╖┬╖`  
prettier/prettier
57:1  Error: Replace `┬╖
┬╖┬╖┬╖┬╖┬╖┬╖┬╖"featureLi
st":┬╖"Automated┬╖model┬
╖extraction,┬╖Parallel┬╖
multi-corner┬╖optimizati
on,┬╖Statistical┬╖valida
tion,┬╖Direct┬╖SPICE┬╖mo
del┬╖generation"` with `
┬╖┬╖┬╖┬╖featureList:ΓÉìΓ
ÅÄ┬╖┬╖┬╖┬╖┬╖┬╖'Automated
┬╖model┬╖extraction,┬╖Pa
rallel┬╖multi-corner┬╖op
timization,┬╖Statistical
┬╖validation,┬╖Direct┬╖S
PICE┬╖model┬╖generation'
,`  prettier/prettier
58:1  Error: Replace 
`┬╖┬╖┬╖┬╖}` with 
`┬╖┬╖},`  
prettier/prettier
59:2  Error: Replace 
`;┬╖` with `ΓÉìΓÅÄ`  
prettier/prettier

./app/reddit-monitor/pag
e.jsx
9:3  Error: Delete 
`┬╖┬╖`  
prettier/prettier
10:1  Error: Delete 
`┬╖┬╖┬╖┬╖`  
prettier/prettier
11:3  Error: Delete 
`┬╖┬╖`  
prettier/prettier
15:1  Error: Delete 
`┬╖┬╖`  
prettier/prettier
16:1  Error: Replace 
`┬╖┬╖┬╖┬╖┬╖┬╖┬╖┬╖` with 
`┬╖┬╖┬╖┬╖`  
prettier/prettier
17:1  Error: Delete 
`┬╖┬╖`  
prettier/prettier
21:3  Error: Delete 
`┬╖┬╖`  
prettier/prettier
22:1  Error: Replace 
`┬╖┬╖┬╖┬╖┬╖┬╖┬╖┬╖` with 
`┬╖┬╖┬╖┬╖`  
prettier/prettier
23:5  Error: Replace `┬╖
┬╖┬╖┬╖<text┬╖x="12"┬╖y="
16.5"┬╖textAnchor="middl
e"┬╖fontSize="12"┬╖fontW
eight="bold"┬╖fill="curr
entColor"┬╖fontFamily="s
erif">L` with `<text┬╖x=
"12"┬╖y="16.5"┬╖textAnch
or="middle"┬╖fontSize="1
2"┬╖fontWeight="bold"┬╖f
ill="currentColor"┬╖font
Family="serif">ΓÉìΓÅÄ┬╖┬
╖┬╖┬╖┬╖┬╖LΓÉìΓÅÄ┬╖┬╖┬╖┬╖
`  prettier/prettier
24:1  Error: Delete 
`┬╖┬╖`  
prettier/prettier
32:3  Error: Replace `┬╖
┬╖bg:┬╖'#F3EDE3',┬╖bgAlt
:┬╖'#EBE4D8',┬╖text:┬╖'#
191612',` with `bg:┬╖'#F
3EDE3',ΓÉìΓÅÄ┬╖┬╖bgAlt:┬
╖'#EBE4D8',ΓÉìΓÅÄ┬╖┬╖tex
t:┬╖'#191612',ΓÉìΓÅÄ┬╖` 
 prettier/prettier
33:3  Error: Replace `┬╖
┬╖textMuted:┬╖'rgba(25,2
2,18,0.28)',┬╖line:┬╖'#D
9D2C5',` with `textMuted
:┬╖'rgba(25,22,18,0.28)'
,ΓÉìΓÅÄ┬╖┬╖line:┬╖'#D9D2
C5',ΓÉìΓÅÄ┬╖`  
prettier/prettier
34:3  Error: Replace `┬╖
┬╖accent:┬╖'#C9783A',` 
with `accent:┬╖'#C9783A'
,ΓÉìΓÅÄ┬╖`  
prettier/prettier
35:3  Error: Replace `┬╖
┬╖videoPosterA:┬╖'#19161
2',┬╖videoPosterB:┬╖'#2A
241C',` with `videoPoste
rA:┬╖'#191612',ΓÉìΓÅÄ┬╖┬
╖videoPosterB:┬╖'#2A241C
',ΓÉìΓÅÄ┬╖`  
prettier/prettier
36:1  Error: Replace `┬╖
┬╖┬╖┬╖videoTextMuted:┬╖'
rgba(255,255,255,0.3)',`
 with `┬╖┬╖videoTextMute
d:┬╖'rgba(255,255,255,0.
3)',ΓÉìΓÅÄ┬╖`  
prettier/prettier
41:3  Error: Delete 
`┬╖┬╖`  
prettier/prettier
42:1  Error: Delete 
`┬╖┬╖`  
prettier/prettier
43:1  Error: Replace 
`┬╖┬╖┬╖┬╖` with `┬╖┬╖`  
prettier/prettier
44:1  Error: Delete 
`┬╖┬╖┬╖┬╖`  
prettier/prettier
45:1  Error: Replace 
`┬╖┬╖┬╖┬╖┬╖┬╖┬╖┬╖` with 
`┬╖┬╖┬╖┬╖`  
prettier/prettier
46:1  Error: Replace `┬╖
┬╖┬╖┬╖┬╖┬╖┬╖┬╖const┬╖obs
┬╖=┬╖new┬╖IntersectionOb
server(([e])┬╖=>┬╖{┬╖if┬
╖(e.isIntersecting)┬╖set
V(true)┬╖},┬╖{┬╖threshol
d:┬╖0.1┬╖})` with `┬╖┬╖┬
╖┬╖const┬╖obs┬╖=┬╖new┬╖I
ntersectionObserver(ΓÉìΓ
ÅÄ┬╖┬╖┬╖┬╖┬╖┬╖([e])┬╖=>┬
╖{ΓÉìΓÅÄ┬╖┬╖┬╖┬╖┬╖┬╖┬╖┬╖
if┬╖(e.isIntersecting)┬╖
setV(true)ΓÉìΓÅÄ┬╖┬╖┬╖┬╖
┬╖┬╖},ΓÉìΓÅÄ┬╖┬╖┬╖┬╖┬╖┬╖
{┬╖threshold:┬╖0.1┬╖},` 
 prettier/prettier
47:5  Error: Insert 
`)ΓÉìΓÅÄ`  
prettier/prettier
48:1  Error: Replace 
`┬╖┬╖┬╖┬╖┬╖┬╖┬╖┬╖` with 
`┬╖┬╖┬╖┬╖`  
prettier/prettier
49:3  Error: Delete 
`┬╖┬╖`  
prettier/prettier
50:1  Error: Replace 
`┬╖┬╖┬╖┬╖` with `┬╖┬╖`  
prettier/prettier
55:1  Error: Delete 
`┬╖┬╖`  
prettier/prettier
59:1  Error: Replace 
`┬╖┬╖┬╖┬╖` with `┬╖┬╖`  
prettier/prettier
60:3  Error: Delete 
`┬╖┬╖`  
prettier/prettier
61:1  Error: Replace 
`┬╖┬╖┬╖┬╖` with `┬╖┬╖`  
prettier/prettier
62:1  Error: Delete 
`┬╖┬╖`  
prettier/prettier
63:3  Error: Delete 
`┬╖┬╖`  
prettier/prettier
64:1  Error: Delete 
`┬╖┬╖`  
prettier/prettier
65:3  Error: Delete 
`┬╖┬╖`  
prettier/prettier
66:1  Error: Delete 
`┬╖┬╖`  
prettier/prettier
68:3  Error: Delete 
`┬╖┬╖`  
prettier/prettier
70:3  Error: Delete 
`┬╖┬╖`  
prettier/prettier
71:1  Error: Replace 
`┬╖┬╖┬╖┬╖┬╖┬╖┬╖┬╖` with 
`┬╖┬╖┬╖┬╖`  
prettier/prettier
72:5  Error: Delete 
`┬╖┬╖┬╖┬╖`  
prettier/prettier
73:1  Error: Replace 
`┬╖┬╖┬╖┬╖┬╖┬╖┬╖┬╖` with 
`┬╖┬╖┬╖┬╖`  
prettier/prettier
74:3  Error: Delete 
`┬╖┬╖`  
prettier/prettier
76:1  Error: Delete 
`┬╖┬╖`  
prettier/prettier
77:1  Error: Replace 
`┬╖┬╖┬╖┬╖┬╖┬╖┬╖┬╖` with 
`┬╖┬╖┬╖┬╖`  
prettier/prettier
78:1  Error: Replace 
`┬╖┬╖┬╖┬╖┬╖┬╖┬╖┬╖` with 
`┬╖┬╖┬╖┬╖`  
prettier/prettier
79:1  Error: Replace `┬╖
┬╖┬╖┬╖┬╖┬╖┬╖┬╖try┬╖{┬╖aw
ait┬╖fetch('/api/early-a
ccess',┬╖{┬╖method:┬╖'PO
ST',┬╖headers:┬╖{┬╖'Cont
ent-Type':┬╖'application
/json'┬╖},┬╖body:┬╖JSON.
stringify({┬╖email,┬╖sou
rce:┬╖'reddit-monitor'┬╖
})┬╖})┬╖}┬╖catch┬╖{┬╖` 
with `┬╖┬╖┬╖┬╖try┬╖{ΓÉìΓ
ÅÄ┬╖┬╖┬╖┬╖┬╖┬╖await┬╖fet
ch('/api/early-access',┬
╖{ΓÉìΓÅÄ┬╖┬╖┬╖┬╖┬╖┬╖┬╖┬╖
method:┬╖'POST',ΓÉìΓÅÄ┬╖
┬╖┬╖┬╖┬╖┬╖┬╖┬╖headers:┬╖
{┬╖'Content-Type':┬╖'app
lication/json'┬╖},ΓÉìΓÅÄ
┬╖┬╖┬╖┬╖┬╖┬╖┬╖┬╖body:┬╖J
SON.stringify({┬╖email,┬
╖source:┬╖'reddit-monito
r'┬╖}),ΓÉìΓÅÄ┬╖┬╖┬╖┬╖┬╖┬
╖})ΓÉìΓÅÄ┬╖┬╖┬╖┬╖}┬╖catc
h┬╖{`  prettier/prettier
79:184  Error: Empty 
block statement.  
no-empty
80:1  Error: Replace `┬╖
┬╖┬╖┬╖┬╖┬╖┬╖┬╖setSubmitt
ed(true);┬╖setEmail('');
` with `┬╖┬╖┬╖┬╖setSubmi
tted(true)ΓÉìΓÅÄ┬╖┬╖┬╖┬╖
setEmail('')ΓÉìΓÅÄ┬╖┬╖┬╖
`  prettier/prettier
81:1  Error: Replace 
`┬╖┬╖┬╖┬╖┬╖┬╖┬╖┬╖` with 
`┬╖┬╖┬╖┬╖`  
prettier/prettier
82:3  Error: Delete 
`┬╖┬╖`  
prettier/prettier
84:1  Error: Delete 
`┬╖┬╖`  
prettier/prettier
85:1  Error: Replace 
`┬╖┬╖┬╖┬╖┬╖┬╖┬╖┬╖` with 
`┬╖┬╖┬╖┬╖`  
prettier/prettier
86:1  Error: Replace `┬╖
┬╖┬╖┬╖┬╖┬╖┬╖┬╖┬╖┬╖┬╖┬╖` 
with `┬╖┬╖┬╖┬╖┬╖┬╖`  
prettier/prettier
88:11  Error: Replace `b
ackground:┬╖var(--rm-bg)
;` with `transition:ΓÉìΓ
ÅÄ┬╖┬╖┬╖┬╖┬╖┬╖┬╖┬╖┬╖┬╖┬╖
┬╖background┬╖0.5s┬╖ease
,`  prettier/prettier
89:1  Error: Replace `┬╖
┬╖┬╖┬╖┬╖┬╖┬╖┬╖┬╖┬╖color:
┬╖var(--rm-text)` with `
┬╖┬╖┬╖┬╖┬╖┬╖┬╖┬╖┬╖┬╖┬╖┬╖
color┬╖0.5s┬╖ease`  
prettier/prettier
90:11  Error: Replace 
`font-family:┬╖inherit` 
with `background:┬╖var(-
-rm-bg)`  
prettier/prettier
92:11  Error: Replace `t
ransition:┬╖background┬╖
0.5s┬╖ease,┬╖color┬╖0.5s
┬╖ease` with `color:┬╖va
r(--rm-text);ΓÉìΓÅÄ┬╖┬╖┬
╖┬╖┬╖┬╖┬╖┬╖┬╖┬╖font-fami
ly:┬╖inherit`  
prettier/prettier
95:11  Error: Insert `co
lor:┬╖var(--rm-text-mute
d);ΓÉìΓÅÄ┬╖┬╖┬╖┬╖┬╖┬╖┬╖┬
╖┬╖┬╖`  
prettier/prettier
98:9  Error: Delete `┬╖┬
╖color:┬╖var(--rm-text-m
uted);ΓÉìΓÅÄ┬╖┬╖┬╖┬╖┬╖┬╖
┬╖┬╖`  prettier/prettier
100:20  Error: Replace `
┬╖.rm-page┬╖button┬╖{┬╖c
olor:┬╖inherit;` with `Γ
ÉìΓÅÄ┬╖┬╖┬╖┬╖┬╖┬╖┬╖┬╖.rm
-page┬╖button┬╖{ΓÉìΓÅÄ┬╖
┬╖┬╖┬╖┬╖┬╖┬╖┬╖┬╖┬╖color:
┬╖inherit;ΓÉìΓÅÄ┬╖┬╖┬╖┬╖
┬╖┬╖┬╖`  
prettier/prettier
101:31  Error: Replace `
┬╖background:┬╖var(--rm-
selection);` with `ΓÉìΓÅ
Ä┬╖┬╖┬╖┬╖┬╖┬╖┬╖┬╖┬╖┬╖bac
kground:┬╖var(--rm-selec
tion);ΓÉìΓÅÄ┬╖┬╖┬╖┬╖┬╖┬╖
┬╖`  prettier/prettier
105:11  Error: Replace 
`aspect-ratio:┬╖16/9` 
with `transition:┬╖trans
form┬╖0.3s┬╖ease`  
prettier/prettier
106:11  Error: Replace 
`border-radius:┬╖12px` 
with `cursor:┬╖pointer` 
 prettier/prettier
107:11  Error: Replace 
`overflow:┬╖hidden` 
with 
`border-radius:┬╖12px`  
prettier/prettier
108:11  Error: Replace 
`cursor:┬╖pointer` with 
`aspect-ratio:┬╖16/9`  
prettier/prettier
109:11  Error: Replace `
transition:┬╖transform┬╖
0.3s┬╖ease` with 
`overflow:┬╖hidden`  
prettier/prettier
111:33  Error: Replace `
┬╖transform:┬╖scale(1.00
5);` with `ΓÉìΓÅÄ┬╖┬╖┬╖┬
╖┬╖┬╖┬╖┬╖┬╖┬╖transform:┬
╖scale(1.005);ΓÉìΓÅÄ┬╖┬╖
┬╖┬╖┬╖┬╖┬╖`  
prettier/prettier
113:11  Error: Replace `
position:┬╖absolute;┬╖in
set:┬╖0` with `display:┬
╖flex;ΓÉìΓÅÄ┬╖┬╖┬╖┬╖┬╖┬╖
┬╖┬╖┬╖┬╖position:┬╖absol
ute;ΓÉìΓÅÄ┬╖┬╖┬╖┬╖┬╖┬╖┬╖
┬╖┬╖┬╖justify-content:┬╖
center`  
prettier/prettier
114:11  Error: Replace `
display:┬╖flex;┬╖align-i
tems:┬╖center;┬╖justify-
content:┬╖center;┬╖z-ind
ex:┬╖2` with `align-item
s:┬╖center;ΓÉìΓÅÄ┬╖┬╖┬╖┬
╖┬╖┬╖┬╖┬╖┬╖┬╖z-index:┬╖2
;ΓÉìΓÅÄ┬╖┬╖┬╖┬╖┬╖┬╖┬╖┬╖┬
╖┬╖inset:┬╖0`  
prettier/prettier
117:11  Error: Replace `
width:┬╖72px;┬╖height:┬╖
72px;` with `display:┬╖f
lex;ΓÉìΓÅÄ┬╖┬╖┬╖┬╖┬╖┬╖┬╖
┬╖┬╖┬╖justify-content:┬╖
center;ΓÉìΓÅÄ┬╖┬╖┬╖┬╖┬╖┬
╖┬╖┬╖┬╖┬╖align-items:┬╖c
enter;ΓÉìΓÅÄ┬╖┬╖┬╖┬╖┬╖┬╖
┬╖┬╖┬╖┬╖transition:┬╖tra
nsform┬╖0.2s┬╖ease;ΓÉìΓÅ
Ä┬╖┬╖┬╖┬╖┬╖┬╖┬╖┬╖┬╖`  
prettier/prettier
119:11  Error: Replace `
display:┬╖flex;┬╖align-i
tems:┬╖center;┬╖justify-
content:┬╖center;` with 
`width:┬╖72px;`  
prettier/prettier
120:11  Error: Replace `
transition:┬╖transform┬╖
0.2s┬╖ease` with 
`height:┬╖72px`  
prettier/prettier
122:48  Error: Replace `
┬╖transform:┬╖scale(1.08
);` with `ΓÉìΓÅÄ┬╖┬╖┬╖┬╖
┬╖┬╖┬╖┬╖┬╖┬╖transform:┬╖
scale(1.08);ΓÉìΓÅÄ┬╖┬╖┬╖
┬╖┬╖┬╖┬╖`  
prettier/prettier
124:30  Error: Replace `
┬╖bottom:┬╖24px;┬╖left:┬
╖24px;` with `ΓÉìΓÅÄ┬╖┬╖
┬╖┬╖┬╖┬╖┬╖┬╖┬╖┬╖bottom:┬
╖24px;ΓÉìΓÅÄ┬╖┬╖┬╖┬╖┬╖┬╖
┬╖┬╖┬╖┬╖left:┬╖24px;ΓÉìΓ
ÅÄ┬╖┬╖┬╖┬╖┬╖┬╖┬╖┬╖┬╖`  
prettier/prettier
127:25  Error: Replace `
┬╖display:┬╖none┬╖!impor
tant;` with `ΓÉìΓÅÄ┬╖┬╖┬
╖┬╖┬╖┬╖┬╖┬╖┬╖┬╖display:┬
╖none┬╖!important;ΓÉìΓÅÄ
┬╖┬╖┬╖┬╖┬╖┬╖┬╖`  
prettier/prettier
130:7  Error: Replace `┬
╖┬╖┬╖┬╖┬╖┬╖<div┬╖classNa
me="rm-page"` with `<div
ΓÉìΓÅÄ┬╖┬╖┬╖┬╖┬╖┬╖┬╖┬╖cl
assName="rm-page"ΓÉìΓÅÄ┬
╖┬╖┬╖┬╖┬╖┬╖┬╖`  
prettier/prettier
131:1  Error: Replace `┬
╖┬╖┬╖┬╖┬╖┬╖┬╖┬╖┬╖┬╖┬╖┬╖┬
╖┬╖┬╖┬╖'--rm-bg':┬╖theme
.bg,┬╖'--rm-bg-alt':┬╖th
eme.bgAlt,` with `┬╖┬╖┬╖
┬╖┬╖┬╖┬╖┬╖┬╖┬╖'--rm-bg':
┬╖theme.bg,ΓÉìΓÅÄ┬╖┬╖┬╖┬
╖┬╖┬╖┬╖┬╖┬╖┬╖'--rm-bg-al
t':┬╖theme.bgAlt,ΓÉìΓÅÄ┬
╖┬╖┬╖┬╖┬╖┬╖┬╖┬╖┬╖`  
prettier/prettier
132:1  Error: Replace `┬
╖┬╖┬╖┬╖┬╖┬╖┬╖┬╖┬╖┬╖┬╖┬╖┬
╖┬╖┬╖┬╖'--rm-text-soft':
┬╖theme.textSoft,` with 
`┬╖┬╖┬╖┬╖┬╖┬╖┬╖┬╖┬╖┬╖'--
rm-text-soft':┬╖theme.te
xtSoft,ΓÉìΓÅÄ┬╖┬╖┬╖┬╖┬╖┬
╖┬╖┬╖┬╖`  
prettier/prettier
133:11  Error: Replace `
┬╖┬╖┬╖┬╖┬╖┬╖'--rm-line':
┬╖theme.line,┬╖'--rm-sur
face':┬╖theme.surface,` 
with `'--rm-line':┬╖them
e.line,ΓÉìΓÅÄ┬╖┬╖┬╖┬╖┬╖┬
╖┬╖┬╖┬╖┬╖'--rm-surface':
┬╖theme.surface,ΓÉìΓÅÄ┬╖
┬╖┬╖┬╖┬╖┬╖┬╖┬╖┬╖`  
prettier/prettier
134:1  Error: Replace `┬
╖┬╖┬╖┬╖┬╖┬╖┬╖┬╖┬╖┬╖┬╖┬╖┬
╖┬╖┬╖┬╖` with 
`┬╖┬╖┬╖┬╖┬╖┬╖┬╖┬╖┬╖┬╖`  
prettier/prettier
135:9  Error: Delete 
`┬╖┬╖┬╖┬╖`  
prettier/prettier
136:1  Error: Replace `Γ
ÉìΓÅÄ┬╖┬╖┬╖┬╖┬╖┬╖┬╖┬╖┬╖┬
╖┬╖┬╖┬╖┬╖┬╖┬╖` with 
`┬╖┬╖┬╖┬╖┬╖┬╖┬╖┬╖`  
prettier/prettier
138:1  Error: Delete 
`┬╖┬╖┬╖┬╖┬╖┬╖┬╖┬╖`  
prettier/prettier
139:11  Error: Replace `
┬╖┬╖┬╖┬╖┬╖┬╖┬╖┬╖┬╖┬╖<div
` with `<divΓÉìΓÅÄ┬╖┬╖┬╖
┬╖┬╖┬╖┬╖┬╖┬╖┬╖┬╖`  
prettier/prettier
140:13  Error: Delete `┬
╖┬╖┬╖┬╖┬╖┬╖┬╖┬╖┬╖┬╖┬╖┬╖`
  prettier/prettier
141:1  Error: Replace `┬
╖┬╖┬╖┬╖┬╖┬╖┬╖┬╖┬╖┬╖┬╖┬╖┬
╖┬╖┬╖┬╖┬╖┬╖┬╖┬╖┬╖┬╖┬╖┬╖<
nav┬╖className="max-w-[1
100px]┬╖mx-auto┬╖px-6┬╖f
lex┬╖items-center┬╖p` 
with `┬╖┬╖┬╖┬╖┬╖┬╖┬╖┬╖┬╖
┬╖┬╖┬╖<nav┬╖className="m
x-auto┬╖flex┬╖max-w-[110
0px]┬╖items-center┬╖px-6
┬╖p`  prettier/prettier
142:1  Error: Delete `┬╖
┬╖┬╖┬╖┬╖┬╖┬╖┬╖┬╖┬╖┬╖┬╖┬╖
┬╖`  prettier/prettier
143:1  Error: Replace `┬
╖┬╖┬╖┬╖┬╖┬╖┬╖┬╖┬╖┬╖┬╖┬╖┬
╖┬╖┬╖┬╖┬╖┬╖┬╖┬╖┬╖┬╖┬╖┬╖┬
╖┬╖┬╖┬╖┬╖┬╖┬╖┬╖` with `┬
╖┬╖┬╖┬╖┬╖┬╖┬╖┬╖┬╖┬╖┬╖┬╖┬
╖┬╖┬╖┬╖`  
prettier/prettier
144:1  Error: Replace `┬
╖┬╖┬╖┬╖┬╖┬╖┬╖┬╖┬╖┬╖┬╖┬╖┬
╖┬╖┬╖┬╖┬╖┬╖┬╖┬╖┬╖┬╖┬╖┬╖┬
╖┬╖┬╖┬╖` with `┬╖┬╖┬╖┬╖┬
╖┬╖┬╖┬╖┬╖┬╖┬╖┬╖┬╖┬╖`  
prettier/prettier
145:1  Error: Replace `┬
╖┬╖┬╖┬╖┬╖┬╖┬╖┬╖┬╖┬╖┬╖┬╖┬
╖┬╖┬╖┬╖┬╖┬╖┬╖┬╖┬╖┬╖┬╖┬╖┬
╖┬╖┬╖┬╖<div┬╖className="
hidden┬╖md:flex┬╖items-c
enter┬╖gap-6┬╖ml-auto` 
with `┬╖┬╖┬╖┬╖┬╖┬╖┬╖┬╖┬╖
┬╖┬╖┬╖┬╖┬╖<div┬╖classNam
e="ml-auto┬╖hidden┬╖item
s-center┬╖gap-6┬╖md:flex
`  prettier/prettier
146:1  Error: Replace `┬
╖┬╖┬╖┬╖┬╖┬╖┬╖┬╖┬╖┬╖┬╖┬╖┬
╖┬╖┬╖┬╖┬╖┬╖┬╖┬╖┬╖┬╖┬╖┬╖┬
╖┬╖┬╖┬╖┬╖┬╖┬╖┬╖<a┬╖href=
"#how-it-works"┬╖classNa
me="text-[13px]┬╖opacity
-50┬╖hover:opacity-100┬╖
transition-opacity">How┬
╖it┬╖works</a>` with `┬╖
┬╖┬╖┬╖┬╖┬╖┬╖┬╖┬╖┬╖┬╖┬╖┬╖
┬╖┬╖┬╖<a┬╖href="#how-it-
works"┬╖className="text-
[13px]┬╖opacity-50┬╖tran
sition-opacity┬╖hover:op
acity-100">ΓÉìΓÅÄ┬╖┬╖┬╖┬
╖┬╖┬╖┬╖┬╖┬╖┬╖┬╖┬╖┬╖┬╖┬╖┬
╖┬╖┬╖How┬╖it┬╖works`  
prettier/prettier
147:17  Error: Replace `
┬╖┬╖┬╖┬╖┬╖┬╖┬╖┬╖┬╖┬╖┬╖┬╖
┬╖┬╖┬╖┬╖<a┬╖href="#detai
ls"┬╖className="text-[13
px]┬╖opacity-50┬╖hover:o
pacity-100┬╖transition-o
pacity">Details</a>` 
with `</a>ΓÉìΓÅÄ┬╖┬╖┬╖┬╖
┬╖┬╖┬╖┬╖┬╖┬╖┬╖┬╖┬╖┬╖┬╖┬╖
<a┬╖href="#details"┬╖cla
ssName="text-[13px]┬╖opa
city-50┬╖transition-opac
ity┬╖hover:opacity-100">
ΓÉìΓÅÄ┬╖┬╖┬╖┬╖┬╖┬╖┬╖┬╖┬╖
┬╖┬╖┬╖┬╖┬╖┬╖┬╖┬╖┬╖Detail
s`  prettier/prettier
148:17  Error: Replace `
┬╖┬╖┬╖┬╖┬╖┬╖┬╖┬╖┬╖┬╖┬╖┬╖
┬╖┬╖┬╖┬╖<button` with `<
/a>ΓÉìΓÅÄ┬╖┬╖┬╖┬╖┬╖┬╖┬╖┬
╖┬╖┬╖┬╖┬╖┬╖┬╖┬╖┬╖<button
ΓÉìΓÅÄ┬╖┬╖┬╖┬╖┬╖┬╖┬╖┬╖┬╖
┬╖┬╖┬╖┬╖┬╖┬╖┬╖┬╖`  
prettier/prettier
149:1  Error: Replace `┬
╖┬╖┬╖┬╖┬╖┬╖┬╖┬╖┬╖┬╖┬╖┬╖┬
╖┬╖┬╖┬╖┬╖┬╖┬╖┬╖┬╖┬╖┬╖┬╖┬
╖┬╖┬╖┬╖┬╖┬╖┬╖┬╖┬╖┬╖┬╖┬╖c
lassName="text-[13px]┬╖f
ont-semibold┬╖px-5┬╖py-2
┬╖rounded-full┬╖` with `
┬╖┬╖┬╖┬╖┬╖┬╖┬╖┬╖┬╖┬╖┬╖┬╖
┬╖┬╖┬╖┬╖┬╖┬╖className="r
ounded-full┬╖px-5┬╖py-2┬
╖text-[13px]┬╖font-semib
old┬╖`  
prettier/prettier
150:1  Error: Replace `┬
╖┬╖┬╖┬╖┬╖┬╖┬╖┬╖┬╖┬╖┬╖┬╖┬
╖┬╖┬╖┬╖┬╖┬╖┬╖┬╖┬╖┬╖┬╖┬╖┬
╖┬╖┬╖┬╖┬╖┬╖┬╖┬╖┬╖┬╖┬╖┬╖`
 with `┬╖┬╖┬╖┬╖┬╖┬╖┬╖┬╖┬
╖┬╖┬╖┬╖┬╖┬╖┬╖┬╖┬╖┬╖`  
prettier/prettier
151:19  Error: Delete `┬
╖┬╖┬╖┬╖┬╖┬╖┬╖┬╖┬╖┬╖┬╖┬╖┬
╖┬╖┬╖┬╖┬╖┬╖`  
prettier/prettier
152:1  Error: Replace `┬
╖┬╖┬╖┬╖┬╖┬╖┬╖┬╖┬╖┬╖┬╖┬╖┬
╖┬╖┬╖┬╖┬╖┬╖┬╖┬╖┬╖┬╖┬╖┬╖┬
╖┬╖┬╖┬╖┬╖┬╖┬╖┬╖` with `┬
╖┬╖┬╖┬╖┬╖┬╖┬╖┬╖┬╖┬╖┬╖┬╖┬
╖┬╖┬╖┬╖`  
prettier/prettier
153:1  Error: Replace `┬
╖┬╖┬╖┬╖┬╖┬╖┬╖┬╖┬╖┬╖┬╖┬╖┬
╖┬╖┬╖┬╖┬╖┬╖┬╖┬╖┬╖┬╖┬╖┬╖┬
╖┬╖┬╖┬╖` with `┬╖┬╖┬╖┬╖┬
╖┬╖┬╖┬╖┬╖┬╖┬╖┬╖┬╖┬╖`  
prettier/prettier
154:1  Error: Replace `┬
╖┬╖┬╖┬╖┬╖┬╖┬╖┬╖┬╖┬╖┬╖┬╖┬
╖┬╖┬╖┬╖┬╖┬╖┬╖┬╖┬╖┬╖┬╖┬╖┬
╖┬╖┬╖┬╖<button┬╖classNam
e="md:hidden┬╖ml-auto` 
with `┬╖┬╖┬╖┬╖┬╖┬╖┬╖┬╖┬╖
┬╖┬╖┬╖┬╖┬╖<button┬╖class
Name="ml-auto┬╖md:hidden
`  prettier/prettier
155:1  Error: Replace `┬
╖┬╖┬╖┬╖┬╖┬╖┬╖┬╖┬╖┬╖┬╖┬╖┬
╖┬╖┬╖┬╖┬╖┬╖┬╖┬╖┬╖┬╖┬╖┬╖┬
╖┬╖┬╖┬╖┬╖┬╖┬╖┬╖{mobileMe
nu┬╖?┬╖<X┬╖className="w-
5┬╖h-5"┬╖/>┬╖:┬╖<Menu┬╖c
lassName="w-5┬╖h` with `
┬╖┬╖┬╖┬╖┬╖┬╖┬╖┬╖┬╖┬╖┬╖┬╖
┬╖┬╖┬╖┬╖{mobileMenu┬╖?┬╖
<X┬╖className="h-5┬╖w-5"
┬╖/>┬╖:┬╖<Menu┬╖classNam
e="h-5┬╖w`  
prettier/prettier
156:1  Error: Replace `┬
╖┬╖┬╖┬╖┬╖┬╖┬╖┬╖┬╖┬╖┬╖┬╖┬
╖┬╖┬╖┬╖┬╖┬╖┬╖┬╖┬╖┬╖┬╖┬╖┬
╖┬╖┬╖┬╖` with `┬╖┬╖┬╖┬╖┬
╖┬╖┬╖┬╖┬╖┬╖┬╖┬╖┬╖┬╖`  
prettier/prettier
157:1  Error: Replace `┬
╖┬╖┬╖┬╖┬╖┬╖┬╖┬╖┬╖┬╖┬╖┬╖┬
╖┬╖┬╖┬╖┬╖┬╖┬╖┬╖┬╖┬╖┬╖┬╖┬
╖┬╖┬╖┬╖` with `┬╖┬╖┬╖┬╖┬
╖┬╖┬╖┬╖┬╖┬╖┬╖┬╖┬╖┬╖`  
prettier/prettier
158:17  Error: Replace `
┬╖┬╖┬╖┬╖┬╖┬╖┬╖┬╖┬╖┬╖┬╖┬╖
┬╖┬╖┬╖┬╖<div┬╖className=
"absolute┬╖top-full┬╖lef
t-0┬╖right-0┬╖md:hidden┬
╖p-6┬╖space-y-3"` with `
<divΓÉìΓÅÄ┬╖┬╖┬╖┬╖┬╖┬╖┬╖
┬╖┬╖┬╖┬╖┬╖┬╖┬╖┬╖┬╖┬╖┬╖cl
assName="absolute┬╖left-
0┬╖right-0┬╖top-full┬╖sp
ace-y-3┬╖p-6┬╖md:hidden"
ΓÉìΓÅÄ┬╖┬╖┬╖┬╖┬╖┬╖┬╖┬╖┬╖
┬╖┬╖┬╖┬╖┬╖┬╖┬╖┬╖`  
prettier/prettier
159:19  Error: Replace `
┬╖┬╖┬╖┬╖┬╖┬╖┬╖┬╖┬╖┬╖┬╖┬╖
┬╖┬╖┬╖┬╖┬╖┬╖<a┬╖href="#h
ow-it-works"┬╖onClick={(
)┬╖=>┬╖setMobileMenu(fal
se)}┬╖className="block┬╖
text-sm">How┬╖it┬╖works<
/a>` with `<a┬╖href="#ho
w-it-works"┬╖onClick={()
┬╖=>┬╖setMobileMenu(fals
e)}┬╖className="block┬╖t
ext-sm">ΓÉìΓÅÄ┬╖┬╖┬╖┬╖┬╖
┬╖┬╖┬╖┬╖┬╖┬╖┬╖┬╖┬╖┬╖┬╖┬╖
┬╖┬╖┬╖How┬╖it┬╖works`  
prettier/prettier
160:19  Error: Replace `
┬╖┬╖┬╖┬╖┬╖┬╖┬╖┬╖┬╖┬╖┬╖┬╖
┬╖┬╖┬╖┬╖┬╖┬╖<a┬╖href="#d
etails"┬╖onClick={()┬╖=>
┬╖setMobileMenu(false)}┬
╖className="block┬╖text-
sm">Details</a>` with `<
/a>ΓÉìΓÅÄ┬╖┬╖┬╖┬╖┬╖┬╖┬╖┬
╖┬╖┬╖┬╖┬╖┬╖┬╖┬╖┬╖┬╖┬╖<a┬
╖href="#details"┬╖onClic
k={()┬╖=>┬╖setMobileMenu
(false)}┬╖className="blo
ck┬╖text-sm">ΓÉìΓÅÄ┬╖┬╖┬
╖┬╖┬╖┬╖┬╖┬╖┬╖┬╖┬╖┬╖┬╖┬╖┬
╖┬╖┬╖┬╖┬╖┬╖Details`  
prettier/prettier
161:19  Error: Replace `
┬╖┬╖┬╖┬╖┬╖┬╖┬╖┬╖┬╖┬╖┬╖┬╖
┬╖┬╖┬╖┬╖┬╖┬╖<button┬╖onC
lick={()┬╖=>┬╖{┬╖setMobi
leMenu(false);┬╖scrollTo
Cta()┬╖}}` with `</a>ΓÉì
ΓÅÄ┬╖┬╖┬╖┬╖┬╖┬╖┬╖┬╖┬╖┬╖┬
╖┬╖┬╖┬╖┬╖┬╖┬╖┬╖<buttonΓÉ
ìΓÅÄ┬╖┬╖┬╖┬╖┬╖┬╖┬╖┬╖┬╖┬╖
┬╖┬╖┬╖┬╖┬╖┬╖┬╖┬╖┬╖┬╖onCl
ick={()┬╖=>┬╖{ΓÉìΓÅÄ┬╖┬╖
┬╖┬╖┬╖┬╖┬╖┬╖┬╖┬╖┬╖┬╖┬╖┬╖
┬╖┬╖┬╖┬╖┬╖┬╖┬╖┬╖setMobil
eMenu(false)ΓÉìΓÅÄ┬╖┬╖┬╖
┬╖┬╖┬╖┬╖┬╖┬╖┬╖┬╖┬╖┬╖┬╖┬╖
┬╖┬╖┬╖┬╖┬╖┬╖┬╖scrollToCt
a()`  prettier/prettier
162:21  Error: Replace `
┬╖┬╖┬╖┬╖┬╖┬╖┬╖┬╖┬╖┬╖┬╖┬╖
┬╖┬╖┬╖┬╖┬╖┬╖┬╖┬╖classNam
e="w-full┬╖py-2.5┬╖font-
semibold┬╖rounded-full┬╖
text-sm` with `}}ΓÉìΓÅÄ┬
╖┬╖┬╖┬╖┬╖┬╖┬╖┬╖┬╖┬╖┬╖┬╖┬
╖┬╖┬╖┬╖┬╖┬╖┬╖┬╖className
="w-full┬╖rounded-full┬╖
py-2.5┬╖text-sm┬╖font-se
mibold`  
prettier/prettier
163:1  Error: Replace `┬
╖┬╖┬╖┬╖┬╖┬╖┬╖┬╖┬╖┬╖┬╖┬╖┬
╖┬╖┬╖┬╖┬╖┬╖┬╖┬╖┬╖┬╖┬╖┬╖┬
╖┬╖┬╖┬╖┬╖┬╖┬╖┬╖┬╖┬╖┬╖┬╖┬
╖┬╖┬╖┬╖style={{┬╖backgro
und:┬╖'var(--rm-accent)'
,┬╖color:┬╖'var(--rm-bg)
'┬╖}}>Get┬╖early┬╖access
</button>` with `┬╖┬╖┬╖┬
╖┬╖┬╖┬╖┬╖┬╖┬╖┬╖┬╖┬╖┬╖┬╖┬
╖┬╖┬╖┬╖┬╖style={{┬╖backg
round:┬╖'var(--rm-accent
)',┬╖color:┬╖'var(--rm-b
g)'┬╖}}>ΓÉìΓÅÄ┬╖┬╖┬╖┬╖┬╖
┬╖┬╖┬╖┬╖┬╖┬╖┬╖┬╖┬╖┬╖┬╖┬╖
┬╖┬╖┬╖Get┬╖early┬╖access
`  prettier/prettier
164:19  Error: Insert 
`</button>ΓÉìΓÅÄ┬╖┬╖`  
prettier/prettier
165:1  Error: Replace `┬
╖┬╖┬╖┬╖┬╖┬╖┬╖┬╖┬╖┬╖┬╖┬╖┬
╖┬╖┬╖┬╖┬╖┬╖┬╖┬╖┬╖┬╖┬╖┬╖┬
╖┬╖┬╖┬╖` with `┬╖┬╖┬╖┬╖┬
╖┬╖┬╖┬╖┬╖┬╖┬╖┬╖┬╖┬╖`  
prettier/prettier
166:1  Error: Replace `┬
╖┬╖┬╖┬╖┬╖┬╖┬╖┬╖┬╖┬╖┬╖┬╖┬
╖┬╖┬╖┬╖┬╖┬╖┬╖┬╖┬╖┬╖┬╖┬╖`
 with `┬╖┬╖┬╖┬╖┬╖┬╖┬╖┬╖┬
╖┬╖┬╖┬╖`  
prettier/prettier
167:1  Error: Replace `┬
╖┬╖┬╖┬╖┬╖┬╖┬╖┬╖┬╖┬╖┬╖┬╖┬
╖┬╖┬╖┬╖┬╖┬╖┬╖┬╖` with 
`┬╖┬╖┬╖┬╖┬╖┬╖┬╖┬╖┬╖┬╖`  
prettier/prettier
168:1  Error: Replace `┬
╖┬╖┬╖┬╖┬╖┬╖┬╖┬╖┬╖┬╖┬╖┬╖┬
╖┬╖┬╖┬╖` with 
`┬╖┬╖┬╖┬╖┬╖┬╖┬╖┬╖`  
prettier/prettier
170:1  Error: Replace `┬
╖┬╖┬╖┬╖┬╖┬╖┬╖┬╖┬╖┬╖┬╖┬╖┬
╖┬╖┬╖┬╖<main┬╖className=
"max-w-[1100px]┬╖mx-auto
┬╖` with `┬╖┬╖┬╖┬╖┬╖┬╖┬╖
┬╖<main┬╖className="mx-a
uto┬╖max-w-[1100px]┬╖`  
prettier/prettier
171:1  Error: Delete `ΓÉ
ìΓÅÄ┬╖┬╖┬╖┬╖┬╖┬╖┬╖┬╖┬╖┬╖
`  prettier/prettier
175:11  Error: Replace `
┬╖┬╖┬╖┬╖┬╖┬╖┬╖┬╖┬╖┬╖<sec
tion┬╖className="pt-[140
px]┬╖md:pt-[180px]┬╖pb-2
0┬╖md:pb-28` with `<sect
ion┬╖className="pb-20┬╖p
t-[140px]┬╖md:pb-28┬╖md:
pt-[180px]`  
prettier/prettier
176:1  Error: Replace `┬
╖┬╖┬╖┬╖┬╖┬╖┬╖┬╖┬╖┬╖┬╖┬╖┬
╖┬╖┬╖┬╖┬╖┬╖┬╖┬╖┬╖┬╖┬╖┬╖<
div┬╖className="grid┬╖lg
:grid-cols-[1fr,400px]┬╖
gap-12┬╖lg:gap-16┬╖items
-center` with `┬╖┬╖┬╖┬╖┬
╖┬╖┬╖┬╖┬╖┬╖┬╖┬╖<div┬╖cla
ssName="grid┬╖items-cent
er┬╖gap-12┬╖lg:grid-cols
-[1fr,400px]┬╖lg:gap-16`
  prettier/prettier
177:1  Error: Delete `┬╖
┬╖┬╖┬╖┬╖┬╖┬╖┬╖┬╖┬╖┬╖┬╖┬╖
┬╖`  prettier/prettier
178:1  Error: Replace `┬
╖┬╖┬╖┬╖┬╖┬╖┬╖┬╖┬╖┬╖┬╖┬╖┬
╖┬╖┬╖┬╖┬╖┬╖┬╖┬╖┬╖┬╖┬╖┬╖┬
╖┬╖┬╖┬╖` with `┬╖┬╖┬╖┬╖┬
╖┬╖┬╖┬╖┬╖┬╖┬╖┬╖┬╖┬╖`  
prettier/prettier
179:17  Error: Replace `
┬╖┬╖┬╖┬╖┬╖┬╖┬╖┬╖┬╖┬╖┬╖┬╖
┬╖┬╖┬╖┬╖<h1┬╖className={
`${space.className}┬╖tex
t-[2.2rem]┬╖sm:text-[2.8
rem]┬╖md:text-[3.5rem]┬╖
font-bold┬╖leading-[1.1]
┬╖tracking-[-0.025em]` 
with `<h1ΓÉìΓÅÄ┬╖┬╖┬╖┬╖┬
╖┬╖┬╖┬╖┬╖┬╖┬╖┬╖┬╖┬╖┬╖┬╖┬
╖┬╖className={`${space.c
lassName}┬╖text-[2.2rem]
┬╖font-bold┬╖leading-[1.
1]┬╖tracking-[-0.025em]┬
╖sm:text-[2.8rem]┬╖md:te
xt-[3.5rem]`  
prettier/prettier
180:1  Error: Delete `┬╖
┬╖┬╖┬╖┬╖┬╖┬╖┬╖┬╖┬╖┬╖┬╖┬╖
┬╖┬╖┬╖┬╖┬╖`  
prettier/prettier
181:17  Error: Delete `┬
╖┬╖┬╖┬╖┬╖┬╖┬╖┬╖┬╖┬╖┬╖┬╖┬
╖┬╖┬╖┬╖`  
prettier/prettier
183:1  Error: Replace `┬
╖┬╖┬╖┬╖┬╖┬╖┬╖┬╖┬╖┬╖┬╖┬╖┬
╖┬╖┬╖┬╖┬╖┬╖┬╖┬╖┬╖┬╖┬╖┬╖┬
╖┬╖┬╖┬╖┬╖┬╖┬╖┬╖<p┬╖class
Name="mt-8┬╖text-[17px]┬
╖leading-[1.65]┬╖opacity
-60┬╖max-w-[560px]` 
with `┬╖┬╖┬╖┬╖┬╖┬╖┬╖┬╖┬╖
┬╖┬╖┬╖┬╖┬╖┬╖┬╖<p┬╖classN
ame="mt-8┬╖max-w-[560px]
┬╖text-[17px]┬╖leading-[
1.65]┬╖opacity-60`  
prettier/prettier
184:1  Error: Replace `┬
╖┬╖┬╖┬╖┬╖┬╖┬╖┬╖┬╖┬╖┬╖┬╖┬
╖┬╖┬╖┬╖┬╖┬╖┬╖┬╖┬╖┬╖┬╖┬╖┬
╖┬╖┬╖┬╖┬╖┬╖┬╖┬╖┬╖┬╖┬╖┬╖Y
our┬╖future┬╖customers┬╖
are┬╖posting┬╖right┬╖now
┬╖ΓÇö┬╖asking┬╖questions
┬╖you┬╖can┬╖answer,ΓÉìΓÅ
Ä┬╖┬╖┬╖┬╖┬╖┬╖┬╖┬╖┬╖┬╖┬╖┬
╖┬╖┬╖┬╖┬╖┬╖┬╖┬╖┬╖┬╖┬╖┬╖┬
╖┬╖┬╖┬╖┬╖┬╖┬╖┬╖┬╖┬╖┬╖┬╖┬
╖complaining┬╖about┬╖com
petitors,┬╖looking┬╖for┬
╖exactly┬╖what┬╖you┬╖sel
l.ΓÉìΓÅÄ┬╖┬╖┬╖┬╖┬╖┬╖┬╖┬╖
┬╖┬╖┬╖┬╖┬╖┬╖┬╖┬╖┬╖┬╖┬╖┬╖
┬╖┬╖┬╖┬╖┬╖┬╖┬╖┬╖┬╖┬╖┬╖┬╖
┬╖┬╖┬╖┬╖This┬╖agent┬╖mon
itors┬╖those┬╖conversati
ons┬╖across┬╖platforms,┬
╖filters┬╖the┬╖noise┬╖wi
th┬╖AI,ΓÉìΓÅÄ┬╖┬╖┬╖┬╖┬╖┬
╖┬╖┬╖┬╖┬╖┬╖┬╖┬╖┬╖┬╖┬╖┬╖┬
╖┬╖┬╖┬╖┬╖┬╖┬╖┬╖┬╖┬╖┬╖┬╖┬
╖┬╖┬╖┬╖┬╖┬╖` with `┬╖┬╖┬
╖┬╖┬╖┬╖┬╖┬╖┬╖┬╖┬╖┬╖┬╖┬╖┬
╖┬╖┬╖┬╖Your┬╖future┬╖cus
tomers┬╖are┬╖posting┬╖ri
ght┬╖now┬╖ΓÇö┬╖asking┬╖q
uestions┬╖you┬╖can┬╖answ
er,┬╖complaining┬╖aboutΓ
ÉìΓÅÄ┬╖┬╖┬╖┬╖┬╖┬╖┬╖┬╖┬╖┬
╖┬╖┬╖┬╖┬╖┬╖┬╖┬╖┬╖competi
tors,┬╖looking┬╖for┬╖exa
ctly┬╖what┬╖you┬╖sell.┬╖
This┬╖agent┬╖monitors┬╖t
hose┬╖conversations┬╖acr
ossΓÉìΓÅÄ┬╖┬╖┬╖┬╖┬╖┬╖┬╖┬
╖┬╖┬╖┬╖┬╖┬╖┬╖┬╖┬╖┬╖┬╖pla
tforms,┬╖filters┬╖the┬╖n
oise┬╖with┬╖AI,`  
prettier/prettier
188:1  Error: Replace `┬
╖┬╖┬╖┬╖┬╖┬╖┬╖┬╖┬╖┬╖┬╖┬╖┬
╖┬╖┬╖┬╖┬╖┬╖┬╖┬╖┬╖┬╖┬╖┬╖┬
╖┬╖┬╖┬╖┬╖┬╖┬╖┬╖` with `┬
╖┬╖┬╖┬╖┬╖┬╖┬╖┬╖┬╖┬╖┬╖┬╖┬
╖┬╖┬╖┬╖`  
prettier/prettier
190:1  Error: Replace `┬
╖┬╖┬╖┬╖┬╖┬╖┬╖┬╖┬╖┬╖┬╖┬╖┬
╖┬╖┬╖┬╖┬╖┬╖┬╖┬╖┬╖┬╖┬╖┬╖┬
╖┬╖┬╖┬╖┬╖┬╖┬╖┬╖<p┬╖class
Name="mt-5┬╖text-[17px]┬
╖leading-[1.65]┬╖opacity
-60┬╖max-w-[560px]` 
with `┬╖┬╖┬╖┬╖┬╖┬╖┬╖┬╖┬╖
┬╖┬╖┬╖┬╖┬╖┬╖┬╖<p┬╖classN
ame="mt-5┬╖max-w-[560px]
┬╖text-[17px]┬╖leading-[
1.65]┬╖opacity-60`  
prettier/prettier
191:1  Error: Replace `┬
╖┬╖┬╖┬╖┬╖┬╖┬╖┬╖┬╖┬╖┬╖┬╖┬
╖┬╖┬╖┬╖┬╖┬╖┬╖┬╖┬╖┬╖┬╖┬╖┬
╖┬╖┬╖┬╖┬╖┬╖┬╖┬╖┬╖┬╖┬╖┬╖Y
ou┬╖chat┬╖back┬╖like┬╖te
xting┬╖a┬╖teammate:ΓÉìΓÅ
Ä┬╖┬╖┬╖┬╖┬╖┬╖┬╖┬╖┬╖┬╖┬╖┬
╖┬╖┬╖┬╖┬╖┬╖┬╖┬╖┬╖┬╖┬╖┬╖┬
╖┬╖┬╖┬╖┬╖┬╖┬╖┬╖┬╖┬╖┬╖┬╖┬
╖&ldquo;summarize┬╖this┬
╖thread&rdquo;,┬╖&ldquo;
draft┬╖a┬╖reply&rdquo;,`
 with `┬╖┬╖┬╖┬╖┬╖┬╖┬╖┬╖┬
╖┬╖┬╖┬╖┬╖┬╖┬╖┬╖┬╖┬╖You┬╖
chat┬╖back┬╖like┬╖textin
g┬╖a┬╖teammate:┬╖&ldquo;
summarize┬╖this┬╖thread&
rdquo;,┬╖&ldquo;draft┬╖a
`  prettier/prettier
193:1  Error: Replace `┬
╖┬╖┬╖┬╖┬╖┬╖┬╖┬╖┬╖┬╖┬╖┬╖┬
╖┬╖┬╖┬╖┬╖┬╖┬╖┬╖┬╖┬╖┬╖┬╖┬
╖┬╖┬╖┬╖┬╖┬╖┬╖┬╖┬╖┬╖┬╖┬╖&
ldquo;what┬╖angle┬╖shoul
d┬╖I┬╖take?&rdquo;┬╖ΓÇö┬
╖and┬╖it┬╖answers┬╖in┬╖s
econds.ΓÉìΓÅÄ┬╖┬╖┬╖┬╖┬╖┬
╖┬╖┬╖┬╖┬╖┬╖┬╖┬╖┬╖┬╖┬╖┬╖┬
╖┬╖┬╖┬╖┬╖┬╖┬╖┬╖┬╖┬╖┬╖┬╖┬
╖┬╖┬╖┬╖┬╖┬╖┬╖No┬╖dashboa
rds,┬╖no` with `┬╖┬╖┬╖┬╖
┬╖┬╖┬╖┬╖┬╖┬╖┬╖┬╖┬╖┬╖┬╖┬╖
┬╖┬╖reply&rdquo;,┬╖&ldqu
o;what┬╖angle┬╖should┬╖I
┬╖take?&rdquo;┬╖ΓÇö┬╖and
┬╖it┬╖answers┬╖in┬╖secon
ds.┬╖No┬╖dashboards,┬╖no
ΓÉìΓÅÄ┬╖┬╖┬╖┬╖┬╖┬╖┬╖┬╖┬╖
┬╖┬╖┬╖┬╖┬╖┬╖┬╖┬╖`  
prettier/prettier
195:1  Error: Replace `┬
╖┬╖┬╖┬╖┬╖┬╖┬╖┬╖┬╖┬╖┬╖┬╖┬
╖┬╖┬╖┬╖┬╖┬╖┬╖┬╖┬╖┬╖┬╖┬╖┬
╖┬╖┬╖┬╖┬╖┬╖┬╖┬╖` with `┬
╖┬╖┬╖┬╖┬╖┬╖┬╖┬╖┬╖┬╖┬╖┬╖┬
╖┬╖┬╖┬╖`  
prettier/prettier
197:1  Error: Delete `┬╖
┬╖┬╖┬╖┬╖┬╖┬╖┬╖┬╖┬╖┬╖┬╖┬╖
┬╖┬╖┬╖`  
prettier/prettier
198:19  Error: Replace `
┬╖┬╖┬╖┬╖┬╖┬╖┬╖┬╖┬╖┬╖┬╖┬╖
┬╖┬╖┬╖┬╖┬╖┬╖<button` 
with `<buttonΓÉìΓÅÄ┬╖┬╖┬
╖┬╖┬╖┬╖┬╖┬╖┬╖┬╖┬╖┬╖┬╖┬╖┬
╖┬╖┬╖┬╖┬╖`  
prettier/prettier
199:1  Error: Replace `┬
╖┬╖┬╖┬╖┬╖┬╖┬╖┬╖┬╖┬╖┬╖┬╖┬
╖┬╖┬╖┬╖┬╖┬╖┬╖┬╖┬╖┬╖┬╖┬╖┬
╖┬╖┬╖┬╖┬╖┬╖┬╖┬╖┬╖┬╖┬╖┬╖┬
╖┬╖┬╖┬╖className="px-7┬╖
py-3.5┬╖rounded-full┬╖fo
nt-semibold┬╖text-sm┬╖tr
ansition-colors┬╖flex┬╖i
tems-center┬╖gap-2┬╖grou
p` with `┬╖┬╖┬╖┬╖┬╖┬╖┬╖┬
╖┬╖┬╖┬╖┬╖┬╖┬╖┬╖┬╖┬╖┬╖┬╖┬
╖className="group┬╖flex┬
╖items-center┬╖gap-2┬╖ro
unded-full┬╖px-7┬╖py-3.5
┬╖text-sm┬╖font-semibold
┬╖transition-colors`  
prettier/prettier
200:1  Error: Delete `┬╖
┬╖┬╖┬╖┬╖┬╖┬╖┬╖┬╖┬╖┬╖┬╖┬╖
┬╖┬╖┬╖┬╖┬╖┬╖┬╖`  
prettier/prettier
201:1  Error: Replace `┬
╖┬╖┬╖┬╖┬╖┬╖┬╖┬╖┬╖┬╖┬╖┬╖┬
╖┬╖┬╖┬╖┬╖┬╖┬╖┬╖┬╖┬╖┬╖┬╖┬
╖┬╖┬╖┬╖┬╖┬╖┬╖┬╖┬╖┬╖┬╖┬╖┬
╖┬╖┬╖┬╖Get┬╖early┬╖acces
s┬╖<ArrowRight┬╖classNam
e="w-4┬╖h-4┬╖group-hover
:translate-x-0.5┬╖transi
tion-transform` with `┬╖
┬╖┬╖┬╖┬╖┬╖┬╖┬╖┬╖┬╖┬╖┬╖┬╖
┬╖┬╖┬╖┬╖┬╖┬╖┬╖Get┬╖early
┬╖access┬╖<ArrowRight┬╖c
lassName="h-4┬╖w-4┬╖tran
sition-transform┬╖group-
hover:translate-x-0.5`  
prettier/prettier
202:1  Error: Replace `┬
╖┬╖┬╖┬╖┬╖┬╖┬╖┬╖┬╖┬╖┬╖┬╖┬
╖┬╖┬╖┬╖┬╖┬╖┬╖┬╖┬╖┬╖┬╖┬╖┬
╖┬╖┬╖┬╖┬╖┬╖┬╖┬╖┬╖┬╖┬╖┬╖`
 with `┬╖┬╖┬╖┬╖┬╖┬╖┬╖┬╖┬
╖┬╖┬╖┬╖┬╖┬╖┬╖┬╖┬╖┬╖`  
prettier/prettier
203:1  Error: Replace `┬
╖┬╖┬╖┬╖┬╖┬╖┬╖┬╖┬╖┬╖┬╖┬╖┬
╖┬╖┬╖┬╖┬╖┬╖┬╖┬╖┬╖┬╖┬╖┬╖┬
╖┬╖┬╖┬╖┬╖┬╖┬╖┬╖┬╖┬╖┬╖┬╖<
a┬╖href="#demo-video"┬╖c
lassName="text-[13px]┬╖o
pacity-40┬╖hover:opacity
-80┬╖transition-opacity`
 with `┬╖┬╖┬╖┬╖┬╖┬╖┬╖┬╖┬
╖┬╖┬╖┬╖┬╖┬╖┬╖┬╖┬╖┬╖<a┬╖h
ref="#demo-video"┬╖class
Name="text-[13px]┬╖opaci
ty-40┬╖transition-opacit
y┬╖hover:opacity-80`  
prettier/prettier
204:1  Error: Delete `┬╖
┬╖┬╖┬╖┬╖┬╖┬╖┬╖┬╖┬╖┬╖┬╖┬╖
┬╖┬╖┬╖┬╖┬╖┬╖┬╖`  
prettier/prettier
205:1  Error: Replace `┬
╖┬╖┬╖┬╖┬╖┬╖┬╖┬╖┬╖┬╖┬╖┬╖┬
╖┬╖┬╖┬╖┬╖┬╖┬╖┬╖┬╖┬╖┬╖┬╖┬
╖┬╖┬╖┬╖┬╖┬╖┬╖┬╖┬╖┬╖┬╖┬╖`
 with `┬╖┬╖┬╖┬╖┬╖┬╖┬╖┬╖┬
╖┬╖┬╖┬╖┬╖┬╖┬╖┬╖┬╖┬╖`  
prettier/prettier
206:1  Error: Replace `┬
╖┬╖┬╖┬╖┬╖┬╖┬╖┬╖┬╖┬╖┬╖┬╖┬
╖┬╖┬╖┬╖┬╖┬╖┬╖┬╖┬╖┬╖┬╖┬╖┬
╖┬╖┬╖┬╖┬╖┬╖┬╖┬╖` with `┬
╖┬╖┬╖┬╖┬╖┬╖┬╖┬╖┬╖┬╖┬╖┬╖┬
╖┬╖┬╖┬╖`  
prettier/prettier
208:1  Error: Delete `┬╖
┬╖┬╖┬╖┬╖┬╖┬╖┬╖┬╖┬╖┬╖┬╖┬╖
┬╖┬╖┬╖`  
prettier/prettier
209:1  Error: Replace `┬
╖┬╖┬╖┬╖┬╖┬╖┬╖┬╖┬╖┬╖┬╖┬╖┬
╖┬╖┬╖┬╖┬╖┬╖┬╖┬╖┬╖┬╖┬╖┬╖┬
╖┬╖┬╖┬╖┬╖┬╖┬╖┬╖┬╖┬╖┬╖┬╖`
 with `┬╖┬╖┬╖┬╖┬╖┬╖┬╖┬╖┬
╖┬╖┬╖┬╖┬╖┬╖┬╖┬╖┬╖┬╖`  
prettier/prettier
210:17  Error: Delete `┬
╖┬╖┬╖┬╖┬╖┬╖┬╖┬╖┬╖┬╖┬╖┬╖┬
╖┬╖┬╖┬╖`  
prettier/prettier
211:1  Error: Replace `┬
╖┬╖┬╖┬╖┬╖┬╖┬╖┬╖┬╖┬╖┬╖┬╖┬
╖┬╖┬╖┬╖┬╖┬╖┬╖┬╖┬╖┬╖┬╖┬╖┬
╖┬╖┬╖┬╖` with `┬╖┬╖┬╖┬╖┬
╖┬╖┬╖┬╖┬╖┬╖┬╖┬╖┬╖┬╖`  
prettier/prettier
213:1  Error: Delete `┬╖
┬╖┬╖┬╖┬╖┬╖┬╖┬╖┬╖┬╖┬╖┬╖┬╖
┬╖`  prettier/prettier
214:1  Error: Replace `┬
╖┬╖┬╖┬╖┬╖┬╖┬╖┬╖┬╖┬╖┬╖┬╖┬
╖┬╖┬╖┬╖┬╖┬╖┬╖┬╖┬╖┬╖┬╖┬╖┬
╖┬╖┬╖┬╖` with `┬╖┬╖┬╖┬╖┬
╖┬╖┬╖┬╖┬╖┬╖┬╖┬╖┬╖┬╖`  
prettier/prettier
215:1  Error: Replace `┬
╖┬╖┬╖┬╖┬╖┬╖┬╖┬╖┬╖┬╖┬╖┬╖┬
╖┬╖┬╖┬╖┬╖┬╖┬╖┬╖┬╖┬╖┬╖┬╖┬
╖┬╖┬╖┬╖┬╖┬╖┬╖┬╖<div┬╖cla
ssName="max-w-[360px]┬╖m
l-auto┬╖pl-8┬╖py-2` 
with `┬╖┬╖┬╖┬╖┬╖┬╖┬╖┬╖┬╖
┬╖┬╖┬╖┬╖┬╖┬╖┬╖<div┬╖clas
sName="ml-auto┬╖max-w-[3
60px]┬╖py-2┬╖pl-8`  
prettier/prettier
216:1  Error: Replace `┬
╖┬╖┬╖┬╖┬╖┬╖┬╖┬╖┬╖┬╖┬╖┬╖┬
╖┬╖┬╖┬╖┬╖┬╖┬╖┬╖┬╖┬╖┬╖┬╖┬
╖┬╖┬╖┬╖┬╖┬╖┬╖┬╖┬╖┬╖┬╖┬╖<
div┬╖className="flex┬╖it
ems-center┬╖justify-betw
een┬╖gap-3┬╖mb-4` with `
┬╖┬╖┬╖┬╖┬╖┬╖┬╖┬╖┬╖┬╖┬╖┬╖
┬╖┬╖┬╖┬╖┬╖┬╖<div┬╖classN
ame="mb-4┬╖flex┬╖items-c
enter┬╖justify-between┬╖
gap-3`  
prettier/prettier
217:21  Error: Replace `
┬╖┬╖┬╖┬╖┬╖┬╖┬╖┬╖┬╖┬╖┬╖┬╖
┬╖┬╖┬╖┬╖┬╖┬╖┬╖┬╖<p┬╖clas
sName={`${mono.className
}┬╖text-[10px]┬╖tracking
-[0.15em]┬╖uppercase┬╖fl
ex┬╖items-center┬╖gap-2`
 with `<pΓÉìΓÅÄ┬╖┬╖┬╖┬╖┬
╖┬╖┬╖┬╖┬╖┬╖┬╖┬╖┬╖┬╖┬╖┬╖┬
╖┬╖┬╖┬╖┬╖┬╖className={`$
{mono.className}┬╖flex┬╖
items-center┬╖gap-2┬╖tex
t-[10px]┬╖uppercase┬╖tra
cking-[0.15em]`  
prettier/prettier
218:1  Error: Replace `┬
╖┬╖┬╖┬╖┬╖┬╖┬╖┬╖┬╖┬╖┬╖┬╖┬
╖┬╖┬╖┬╖┬╖┬╖┬╖┬╖┬╖┬╖┬╖┬╖┬
╖┬╖┬╖┬╖┬╖┬╖┬╖┬╖┬╖┬╖┬╖┬╖┬
╖┬╖┬╖┬╖┬╖┬╖┬╖┬╖` with `┬
╖┬╖┬╖┬╖┬╖┬╖┬╖┬╖┬╖┬╖┬╖┬╖┬
╖┬╖┬╖┬╖┬╖┬╖┬╖┬╖┬╖┬╖`  
prettier/prettier
219:1  Error: Replace `┬
╖┬╖┬╖┬╖┬╖┬╖┬╖┬╖┬╖┬╖┬╖┬╖┬
╖┬╖┬╖┬╖┬╖┬╖┬╖┬╖┬╖┬╖┬╖┬╖┬
╖┬╖┬╖┬╖┬╖┬╖┬╖┬╖┬╖┬╖┬╖┬╖┬
╖┬╖┬╖┬╖┬╖┬╖┬╖┬╖<span┬╖cl
assName="w-1.5┬╖h` with 
`┬╖┬╖┬╖┬╖┬╖┬╖┬╖┬╖┬╖┬╖┬╖┬
╖┬╖┬╖┬╖┬╖┬╖┬╖┬╖┬╖┬╖┬╖<sp
an┬╖className="h-1.5┬╖w`
  prettier/prettier
220:1  Error: Replace `┬
╖┬╖┬╖┬╖┬╖┬╖┬╖┬╖┬╖┬╖┬╖┬╖┬
╖┬╖┬╖┬╖┬╖┬╖┬╖┬╖┬╖┬╖┬╖┬╖┬
╖┬╖┬╖┬╖┬╖┬╖┬╖┬╖┬╖┬╖┬╖┬╖┬
╖┬╖┬╖┬╖┬╖┬╖┬╖┬╖` with `┬
╖┬╖┬╖┬╖┬╖┬╖┬╖┬╖┬╖┬╖┬╖┬╖┬
╖┬╖┬╖┬╖┬╖┬╖┬╖┬╖┬╖┬╖`  
prettier/prettier
221:1  Error: Delete `┬╖
┬╖┬╖┬╖┬╖┬╖┬╖┬╖┬╖┬╖┬╖┬╖┬╖
┬╖┬╖┬╖┬╖┬╖┬╖┬╖`  
prettier/prettier
222:21  Error: Replace `
┬╖┬╖┬╖┬╖┬╖┬╖┬╖┬╖┬╖┬╖┬╖┬╖
┬╖┬╖┬╖┬╖┬╖┬╖┬╖┬╖<span┬╖c
lassName={`${mono.classN
ame}┬╖text-[10px]┬╖track
ing-[0.12em]┬╖px-2┬╖py-1
┬╖rounded-full` with `<s
panΓÉìΓÅÄ┬╖┬╖┬╖┬╖┬╖┬╖┬╖┬
╖┬╖┬╖┬╖┬╖┬╖┬╖┬╖┬╖┬╖┬╖┬╖┬
╖┬╖┬╖className={`${mono.
className}┬╖rounded-full
┬╖px-2┬╖py-1┬╖text-[10px
]┬╖tracking-[0.12em]`  
prettier/prettier
223:1  Error: Replace `┬
╖┬╖┬╖┬╖┬╖┬╖┬╖┬╖┬╖┬╖┬╖┬╖┬
╖┬╖┬╖┬╖┬╖┬╖┬╖┬╖┬╖┬╖┬╖┬╖┬
╖┬╖┬╖┬╖┬╖┬╖┬╖┬╖┬╖┬╖┬╖┬╖┬
╖┬╖┬╖┬╖┬╖┬╖┬╖┬╖` with `┬
╖┬╖┬╖┬╖┬╖┬╖┬╖┬╖┬╖┬╖┬╖┬╖┬
╖┬╖┬╖┬╖┬╖┬╖┬╖┬╖┬╖┬╖`  
prettier/prettier
224:1  Error: Replace `┬
╖┬╖┬╖┬╖┬╖┬╖┬╖┬╖┬╖┬╖┬╖┬╖┬
╖┬╖┬╖┬╖┬╖┬╖┬╖┬╖┬╖┬╖┬╖┬╖┬
╖┬╖┬╖┬╖┬╖┬╖┬╖┬╖┬╖┬╖┬╖┬╖┬
╖┬╖┬╖┬╖┬╖┬╖┬╖┬╖┬╖┬╖┬╖┬╖`
 with `┬╖┬╖┬╖┬╖┬╖┬╖┬╖┬╖┬
╖┬╖┬╖┬╖┬╖┬╖┬╖┬╖┬╖┬╖┬╖┬╖┬
╖┬╖┬╖┬╖`  
prettier/prettier
225:1  Error: Replace `┬
╖┬╖┬╖┬╖┬╖┬╖┬╖┬╖┬╖┬╖┬╖┬╖┬
╖┬╖┬╖┬╖┬╖┬╖┬╖┬╖┬╖┬╖┬╖┬╖┬
╖┬╖┬╖┬╖┬╖┬╖┬╖┬╖┬╖┬╖┬╖┬╖┬
╖┬╖┬╖┬╖┬╖┬╖┬╖┬╖┬╖┬╖┬╖┬╖`
 with `┬╖┬╖┬╖┬╖┬╖┬╖┬╖┬╖┬
╖┬╖┬╖┬╖┬╖┬╖┬╖┬╖┬╖┬╖┬╖┬╖┬
╖┬╖┬╖┬╖`  
prettier/prettier
226:1  Error: Replace `┬
╖┬╖┬╖┬╖┬╖┬╖┬╖┬╖┬╖┬╖┬╖┬╖┬
╖┬╖┬╖┬╖┬╖┬╖┬╖┬╖┬╖┬╖┬╖┬╖┬
╖┬╖┬╖┬╖┬╖┬╖┬╖┬╖┬╖┬╖┬╖┬╖┬
╖┬╖┬╖┬╖┬╖┬╖┬╖┬╖┬╖┬╖┬╖┬╖`
 with `┬╖┬╖┬╖┬╖┬╖┬╖┬╖┬╖┬
╖┬╖┬╖┬╖┬╖┬╖┬╖┬╖┬╖┬╖┬╖┬╖┬
╖┬╖┬╖┬╖`  
prettier/prettier
227:1  Error: Replace `┬
╖┬╖┬╖┬╖┬╖┬╖┬╖┬╖┬╖┬╖┬╖┬╖┬
╖┬╖┬╖┬╖┬╖┬╖┬╖┬╖┬╖┬╖┬╖┬╖┬
╖┬╖┬╖┬╖┬╖┬╖┬╖┬╖┬╖┬╖┬╖┬╖┬
╖┬╖┬╖┬╖┬╖┬╖┬╖┬╖` with `┬
╖┬╖┬╖┬╖┬╖┬╖┬╖┬╖┬╖┬╖┬╖┬╖┬
╖┬╖┬╖┬╖┬╖┬╖┬╖┬╖┬╖┬╖`  
prettier/prettier
228:1  Error: Replace `┬
╖┬╖┬╖┬╖┬╖┬╖┬╖┬╖┬╖┬╖┬╖┬╖┬
╖┬╖┬╖┬╖┬╖┬╖┬╖┬╖┬╖┬╖┬╖┬╖┬
╖┬╖┬╖┬╖┬╖┬╖┬╖┬╖┬╖┬╖┬╖┬╖┬
╖┬╖┬╖┬╖┬╖┬╖┬╖┬╖` with `┬
╖┬╖┬╖┬╖┬╖┬╖┬╖┬╖┬╖┬╖┬╖┬╖┬
╖┬╖┬╖┬╖┬╖┬╖┬╖┬╖┬╖┬╖`  
prettier/prettier
229:1  Error: Replace `┬
╖┬╖┬╖┬╖┬╖┬╖┬╖┬╖┬╖┬╖┬╖┬╖┬
╖┬╖┬╖┬╖┬╖┬╖┬╖┬╖┬╖┬╖┬╖┬╖┬
╖┬╖┬╖┬╖┬╖┬╖┬╖┬╖┬╖┬╖┬╖┬╖┬
╖┬╖┬╖┬╖` with `┬╖┬╖┬╖┬╖┬
╖┬╖┬╖┬╖┬╖┬╖┬╖┬╖┬╖┬╖┬╖┬╖┬
╖┬╖┬╖┬╖`  
prettier/prettier
230:1  Error: Replace `┬
╖┬╖┬╖┬╖┬╖┬╖┬╖┬╖┬╖┬╖┬╖┬╖┬
╖┬╖┬╖┬╖┬╖┬╖┬╖┬╖┬╖┬╖┬╖┬╖┬
╖┬╖┬╖┬╖┬╖┬╖┬╖┬╖┬╖┬╖┬╖┬╖`
 with `┬╖┬╖┬╖┬╖┬╖┬╖┬╖┬╖┬
╖┬╖┬╖┬╖┬╖┬╖┬╖┬╖┬╖┬╖`  
prettier/prettier
232:1  Error: Replace `┬
╖┬╖┬╖┬╖┬╖┬╖┬╖┬╖┬╖┬╖┬╖┬╖┬
╖┬╖┬╖┬╖┬╖┬╖┬╖┬╖┬╖┬╖┬╖┬╖┬
╖┬╖┬╖┬╖┬╖┬╖┬╖┬╖┬╖┬╖┬╖┬╖`
 with `┬╖┬╖┬╖┬╖┬╖┬╖┬╖┬╖┬
╖┬╖┬╖┬╖┬╖┬╖┬╖┬╖┬╖┬╖`  
prettier/prettier
233:1  Error: Replace `┬
╖┬╖┬╖┬╖┬╖┬╖┬╖┬╖┬╖┬╖┬╖┬╖┬
╖┬╖┬╖┬╖┬╖┬╖┬╖┬╖┬╖┬╖┬╖┬╖┬
╖┬╖┬╖┬╖┬╖┬╖┬╖┬╖┬╖┬╖┬╖┬╖┬
╖┬╖┬╖┬╖className="rounde
d-2xl┬╖overflow-hidden` 
with `┬╖┬╖┬╖┬╖┬╖┬╖┬╖┬╖┬╖
┬╖┬╖┬╖┬╖┬╖┬╖┬╖┬╖┬╖┬╖┬╖cl
assName="overflow-hidden
┬╖rounded-2xl`  
prettier/prettier
234:1  Error: Replace `┬
╖┬╖┬╖┬╖┬╖┬╖┬╖┬╖┬╖┬╖┬╖┬╖┬
╖┬╖┬╖┬╖┬╖┬╖┬╖┬╖┬╖┬╖┬╖┬╖┬
╖┬╖┬╖┬╖┬╖┬╖┬╖┬╖┬╖┬╖┬╖┬╖┬
╖┬╖┬╖┬╖` with `┬╖┬╖┬╖┬╖┬
╖┬╖┬╖┬╖┬╖┬╖┬╖┬╖┬╖┬╖┬╖┬╖┬
╖┬╖┬╖┬╖`  
prettier/prettier
235:1  Error: Replace `┬
╖┬╖┬╖┬╖┬╖┬╖┬╖┬╖┬╖┬╖┬╖┬╖┬
╖┬╖┬╖┬╖┬╖┬╖┬╖┬╖┬╖┬╖┬╖┬╖┬
╖┬╖┬╖┬╖┬╖┬╖┬╖┬╖┬╖┬╖┬╖┬╖┬
╖┬╖┬╖┬╖┬╖┬╖┬╖┬╖` with `┬
╖┬╖┬╖┬╖┬╖┬╖┬╖┬╖┬╖┬╖┬╖┬╖┬
╖┬╖┬╖┬╖┬╖┬╖┬╖┬╖┬╖┬╖`  
prettier/prettier
236:1  Error: Replace `┬
╖┬╖┬╖┬╖┬╖┬╖┬╖┬╖┬╖┬╖┬╖┬╖┬
╖┬╖┬╖┬╖┬╖┬╖┬╖┬╖┬╖┬╖┬╖┬╖┬
╖┬╖┬╖┬╖┬╖┬╖┬╖┬╖┬╖┬╖┬╖┬╖┬
╖┬╖┬╖┬╖┬╖┬╖┬╖┬╖` with `┬
╖┬╖┬╖┬╖┬╖┬╖┬╖┬╖┬╖┬╖┬╖┬╖┬
╖┬╖┬╖┬╖┬╖┬╖┬╖┬╖┬╖┬╖`  
prettier/prettier
237:1  Error: Replace `┬
╖┬╖┬╖┬╖┬╖┬╖┬╖┬╖┬╖┬╖┬╖┬╖┬
╖┬╖┬╖┬╖┬╖┬╖┬╖┬╖┬╖┬╖┬╖┬╖┬
╖┬╖┬╖┬╖┬╖┬╖┬╖┬╖┬╖┬╖┬╖┬╖┬
╖┬╖┬╖┬╖}}ΓÉìΓÅÄ┬╖┬╖┬╖┬╖┬
╖┬╖┬╖┬╖┬╖┬╖┬╖┬╖┬╖┬╖┬╖┬╖┬
╖┬╖┬╖┬╖┬╖┬╖┬╖┬╖┬╖┬╖┬╖┬╖┬
╖┬╖┬╖┬╖┬╖┬╖┬╖┬╖` with `┬
╖┬╖┬╖┬╖┬╖┬╖┬╖┬╖┬╖┬╖┬╖┬╖┬
╖┬╖┬╖┬╖┬╖┬╖┬╖┬╖}}`  
prettier/prettier
239:1  Error: Replace `┬
╖┬╖┬╖┬╖┬╖┬╖┬╖┬╖┬╖┬╖┬╖┬╖┬
╖┬╖┬╖┬╖┬╖┬╖┬╖┬╖┬╖┬╖┬╖┬╖┬
╖┬╖┬╖┬╖┬╖┬╖┬╖┬╖┬╖┬╖┬╖┬╖┬
╖┬╖┬╖┬╖` with `┬╖┬╖┬╖┬╖┬
╖┬╖┬╖┬╖┬╖┬╖┬╖┬╖┬╖┬╖┬╖┬╖┬
╖┬╖┬╖┬╖`  
prettier/prettier
240:1  Error: Replace `┬
╖┬╖┬╖┬╖┬╖┬╖┬╖┬╖┬╖┬╖┬╖┬╖┬
╖┬╖┬╖┬╖┬╖┬╖┬╖┬╖┬╖┬╖┬╖┬╖┬
╖┬╖┬╖┬╖┬╖┬╖┬╖┬╖┬╖┬╖┬╖┬╖┬
╖┬╖┬╖┬╖┬╖┬╖┬╖┬╖` with `┬
╖┬╖┬╖┬╖┬╖┬╖┬╖┬╖┬╖┬╖┬╖┬╖┬
╖┬╖┬╖┬╖┬╖┬╖┬╖┬╖┬╖┬╖`  
prettier/prettier
241:1  Error: Replace `┬
╖┬╖┬╖┬╖┬╖┬╖┬╖┬╖┬╖┬╖┬╖┬╖┬
╖┬╖┬╖┬╖┬╖┬╖┬╖┬╖┬╖┬╖┬╖┬╖┬
╖┬╖┬╖┬╖┬╖┬╖┬╖┬╖┬╖┬╖┬╖┬╖┬
╖┬╖┬╖┬╖┬╖┬╖┬╖┬╖` with `┬
╖┬╖┬╖┬╖┬╖┬╖┬╖┬╖┬╖┬╖┬╖┬╖┬
╖┬╖┬╖┬╖┬╖┬╖┬╖┬╖┬╖┬╖`  
prettier/prettier
242:1  Error: Replace `┬
╖┬╖┬╖┬╖┬╖┬╖┬╖┬╖┬╖┬╖┬╖┬╖┬
╖┬╖┬╖┬╖┬╖┬╖┬╖┬╖┬╖┬╖┬╖┬╖┬
╖┬╖┬╖┬╖┬╖┬╖┬╖┬╖┬╖┬╖┬╖┬╖┬
╖┬╖┬╖┬╖┬╖┬╖┬╖┬╖` with `┬
╖┬╖┬╖┬╖┬╖┬╖┬╖┬╖┬╖┬╖┬╖┬╖┬
╖┬╖┬╖┬╖┬╖┬╖┬╖┬╖┬╖┬╖`  
prettier/prettier
243:1  Error: Replace `┬
╖┬╖┬╖┬╖┬╖┬╖┬╖┬╖┬╖┬╖┬╖┬╖┬
╖┬╖┬╖┬╖┬╖┬╖┬╖┬╖┬╖┬╖┬╖┬╖┬
╖┬╖┬╖┬╖┬╖┬╖┬╖┬╖┬╖┬╖┬╖┬╖┬
╖┬╖┬╖┬╖` with `┬╖┬╖┬╖┬╖┬
╖┬╖┬╖┬╖┬╖┬╖┬╖┬╖┬╖┬╖┬╖┬╖┬
╖┬╖┬╖┬╖`  
prettier/prettier
244:1  Error: Delete `┬╖
┬╖┬╖┬╖┬╖┬╖┬╖┬╖┬╖┬╖┬╖┬╖┬╖
┬╖┬╖┬╖┬╖┬╖┬╖┬╖┬╖┬╖`  
prettier/prettier
245:25  Error: Delete `┬
╖┬╖┬╖┬╖┬╖┬╖┬╖┬╖┬╖┬╖┬╖┬╖┬
╖┬╖┬╖┬╖┬╖┬╖┬╖┬╖┬╖┬╖┬╖┬╖`
  prettier/prettier
246:1  Error: Replace `┬
╖┬╖┬╖┬╖┬╖┬╖┬╖┬╖┬╖┬╖┬╖┬╖┬
╖┬╖┬╖┬╖┬╖┬╖┬╖┬╖┬╖┬╖┬╖┬╖┬
╖┬╖┬╖┬╖┬╖┬╖┬╖┬╖┬╖┬╖┬╖┬╖┬
╖┬╖┬╖┬╖┬╖┬╖┬╖┬╖┬╖┬╖┬╖┬╖c
lassName="grid┬╖grid-col
s-[34px,1fr]┬╖gap-3┬╖px-
4┬╖py-3.5┬╖items-start` 
with `┬╖┬╖┬╖┬╖┬╖┬╖┬╖┬╖┬╖
┬╖┬╖┬╖┬╖┬╖┬╖┬╖┬╖┬╖┬╖┬╖┬╖
┬╖┬╖┬╖className="grid┬╖g
rid-cols-[34px,1fr]┬╖ite
ms-start┬╖gap-3┬╖px-4┬╖p
y-3.5`  
prettier/prettier
247:1  Error: Replace `┬
╖┬╖┬╖┬╖┬╖┬╖┬╖┬╖┬╖┬╖┬╖┬╖┬
╖┬╖┬╖┬╖┬╖┬╖┬╖┬╖┬╖┬╖┬╖┬╖┬
╖┬╖┬╖┬╖┬╖┬╖┬╖┬╖┬╖┬╖┬╖┬╖┬
╖┬╖┬╖┬╖┬╖┬╖┬╖┬╖┬╖┬╖┬╖┬╖s
tyle={{┬╖borderTop:┬╖i┬╖
>┬╖0┬╖?┬╖'1px┬╖solid┬╖rg
ba(25,22,18,0.05)'┬╖:┬╖'
none'┬╖}}ΓÉìΓÅÄ┬╖┬╖┬╖┬╖┬
╖┬╖┬╖┬╖┬╖┬╖┬╖┬╖┬╖┬╖┬╖┬╖┬
╖┬╖┬╖┬╖┬╖┬╖┬╖┬╖┬╖┬╖┬╖┬╖┬
╖┬╖┬╖┬╖┬╖┬╖┬╖┬╖┬╖┬╖┬╖┬╖┬
╖┬╖┬╖┬╖` with `┬╖┬╖┬╖┬╖┬
╖┬╖┬╖┬╖┬╖┬╖┬╖┬╖┬╖┬╖┬╖┬╖┬
╖┬╖┬╖┬╖┬╖┬╖┬╖┬╖style={{┬
╖borderTop:┬╖i┬╖>┬╖0┬╖?┬
╖'1px┬╖solid┬╖rgba(25,22
,18,0.05)'┬╖:┬╖'none'┬╖}
}`  prettier/prettier
249:1  Error: Replace `┬
╖┬╖┬╖┬╖┬╖┬╖┬╖┬╖┬╖┬╖┬╖┬╖┬
╖┬╖┬╖┬╖┬╖┬╖┬╖┬╖┬╖┬╖┬╖┬╖┬
╖┬╖┬╖┬╖┬╖┬╖┬╖┬╖┬╖┬╖┬╖┬╖┬
╖┬╖┬╖┬╖┬╖┬╖┬╖┬╖┬╖┬╖┬╖┬╖`
 with `┬╖┬╖┬╖┬╖┬╖┬╖┬╖┬╖┬
╖┬╖┬╖┬╖┬╖┬╖┬╖┬╖┬╖┬╖┬╖┬╖┬
╖┬╖┬╖┬╖`  
prettier/prettier
250:1  Error: Replace `┬
╖┬╖┬╖┬╖┬╖┬╖┬╖┬╖┬╖┬╖┬╖┬╖┬
╖┬╖┬╖┬╖┬╖┬╖┬╖┬╖┬╖┬╖┬╖┬╖┬
╖┬╖┬╖┬╖┬╖┬╖┬╖┬╖┬╖┬╖┬╖┬╖┬
╖┬╖┬╖┬╖┬╖┬╖┬╖┬╖┬╖┬╖┬╖┬╖┬
╖┬╖┬╖┬╖className="w-[34p
x]┬╖h-[34px]┬╖rounded-fu
ll┬╖flex┬╖items-center┬╖
justify-center` with `┬╖
┬╖┬╖┬╖┬╖┬╖┬╖┬╖┬╖┬╖┬╖┬╖┬╖
┬╖┬╖┬╖┬╖┬╖┬╖┬╖┬╖┬╖┬╖┬╖┬╖
┬╖className="flex┬╖h-[34
px]┬╖w-[34px]┬╖items-cen
ter┬╖justify-center┬╖rou
nded-full`  
prettier/prettier
251:1  Error: Replace `┬
╖┬╖┬╖┬╖┬╖┬╖┬╖┬╖┬╖┬╖┬╖┬╖┬
╖┬╖┬╖┬╖┬╖┬╖┬╖┬╖┬╖┬╖┬╖┬╖┬
╖┬╖┬╖┬╖┬╖┬╖┬╖┬╖┬╖┬╖┬╖┬╖┬
╖┬╖┬╖┬╖┬╖┬╖┬╖┬╖┬╖┬╖┬╖┬╖┬
╖┬╖┬╖┬╖` with `┬╖┬╖┬╖┬╖┬
╖┬╖┬╖┬╖┬╖┬╖┬╖┬╖┬╖┬╖┬╖┬╖┬
╖┬╖┬╖┬╖┬╖┬╖┬╖┬╖┬╖┬╖`  
prettier/prettier
252:1  Error: Replace `┬
╖┬╖┬╖┬╖┬╖┬╖┬╖┬╖┬╖┬╖┬╖┬╖┬
╖┬╖┬╖┬╖┬╖┬╖┬╖┬╖┬╖┬╖┬╖┬╖┬
╖┬╖┬╖┬╖┬╖┬╖┬╖┬╖┬╖┬╖┬╖┬╖┬
╖┬╖┬╖┬╖┬╖┬╖┬╖┬╖┬╖┬╖┬╖┬╖┬
╖┬╖┬╖┬╖┬╖┬╖┬╖┬╖` with `┬
╖┬╖┬╖┬╖┬╖┬╖┬╖┬╖┬╖┬╖┬╖┬╖┬
╖┬╖┬╖┬╖┬╖┬╖┬╖┬╖┬╖┬╖┬╖┬╖┬
╖┬╖┬╖┬╖`  
prettier/prettier
253:1  Error: Replace `┬
╖┬╖┬╖┬╖┬╖┬╖┬╖┬╖┬╖┬╖┬╖┬╖┬
╖┬╖┬╖┬╖┬╖┬╖┬╖┬╖┬╖┬╖┬╖┬╖┬
╖┬╖┬╖┬╖┬╖┬╖┬╖┬╖┬╖┬╖┬╖┬╖┬
╖┬╖┬╖┬╖┬╖┬╖┬╖┬╖┬╖┬╖┬╖┬╖┬
╖┬╖┬╖┬╖┬╖┬╖┬╖┬╖` with `┬
╖┬╖┬╖┬╖┬╖┬╖┬╖┬╖┬╖┬╖┬╖┬╖┬
╖┬╖┬╖┬╖┬╖┬╖┬╖┬╖┬╖┬╖┬╖┬╖┬
╖┬╖┬╖┬╖`  
prettier/prettier
254:1  Error: Replace `┬
╖┬╖┬╖┬╖┬╖┬╖┬╖┬╖┬╖┬╖┬╖┬╖┬
╖┬╖┬╖┬╖┬╖┬╖┬╖┬╖┬╖┬╖┬╖┬╖┬
╖┬╖┬╖┬╖┬╖┬╖┬╖┬╖┬╖┬╖┬╖┬╖┬
╖┬╖┬╖┬╖┬╖┬╖┬╖┬╖┬╖┬╖┬╖┬╖┬
╖┬╖┬╖┬╖┬╖┬╖┬╖┬╖` with `┬
╖┬╖┬╖┬╖┬╖┬╖┬╖┬╖┬╖┬╖┬╖┬╖┬
╖┬╖┬╖┬╖┬╖┬╖┬╖┬╖┬╖┬╖┬╖┬╖┬
╖┬╖┬╖┬╖`  
prettier/prettier
255:1  Error: Replace `┬
╖┬╖┬╖┬╖┬╖┬╖┬╖┬╖┬╖┬╖┬╖┬╖┬
╖┬╖┬╖┬╖┬╖┬╖┬╖┬╖┬╖┬╖┬╖┬╖┬
╖┬╖┬╖┬╖┬╖┬╖┬╖┬╖┬╖┬╖┬╖┬╖┬
╖┬╖┬╖┬╖┬╖┬╖┬╖┬╖┬╖┬╖┬╖┬╖┬
╖┬╖┬╖┬╖}}ΓÉìΓÅÄ┬╖┬╖┬╖┬╖┬
╖┬╖┬╖┬╖┬╖┬╖┬╖┬╖┬╖┬╖┬╖┬╖┬
╖┬╖┬╖┬╖┬╖┬╖┬╖┬╖┬╖┬╖┬╖┬╖┬
╖┬╖┬╖┬╖┬╖┬╖┬╖┬╖┬╖┬╖┬╖┬╖┬
╖┬╖┬╖┬╖┬╖┬╖┬╖┬╖` with `┬
╖┬╖┬╖┬╖┬╖┬╖┬╖┬╖┬╖┬╖┬╖┬╖┬
╖┬╖┬╖┬╖┬╖┬╖┬╖┬╖┬╖┬╖┬╖┬╖┬
╖┬╖}}`  
prettier/prettier
257:1  Error: Replace `┬
╖┬╖┬╖┬╖┬╖┬╖┬╖┬╖┬╖┬╖┬╖┬╖┬
╖┬╖┬╖┬╖┬╖┬╖┬╖┬╖┬╖┬╖┬╖┬╖┬
╖┬╖┬╖┬╖┬╖┬╖┬╖┬╖┬╖┬╖┬╖┬╖┬
╖┬╖┬╖┬╖┬╖┬╖┬╖┬╖┬╖┬╖┬╖┬╖┬
╖┬╖┬╖┬╖` with `┬╖┬╖┬╖┬╖┬
╖┬╖┬╖┬╖┬╖┬╖┬╖┬╖┬╖┬╖┬╖┬╖┬
╖┬╖┬╖┬╖┬╖┬╖┬╖┬╖┬╖┬╖`  
prettier/prettier
258:1  Error: Replace `┬
╖┬╖┬╖┬╖┬╖┬╖┬╖┬╖┬╖┬╖┬╖┬╖┬
╖┬╖┬╖┬╖┬╖┬╖┬╖┬╖┬╖┬╖┬╖┬╖┬
╖┬╖┬╖┬╖┬╖┬╖┬╖┬╖┬╖┬╖┬╖┬╖┬
╖┬╖┬╖┬╖┬╖┬╖┬╖┬╖┬╖┬╖┬╖┬╖`
 with `┬╖┬╖┬╖┬╖┬╖┬╖┬╖┬╖┬
╖┬╖┬╖┬╖┬╖┬╖┬╖┬╖┬╖┬╖┬╖┬╖┬
╖┬╖┬╖┬╖`  
prettier/prettier
260:1  Error: Replace `┬
╖┬╖┬╖┬╖┬╖┬╖┬╖┬╖┬╖┬╖┬╖┬╖┬
╖┬╖┬╖┬╖┬╖┬╖┬╖┬╖┬╖┬╖┬╖┬╖┬
╖┬╖┬╖┬╖┬╖┬╖┬╖┬╖┬╖┬╖┬╖┬╖┬
╖┬╖┬╖┬╖┬╖┬╖┬╖┬╖┬╖┬╖┬╖┬╖`
 with `┬╖┬╖┬╖┬╖┬╖┬╖┬╖┬╖┬
╖┬╖┬╖┬╖┬╖┬╖┬╖┬╖┬╖┬╖┬╖┬╖┬
╖┬╖┬╖┬╖`  
prettier/prettier
261:1  Error: Replace `┬
╖┬╖┬╖┬╖┬╖┬╖┬╖┬╖┬╖┬╖┬╖┬╖┬
╖┬╖┬╖┬╖┬╖┬╖┬╖┬╖┬╖┬╖┬╖┬╖┬
╖┬╖┬╖┬╖┬╖┬╖┬╖┬╖┬╖┬╖┬╖┬╖┬
╖┬╖┬╖┬╖┬╖┬╖┬╖┬╖┬╖┬╖┬╖┬╖┬
╖┬╖┬╖┬╖` with `┬╖┬╖┬╖┬╖┬
╖┬╖┬╖┬╖┬╖┬╖┬╖┬╖┬╖┬╖┬╖┬╖┬
╖┬╖┬╖┬╖┬╖┬╖┬╖┬╖┬╖┬╖`  
prettier/prettier
262:27  Error: Delete `┬
╖┬╖┬╖┬╖┬╖┬╖┬╖┬╖┬╖┬╖┬╖┬╖┬
╖┬╖┬╖┬╖┬╖┬╖┬╖┬╖┬╖┬╖┬╖┬╖┬
╖┬╖`  prettier/prettier
263:1  Error: Replace `┬
╖┬╖┬╖┬╖┬╖┬╖┬╖┬╖┬╖┬╖┬╖┬╖┬
╖┬╖┬╖┬╖┬╖┬╖┬╖┬╖┬╖┬╖┬╖┬╖┬
╖┬╖┬╖┬╖┬╖┬╖┬╖┬╖┬╖┬╖┬╖┬╖┬
╖┬╖┬╖┬╖┬╖┬╖┬╖┬╖┬╖┬╖┬╖┬╖┬
╖┬╖┬╖┬╖┬╖┬╖┬╖┬╖className
={`${mono.className}┬╖te
xt-[11px]┬╖mt-1.5` with 
`┬╖┬╖┬╖┬╖┬╖┬╖┬╖┬╖┬╖┬╖┬╖┬
╖┬╖┬╖┬╖┬╖┬╖┬╖┬╖┬╖┬╖┬╖┬╖┬
╖┬╖┬╖┬╖┬╖className={`${m
ono.className}┬╖mt-1.5┬╖
text-[11px]`  
prettier/prettier
264:1  Error: Replace `┬
╖┬╖┬╖┬╖┬╖┬╖┬╖┬╖┬╖┬╖┬╖┬╖┬
╖┬╖┬╖┬╖┬╖┬╖┬╖┬╖┬╖┬╖┬╖┬╖┬
╖┬╖┬╖┬╖┬╖┬╖┬╖┬╖┬╖┬╖┬╖┬╖┬
╖┬╖┬╖┬╖┬╖┬╖┬╖┬╖┬╖┬╖┬╖┬╖┬
╖┬╖┬╖┬╖┬╖┬╖┬╖┬╖style={{┬
╖color:┬╖'var(--rm-text-
muted)'┬╖}}ΓÉìΓÅÄ┬╖┬╖┬╖┬
╖┬╖┬╖┬╖┬╖┬╖┬╖┬╖┬╖┬╖┬╖┬╖┬
╖┬╖┬╖┬╖┬╖┬╖┬╖┬╖┬╖┬╖┬╖┬╖┬
╖┬╖┬╖┬╖┬╖┬╖┬╖┬╖┬╖┬╖┬╖┬╖┬
╖┬╖┬╖┬╖┬╖┬╖┬╖┬╖┬╖┬╖┬╖┬╖┬
╖` with `┬╖┬╖┬╖┬╖┬╖┬╖┬╖┬
╖┬╖┬╖┬╖┬╖┬╖┬╖┬╖┬╖┬╖┬╖┬╖┬
╖┬╖┬╖┬╖┬╖┬╖┬╖┬╖┬╖style={
{┬╖color:┬╖'var(--rm-tex
t-muted)'┬╖}}`  
prettier/prettier
266:1  Error: Replace `┬
╖┬╖┬╖┬╖┬╖┬╖┬╖┬╖┬╖┬╖┬╖┬╖┬
╖┬╖┬╖┬╖┬╖┬╖┬╖┬╖┬╖┬╖┬╖┬╖┬
╖┬╖┬╖┬╖┬╖┬╖┬╖┬╖┬╖┬╖┬╖┬╖┬
╖┬╖┬╖┬╖┬╖┬╖┬╖┬╖┬╖┬╖┬╖┬╖┬
╖┬╖┬╖┬╖┬╖┬╖┬╖┬╖` with `┬
╖┬╖┬╖┬╖┬╖┬╖┬╖┬╖┬╖┬╖┬╖┬╖┬
╖┬╖┬╖┬╖┬╖┬╖┬╖┬╖┬╖┬╖┬╖┬╖┬
╖┬╖┬╖┬╖`  
prettier/prettier
267:1  Error: Delete `┬╖
┬╖┬╖┬╖┬╖┬╖┬╖┬╖┬╖┬╖┬╖┬╖┬╖
┬╖┬╖┬╖┬╖┬╖┬╖┬╖┬╖┬╖┬╖┬╖┬╖
┬╖`  prettier/prettier
268:25  Error: Delete `┬
╖┬╖┬╖┬╖┬╖┬╖┬╖┬╖┬╖┬╖┬╖┬╖┬
╖┬╖┬╖┬╖┬╖┬╖┬╖┬╖┬╖┬╖┬╖┬╖`
  prettier/prettier
269:1  Error: Replace `┬
╖┬╖┬╖┬╖┬╖┬╖┬╖┬╖┬╖┬╖┬╖┬╖┬
╖┬╖┬╖┬╖┬╖┬╖┬╖┬╖┬╖┬╖┬╖┬╖┬
╖┬╖┬╖┬╖┬╖┬╖┬╖┬╖┬╖┬╖┬╖┬╖┬
╖┬╖┬╖┬╖┬╖┬╖┬╖┬╖` with `┬
╖┬╖┬╖┬╖┬╖┬╖┬╖┬╖┬╖┬╖┬╖┬╖┬
╖┬╖┬╖┬╖┬╖┬╖┬╖┬╖┬╖┬╖`  
prettier/prettier
270:1  Error: Replace `┬
╖┬╖┬╖┬╖┬╖┬╖┬╖┬╖┬╖┬╖┬╖┬╖┬
╖┬╖┬╖┬╖┬╖┬╖┬╖┬╖┬╖┬╖┬╖┬╖┬
╖┬╖┬╖┬╖┬╖┬╖┬╖┬╖┬╖┬╖┬╖┬╖┬
╖┬╖┬╖┬╖` with `┬╖┬╖┬╖┬╖┬
╖┬╖┬╖┬╖┬╖┬╖┬╖┬╖┬╖┬╖┬╖┬╖┬
╖┬╖┬╖┬╖`  
prettier/prettier
272:1  Error: Replace `┬
╖┬╖┬╖┬╖┬╖┬╖┬╖┬╖┬╖┬╖┬╖┬╖┬
╖┬╖┬╖┬╖┬╖┬╖┬╖┬╖┬╖┬╖┬╖┬╖┬
╖┬╖┬╖┬╖┬╖┬╖┬╖┬╖┬╖┬╖┬╖┬╖┬
╖┬╖┬╖┬╖` with `┬╖┬╖┬╖┬╖┬
╖┬╖┬╖┬╖┬╖┬╖┬╖┬╖┬╖┬╖┬╖┬╖┬
╖┬╖┬╖┬╖`  
prettier/prettier
273:1  Error: Replace `┬
╖┬╖┬╖┬╖┬╖┬╖┬╖┬╖┬╖┬╖┬╖┬╖┬
╖┬╖┬╖┬╖┬╖┬╖┬╖┬╖┬╖┬╖┬╖┬╖┬
╖┬╖┬╖┬╖┬╖┬╖┬╖┬╖┬╖┬╖┬╖┬╖┬
╖┬╖┬╖┬╖┬╖┬╖┬╖┬╖className
="px-4┬╖py-3┬╖flex┬╖item
s-center┬╖justify-betwee
n┬╖gap-3` with `┬╖┬╖┬╖┬╖
┬╖┬╖┬╖┬╖┬╖┬╖┬╖┬╖┬╖┬╖┬╖┬╖
┬╖┬╖┬╖┬╖┬╖┬╖className="f
lex┬╖items-center┬╖justi
fy-between┬╖gap-3┬╖px-4┬
╖py-3`  
prettier/prettier
274:1  Error: Replace `┬
╖┬╖┬╖┬╖┬╖┬╖┬╖┬╖┬╖┬╖┬╖┬╖┬
╖┬╖┬╖┬╖┬╖┬╖┬╖┬╖┬╖┬╖┬╖┬╖┬
╖┬╖┬╖┬╖┬╖┬╖┬╖┬╖┬╖┬╖┬╖┬╖┬
╖┬╖┬╖┬╖┬╖┬╖┬╖┬╖style={{┬
╖borderTop:┬╖'1px┬╖solid
┬╖rgba(25,22,18,0.05)'┬╖
}}` with `┬╖┬╖┬╖┬╖┬╖┬╖┬╖
┬╖┬╖┬╖┬╖┬╖┬╖┬╖┬╖┬╖┬╖┬╖┬╖
┬╖┬╖┬╖style={{┬╖borderTo
p:┬╖'1px┬╖solid┬╖rgba(25
,22,18,0.05)'┬╖}}>`  
prettier/prettier
275:1  Error: Replace `┬
╖┬╖┬╖┬╖┬╖┬╖┬╖┬╖┬╖┬╖┬╖┬╖┬
╖┬╖┬╖┬╖┬╖┬╖┬╖┬╖┬╖┬╖┬╖┬╖┬
╖┬╖┬╖┬╖┬╖┬╖┬╖┬╖┬╖┬╖┬╖┬╖┬
╖┬╖┬╖┬╖>` with `┬╖┬╖┬╖┬╖
┬╖┬╖┬╖┬╖┬╖┬╖┬╖┬╖┬╖┬╖┬╖┬╖
┬╖┬╖┬╖┬╖┬╖┬╖<p`  
prettier/prettier
276:1  Error: Replace `┬
╖┬╖┬╖┬╖┬╖┬╖┬╖┬╖┬╖┬╖┬╖┬╖┬
╖┬╖┬╖┬╖┬╖┬╖┬╖┬╖┬╖┬╖┬╖┬╖┬
╖┬╖┬╖┬╖┬╖┬╖┬╖┬╖┬╖┬╖┬╖┬╖┬
╖┬╖┬╖┬╖┬╖┬╖┬╖┬╖<p┬╖class
Name={`${mono.className}
┬╖text-[10px]┬╖tracking-
[0.1em]┬╖uppercase┬╖flex
┬╖items-center┬╖gap-2` 
with `┬╖┬╖┬╖┬╖┬╖┬╖┬╖┬╖┬╖
┬╖┬╖┬╖┬╖┬╖┬╖┬╖┬╖┬╖┬╖┬╖┬╖
┬╖┬╖┬╖className={`${mono
.className}┬╖flex┬╖items
-center┬╖gap-2┬╖text-[10
px]┬╖uppercase┬╖tracking
-[0.1em]`  
prettier/prettier
277:1  Error: Replace `┬
╖┬╖┬╖┬╖┬╖┬╖┬╖┬╖┬╖┬╖┬╖┬╖┬
╖┬╖┬╖┬╖┬╖┬╖┬╖┬╖┬╖┬╖┬╖┬╖┬
╖┬╖┬╖┬╖┬╖┬╖┬╖┬╖┬╖┬╖┬╖┬╖┬
╖┬╖┬╖┬╖┬╖┬╖┬╖┬╖┬╖┬╖┬╖┬╖`
 with `┬╖┬╖┬╖┬╖┬╖┬╖┬╖┬╖┬
╖┬╖┬╖┬╖┬╖┬╖┬╖┬╖┬╖┬╖┬╖┬╖┬
╖┬╖┬╖┬╖`  
prettier/prettier
278:1  Error: Replace `┬
╖┬╖┬╖┬╖┬╖┬╖┬╖┬╖┬╖┬╖┬╖┬╖┬
╖┬╖┬╖┬╖┬╖┬╖┬╖┬╖┬╖┬╖┬╖┬╖┬
╖┬╖┬╖┬╖┬╖┬╖┬╖┬╖┬╖┬╖┬╖┬╖┬
╖┬╖┬╖┬╖┬╖┬╖┬╖┬╖┬╖┬╖┬╖┬╖<
Zap┬╖className="w-3┬╖h` 
with `┬╖┬╖┬╖┬╖┬╖┬╖┬╖┬╖┬╖
┬╖┬╖┬╖┬╖┬╖┬╖┬╖┬╖┬╖┬╖┬╖┬╖
┬╖┬╖┬╖<Zap┬╖className="h
-3┬╖w`  
prettier/prettier
279:1  Error: Replace `┬
╖┬╖┬╖┬╖┬╖┬╖┬╖┬╖┬╖┬╖┬╖┬╖┬
╖┬╖┬╖┬╖┬╖┬╖┬╖┬╖┬╖┬╖┬╖┬╖┬
╖┬╖┬╖┬╖┬╖┬╖┬╖┬╖┬╖┬╖┬╖┬╖┬
╖┬╖┬╖┬╖┬╖┬╖┬╖┬╖┬╖┬╖┬╖┬╖`
 with `┬╖┬╖┬╖┬╖┬╖┬╖┬╖┬╖┬
╖┬╖┬╖┬╖┬╖┬╖┬╖┬╖┬╖┬╖┬╖┬╖┬
╖┬╖┬╖┬╖`  
prettier/prettier
280:1  Error: Replace `┬
╖┬╖┬╖┬╖┬╖┬╖┬╖┬╖┬╖┬╖┬╖┬╖┬
╖┬╖┬╖┬╖┬╖┬╖┬╖┬╖┬╖┬╖┬╖┬╖┬
╖┬╖┬╖┬╖┬╖┬╖┬╖┬╖┬╖┬╖┬╖┬╖┬
╖┬╖┬╖┬╖┬╖┬╖┬╖┬╖` with `┬
╖┬╖┬╖┬╖┬╖┬╖┬╖┬╖┬╖┬╖┬╖┬╖┬
╖┬╖┬╖┬╖┬╖┬╖┬╖┬╖┬╖┬╖`  
prettier/prettier
281:1  Error: Replace `┬
╖┬╖┬╖┬╖┬╖┬╖┬╖┬╖┬╖┬╖┬╖┬╖┬
╖┬╖┬╖┬╖┬╖┬╖┬╖┬╖┬╖┬╖┬╖┬╖┬
╖┬╖┬╖┬╖┬╖┬╖┬╖┬╖┬╖┬╖┬╖┬╖┬
╖┬╖┬╖┬╖┬╖┬╖┬╖┬╖<span┬╖cl
assName={`${mono.classNa
me}┬╖text-[10px]┬╖opacit
y-30`}>ΓÉìΓÅÄ┬╖┬╖┬╖┬╖┬╖┬
╖┬╖┬╖┬╖┬╖┬╖┬╖┬╖┬╖┬╖┬╖┬╖┬
╖┬╖┬╖┬╖┬╖┬╖┬╖┬╖┬╖┬╖┬╖┬╖┬
╖┬╖┬╖┬╖┬╖┬╖┬╖┬╖┬╖┬╖┬╖┬╖┬
╖┬╖┬╖┬╖┬╖┬╖┬╖alerts┬╖+┬╖
digestsΓÉìΓÅÄ┬╖┬╖┬╖┬╖┬╖┬
╖┬╖┬╖┬╖┬╖┬╖┬╖┬╖┬╖┬╖┬╖┬╖┬
╖┬╖┬╖┬╖┬╖┬╖┬╖┬╖┬╖┬╖┬╖┬╖┬
╖┬╖┬╖┬╖┬╖┬╖┬╖┬╖┬╖┬╖┬╖┬╖┬
╖┬╖┬╖` with `┬╖┬╖┬╖┬╖┬╖┬
╖┬╖┬╖┬╖┬╖┬╖┬╖┬╖┬╖┬╖┬╖┬╖┬
╖┬╖┬╖┬╖┬╖<span┬╖classNam
e={`${mono.className}┬╖t
ext-[10px]┬╖opacity-30`}
>alerts┬╖+┬╖digests`  
prettier/prettier
284:1  Error: Replace `┬
╖┬╖┬╖┬╖┬╖┬╖┬╖┬╖┬╖┬╖┬╖┬╖┬
╖┬╖┬╖┬╖┬╖┬╖┬╖┬╖┬╖┬╖┬╖┬╖┬
╖┬╖┬╖┬╖┬╖┬╖┬╖┬╖┬╖┬╖┬╖┬╖┬
╖┬╖┬╖┬╖` with `┬╖┬╖┬╖┬╖┬
╖┬╖┬╖┬╖┬╖┬╖┬╖┬╖┬╖┬╖┬╖┬╖┬
╖┬╖┬╖┬╖`  
prettier/prettier
285:1  Error: Replace `┬
╖┬╖┬╖┬╖┬╖┬╖┬╖┬╖┬╖┬╖┬╖┬╖┬
╖┬╖┬╖┬╖┬╖┬╖┬╖┬╖┬╖┬╖┬╖┬╖┬
╖┬╖┬╖┬╖┬╖┬╖┬╖┬╖┬╖┬╖┬╖┬╖`
 with `┬╖┬╖┬╖┬╖┬╖┬╖┬╖┬╖┬
╖┬╖┬╖┬╖┬╖┬╖┬╖┬╖┬╖┬╖`  
prettier/prettier
286:1  Error: Replace `┬
╖┬╖┬╖┬╖┬╖┬╖┬╖┬╖┬╖┬╖┬╖┬╖┬
╖┬╖┬╖┬╖┬╖┬╖┬╖┬╖┬╖┬╖┬╖┬╖┬
╖┬╖┬╖┬╖┬╖┬╖┬╖┬╖` with `┬
╖┬╖┬╖┬╖┬╖┬╖┬╖┬╖┬╖┬╖┬╖┬╖┬
╖┬╖┬╖┬╖`  
prettier/prettier
287:1  Error: Replace `┬
╖┬╖┬╖┬╖┬╖┬╖┬╖┬╖┬╖┬╖┬╖┬╖┬
╖┬╖┬╖┬╖┬╖┬╖┬╖┬╖┬╖┬╖┬╖┬╖┬
╖┬╖┬╖┬╖` with `┬╖┬╖┬╖┬╖┬
╖┬╖┬╖┬╖┬╖┬╖┬╖┬╖┬╖┬╖`  
prettier/prettier
288:1  Error: Replace `┬
╖┬╖┬╖┬╖┬╖┬╖┬╖┬╖┬╖┬╖┬╖┬╖┬
╖┬╖┬╖┬╖┬╖┬╖┬╖┬╖┬╖┬╖┬╖┬╖`
 with `┬╖┬╖┬╖┬╖┬╖┬╖┬╖┬╖┬
╖┬╖┬╖┬╖`  
prettier/prettier
289:1  Error: Delete 
`┬╖┬╖┬╖┬╖┬╖┬╖┬╖┬╖┬╖┬╖`  
prettier/prettier
291:1  Error: Replace `┬
╖┬╖┬╖┬╖┬╖┬╖┬╖┬╖┬╖┬╖┬╖┬╖┬
╖┬╖┬╖┬╖┬╖┬╖┬╖┬╖` with 
`┬╖┬╖┬╖┬╖┬╖┬╖┬╖┬╖┬╖┬╖`  
prettier/prettier
295:11  Error: Delete 
`┬╖┬╖┬╖┬╖┬╖┬╖┬╖┬╖┬╖┬╖`  
prettier/prettier
296:13  Error: Replace `
┬╖┬╖┬╖┬╖┬╖┬╖┬╖┬╖┬╖┬╖┬╖┬╖
<div┬╖className="rm-vide
o-facade"┬╖onClick={()┬╖
=>┬╖setVideoLoaded(true)
}┬╖role="button"┬╖tabInd
ex={0}` with `<divΓÉìΓÅÄ
┬╖┬╖┬╖┬╖┬╖┬╖┬╖┬╖┬╖┬╖┬╖┬╖
┬╖┬╖className="rm-video-
facade"ΓÉìΓÅÄ┬╖┬╖┬╖┬╖┬╖┬
╖┬╖┬╖┬╖┬╖┬╖┬╖┬╖┬╖onClick
={()┬╖=>┬╖setVideoLoaded
(true)}ΓÉìΓÅÄ┬╖┬╖┬╖┬╖┬╖┬
╖┬╖┬╖┬╖┬╖┬╖┬╖┬╖┬╖role="b
utton"`  
prettier/prettier
297:15  Error: Insert 
`tabIndex={0}ΓÉìΓÅÄ`  
prettier/prettier
298:1  Error: Replace `┬
╖┬╖┬╖┬╖┬╖┬╖┬╖┬╖┬╖┬╖┬╖┬╖┬
╖┬╖┬╖┬╖┬╖┬╖┬╖┬╖┬╖┬╖┬╖┬╖┬
╖┬╖┬╖┬╖` with `┬╖┬╖┬╖┬╖┬
╖┬╖┬╖┬╖┬╖┬╖┬╖┬╖┬╖┬╖`  
prettier/prettier
299:15  Error: Delete `┬
╖┬╖┬╖┬╖┬╖┬╖┬╖┬╖┬╖┬╖┬╖┬╖┬
╖┬╖`  prettier/prettier
300:15  Error: Replace `
┬╖┬╖┬╖┬╖┬╖┬╖┬╖┬╖┬╖┬╖┬╖┬╖
┬╖┬╖┬╖┬╖┬╖┬╖<>` with `┬╖
┬╖<>ΓÉìΓÅÄ┬╖┬╖┬╖┬╖┬╖┬╖┬╖
┬╖┬╖┬╖┬╖┬╖┬╖┬╖┬╖┬╖┬╖┬╖<d
iv`  prettier/prettier
301:21  Error: Replace `
┬╖┬╖┬╖┬╖┬╖┬╖┬╖┬╖┬╖┬╖┬╖┬╖
┬╖┬╖┬╖┬╖<div┬╖style={{┬╖
position:┬╖'absolute',┬╖
inset:┬╖0,┬╖background:┬
╖`linear-gradient(145deg
,┬╖${theme.videoPosterA}
┬╖0%,┬╖${theme.videoPost
erB}┬╖100%)`┬╖}}┬╖/>` 
with `style={{ΓÉìΓÅÄ┬╖┬╖
┬╖┬╖┬╖┬╖┬╖┬╖┬╖┬╖┬╖┬╖┬╖┬╖
┬╖┬╖┬╖┬╖┬╖┬╖┬╖┬╖position
:┬╖'absolute',ΓÉìΓÅÄ┬╖┬╖
┬╖┬╖┬╖┬╖┬╖┬╖┬╖┬╖┬╖┬╖┬╖┬╖
┬╖┬╖┬╖┬╖┬╖┬╖┬╖┬╖inset:┬╖
0,ΓÉìΓÅÄ┬╖┬╖┬╖┬╖┬╖┬╖┬╖┬╖
┬╖┬╖┬╖┬╖┬╖┬╖┬╖┬╖┬╖┬╖┬╖┬╖
┬╖┬╖background:┬╖`linear
-gradient(145deg,┬╖${the
me.videoPosterA}┬╖0%,┬╖$
{theme.videoPosterB}┬╖10
0%)`,ΓÉìΓÅÄ┬╖┬╖┬╖┬╖┬╖┬╖┬
╖┬╖┬╖┬╖┬╖┬╖┬╖┬╖┬╖┬╖┬╖┬╖┬
╖┬╖}}`  
prettier/prettier
302:19  Error: Insert 
`/>ΓÉìΓÅÄ`  
prettier/prettier
303:21  Error: Replace `
┬╖┬╖┬╖┬╖┬╖┬╖┬╖┬╖┬╖┬╖┬╖┬╖
┬╖┬╖┬╖┬╖┬╖┬╖┬╖┬╖<span><P
lay┬╖className="w-7┬╖h-7
┬╖ml-1"┬╖style={{┬╖color
:┬╖theme.isDark┬╖?┬╖them
e.bg┬╖:┬╖'#fff'┬╖}}┬╖/><
/span>` with `<span>ΓÉìΓ
ÅÄ┬╖┬╖┬╖┬╖┬╖┬╖┬╖┬╖┬╖┬╖┬╖
┬╖┬╖┬╖┬╖┬╖┬╖┬╖┬╖┬╖┬╖┬╖<P
lay┬╖className="ml-1┬╖h-
7┬╖w-7"┬╖style={{┬╖color
:┬╖theme.isDark┬╖?┬╖them
e.bg┬╖:┬╖'#fff'┬╖}}┬╖/>`
  prettier/prettier
304:21  Error: Insert 
`</span>ΓÉìΓÅÄ┬╖┬╖`  
prettier/prettier
305:1  Error: Replace `┬
╖┬╖┬╖┬╖┬╖┬╖┬╖┬╖┬╖┬╖┬╖┬╖┬
╖┬╖┬╖┬╖┬╖┬╖┬╖┬╖┬╖┬╖┬╖┬╖┬
╖┬╖┬╖┬╖┬╖┬╖┬╖┬╖┬╖┬╖┬╖┬╖`
 with `┬╖┬╖┬╖┬╖┬╖┬╖┬╖┬╖┬
╖┬╖┬╖┬╖┬╖┬╖┬╖┬╖┬╖┬╖`  
prettier/prettier
306:21  Error: Replace `
┬╖┬╖┬╖┬╖┬╖┬╖┬╖┬╖┬╖┬╖┬╖┬╖
┬╖┬╖┬╖┬╖┬╖┬╖┬╖┬╖<p┬╖clas
sName={`${mono.className
}┬╖text-[10px]┬╖tracking
-[0.14em]`}┬╖style={{┬╖c
olor:┬╖theme.videoTextMu
ted┬╖}}>DEMO</p>` with `
<pΓÉìΓÅÄ┬╖┬╖┬╖┬╖┬╖┬╖┬╖┬╖
┬╖┬╖┬╖┬╖┬╖┬╖┬╖┬╖┬╖┬╖┬╖┬╖
┬╖┬╖className={`${mono.c
lassName}┬╖text-[10px]┬╖
tracking-[0.14em]`}ΓÉìΓÅ
Ä┬╖┬╖┬╖┬╖┬╖┬╖┬╖┬╖┬╖┬╖┬╖┬
╖┬╖┬╖┬╖┬╖┬╖┬╖┬╖┬╖┬╖┬╖sty
le={{┬╖color:┬╖theme.vid
eoTextMuted┬╖}}>ΓÉìΓÅÄ┬╖
┬╖┬╖┬╖┬╖┬╖┬╖┬╖┬╖┬╖┬╖┬╖┬╖
┬╖┬╖┬╖┬╖┬╖┬╖┬╖┬╖┬╖DEMO` 
 prettier/prettier
307:21  Error: Replace `
┬╖┬╖┬╖┬╖┬╖┬╖┬╖┬╖┬╖┬╖┬╖┬╖
┬╖┬╖┬╖┬╖┬╖┬╖┬╖┬╖<p┬╖clas
sName={`${space.classNam
e}┬╖text-sm┬╖font-medium
┬╖mt-1`}┬╖style={{┬╖colo
r:┬╖theme.videoText┬╖}}>
See┬╖how┬╖alerts┬╖+┬╖cha
t┬╖work</p>` with `</p>Γ
ÉìΓÅÄ┬╖┬╖┬╖┬╖┬╖┬╖┬╖┬╖┬╖┬
╖┬╖┬╖┬╖┬╖┬╖┬╖┬╖┬╖┬╖┬╖<p┬
╖className={`${space.cla
ssName}┬╖mt-1┬╖text-sm┬╖
font-medium`}┬╖style={{┬
╖color:┬╖theme.videoText
┬╖}}>ΓÉìΓÅÄ┬╖┬╖┬╖┬╖┬╖┬╖┬
╖┬╖┬╖┬╖┬╖┬╖┬╖┬╖┬╖┬╖┬╖┬╖┬
╖┬╖┬╖┬╖See┬╖how┬╖alerts┬
╖+┬╖chat┬╖work`  
prettier/prettier
308:21  Error: Insert 
`</p>ΓÉìΓÅÄ┬╖┬╖`  
prettier/prettier
309:1  Error: Delete `┬╖
┬╖┬╖┬╖┬╖┬╖┬╖┬╖┬╖┬╖┬╖┬╖┬╖
┬╖┬╖┬╖┬╖┬╖`  
prettier/prettier
310:21  Error: Replace `
┬╖┬╖┬╖┬╖┬╖┬╖┬╖┬╖┬╖┬╖┬╖┬╖
┬╖┬╖┬╖┬╖┬╖┬╖┬╖┬╖<span┬╖c
lassName={`${mono.classN
ame}┬╖text-[10px]┬╖track
ing-[0.1em]`}┬╖style={{┬
╖color:┬╖theme.videoText
Muted┬╖}}>0:30</span>` 
with `<spanΓÉìΓÅÄ┬╖┬╖┬╖┬
╖┬╖┬╖┬╖┬╖┬╖┬╖┬╖┬╖┬╖┬╖┬╖┬
╖┬╖┬╖┬╖┬╖┬╖┬╖className={
`${mono.className}┬╖text
-[10px]┬╖tracking-[0.1em
]`}ΓÉìΓÅÄ┬╖┬╖┬╖┬╖┬╖┬╖┬╖┬
╖┬╖┬╖┬╖┬╖┬╖┬╖┬╖┬╖┬╖┬╖┬╖┬
╖┬╖┬╖style={{┬╖color:┬╖t
heme.videoTextMuted┬╖}}>
`  prettier/prettier
311:23  Error: Replace `
┬╖┬╖┬╖┬╖┬╖┬╖┬╖┬╖┬╖┬╖┬╖┬╖
┬╖┬╖</div>ΓÉìΓÅÄ┬╖┬╖┬╖┬╖
┬╖┬╖┬╖┬╖┬╖┬╖┬╖┬╖┬╖┬╖┬╖┬╖
┬╖┬╖┬╖┬╖┬╖┬╖┬╖┬╖┬╖┬╖┬╖┬╖
┬╖┬╖┬╖┬╖</` with `0:30ΓÉ
ìΓÅÄ┬╖┬╖┬╖┬╖┬╖┬╖┬╖┬╖┬╖┬╖
┬╖┬╖┬╖┬╖┬╖┬╖┬╖┬╖┬╖┬╖</sp
an>ΓÉìΓÅÄ┬╖┬╖┬╖┬╖┬╖┬╖┬╖┬
╖┬╖┬╖┬╖┬╖┬╖┬╖┬╖┬╖┬╖┬╖</d
iv`  prettier/prettier
313:17  Error: Insert 
`</>ΓÉìΓÅÄ┬╖┬╖`  
prettier/prettier
314:1  Error: Replace `┬
╖┬╖┬╖┬╖┬╖┬╖┬╖┬╖┬╖┬╖┬╖┬╖┬
╖┬╖┬╖┬╖┬╖┬╖┬╖┬╖┬╖┬╖┬╖┬╖┬
╖┬╖┬╖┬╖┬╖┬╖┬╖┬╖` with `┬
╖┬╖┬╖┬╖┬╖┬╖┬╖┬╖┬╖┬╖┬╖┬╖┬
╖┬╖┬╖┬╖`  
prettier/prettier
315:1  Error: Delete `┬╖
┬╖┬╖┬╖┬╖┬╖┬╖┬╖┬╖┬╖┬╖┬╖┬╖
┬╖┬╖┬╖┬╖┬╖`  
prettier/prettier
316:1  Error: Replace `┬
╖┬╖┬╖┬╖┬╖┬╖┬╖┬╖┬╖┬╖┬╖┬╖┬
╖┬╖┬╖┬╖┬╖┬╖┬╖┬╖┬╖┬╖┬╖┬╖┬
╖┬╖┬╖┬╖┬╖┬╖┬╖┬╖┬╖┬╖┬╖┬╖`
 with `┬╖┬╖┬╖┬╖┬╖┬╖┬╖┬╖┬
╖┬╖┬╖┬╖┬╖┬╖┬╖┬╖┬╖┬╖`  
prettier/prettier
317:1  Error: Replace `┬
╖┬╖┬╖┬╖┬╖┬╖┬╖┬╖┬╖┬╖┬╖┬╖┬
╖┬╖┬╖┬╖┬╖┬╖┬╖┬╖┬╖┬╖┬╖┬╖┬
╖┬╖┬╖┬╖┬╖┬╖┬╖┬╖┬╖┬╖┬╖┬╖`
 with `┬╖┬╖┬╖┬╖┬╖┬╖┬╖┬╖┬
╖┬╖┬╖┬╖┬╖┬╖┬╖┬╖┬╖┬╖`  
prettier/prettier
318:19  Error: Delete `┬
╖┬╖┬╖┬╖┬╖┬╖┬╖┬╖┬╖┬╖┬╖┬╖┬
╖┬╖┬╖┬╖┬╖┬╖`  
prettier/prettier
319:1  Error: Replace `┬
╖┬╖┬╖┬╖┬╖┬╖┬╖┬╖┬╖┬╖┬╖┬╖┬
╖┬╖┬╖┬╖┬╖┬╖┬╖┬╖┬╖┬╖┬╖┬╖┬
╖┬╖┬╖┬╖┬╖┬╖┬╖┬╖┬╖┬╖┬╖┬╖`
 with `┬╖┬╖┬╖┬╖┬╖┬╖┬╖┬╖┬
╖┬╖┬╖┬╖┬╖┬╖┬╖┬╖┬╖┬╖`  
prettier/prettier
320:1  Error: Delete `┬╖
┬╖┬╖┬╖┬╖┬╖┬╖┬╖┬╖┬╖┬╖┬╖┬╖
┬╖┬╖┬╖┬╖┬╖`  
prettier/prettier
321:17  Error: Delete `┬
╖┬╖┬╖┬╖┬╖┬╖┬╖┬╖┬╖┬╖┬╖┬╖┬
╖┬╖┬╖┬╖`  
prettier/prettier
322:1  Error: Replace `┬
╖┬╖┬╖┬╖┬╖┬╖┬╖┬╖┬╖┬╖┬╖┬╖┬
╖┬╖┬╖┬╖┬╖┬╖┬╖┬╖┬╖┬╖┬╖┬╖┬
╖┬╖┬╖┬╖` with `┬╖┬╖┬╖┬╖┬
╖┬╖┬╖┬╖┬╖┬╖┬╖┬╖┬╖┬╖`  
prettier/prettier
323:1  Error: Replace `┬
╖┬╖┬╖┬╖┬╖┬╖┬╖┬╖┬╖┬╖┬╖┬╖┬
╖┬╖┬╖┬╖┬╖┬╖┬╖┬╖┬╖┬╖┬╖┬╖`
 with `┬╖┬╖┬╖┬╖┬╖┬╖┬╖┬╖┬
╖┬╖┬╖┬╖`  
prettier/prettier
324:1  Error: Replace `┬
╖┬╖┬╖┬╖┬╖┬╖┬╖┬╖┬╖┬╖┬╖┬╖┬
╖┬╖┬╖┬╖┬╖┬╖┬╖┬╖` with 
`┬╖┬╖┬╖┬╖┬╖┬╖┬╖┬╖┬╖┬╖`  
prettier/prettier
326:1  Error: Delete 
`┬╖┬╖┬╖┬╖┬╖┬╖┬╖┬╖┬╖┬╖`  
prettier/prettier
328:1  Error: Replace `┬
╖┬╖┬╖┬╖┬╖┬╖┬╖┬╖┬╖┬╖┬╖┬╖┬
╖┬╖┬╖┬╖┬╖┬╖┬╖┬╖` with 
`┬╖┬╖┬╖┬╖┬╖┬╖┬╖┬╖┬╖┬╖`  
prettier/prettier
331:11  Error: Delete 
`┬╖┬╖┬╖┬╖┬╖┬╖┬╖┬╖┬╖┬╖`  
prettier/prettier
332:1  Error: Delete `┬╖
┬╖┬╖┬╖┬╖┬╖┬╖┬╖┬╖┬╖┬╖┬╖` 
 prettier/prettier
333:1  Error: Replace `┬
╖┬╖┬╖┬╖┬╖┬╖┬╖┬╖┬╖┬╖┬╖┬╖┬
╖┬╖┬╖┬╖┬╖┬╖┬╖┬╖┬╖┬╖┬╖┬╖<
div┬╖className="hidden┬╖
lg:grid┬╖grid-cols-[1fr,
380px,1fr]┬╖items-center
┬╖gap-0` with `┬╖┬╖┬╖┬╖┬
╖┬╖┬╖┬╖┬╖┬╖┬╖┬╖<div┬╖cla
ssName="hidden┬╖grid-col
s-[1fr,380px,1fr]┬╖items
-center┬╖gap-0┬╖lg:grid`
  prettier/prettier
334:1  Error: Replace `┬
╖┬╖┬╖┬╖┬╖┬╖┬╖┬╖┬╖┬╖┬╖┬╖┬
╖┬╖┬╖┬╖┬╖┬╖┬╖┬╖┬╖┬╖┬╖┬╖┬
╖┬╖┬╖┬╖` with `┬╖┬╖┬╖┬╖┬
╖┬╖┬╖┬╖┬╖┬╖┬╖┬╖┬╖┬╖`  
prettier/prettier
335:1  Error: Delete `┬╖
┬╖┬╖┬╖┬╖┬╖┬╖┬╖┬╖┬╖┬╖┬╖┬╖
┬╖`  prettier/prettier
336:1  Error: Replace `┬
╖┬╖┬╖┬╖┬╖┬╖┬╖┬╖┬╖┬╖┬╖┬╖┬
╖┬╖┬╖┬╖┬╖┬╖┬╖┬╖┬╖┬╖┬╖┬╖┬
╖┬╖┬╖┬╖┬╖┬╖┬╖┬╖` with `┬
╖┬╖┬╖┬╖┬╖┬╖┬╖┬╖┬╖┬╖┬╖┬╖┬
╖┬╖┬╖┬╖`  
prettier/prettier
337:1  Error: Replace `┬
╖┬╖┬╖┬╖┬╖┬╖┬╖┬╖┬╖┬╖┬╖┬╖┬
╖┬╖┬╖┬╖┬╖┬╖┬╖┬╖┬╖┬╖┬╖┬╖┬
╖┬╖┬╖┬╖┬╖┬╖┬╖┬╖┬╖┬╖┬╖┬╖`
 with `┬╖┬╖┬╖┬╖┬╖┬╖┬╖┬╖┬
╖┬╖┬╖┬╖┬╖┬╖┬╖┬╖┬╖┬╖`  
prettier/prettier
338:1  Error: Replace `┬
╖┬╖┬╖┬╖┬╖┬╖┬╖┬╖┬╖┬╖┬╖┬╖┬
╖┬╖┬╖┬╖┬╖┬╖┬╖┬╖┬╖┬╖┬╖┬╖┬
╖┬╖┬╖┬╖┬╖┬╖┬╖┬╖┬╖┬╖┬╖┬╖<
p┬╖className="text-[15px
]┬╖opacity-50┬╖mt-1┬╖max
-w-[180px]┬╖leading-rela
xed">Reddit,┬╖HN,┬╖Lobst
ers,┬╖keywords</p>` 
with `┬╖┬╖┬╖┬╖┬╖┬╖┬╖┬╖┬╖
┬╖┬╖┬╖┬╖┬╖┬╖┬╖┬╖┬╖<p┬╖cl
assName="mt-1┬╖max-w-[18
0px]┬╖text-[15px]┬╖leadi
ng-relaxed┬╖opacity-50">
ΓÉìΓÅÄ┬╖┬╖┬╖┬╖┬╖┬╖┬╖┬╖┬╖
┬╖┬╖┬╖┬╖┬╖┬╖┬╖┬╖┬╖┬╖┬╖Re
ddit,┬╖HN,┬╖Lobsters,┬╖k
eywords`  
prettier/prettier
339:19  Error: Insert 
`</p>ΓÉìΓÅÄ┬╖┬╖`  
prettier/prettier
340:1  Error: Replace `┬
╖┬╖┬╖┬╖┬╖┬╖┬╖┬╖┬╖┬╖┬╖┬╖┬
╖┬╖┬╖┬╖┬╖┬╖┬╖┬╖┬╖┬╖┬╖┬╖┬
╖┬╖┬╖┬╖┬╖┬╖┬╖┬╖<div┬╖cla
ssName="flex-1┬╖h-px┬╖ml
-4` with `┬╖┬╖┬╖┬╖┬╖┬╖┬╖
┬╖┬╖┬╖┬╖┬╖┬╖┬╖┬╖┬╖<div┬╖
className="ml-4┬╖h-px┬╖f
lex-1`  
prettier/prettier
341:17  Error: Replace `
┬╖┬╖┬╖┬╖┬╖┬╖┬╖┬╖┬╖┬╖┬╖┬╖
┬╖┬╖┬╖┬╖<span┬╖className
="w-1.5┬╖h-1.5┬╖rounded-
full┬╖shrink-0` with `<s
pan┬╖className="h-1.5┬╖w
-1.5┬╖shrink-0┬╖rounded-
full`  prettier/prettier
342:15  Error: Delete `┬
╖┬╖┬╖┬╖┬╖┬╖┬╖┬╖┬╖┬╖┬╖┬╖┬
╖┬╖`  prettier/prettier
344:1  Error: Replace `┬
╖┬╖┬╖┬╖┬╖┬╖┬╖┬╖┬╖┬╖┬╖┬╖┬
╖┬╖┬╖┬╖┬╖┬╖┬╖┬╖┬╖┬╖┬╖┬╖┬
╖┬╖┬╖┬╖` with `┬╖┬╖┬╖┬╖┬
╖┬╖┬╖┬╖┬╖┬╖┬╖┬╖┬╖┬╖`  
prettier/prettier
345:15  Error: Replace `
┬╖┬╖┬╖┬╖┬╖┬╖┬╖┬╖┬╖┬╖┬╖┬╖
┬╖┬╖<div┬╖className="row
-span-3┬╖mx-2┬╖p-5┬╖roun
ded-lg"` with `<divΓÉìΓÅ
Ä┬╖┬╖┬╖┬╖┬╖┬╖┬╖┬╖┬╖┬╖┬╖┬
╖┬╖┬╖┬╖┬╖className="row-
span-3┬╖mx-2┬╖rounded-lg
┬╖p-5"ΓÉìΓÅÄ┬╖┬╖┬╖┬╖┬╖┬╖
┬╖┬╖┬╖┬╖┬╖┬╖┬╖┬╖┬╖`  
prettier/prettier
346:17  Error: Replace `
┬╖┬╖┬╖┬╖┬╖┬╖┬╖┬╖┬╖┬╖┬╖┬╖
┬╖┬╖┬╖┬╖<div┬╖className=
"flex┬╖items-center┬╖gap
-2┬╖mb-3` with `<div┬╖cl
assName="mb-3┬╖flex┬╖ite
ms-center┬╖gap-2`  
prettier/prettier
347:1  Error: Replace `┬
╖┬╖┬╖┬╖┬╖┬╖┬╖┬╖┬╖┬╖┬╖┬╖┬
╖┬╖┬╖┬╖┬╖┬╖┬╖┬╖┬╖┬╖┬╖┬╖┬
╖┬╖┬╖┬╖┬╖┬╖┬╖┬╖┬╖┬╖┬╖┬╖<
span┬╖className="w-2┬╖h`
 with `┬╖┬╖┬╖┬╖┬╖┬╖┬╖┬╖┬
╖┬╖┬╖┬╖┬╖┬╖┬╖┬╖┬╖┬╖<span
┬╖className="h-2┬╖w`  
prettier/prettier
348:1  Error: Delete `┬╖
┬╖┬╖┬╖┬╖┬╖┬╖┬╖┬╖┬╖┬╖┬╖┬╖
┬╖┬╖┬╖┬╖┬╖`  
prettier/prettier
349:1  Error: Replace `┬
╖┬╖┬╖┬╖┬╖┬╖┬╖┬╖┬╖┬╖┬╖┬╖┬
╖┬╖┬╖┬╖┬╖┬╖┬╖┬╖┬╖┬╖┬╖┬╖┬
╖┬╖┬╖┬╖┬╖┬╖┬╖┬╖` with `┬
╖┬╖┬╖┬╖┬╖┬╖┬╖┬╖┬╖┬╖┬╖┬╖┬
╖┬╖┬╖┬╖`  
prettier/prettier
350:1  Error: Replace `┬
╖┬╖┬╖┬╖┬╖┬╖┬╖┬╖┬╖┬╖┬╖┬╖┬
╖┬╖┬╖┬╖┬╖┬╖┬╖┬╖┬╖┬╖┬╖┬╖┬
╖┬╖┬╖┬╖┬╖┬╖┬╖┬╖<p┬╖class
Name={`${space.className
}┬╖text-[16px]┬╖font-sem
ibold┬╖leading-snug┬╖mb-
2` with `┬╖┬╖┬╖┬╖┬╖┬╖┬╖┬
╖┬╖┬╖┬╖┬╖┬╖┬╖┬╖┬╖<p┬╖cla
ssName={`${space.classNa
me}┬╖mb-2┬╖text-[16px]┬╖
font-semibold┬╖leading-s
nug`  prettier/prettier
351:1  Error: Delete `┬╖
┬╖┬╖┬╖┬╖┬╖┬╖┬╖┬╖┬╖┬╖┬╖┬╖
┬╖┬╖┬╖┬╖┬╖`  
prettier/prettier
352:1  Error: Replace `┬
╖┬╖┬╖┬╖┬╖┬╖┬╖┬╖┬╖┬╖┬╖┬╖┬
╖┬╖┬╖┬╖┬╖┬╖┬╖┬╖┬╖┬╖┬╖┬╖┬
╖┬╖┬╖┬╖┬╖┬╖┬╖┬╖` with `┬
╖┬╖┬╖┬╖┬╖┬╖┬╖┬╖┬╖┬╖┬╖┬╖┬
╖┬╖┬╖┬╖`  
prettier/prettier
353:1  Error: Replace `┬
╖┬╖┬╖┬╖┬╖┬╖┬╖┬╖┬╖┬╖┬╖┬╖┬
╖┬╖┬╖┬╖┬╖┬╖┬╖┬╖┬╖┬╖┬╖┬╖┬
╖┬╖┬╖┬╖┬╖┬╖┬╖┬╖<p┬╖class
Name={`${mono.className}
┬╖text-[10px]┬╖opacity-3
0┬╖mb-4` with `┬╖┬╖┬╖┬╖┬
╖┬╖┬╖┬╖┬╖┬╖┬╖┬╖┬╖┬╖┬╖┬╖<
p┬╖className={`${mono.cl
assName}┬╖mb-4┬╖text-[10
px]┬╖opacity-30`  
prettier/prettier
354:1  Error: Delete `┬╖
┬╖┬╖┬╖┬╖┬╖┬╖┬╖┬╖┬╖┬╖┬╖┬╖
┬╖┬╖┬╖┬╖┬╖`  
prettier/prettier
355:1  Error: Replace `┬
╖┬╖┬╖┬╖┬╖┬╖┬╖┬╖┬╖┬╖┬╖┬╖┬
╖┬╖┬╖┬╖┬╖┬╖┬╖┬╖┬╖┬╖┬╖┬╖┬
╖┬╖┬╖┬╖┬╖┬╖┬╖┬╖` with `┬
╖┬╖┬╖┬╖┬╖┬╖┬╖┬╖┬╖┬╖┬╖┬╖┬
╖┬╖┬╖┬╖`  
prettier/prettier
356:1  Error: Replace `┬
╖┬╖┬╖┬╖┬╖┬╖┬╖┬╖┬╖┬╖┬╖┬╖┬
╖┬╖┬╖┬╖┬╖┬╖┬╖┬╖┬╖┬╖┬╖┬╖┬
╖┬╖┬╖┬╖┬╖┬╖┬╖┬╖<div┬╖cla
ssName="pt-3┬╖space-y-1.
5` with `┬╖┬╖┬╖┬╖┬╖┬╖┬╖┬
╖┬╖┬╖┬╖┬╖┬╖┬╖┬╖┬╖<div┬╖c
lassName="space-y-1.5┬╖p
t-3`  prettier/prettier
357:19  Error: Replace `
┬╖┬╖┬╖┬╖┬╖┬╖┬╖┬╖┬╖┬╖┬╖┬╖
┬╖┬╖┬╖┬╖┬╖┬╖{['User┬╖sen
ds┬╖$500/mo,┬╖frustrated
┬╖with┬╖7%┬╖fees',┬╖'Com
paring┬╖Wise,┬╖Remitly,┬
╖crypto┬╖options',┬╖'Thr
ead┬╖gaining┬╖traction┬╖
ΓÇö┬╖5┬╖new┬╖comments/hr
'].map((b,┬╖i)┬╖=>┬╖(` 
with `{[ΓÉìΓÅÄ┬╖┬╖┬╖┬╖┬╖
┬╖┬╖┬╖┬╖┬╖┬╖┬╖┬╖┬╖┬╖┬╖┬╖
┬╖┬╖┬╖'User┬╖sends┬╖$500
/mo,┬╖frustrated┬╖with┬╖
7%┬╖fees',ΓÉìΓÅÄ┬╖┬╖┬╖┬╖
┬╖┬╖┬╖┬╖┬╖┬╖┬╖┬╖┬╖┬╖┬╖┬╖
┬╖┬╖┬╖┬╖'Comparing┬╖Wise
,┬╖Remitly,┬╖crypto┬╖opt
ions',ΓÉìΓÅÄ┬╖┬╖┬╖┬╖┬╖┬╖
┬╖┬╖┬╖┬╖┬╖┬╖┬╖┬╖┬╖┬╖┬╖┬╖
┬╖┬╖'Thread┬╖gaining┬╖tr
action┬╖ΓÇö┬╖5┬╖new┬╖com
ments/hr',`  
prettier/prettier
358:19  Error: Replace `
┬╖┬╖┬╖┬╖┬╖┬╖┬╖┬╖┬╖┬╖┬╖┬╖
┬╖┬╖┬╖┬╖┬╖┬╖┬╖┬╖┬╖┬╖<p┬╖
key={i}┬╖className="text
-[15px]┬╖opacity-55┬╖lea
ding-relaxed┬╖flex┬╖item
s-start┬╖gap-2` with `].
map((b,┬╖i)┬╖=>┬╖(ΓÉìΓÅÄ
┬╖┬╖┬╖┬╖┬╖┬╖┬╖┬╖┬╖┬╖┬╖┬╖
┬╖┬╖┬╖┬╖┬╖┬╖┬╖┬╖<p┬╖key=
{i}┬╖className="flex┬╖it
ems-start┬╖gap-2┬╖text-[
15px]┬╖leading-relaxed┬╖
opacity-55`  
prettier/prettier
359:1  Error: Delete `┬╖
┬╖┬╖┬╖┬╖┬╖┬╖┬╖┬╖┬╖┬╖┬╖┬╖
┬╖┬╖┬╖┬╖┬╖┬╖┬╖┬╖┬╖`  
prettier/prettier
360:1  Error: Replace `┬
╖┬╖┬╖┬╖┬╖┬╖┬╖┬╖┬╖┬╖┬╖┬╖┬
╖┬╖┬╖┬╖┬╖┬╖┬╖┬╖┬╖┬╖┬╖┬╖┬
╖┬╖┬╖┬╖┬╖┬╖┬╖┬╖┬╖┬╖┬╖┬╖┬
╖┬╖┬╖┬╖` with `┬╖┬╖┬╖┬╖┬
╖┬╖┬╖┬╖┬╖┬╖┬╖┬╖┬╖┬╖┬╖┬╖┬
╖┬╖┬╖┬╖`  
prettier/prettier
361:1  Error: Replace `┬
╖┬╖┬╖┬╖┬╖┬╖┬╖┬╖┬╖┬╖┬╖┬╖┬
╖┬╖┬╖┬╖┬╖┬╖┬╖┬╖┬╖┬╖┬╖┬╖┬
╖┬╖┬╖┬╖┬╖┬╖┬╖┬╖┬╖┬╖┬╖┬╖`
 with `┬╖┬╖┬╖┬╖┬╖┬╖┬╖┬╖┬
╖┬╖┬╖┬╖┬╖┬╖┬╖┬╖┬╖┬╖`  
prettier/prettier
362:1  Error: Replace `┬
╖┬╖┬╖┬╖┬╖┬╖┬╖┬╖┬╖┬╖┬╖┬╖┬
╖┬╖┬╖┬╖┬╖┬╖┬╖┬╖┬╖┬╖┬╖┬╖┬
╖┬╖┬╖┬╖┬╖┬╖┬╖┬╖` with `┬
╖┬╖┬╖┬╖┬╖┬╖┬╖┬╖┬╖┬╖┬╖┬╖┬
╖┬╖┬╖┬╖`  
prettier/prettier
363:1  Error: Replace `┬
╖┬╖┬╖┬╖┬╖┬╖┬╖┬╖┬╖┬╖┬╖┬╖┬
╖┬╖┬╖┬╖┬╖┬╖┬╖┬╖┬╖┬╖┬╖┬╖┬
╖┬╖┬╖┬╖┬╖┬╖┬╖┬╖<div┬╖cla
ssName="pt-3┬╖m` with `┬
╖┬╖┬╖┬╖┬╖┬╖┬╖┬╖┬╖┬╖┬╖┬╖┬
╖┬╖┬╖┬╖<div┬╖className="
mt-3┬╖p`  
prettier/prettier
364:1  Error: Delete `┬╖
┬╖┬╖┬╖┬╖┬╖┬╖┬╖┬╖┬╖┬╖┬╖┬╖
┬╖┬╖┬╖┬╖┬╖`  
prettier/prettier
365:1  Error: Replace `┬
╖┬╖┬╖┬╖┬╖┬╖┬╖┬╖┬╖┬╖┬╖┬╖┬
╖┬╖┬╖┬╖┬╖┬╖┬╖┬╖┬╖┬╖┬╖┬╖┬
╖┬╖┬╖┬╖┬╖┬╖┬╖┬╖┬╖┬╖┬╖┬╖<
p┬╖className="text-[15px
]┬╖opacity-60┬╖mt-1┬╖ita
lic┬╖leading-relaxed` 
with `┬╖┬╖┬╖┬╖┬╖┬╖┬╖┬╖┬╖
┬╖┬╖┬╖┬╖┬╖┬╖┬╖┬╖┬╖<p┬╖cl
assName="mt-1┬╖text-[15p
x]┬╖italic┬╖leading-rela
xed┬╖opacity-60`  
prettier/prettier
366:1  Error: Delete `┬╖
┬╖┬╖┬╖┬╖┬╖┬╖┬╖┬╖┬╖┬╖┬╖┬╖
┬╖┬╖┬╖┬╖┬╖┬╖┬╖`  
prettier/prettier
367:19  Error: Delete `┬
╖┬╖┬╖┬╖┬╖┬╖┬╖┬╖┬╖┬╖┬╖┬╖┬
╖┬╖┬╖┬╖┬╖┬╖`  
prettier/prettier
368:1  Error: Replace `┬
╖┬╖┬╖┬╖┬╖┬╖┬╖┬╖┬╖┬╖┬╖┬╖┬
╖┬╖┬╖┬╖┬╖┬╖┬╖┬╖┬╖┬╖┬╖┬╖┬
╖┬╖┬╖┬╖┬╖┬╖┬╖┬╖` with `┬
╖┬╖┬╖┬╖┬╖┬╖┬╖┬╖┬╖┬╖┬╖┬╖┬
╖┬╖┬╖┬╖`  
prettier/prettier
369:1  Error: Replace `┬
╖┬╖┬╖┬╖┬╖┬╖┬╖┬╖┬╖┬╖┬╖┬╖┬
╖┬╖┬╖┬╖┬╖┬╖┬╖┬╖┬╖┬╖┬╖┬╖┬
╖┬╖┬╖┬╖` with `┬╖┬╖┬╖┬╖┬
╖┬╖┬╖┬╖┬╖┬╖┬╖┬╖┬╖┬╖`  
prettier/prettier
371:1  Error: Replace `┬
╖┬╖┬╖┬╖┬╖┬╖┬╖┬╖┬╖┬╖┬╖┬╖┬
╖┬╖┬╖┬╖┬╖┬╖┬╖┬╖┬╖┬╖┬╖┬╖┬
╖┬╖┬╖┬╖` with `┬╖┬╖┬╖┬╖┬
╖┬╖┬╖┬╖┬╖┬╖┬╖┬╖┬╖┬╖`  
prettier/prettier
372:1  Error: Delete `┬╖
┬╖┬╖┬╖┬╖┬╖┬╖┬╖┬╖┬╖┬╖┬╖┬╖
┬╖`  prettier/prettier
373:1  Error: Replace `┬
╖┬╖┬╖┬╖┬╖┬╖┬╖┬╖┬╖┬╖┬╖┬╖┬
╖┬╖┬╖┬╖┬╖┬╖┬╖┬╖┬╖┬╖┬╖┬╖┬
╖┬╖┬╖┬╖┬╖┬╖┬╖┬╖<span┬╖cl
assName="w-1.5┬╖h-1.5┬╖r
ounded-full┬╖shrink-0` 
with `┬╖┬╖┬╖┬╖┬╖┬╖┬╖┬╖┬╖
┬╖┬╖┬╖┬╖┬╖┬╖┬╖<span┬╖cla
ssName="h-1.5┬╖w-1.5┬╖sh
rink-0┬╖rounded-full`  
prettier/prettier
374:1  Error: Replace `┬
╖┬╖┬╖┬╖┬╖┬╖┬╖┬╖┬╖┬╖┬╖┬╖┬
╖┬╖┬╖┬╖┬╖┬╖┬╖┬╖┬╖┬╖┬╖┬╖┬
╖┬╖┬╖┬╖┬╖┬╖┬╖┬╖<div┬╖cla
ssName="flex-1┬╖h-px┬╖mr
-4` with `┬╖┬╖┬╖┬╖┬╖┬╖┬╖
┬╖┬╖┬╖┬╖┬╖┬╖┬╖┬╖┬╖<div┬╖
className="mr-4┬╖h-px┬╖f
lex-1`  
prettier/prettier
375:1  Error: Replace `┬
╖┬╖┬╖┬╖┬╖┬╖┬╖┬╖┬╖┬╖┬╖┬╖┬
╖┬╖┬╖┬╖┬╖┬╖┬╖┬╖┬╖┬╖┬╖┬╖┬
╖┬╖┬╖┬╖┬╖┬╖┬╖┬╖` with `┬
╖┬╖┬╖┬╖┬╖┬╖┬╖┬╖┬╖┬╖┬╖┬╖┬
╖┬╖┬╖┬╖`  
prettier/prettier
376:1  Error: Delete `┬╖
┬╖┬╖┬╖┬╖┬╖┬╖┬╖┬╖┬╖┬╖┬╖┬╖
┬╖┬╖┬╖┬╖┬╖`  
prettier/prettier
377:19  Error: Replace `
┬╖┬╖┬╖┬╖┬╖┬╖┬╖┬╖┬╖┬╖┬╖┬╖
┬╖┬╖┬╖┬╖┬╖┬╖<p┬╖classNam
e="text-[15px]┬╖opacity-
50┬╖mt-1┬╖max-w-[180px]┬
╖ml-auto┬╖leading-relaxe
d">noise,┬╖spam,┬╖duplic
ates,┬╖low┬╖intent</p>` 
with `<p┬╖className="ml-
auto┬╖mt-1┬╖max-w-[180px
]┬╖text-[15px]┬╖leading-
relaxed┬╖opacity-50">ΓÉì
ΓÅÄ┬╖┬╖┬╖┬╖┬╖┬╖┬╖┬╖┬╖┬╖┬
╖┬╖┬╖┬╖┬╖┬╖┬╖┬╖┬╖┬╖noise
,┬╖spam,┬╖duplicates,┬╖l
ow┬╖intent`  
prettier/prettier
378:19  Error: Insert 
`</p>ΓÉìΓÅÄ┬╖┬╖`  
prettier/prettier
379:1  Error: Replace `┬
╖┬╖┬╖┬╖┬╖┬╖┬╖┬╖┬╖┬╖┬╖┬╖┬
╖┬╖┬╖┬╖┬╖┬╖┬╖┬╖┬╖┬╖┬╖┬╖┬
╖┬╖┬╖┬╖` with `┬╖┬╖┬╖┬╖┬
╖┬╖┬╖┬╖┬╖┬╖┬╖┬╖┬╖┬╖`  
prettier/prettier
381:15  Error: Replace `
┬╖┬╖┬╖┬╖┬╖┬╖┬╖┬╖┬╖┬╖┬╖┬╖
┬╖┬╖<div┬╖/><div┬╖/>` 
with `<div┬╖/>ΓÉìΓÅÄ┬╖┬╖
┬╖┬╖┬╖┬╖┬╖┬╖┬╖┬╖┬╖┬╖┬╖┬╖
<div┬╖/>`  
prettier/prettier
383:1  Error: Replace `┬
╖┬╖┬╖┬╖┬╖┬╖┬╖┬╖┬╖┬╖┬╖┬╖┬
╖┬╖┬╖┬╖┬╖┬╖┬╖┬╖┬╖┬╖┬╖┬╖┬
╖┬╖┬╖┬╖` with `┬╖┬╖┬╖┬╖┬
╖┬╖┬╖┬╖┬╖┬╖┬╖┬╖┬╖┬╖`  
prettier/prettier
384:1  Error: Replace `┬
╖┬╖┬╖┬╖┬╖┬╖┬╖┬╖┬╖┬╖┬╖┬╖┬
╖┬╖┬╖┬╖┬╖┬╖┬╖┬╖┬╖┬╖┬╖┬╖┬
╖┬╖┬╖┬╖` with `┬╖┬╖┬╖┬╖┬
╖┬╖┬╖┬╖┬╖┬╖┬╖┬╖┬╖┬╖`  
prettier/prettier
385:17  Error: Delete `┬
╖┬╖┬╖┬╖┬╖┬╖┬╖┬╖┬╖┬╖┬╖┬╖┬
╖┬╖┬╖┬╖`  
prettier/prettier
386:1  Error: Replace `┬
╖┬╖┬╖┬╖┬╖┬╖┬╖┬╖┬╖┬╖┬╖┬╖┬
╖┬╖┬╖┬╖┬╖┬╖┬╖┬╖┬╖┬╖┬╖┬╖┬
╖┬╖┬╖┬╖┬╖┬╖┬╖┬╖┬╖┬╖┬╖┬╖`
 with `┬╖┬╖┬╖┬╖┬╖┬╖┬╖┬╖┬
╖┬╖┬╖┬╖┬╖┬╖┬╖┬╖┬╖┬╖`  
prettier/prettier
387:1  Error: Replace `┬
╖┬╖┬╖┬╖┬╖┬╖┬╖┬╖┬╖┬╖┬╖┬╖┬
╖┬╖┬╖┬╖┬╖┬╖┬╖┬╖┬╖┬╖┬╖┬╖┬
╖┬╖┬╖┬╖┬╖┬╖┬╖┬╖┬╖┬╖┬╖┬╖<
p┬╖className="text-[15px
]┬╖opacity-50┬╖mt-1┬╖max
-w-[180px]┬╖leading-rela
xed">Telegram┬╖alerts,┬╖
daily┬╖digest</p>` with 
`┬╖┬╖┬╖┬╖┬╖┬╖┬╖┬╖┬╖┬╖┬╖┬
╖┬╖┬╖┬╖┬╖┬╖┬╖<p┬╖classNa
me="mt-1┬╖max-w-[180px]┬
╖text-[15px]┬╖leading-re
laxed┬╖opacity-50">ΓÉìΓÅ
Ä┬╖┬╖┬╖┬╖┬╖┬╖┬╖┬╖┬╖┬╖┬╖┬
╖┬╖┬╖┬╖┬╖┬╖┬╖┬╖┬╖Telegra
m┬╖alerts,┬╖daily┬╖diges
t`  prettier/prettier
388:19  Error: Insert 
`</p>ΓÉìΓÅÄ┬╖┬╖`  
prettier/prettier
389:1  Error: Replace `┬
╖┬╖┬╖┬╖┬╖┬╖┬╖┬╖┬╖┬╖┬╖┬╖┬
╖┬╖┬╖┬╖┬╖┬╖┬╖┬╖┬╖┬╖┬╖┬╖┬
╖┬╖┬╖┬╖┬╖┬╖┬╖┬╖<div┬╖cla
ssName="flex-1┬╖h-px┬╖ml
-4` with `┬╖┬╖┬╖┬╖┬╖┬╖┬╖
┬╖┬╖┬╖┬╖┬╖┬╖┬╖┬╖┬╖<div┬╖
className="ml-4┬╖h-px┬╖f
lex-1`  
prettier/prettier
390:1  Error: Replace `┬
╖┬╖┬╖┬╖┬╖┬╖┬╖┬╖┬╖┬╖┬╖┬╖┬
╖┬╖┬╖┬╖┬╖┬╖┬╖┬╖┬╖┬╖┬╖┬╖┬
╖┬╖┬╖┬╖┬╖┬╖┬╖┬╖<span┬╖cl
assName="w-1.5┬╖h-1.5┬╖r
ounded-full┬╖shrink-0` 
with `┬╖┬╖┬╖┬╖┬╖┬╖┬╖┬╖┬╖
┬╖┬╖┬╖┬╖┬╖┬╖┬╖<span┬╖cla
ssName="h-1.5┬╖w-1.5┬╖sh
rink-0┬╖rounded-full`  
prettier/prettier
391:1  Error: Replace `┬
╖┬╖┬╖┬╖┬╖┬╖┬╖┬╖┬╖┬╖┬╖┬╖┬
╖┬╖┬╖┬╖┬╖┬╖┬╖┬╖┬╖┬╖┬╖┬╖┬
╖┬╖┬╖┬╖` with `┬╖┬╖┬╖┬╖┬
╖┬╖┬╖┬╖┬╖┬╖┬╖┬╖┬╖┬╖`  
prettier/prettier
393:1  Error: Delete `┬╖
┬╖┬╖┬╖┬╖┬╖┬╖┬╖┬╖┬╖┬╖┬╖┬╖
┬╖`  prettier/prettier
394:1  Error: Replace `┬
╖┬╖┬╖┬╖┬╖┬╖┬╖┬╖┬╖┬╖┬╖┬╖┬
╖┬╖┬╖┬╖┬╖┬╖┬╖┬╖┬╖┬╖┬╖┬╖┬
╖┬╖┬╖┬╖` with `┬╖┬╖┬╖┬╖┬
╖┬╖┬╖┬╖┬╖┬╖┬╖┬╖┬╖┬╖`  
prettier/prettier
395:17  Error: Replace `
┬╖┬╖┬╖┬╖┬╖┬╖┬╖┬╖┬╖┬╖┬╖┬╖
┬╖┬╖┬╖┬╖<span┬╖className
="w-1.5┬╖h-1.5┬╖rounded-
full┬╖shrink-0` with `<s
pan┬╖className="h-1.5┬╖w
-1.5┬╖shrink-0┬╖rounded-
full`  prettier/prettier
396:1  Error: Replace `┬
╖┬╖┬╖┬╖┬╖┬╖┬╖┬╖┬╖┬╖┬╖┬╖┬
╖┬╖┬╖┬╖┬╖┬╖┬╖┬╖┬╖┬╖┬╖┬╖┬
╖┬╖┬╖┬╖┬╖┬╖┬╖┬╖<div┬╖cla
ssName="flex-1┬╖h-px┬╖mr
-4` with `┬╖┬╖┬╖┬╖┬╖┬╖┬╖
┬╖┬╖┬╖┬╖┬╖┬╖┬╖┬╖┬╖<div┬╖
className="mr-4┬╖h-px┬╖f
lex-1`  
prettier/prettier
397:1  Error: Replace `┬
╖┬╖┬╖┬╖┬╖┬╖┬╖┬╖┬╖┬╖┬╖┬╖┬
╖┬╖┬╖┬╖┬╖┬╖┬╖┬╖┬╖┬╖┬╖┬╖┬
╖┬╖┬╖┬╖┬╖┬╖┬╖┬╖` with `┬
╖┬╖┬╖┬╖┬╖┬╖┬╖┬╖┬╖┬╖┬╖┬╖┬
╖┬╖┬╖┬╖`  
prettier/prettier
398:19  Error: Delete `┬
╖┬╖┬╖┬╖┬╖┬╖┬╖┬╖┬╖┬╖┬╖┬╖┬
╖┬╖┬╖┬╖┬╖┬╖`  
prettier/prettier
399:1  Error: Replace `┬
╖┬╖┬╖┬╖┬╖┬╖┬╖┬╖┬╖┬╖┬╖┬╖┬
╖┬╖┬╖┬╖┬╖┬╖┬╖┬╖┬╖┬╖┬╖┬╖┬
╖┬╖┬╖┬╖┬╖┬╖┬╖┬╖┬╖┬╖┬╖┬╖<
p┬╖className="text-[15px
]┬╖opacity-50┬╖mt-1┬╖max
-w-[180px]┬╖ml-auto┬╖lea
ding-relaxed">ask,┬╖repl
y,┬╖decide┬╖next┬╖steps<
/p>` with `┬╖┬╖┬╖┬╖┬╖┬╖┬
╖┬╖┬╖┬╖┬╖┬╖┬╖┬╖┬╖┬╖┬╖┬╖<
p┬╖className="ml-auto┬╖m
t-1┬╖max-w-[180px]┬╖text
-[15px]┬╖leading-relaxed
┬╖opacity-50">ΓÉìΓÅÄ┬╖┬╖
┬╖┬╖┬╖┬╖┬╖┬╖┬╖┬╖┬╖┬╖┬╖┬╖
┬╖┬╖┬╖┬╖┬╖┬╖ask,┬╖reply,
┬╖decide┬╖next┬╖steps`  
prettier/prettier
400:19  Error: Replace `
┬╖┬╖┬╖┬╖┬╖┬╖┬╖┬╖┬╖┬╖┬╖┬╖
┬╖┬╖` with `</p>ΓÉìΓÅÄ┬╖
┬╖┬╖┬╖┬╖┬╖┬╖┬╖┬╖┬╖┬╖┬╖┬╖
┬╖┬╖┬╖`  
prettier/prettier
401:1  Error: Replace `┬
╖┬╖┬╖┬╖┬╖┬╖┬╖┬╖┬╖┬╖┬╖┬╖┬
╖┬╖┬╖┬╖┬╖┬╖┬╖┬╖┬╖┬╖┬╖┬╖┬
╖┬╖┬╖┬╖` with `┬╖┬╖┬╖┬╖┬
╖┬╖┬╖┬╖┬╖┬╖┬╖┬╖┬╖┬╖`  
prettier/prettier
402:1  Error: Replace `┬
╖┬╖┬╖┬╖┬╖┬╖┬╖┬╖┬╖┬╖┬╖┬╖┬
╖┬╖┬╖┬╖┬╖┬╖┬╖┬╖┬╖┬╖┬╖┬╖`
 with `┬╖┬╖┬╖┬╖┬╖┬╖┬╖┬╖┬
╖┬╖┬╖┬╖`  
prettier/prettier
404:1  Error: Replace `┬
╖┬╖┬╖┬╖┬╖┬╖┬╖┬╖┬╖┬╖┬╖┬╖┬
╖┬╖┬╖┬╖┬╖┬╖┬╖┬╖┬╖┬╖┬╖┬╖`
 with `┬╖┬╖┬╖┬╖┬╖┬╖┬╖┬╖┬
╖┬╖┬╖┬╖`  
prettier/prettier
405:1  Error: Replace `┬
╖┬╖┬╖┬╖┬╖┬╖┬╖┬╖┬╖┬╖┬╖┬╖┬
╖┬╖┬╖┬╖┬╖┬╖┬╖┬╖┬╖┬╖┬╖┬╖`
 with `┬╖┬╖┬╖┬╖┬╖┬╖┬╖┬╖┬
╖┬╖┬╖┬╖`  
prettier/prettier
406:15  Error: Replace `
┬╖┬╖┬╖┬╖┬╖┬╖┬╖┬╖┬╖┬╖┬╖┬╖
┬╖┬╖<div┬╖className="p-5
┬╖rounded-lg┬╖mb-8"` 
with `<divΓÉìΓÅÄ┬╖┬╖┬╖┬╖
┬╖┬╖┬╖┬╖┬╖┬╖┬╖┬╖┬╖┬╖┬╖┬╖
className="mb-8┬╖rounded
-lg┬╖p-5"ΓÉìΓÅÄ┬╖┬╖┬╖┬╖┬
╖┬╖┬╖┬╖┬╖┬╖┬╖┬╖┬╖┬╖┬╖`  
prettier/prettier
407:17  Error: Replace `
┬╖┬╖┬╖┬╖┬╖┬╖┬╖┬╖┬╖┬╖┬╖┬╖
┬╖┬╖┬╖┬╖<div┬╖className=
"flex┬╖items-center┬╖gap
-2┬╖mb-3` with `<div┬╖cl
assName="mb-3┬╖flex┬╖ite
ms-center┬╖gap-2`  
prettier/prettier
408:1  Error: Replace `┬
╖┬╖┬╖┬╖┬╖┬╖┬╖┬╖┬╖┬╖┬╖┬╖┬
╖┬╖┬╖┬╖┬╖┬╖┬╖┬╖┬╖┬╖┬╖┬╖┬
╖┬╖┬╖┬╖┬╖┬╖┬╖┬╖┬╖┬╖┬╖┬╖<
span┬╖className="w-2┬╖h`
 with `┬╖┬╖┬╖┬╖┬╖┬╖┬╖┬╖┬
╖┬╖┬╖┬╖┬╖┬╖┬╖┬╖┬╖┬╖<span
┬╖className="h-2┬╖w`  
prettier/prettier
409:1  Error: Replace `┬
╖┬╖┬╖┬╖┬╖┬╖┬╖┬╖┬╖┬╖┬╖┬╖┬
╖┬╖┬╖┬╖┬╖┬╖┬╖┬╖┬╖┬╖┬╖┬╖┬
╖┬╖┬╖┬╖┬╖┬╖┬╖┬╖┬╖┬╖┬╖┬╖`
 with `┬╖┬╖┬╖┬╖┬╖┬╖┬╖┬╖┬
╖┬╖┬╖┬╖┬╖┬╖┬╖┬╖┬╖┬╖`  
prettier/prettier
410:17  Error: Delete `┬
╖┬╖┬╖┬╖┬╖┬╖┬╖┬╖┬╖┬╖┬╖┬╖┬
╖┬╖┬╖┬╖`  
prettier/prettier
411:1  Error: Replace `┬
╖┬╖┬╖┬╖┬╖┬╖┬╖┬╖┬╖┬╖┬╖┬╖┬
╖┬╖┬╖┬╖┬╖┬╖┬╖┬╖┬╖┬╖┬╖┬╖┬
╖┬╖┬╖┬╖┬╖┬╖┬╖┬╖<p┬╖class
Name={`${space.className
}┬╖text-[16px]┬╖font-sem
ibold┬╖leading-snug┬╖mb-
2` with `┬╖┬╖┬╖┬╖┬╖┬╖┬╖┬
╖┬╖┬╖┬╖┬╖┬╖┬╖┬╖┬╖<p┬╖cla
ssName={`${space.classNa
me}┬╖mb-2┬╖text-[16px]┬╖
font-semibold┬╖leading-s
nug`  prettier/prettier
412:1  Error: Replace `┬
╖┬╖┬╖┬╖┬╖┬╖┬╖┬╖┬╖┬╖┬╖┬╖┬
╖┬╖┬╖┬╖┬╖┬╖┬╖┬╖┬╖┬╖┬╖┬╖┬
╖┬╖┬╖┬╖┬╖┬╖┬╖┬╖┬╖┬╖┬╖┬╖`
 with `┬╖┬╖┬╖┬╖┬╖┬╖┬╖┬╖┬
╖┬╖┬╖┬╖┬╖┬╖┬╖┬╖┬╖┬╖`  
prettier/prettier
413:17  Error: Delete `┬
╖┬╖┬╖┬╖┬╖┬╖┬╖┬╖┬╖┬╖┬╖┬╖┬
╖┬╖┬╖┬╖`  
prettier/prettier
414:1  Error: Replace `┬
╖┬╖┬╖┬╖┬╖┬╖┬╖┬╖┬╖┬╖┬╖┬╖┬
╖┬╖┬╖┬╖┬╖┬╖┬╖┬╖┬╖┬╖┬╖┬╖┬
╖┬╖┬╖┬╖┬╖┬╖┬╖┬╖` with `┬
╖┬╖┬╖┬╖┬╖┬╖┬╖┬╖┬╖┬╖┬╖┬╖┬
╖┬╖┬╖┬╖`  
prettier/prettier
415:15  Error: Delete `┬
╖┬╖┬╖┬╖┬╖┬╖┬╖┬╖┬╖┬╖┬╖┬╖┬
╖┬╖`  prettier/prettier
416:1  Error: Replace `┬
╖┬╖┬╖┬╖┬╖┬╖┬╖┬╖┬╖┬╖┬╖┬╖┬
╖┬╖┬╖┬╖┬╖┬╖┬╖┬╖┬╖┬╖┬╖┬╖┬
╖┬╖┬╖┬╖` with `┬╖┬╖┬╖┬╖┬
╖┬╖┬╖┬╖┬╖┬╖┬╖┬╖┬╖┬╖`  
prettier/prettier
417:17  Error: Replace `
┬╖┬╖┬╖┬╖┬╖┬╖┬╖┬╖┬╖┬╖┬╖┬╖
┬╖┬╖┬╖┬╖{[['Monitors',┬╖
'subreddits,┬╖keywords']
,┬╖['Filters',┬╖'noise,┬
╖spam,┬╖duplicates'],┬╖[
'Delivers',┬╖'Telegram┬╖
alerts'],┬╖['You┬╖chat',
┬╖'ask,┬╖reply,┬╖act']` 
with `{[ΓÉìΓÅÄ┬╖┬╖┬╖┬╖┬╖
┬╖┬╖┬╖┬╖┬╖┬╖┬╖┬╖┬╖┬╖┬╖┬╖
┬╖['Monitors',┬╖'subredd
its,┬╖keywords'],ΓÉìΓÅÄ┬
╖┬╖┬╖┬╖┬╖┬╖┬╖┬╖┬╖┬╖┬╖┬╖┬
╖┬╖┬╖┬╖┬╖┬╖['Filters',┬╖
'noise,┬╖spam,┬╖duplicat
es'],ΓÉìΓÅÄ┬╖┬╖┬╖┬╖┬╖┬╖┬
╖┬╖┬╖┬╖┬╖┬╖┬╖┬╖┬╖┬╖┬╖┬╖[
'Delivers',┬╖'Telegram┬╖
alerts'],ΓÉìΓÅÄ┬╖┬╖┬╖┬╖┬
╖┬╖┬╖┬╖┬╖┬╖┬╖┬╖┬╖┬╖┬╖┬╖┬
╖┬╖['You┬╖chat',┬╖'ask,┬
╖reply,┬╖act'],ΓÉìΓÅÄ┬╖┬
╖┬╖┬╖┬╖┬╖┬╖┬╖┬╖┬╖┬╖┬╖┬╖┬
╖┬╖┬╖`  
prettier/prettier
418:19  Error: Replace `
┬╖┬╖┬╖┬╖┬╖┬╖┬╖┬╖┬╖┬╖┬╖┬╖
┬╖┬╖┬╖┬╖┬╖┬╖<div┬╖key={i
}><Label>{t}</Label><p┬╖
className="text-[15px]┬╖
opacity-50┬╖mt-1┬╖leadin
g-relaxed">{d}</p></div`
 with `<div┬╖key={i}>ΓÉì
ΓÅÄ┬╖┬╖┬╖┬╖┬╖┬╖┬╖┬╖┬╖┬╖┬
╖┬╖┬╖┬╖┬╖┬╖┬╖┬╖┬╖┬╖<Labe
l>{t}</Label>ΓÉìΓÅÄ┬╖┬╖┬
╖┬╖┬╖┬╖┬╖┬╖┬╖┬╖┬╖┬╖┬╖┬╖┬
╖┬╖┬╖┬╖┬╖┬╖<p┬╖className
="mt-1┬╖text-[15px]┬╖lea
ding-relaxed┬╖opacity-50
">{d}</p`  
prettier/prettier
419:19  Error: Insert 
`</div>ΓÉìΓÅÄ┬╖┬╖`  
prettier/prettier
420:15  Error: Delete `┬
╖┬╖┬╖┬╖┬╖┬╖┬╖┬╖┬╖┬╖┬╖┬╖┬
╖┬╖`  prettier/prettier
421:1  Error: Replace `┬
╖┬╖┬╖┬╖┬╖┬╖┬╖┬╖┬╖┬╖┬╖┬╖┬
╖┬╖┬╖┬╖┬╖┬╖┬╖┬╖┬╖┬╖┬╖┬╖`
 with `┬╖┬╖┬╖┬╖┬╖┬╖┬╖┬╖┬
╖┬╖┬╖┬╖`  
prettier/prettier
422:1  Error: Replace `┬
╖┬╖┬╖┬╖┬╖┬╖┬╖┬╖┬╖┬╖┬╖┬╖┬
╖┬╖┬╖┬╖┬╖┬╖┬╖┬╖` with 
`┬╖┬╖┬╖┬╖┬╖┬╖┬╖┬╖┬╖┬╖`  
prettier/prettier
424:1  Error: Delete 
`┬╖┬╖┬╖┬╖┬╖┬╖┬╖┬╖┬╖┬╖`  
prettier/prettier
426:1  Error: Replace `┬
╖┬╖┬╖┬╖┬╖┬╖┬╖┬╖┬╖┬╖┬╖┬╖┬
╖┬╖┬╖┬╖┬╖┬╖┬╖┬╖` with 
`┬╖┬╖┬╖┬╖┬╖┬╖┬╖┬╖┬╖┬╖`  
prettier/prettier
429:11  Error: Delete 
`┬╖┬╖┬╖┬╖┬╖┬╖┬╖┬╖┬╖┬╖`  
prettier/prettier
431:1  Error: Delete 
`┬╖┬╖┬╖┬╖┬╖┬╖┬╖┬╖┬╖┬╖`  
prettier/prettier
433:1  Error: Replace `┬
╖┬╖┬╖┬╖┬╖┬╖┬╖┬╖┬╖┬╖┬╖┬╖┬
╖┬╖┬╖┬╖┬╖┬╖┬╖┬╖` with 
`┬╖┬╖┬╖┬╖┬╖┬╖┬╖┬╖┬╖┬╖`  
prettier/prettier
436:11  Error: Delete 
`┬╖┬╖┬╖┬╖┬╖┬╖┬╖┬╖┬╖┬╖`  
prettier/prettier
438:1  Error: Delete 
`┬╖┬╖┬╖┬╖┬╖┬╖┬╖┬╖┬╖┬╖`  
prettier/prettier
440:1  Error: Replace `┬
╖┬╖┬╖┬╖┬╖┬╖┬╖┬╖┬╖┬╖┬╖┬╖┬
╖┬╖┬╖┬╖┬╖┬╖┬╖┬╖` with 
`┬╖┬╖┬╖┬╖┬╖┬╖┬╖┬╖┬╖┬╖`  
prettier/prettier
443:11  Error: Delete 
`┬╖┬╖┬╖┬╖┬╖┬╖┬╖┬╖┬╖┬╖`  
prettier/prettier
445:1  Error: Delete 
`┬╖┬╖┬╖┬╖┬╖┬╖┬╖┬╖┬╖┬╖`  
prettier/prettier
447:1  Error: Replace `┬
╖┬╖┬╖┬╖┬╖┬╖┬╖┬╖┬╖┬╖┬╖┬╖┬
╖┬╖┬╖┬╖┬╖┬╖┬╖┬╖` with 
`┬╖┬╖┬╖┬╖┬╖┬╖┬╖┬╖┬╖┬╖`  
prettier/prettier
449:1  Error: Delete 
`┬╖┬╖┬╖┬╖┬╖┬╖┬╖┬╖┬╖┬╖`  
prettier/prettier
451:1  Error: Delete 
`┬╖┬╖┬╖┬╖┬╖┬╖┬╖┬╖┬╖┬╖`  
prettier/prettier
454:1  Error: Replace `┬
╖┬╖┬╖┬╖┬╖┬╖┬╖┬╖┬╖┬╖┬╖┬╖┬
╖┬╖┬╖┬╖┬╖┬╖┬╖┬╖` with 
`┬╖┬╖┬╖┬╖┬╖┬╖┬╖┬╖┬╖┬╖`  
prettier/prettier
455:13  Error: Replace `
┬╖┬╖┬╖┬╖┬╖┬╖┬╖┬╖┬╖┬╖┬╖┬╖
<div┬╖className="grid┬╖l
g:grid-cols-2┬╖gap-20` 
with `<div┬╖className="g
rid┬╖gap-20┬╖lg:grid-col
s-2`  prettier/prettier
456:1  Error: Replace `┬
╖┬╖┬╖┬╖┬╖┬╖┬╖┬╖┬╖┬╖┬╖┬╖┬
╖┬╖┬╖┬╖┬╖┬╖┬╖┬╖┬╖┬╖┬╖┬╖┬
╖┬╖┬╖┬╖` with `┬╖┬╖┬╖┬╖┬
╖┬╖┬╖┬╖┬╖┬╖┬╖┬╖┬╖┬╖`  
prettier/prettier
457:1  Error: Replace `┬
╖┬╖┬╖┬╖┬╖┬╖┬╖┬╖┬╖┬╖┬╖┬╖┬
╖┬╖┬╖┬╖┬╖┬╖┬╖┬╖┬╖┬╖┬╖┬╖┬
╖┬╖┬╖┬╖┬╖┬╖┬╖┬╖<h2┬╖clas
sName={`${space.classNam
e}┬╖text-2xl┬╖md:text-[1
.75rem]┬╖font-bold┬╖mb-1
0` with `┬╖┬╖┬╖┬╖┬╖┬╖┬╖┬
╖┬╖┬╖┬╖┬╖┬╖┬╖┬╖┬╖<h2┬╖cl
assName={`${space.classN
ame}┬╖mb-10┬╖text-2xl┬╖f
ont-bold┬╖md:text-[1.75r
em]`  prettier/prettier
458:17  Error: Delete `┬
╖┬╖┬╖┬╖┬╖┬╖┬╖┬╖┬╖┬╖┬╖┬╖┬
╖┬╖┬╖┬╖`  
prettier/prettier
459:1  Error: Replace `┬
╖┬╖┬╖┬╖┬╖┬╖┬╖┬╖┬╖┬╖┬╖┬╖┬
╖┬╖┬╖┬╖┬╖┬╖┬╖┬╖┬╖┬╖┬╖┬╖┬
╖┬╖┬╖┬╖┬╖┬╖┬╖┬╖┬╖┬╖┬╖┬╖`
 with `┬╖┬╖┬╖┬╖┬╖┬╖┬╖┬╖┬
╖┬╖┬╖┬╖┬╖┬╖┬╖┬╖┬╖┬╖`  
prettier/prettier
460:20  Error: Replace `
┬╖┬╖┬╖┬╖┬╖┬╖┬╖┬╖┬╖┬╖┬╖┬╖
┬╖┬╖┬╖┬╖┬╖┬╖┬╖┬╖┬╖{┬╖t:┬
╖'Filtering┬╖&┬╖scoring'
,┬╖c:┬╖'Subreddit┬╖denyl
ist,┬╖promo┬╖detection,┬
╖MD5┬╖dedup.┬╖GPT-4o-min
i┬╖scores┬╖every┬╖post┬╖
1ΓÇô10┬╖for┬╖relevance┬╖
with┬╖reasoning.'` with 
`┬╖{ΓÉìΓÅÄ┬╖┬╖┬╖┬╖┬╖┬╖┬╖
┬╖┬╖┬╖┬╖┬╖┬╖┬╖┬╖┬╖┬╖┬╖┬╖
┬╖┬╖┬╖t:┬╖'Filtering┬╖&┬
╖scoring',ΓÉìΓÅÄ┬╖┬╖┬╖┬╖
┬╖┬╖┬╖┬╖┬╖┬╖┬╖┬╖┬╖┬╖┬╖┬╖
┬╖┬╖┬╖┬╖┬╖┬╖c:┬╖'Subredd
it┬╖denylist,┬╖promo┬╖de
tection,┬╖MD5┬╖dedup.┬╖G
PT-4o-mini┬╖scores┬╖ever
y┬╖post┬╖1ΓÇô10┬╖for┬╖re
levance┬╖with┬╖reasoning
.',ΓÉìΓÅÄ┬╖┬╖┬╖┬╖┬╖┬╖┬╖┬
╖┬╖┬╖┬╖┬╖┬╖┬╖┬╖┬╖┬╖┬╖┬╖`
  prettier/prettier
461:21  Error: Replace `
┬╖┬╖┬╖┬╖┬╖┬╖┬╖┬╖┬╖┬╖┬╖┬╖
┬╖┬╖┬╖┬╖┬╖┬╖┬╖┬╖{┬╖t:┬╖'
Digests┬╖&┬╖alerts',┬╖c:
┬╖'Daily┬╖HTML┬╖report┬╖
at┬╖8┬╖AM┬╖CET.┬╖Real-ti
me┬╖watchdog┬╖for┬╖threa
ds┬╖with┬╖5+┬╖comments.┬
╖Throttled┬╖to┬╖3┬╖alert
s/hour.'` with `{ΓÉìΓÅÄ┬
╖┬╖┬╖┬╖┬╖┬╖┬╖┬╖┬╖┬╖┬╖┬╖┬
╖┬╖┬╖┬╖┬╖┬╖┬╖┬╖┬╖┬╖t:┬╖'
Digests┬╖&┬╖alerts',ΓÉìΓ
ÅÄ┬╖┬╖┬╖┬╖┬╖┬╖┬╖┬╖┬╖┬╖┬╖
┬╖┬╖┬╖┬╖┬╖┬╖┬╖┬╖┬╖┬╖┬╖c:
┬╖'Daily┬╖HTML┬╖report┬╖
at┬╖8┬╖AM┬╖CET.┬╖Real-ti
me┬╖watchdog┬╖for┬╖threa
ds┬╖with┬╖5+┬╖comments.┬
╖Throttled┬╖to┬╖3┬╖alert
s/hour.',ΓÉìΓÅÄ┬╖┬╖┬╖┬╖┬
╖┬╖┬╖┬╖┬╖┬╖┬╖┬╖┬╖┬╖┬╖┬╖┬
╖┬╖┬╖`  
prettier/prettier
462:21  Error: Replace `
┬╖┬╖┬╖┬╖┬╖┬╖┬╖┬╖┬╖┬╖┬╖┬╖
┬╖┬╖┬╖┬╖┬╖┬╖┬╖┬╖{┬╖t:┬╖'
Tracking┬╖competitors',┬
╖c:┬╖'Auto-detects┬╖Wise
,┬╖Remitly,┬╖Western┬╖Un
ion,┬╖and┬╖8+┬╖others.┬╖
Surfaces┬╖unanswered┬╖pa
in┬╖points.'┬╖}` with `{
ΓÉìΓÅÄ┬╖┬╖┬╖┬╖┬╖┬╖┬╖┬╖┬╖
┬╖┬╖┬╖┬╖┬╖┬╖┬╖┬╖┬╖┬╖┬╖┬╖
┬╖t:┬╖'Tracking┬╖competi
tors',ΓÉìΓÅÄ┬╖┬╖┬╖┬╖┬╖┬╖
┬╖┬╖┬╖┬╖┬╖┬╖┬╖┬╖┬╖┬╖┬╖┬╖
┬╖┬╖┬╖┬╖c:┬╖'Auto-detect
s┬╖Wise,┬╖Remitly,┬╖West
ern┬╖Union,┬╖and┬╖8+┬╖ot
hers.┬╖Surfaces┬╖unanswe
red┬╖pain┬╖points.'`  
prettier/prettier
463:21  Error: Insert 
`},ΓÉìΓÅÄ`  
prettier/prettier
464:21  Error: Replace `
┬╖┬╖┬╖┬╖┬╖┬╖┬╖┬╖┬╖┬╖┬╖┬╖
┬╖┬╖┬╖┬╖┬╖┬╖┬╖┬╖{┬╖t:┬╖'
Integrations┬╖&┬╖roadmap
',┬╖c:┬╖'Telegram┬╖today
.┬╖Slack,┬╖Discord,┬╖and
┬╖webhook┬╖support┬╖comi
ng┬╖soon.'┬╖}` with `{ΓÉ
ìΓÅÄ┬╖┬╖┬╖┬╖┬╖┬╖┬╖┬╖┬╖┬╖
┬╖┬╖┬╖┬╖┬╖┬╖┬╖┬╖┬╖┬╖┬╖┬╖
t:┬╖'Integrations┬╖&┬╖ro
admap',ΓÉìΓÅÄ┬╖┬╖┬╖┬╖┬╖┬
╖┬╖┬╖┬╖┬╖┬╖┬╖┬╖┬╖┬╖┬╖┬╖┬
╖┬╖┬╖┬╖┬╖c:┬╖'Telegram┬╖
today.┬╖Slack,┬╖Discord,
┬╖and┬╖webhook┬╖support┬
╖coming┬╖soon.'`  
prettier/prettier
465:19  Error: Insert 
`┬╖┬╖},ΓÉìΓÅÄ`  
prettier/prettier
466:1  Error: Replace `┬
╖┬╖┬╖┬╖┬╖┬╖┬╖┬╖┬╖┬╖┬╖┬╖┬
╖┬╖┬╖┬╖┬╖┬╖┬╖┬╖┬╖┬╖┬╖┬╖┬
╖┬╖┬╖┬╖┬╖┬╖┬╖┬╖┬╖┬╖┬╖┬╖┬
╖┬╖┬╖┬╖` with `┬╖┬╖┬╖┬╖┬
╖┬╖┬╖┬╖┬╖┬╖┬╖┬╖┬╖┬╖┬╖┬╖┬
╖┬╖┬╖┬╖`  
prettier/prettier
467:23  Error: Replace `
┬╖┬╖┬╖┬╖┬╖┬╖┬╖┬╖┬╖┬╖┬╖┬╖
┬╖┬╖┬╖┬╖┬╖┬╖┬╖┬╖┬╖┬╖<but
ton` with `<buttonΓÉìΓÅÄ
┬╖┬╖┬╖┬╖┬╖┬╖┬╖┬╖┬╖┬╖┬╖┬╖
┬╖┬╖┬╖┬╖┬╖┬╖┬╖┬╖┬╖┬╖┬╖` 
 prettier/prettier
468:25  Error: Replace `
┬╖┬╖┬╖┬╖┬╖┬╖┬╖┬╖┬╖┬╖┬╖┬╖
┬╖┬╖┬╖┬╖┬╖┬╖┬╖┬╖┬╖┬╖┬╖┬╖
className="w-full┬╖py-4┬
╖flex┬╖items-center┬╖jus
tify-between┬╖text-left┬
╖group` with `className=
"group┬╖flex┬╖w-full┬╖it
ems-center┬╖justify-betw
een┬╖py-4┬╖text-left`  
prettier/prettier
469:1  Error: Replace `┬
╖┬╖┬╖┬╖┬╖┬╖┬╖┬╖┬╖┬╖┬╖┬╖┬
╖┬╖┬╖┬╖┬╖┬╖┬╖┬╖┬╖┬╖┬╖┬╖┬
╖┬╖┬╖┬╖┬╖┬╖┬╖┬╖┬╖┬╖┬╖┬╖┬
╖┬╖┬╖┬╖┬╖┬╖┬╖┬╖┬╖┬╖┬╖┬╖<
span┬╖className="text-[1
5px]┬╖font-medium┬╖group
-hover:opacity-70┬╖trans
ition-opacity">{item.t}<
/span>` with `┬╖┬╖┬╖┬╖┬╖
┬╖┬╖┬╖┬╖┬╖┬╖┬╖┬╖┬╖┬╖┬╖┬╖
┬╖┬╖┬╖┬╖┬╖┬╖┬╖<span┬╖cla
ssName="text-[15px]┬╖fon
t-medium┬╖transition-opa
city┬╖group-hover:opacit
y-70">ΓÉìΓÅÄ┬╖┬╖┬╖┬╖┬╖┬╖
┬╖┬╖┬╖┬╖┬╖┬╖┬╖┬╖┬╖┬╖┬╖┬╖
┬╖┬╖┬╖┬╖┬╖┬╖┬╖┬╖{item.t}
`  prettier/prettier
470:25  Error: Replace `
┬╖┬╖┬╖┬╖┬╖┬╖┬╖┬╖┬╖┬╖┬╖┬╖
┬╖┬╖┬╖┬╖┬╖┬╖┬╖┬╖┬╖┬╖┬╖┬╖
<ChevronDown┬╖className=
{`w-3.5┬╖h-3.5┬╖opacity-
25┬╖transition-transform
┬╖duration-300┬╖${openAc
c┬╖===┬╖i┬╖?┬╖'rotate-18
0'┬╖:┬╖''}`}┬╖/>` with `
</span>ΓÉìΓÅÄ┬╖┬╖┬╖┬╖┬╖┬
╖┬╖┬╖┬╖┬╖┬╖┬╖┬╖┬╖┬╖┬╖┬╖┬
╖┬╖┬╖┬╖┬╖┬╖┬╖<ChevronDow
nΓÉìΓÅÄ┬╖┬╖┬╖┬╖┬╖┬╖┬╖┬╖┬
╖┬╖┬╖┬╖┬╖┬╖┬╖┬╖┬╖┬╖┬╖┬╖┬
╖┬╖┬╖┬╖┬╖┬╖className={`h
-3.5┬╖w-3.5┬╖opacity-25┬
╖transition-transform┬╖d
uration-300┬╖${openAcc┬╖
===┬╖i┬╖?┬╖'rotate-180'┬
╖:┬╖''}`}`  
prettier/prettier
471:25  Error: Insert 
`/>ΓÉìΓÅÄ┬╖┬╖`  
prettier/prettier
472:23  Error: Replace `
┬╖┬╖┬╖┬╖┬╖┬╖┬╖┬╖┬╖┬╖┬╖┬╖
┬╖┬╖┬╖┬╖┬╖┬╖┬╖┬╖┬╖┬╖<div
┬╖className={`overflow-h
idden┬╖transition-all┬╖d
uration-300┬╖${openAcc┬╖
===┬╖i┬╖?┬╖'max-h-40┬╖op
acity-100┬╖pb-4` with `<
divΓÉìΓÅÄ┬╖┬╖┬╖┬╖┬╖┬╖┬╖┬
╖┬╖┬╖┬╖┬╖┬╖┬╖┬╖┬╖┬╖┬╖┬╖┬
╖┬╖┬╖┬╖┬╖className={`ove
rflow-hidden┬╖transition
-all┬╖duration-300┬╖${op
enAcc┬╖===┬╖i┬╖?┬╖'max-h
-40┬╖pb-4┬╖opacity-100` 
 prettier/prettier
473:1  Error: Replace `┬
╖┬╖┬╖┬╖┬╖┬╖┬╖┬╖┬╖┬╖┬╖┬╖┬
╖┬╖┬╖┬╖┬╖┬╖┬╖┬╖┬╖┬╖┬╖┬╖┬
╖┬╖┬╖┬╖┬╖┬╖┬╖┬╖┬╖┬╖┬╖┬╖┬
╖┬╖┬╖┬╖┬╖┬╖┬╖┬╖┬╖┬╖┬╖┬╖<
p┬╖className="text-[15px
]┬╖opacity-50┬╖leading-r
elaxed┬╖max-w-[440px]` 
with `┬╖┬╖┬╖┬╖┬╖┬╖┬╖┬╖┬╖
┬╖┬╖┬╖┬╖┬╖┬╖┬╖┬╖┬╖┬╖┬╖┬╖
┬╖┬╖┬╖<p┬╖className="max
-w-[440px]┬╖text-[15px]┬
╖leading-relaxed┬╖opacit
y-50`  prettier/prettier
474:1  Error: Replace `┬
╖┬╖┬╖┬╖┬╖┬╖┬╖┬╖┬╖┬╖┬╖┬╖┬
╖┬╖┬╖┬╖┬╖┬╖┬╖┬╖┬╖┬╖┬╖┬╖┬
╖┬╖┬╖┬╖┬╖┬╖┬╖┬╖┬╖┬╖┬╖┬╖┬
╖┬╖┬╖┬╖┬╖┬╖┬╖┬╖` with `┬
╖┬╖┬╖┬╖┬╖┬╖┬╖┬╖┬╖┬╖┬╖┬╖┬
╖┬╖┬╖┬╖┬╖┬╖┬╖┬╖┬╖┬╖`  
prettier/prettier
475:1  Error: Replace `┬
╖┬╖┬╖┬╖┬╖┬╖┬╖┬╖┬╖┬╖┬╖┬╖┬
╖┬╖┬╖┬╖┬╖┬╖┬╖┬╖┬╖┬╖┬╖┬╖┬
╖┬╖┬╖┬╖┬╖┬╖┬╖┬╖┬╖┬╖┬╖┬╖┬
╖┬╖┬╖┬╖` with `┬╖┬╖┬╖┬╖┬
╖┬╖┬╖┬╖┬╖┬╖┬╖┬╖┬╖┬╖┬╖┬╖┬
╖┬╖┬╖┬╖`  
prettier/prettier
476:1  Error: Replace `┬
╖┬╖┬╖┬╖┬╖┬╖┬╖┬╖┬╖┬╖┬╖┬╖┬
╖┬╖┬╖┬╖┬╖┬╖┬╖┬╖┬╖┬╖┬╖┬╖┬
╖┬╖┬╖┬╖┬╖┬╖┬╖┬╖┬╖┬╖┬╖┬╖`
 with `┬╖┬╖┬╖┬╖┬╖┬╖┬╖┬╖┬
╖┬╖┬╖┬╖┬╖┬╖┬╖┬╖┬╖┬╖`  
prettier/prettier
477:1  Error: Replace `┬
╖┬╖┬╖┬╖┬╖┬╖┬╖┬╖┬╖┬╖┬╖┬╖┬
╖┬╖┬╖┬╖┬╖┬╖┬╖┬╖┬╖┬╖┬╖┬╖┬
╖┬╖┬╖┬╖┬╖┬╖┬╖┬╖` with `┬
╖┬╖┬╖┬╖┬╖┬╖┬╖┬╖┬╖┬╖┬╖┬╖┬
╖┬╖┬╖┬╖`  
prettier/prettier
479:1  Error: Replace `┬
╖┬╖┬╖┬╖┬╖┬╖┬╖┬╖┬╖┬╖┬╖┬╖┬
╖┬╖┬╖┬╖┬╖┬╖┬╖┬╖┬╖┬╖┬╖┬╖┬
╖┬╖┬╖┬╖┬╖┬╖┬╖┬╖` with `┬
╖┬╖┬╖┬╖┬╖┬╖┬╖┬╖┬╖┬╖┬╖┬╖┬
╖┬╖┬╖┬╖`  
prettier/prettier
480:1  Error: Replace `┬
╖┬╖┬╖┬╖┬╖┬╖┬╖┬╖┬╖┬╖┬╖┬╖┬
╖┬╖┬╖┬╖┬╖┬╖┬╖┬╖┬╖┬╖┬╖┬╖┬
╖┬╖┬╖┬╖┬╖┬╖┬╖┬╖` with `┬
╖┬╖┬╖┬╖┬╖┬╖┬╖┬╖┬╖┬╖┬╖┬╖┬
╖┬╖┬╖┬╖`  
prettier/prettier
481:1  Error: Replace `┬
╖┬╖┬╖┬╖┬╖┬╖┬╖┬╖┬╖┬╖┬╖┬╖┬
╖┬╖┬╖┬╖┬╖┬╖┬╖┬╖┬╖┬╖┬╖┬╖┬
╖┬╖┬╖┬╖┬╖┬╖┬╖┬╖┬╖┬╖┬╖┬╖`
 with `┬╖┬╖┬╖┬╖┬╖┬╖┬╖┬╖┬
╖┬╖┬╖┬╖┬╖┬╖┬╖┬╖┬╖┬╖`  
prettier/prettier
482:1  Error: Replace `┬
╖┬╖┬╖┬╖┬╖┬╖┬╖┬╖┬╖┬╖┬╖┬╖┬
╖┬╖┬╖┬╖┬╖┬╖┬╖┬╖┬╖┬╖┬╖┬╖┬
╖┬╖┬╖┬╖┬╖┬╖┬╖┬╖┬╖┬╖┬╖┬╖`
 with `┬╖┬╖┬╖┬╖┬╖┬╖┬╖┬╖┬
╖┬╖┬╖┬╖┬╖┬╖┬╖┬╖┬╖┬╖`  
prettier/prettier
483:21  Error: Replace `
┬╖┬╖┬╖┬╖┬╖┬╖┬╖┬╖┬╖┬╖┬╖┬╖
┬╖┬╖┬╖┬╖┬╖┬╖┬╖┬╖{['Token
s┬╖encrypted┬╖at┬╖rest┬╖
ΓÇö┬╖never┬╖stored┬╖in┬╖
plain┬╖text',┬╖'We┬╖neve
r┬╖post,┬╖comment,┬╖or┬╖
vote┬╖on┬╖your┬╖behalf',
┬╖'Data┬╖retained┬╖30┬╖d
ays,┬╖then┬╖deleted'].ma
p((s,┬╖i)┬╖=>┬╖(` with `
{[ΓÉìΓÅÄ┬╖┬╖┬╖┬╖┬╖┬╖┬╖┬╖
┬╖┬╖┬╖┬╖┬╖┬╖┬╖┬╖┬╖┬╖┬╖┬╖
┬╖┬╖'Tokens┬╖encrypted┬╖
at┬╖rest┬╖ΓÇö┬╖never┬╖st
ored┬╖in┬╖plain┬╖text',Γ
ÉìΓÅÄ┬╖┬╖┬╖┬╖┬╖┬╖┬╖┬╖┬╖┬
╖┬╖┬╖┬╖┬╖┬╖┬╖┬╖┬╖┬╖┬╖┬╖┬
╖'We┬╖never┬╖post,┬╖comm
ent,┬╖or┬╖vote┬╖on┬╖your
┬╖behalf',ΓÉìΓÅÄ┬╖┬╖┬╖┬╖
┬╖┬╖┬╖┬╖┬╖┬╖┬╖┬╖┬╖┬╖┬╖┬╖
┬╖┬╖┬╖┬╖┬╖┬╖'Data┬╖retai
ned┬╖30┬╖days,┬╖then┬╖de
leted',`  
prettier/prettier
484:21  Error: Replace `
┬╖┬╖┬╖┬╖┬╖┬╖┬╖┬╖┬╖┬╖┬╖┬╖
┬╖┬╖┬╖┬╖┬╖┬╖┬╖┬╖┬╖┬╖┬╖┬╖
<li┬╖key={i}┬╖className=
"text-[15px]┬╖opacity-55
┬╖leading-relaxed┬╖flex┬
╖items-start┬╖gap-2` 
with `].map((s,┬╖i)┬╖=>┬
╖(ΓÉìΓÅÄ┬╖┬╖┬╖┬╖┬╖┬╖┬╖┬╖
┬╖┬╖┬╖┬╖┬╖┬╖┬╖┬╖┬╖┬╖┬╖┬╖
┬╖┬╖<li┬╖key={i}┬╖classN
ame="flex┬╖items-start┬╖
gap-2┬╖text-[15px]┬╖lead
ing-relaxed┬╖opacity-55`
  prettier/prettier
485:1  Error: Replace `┬
╖┬╖┬╖┬╖┬╖┬╖┬╖┬╖┬╖┬╖┬╖┬╖┬
╖┬╖┬╖┬╖┬╖┬╖┬╖┬╖┬╖┬╖┬╖┬╖┬
╖┬╖┬╖┬╖┬╖┬╖┬╖┬╖┬╖┬╖┬╖┬╖┬
╖┬╖┬╖┬╖┬╖┬╖┬╖┬╖┬╖┬╖┬╖┬╖<
Check┬╖className="w-3.5┬
╖h-3.5┬╖mt-0` with `┬╖┬╖
┬╖┬╖┬╖┬╖┬╖┬╖┬╖┬╖┬╖┬╖┬╖┬╖
┬╖┬╖┬╖┬╖┬╖┬╖┬╖┬╖┬╖┬╖<Che
ck┬╖className="mt-0.5┬╖h
-3.5┬╖w-3`  
prettier/prettier
486:1  Error: Replace `┬
╖┬╖┬╖┬╖┬╖┬╖┬╖┬╖┬╖┬╖┬╖┬╖┬
╖┬╖┬╖┬╖┬╖┬╖┬╖┬╖┬╖┬╖┬╖┬╖┬
╖┬╖┬╖┬╖┬╖┬╖┬╖┬╖┬╖┬╖┬╖┬╖┬
╖┬╖┬╖┬╖┬╖┬╖┬╖┬╖` with `┬
╖┬╖┬╖┬╖┬╖┬╖┬╖┬╖┬╖┬╖┬╖┬╖┬
╖┬╖┬╖┬╖┬╖┬╖┬╖┬╖┬╖┬╖`  
prettier/prettier
487:1  Error: Replace `┬
╖┬╖┬╖┬╖┬╖┬╖┬╖┬╖┬╖┬╖┬╖┬╖┬
╖┬╖┬╖┬╖┬╖┬╖┬╖┬╖┬╖┬╖┬╖┬╖┬
╖┬╖┬╖┬╖┬╖┬╖┬╖┬╖┬╖┬╖┬╖┬╖┬
╖┬╖┬╖┬╖` with `┬╖┬╖┬╖┬╖┬
╖┬╖┬╖┬╖┬╖┬╖┬╖┬╖┬╖┬╖┬╖┬╖┬
╖┬╖┬╖┬╖`  
prettier/prettier
488:1  Error: Replace `┬
╖┬╖┬╖┬╖┬╖┬╖┬╖┬╖┬╖┬╖┬╖┬╖┬
╖┬╖┬╖┬╖┬╖┬╖┬╖┬╖┬╖┬╖┬╖┬╖┬
╖┬╖┬╖┬╖┬╖┬╖┬╖┬╖┬╖┬╖┬╖┬╖`
 with `┬╖┬╖┬╖┬╖┬╖┬╖┬╖┬╖┬
╖┬╖┬╖┬╖┬╖┬╖┬╖┬╖┬╖┬╖`  
prettier/prettier
489:1  Error: Replace `┬
╖┬╖┬╖┬╖┬╖┬╖┬╖┬╖┬╖┬╖┬╖┬╖┬
╖┬╖┬╖┬╖┬╖┬╖┬╖┬╖┬╖┬╖┬╖┬╖┬
╖┬╖┬╖┬╖┬╖┬╖┬╖┬╖` with `┬
╖┬╖┬╖┬╖┬╖┬╖┬╖┬╖┬╖┬╖┬╖┬╖┬
╖┬╖┬╖┬╖`  
prettier/prettier
490:1  Error: Replace `┬
╖┬╖┬╖┬╖┬╖┬╖┬╖┬╖┬╖┬╖┬╖┬╖┬
╖┬╖┬╖┬╖┬╖┬╖┬╖┬╖┬╖┬╖┬╖┬╖┬
╖┬╖┬╖┬╖` with `┬╖┬╖┬╖┬╖┬
╖┬╖┬╖┬╖┬╖┬╖┬╖┬╖┬╖┬╖`  
prettier/prettier
492:1  Error: Replace `┬
╖┬╖┬╖┬╖┬╖┬╖┬╖┬╖┬╖┬╖┬╖┬╖┬
╖┬╖┬╖┬╖┬╖┬╖┬╖┬╖┬╖┬╖┬╖┬╖┬
╖┬╖┬╖┬╖` with `┬╖┬╖┬╖┬╖┬
╖┬╖┬╖┬╖┬╖┬╖┬╖┬╖┬╖┬╖`  
prettier/prettier
493:1  Error: Replace `┬
╖┬╖┬╖┬╖┬╖┬╖┬╖┬╖┬╖┬╖┬╖┬╖┬
╖┬╖┬╖┬╖┬╖┬╖┬╖┬╖┬╖┬╖┬╖┬╖┬
╖┬╖┬╖┬╖` with `┬╖┬╖┬╖┬╖┬
╖┬╖┬╖┬╖┬╖┬╖┬╖┬╖┬╖┬╖`  
prettier/prettier
494:17  Error: Replace `
┬╖┬╖┬╖┬╖┬╖┬╖┬╖┬╖┬╖┬╖┬╖┬╖
┬╖┬╖┬╖┬╖<h2┬╖className={
`${space.className}┬╖tex
t-2xl┬╖md:text-[1.75rem]
┬╖font-bold┬╖mb-3` with 
`<h2┬╖className={`${spac
e.className}┬╖mb-3┬╖text
-2xl┬╖font-bold┬╖md:text
-[1.75rem]`  
prettier/prettier
495:1  Error: Replace `┬
╖┬╖┬╖┬╖┬╖┬╖┬╖┬╖┬╖┬╖┬╖┬╖┬
╖┬╖┬╖┬╖┬╖┬╖┬╖┬╖┬╖┬╖┬╖┬╖┬
╖┬╖┬╖┬╖┬╖┬╖┬╖┬╖<p┬╖class
Name="text-[15px]┬╖opaci
ty-50┬╖leading-relaxed┬╖
mb-8┬╖max-w-[380px]` 
with `┬╖┬╖┬╖┬╖┬╖┬╖┬╖┬╖┬╖
┬╖┬╖┬╖┬╖┬╖┬╖┬╖<p┬╖classN
ame="mb-8┬╖max-w-[380px]
┬╖text-[15px]┬╖leading-r
elaxed┬╖opacity-50`  
prettier/prettier
496:1  Error: Delete `┬╖
┬╖┬╖┬╖┬╖┬╖┬╖┬╖┬╖┬╖┬╖┬╖┬╖
┬╖┬╖┬╖┬╖┬╖`  
prettier/prettier
497:1  Error: Replace `┬
╖┬╖┬╖┬╖┬╖┬╖┬╖┬╖┬╖┬╖┬╖┬╖┬
╖┬╖┬╖┬╖┬╖┬╖┬╖┬╖┬╖┬╖┬╖┬╖┬
╖┬╖┬╖┬╖┬╖┬╖┬╖┬╖` with `┬
╖┬╖┬╖┬╖┬╖┬╖┬╖┬╖┬╖┬╖┬╖┬╖┬
╖┬╖┬╖┬╖`  
prettier/prettier
498:1  Error: Delete `┬╖
┬╖┬╖┬╖┬╖┬╖┬╖┬╖┬╖┬╖┬╖┬╖┬╖
┬╖┬╖┬╖`  
prettier/prettier
499:19  Error: Replace `
┬╖┬╖┬╖┬╖┬╖┬╖┬╖┬╖┬╖┬╖┬╖┬╖
┬╖┬╖┬╖┬╖┬╖┬╖<input┬╖type
="email"┬╖value={email}`
 with `<inputΓÉìΓÅÄ┬╖┬╖┬
╖┬╖┬╖┬╖┬╖┬╖┬╖┬╖┬╖┬╖┬╖┬╖┬
╖┬╖┬╖┬╖┬╖┬╖type="email"Γ
ÉìΓÅÄ┬╖┬╖┬╖┬╖┬╖┬╖┬╖┬╖┬╖┬
╖┬╖┬╖┬╖┬╖┬╖┬╖┬╖┬╖┬╖┬╖val
ue={email}ΓÉìΓÅÄ┬╖┬╖┬╖┬╖
┬╖┬╖┬╖┬╖┬╖┬╖┬╖┬╖┬╖┬╖┬╖┬╖
┬╖┬╖┬╖`  
prettier/prettier
500:1  Error: Replace `┬
╖┬╖┬╖┬╖┬╖┬╖┬╖┬╖┬╖┬╖┬╖┬╖┬
╖┬╖┬╖┬╖┬╖┬╖┬╖┬╖┬╖┬╖┬╖┬╖┬
╖┬╖┬╖┬╖┬╖┬╖┬╖┬╖┬╖┬╖┬╖┬╖┬
╖┬╖┬╖┬╖placeholder="you@
company.com"┬╖required` 
with `┬╖┬╖┬╖┬╖┬╖┬╖┬╖┬╖┬╖
┬╖┬╖┬╖┬╖┬╖┬╖┬╖┬╖┬╖┬╖┬╖pl
aceholder="you@company.c
om"ΓÉìΓÅÄ┬╖┬╖┬╖┬╖┬╖┬╖┬╖┬
╖┬╖┬╖┬╖┬╖┬╖┬╖┬╖┬╖┬╖┬╖┬╖┬
╖requiredΓÉìΓÅÄ┬╖┬╖┬╖┬╖┬
╖┬╖┬╖┬╖┬╖┬╖┬╖┬╖┬╖┬╖┬╖┬╖┬
╖┬╖┬╖`  
prettier/prettier
501:1  Error: Replace `┬
╖┬╖┬╖┬╖┬╖┬╖┬╖┬╖┬╖┬╖┬╖┬╖┬
╖┬╖┬╖┬╖┬╖┬╖┬╖┬╖┬╖┬╖┬╖┬╖┬
╖┬╖┬╖┬╖┬╖┬╖┬╖┬╖┬╖┬╖┬╖┬╖┬
╖┬╖┬╖┬╖className="w-full
┬╖rounded-lg┬╖px-4┬╖py-3
┬╖text-[15px]┬╖bg-transp
arent┬╖placeholder:opaci
ty-25┬╖focus:outline-non
e┬╖focus:ring-1┬╖focus:r
ing-[var(--rm-accent)]/3
0┬╖transition-all` with 
`┬╖┬╖┬╖┬╖┬╖┬╖┬╖┬╖┬╖┬╖┬╖┬
╖┬╖┬╖┬╖┬╖┬╖┬╖┬╖┬╖classNa
me="focus:ring-[var(--rm
-accent)]/30┬╖w-full┬╖ro
unded-lg┬╖bg-transparent
┬╖px-4┬╖py-3┬╖text-[15px
]┬╖transition-all┬╖place
holder:opacity-25┬╖focus
:outline-none┬╖focus:rin
g-1`  prettier/prettier
502:1  Error: Delete `┬╖
┬╖┬╖┬╖┬╖┬╖┬╖┬╖┬╖┬╖┬╖┬╖┬╖
┬╖┬╖┬╖┬╖┬╖┬╖┬╖`  
prettier/prettier
503:19  Error: Replace `
┬╖┬╖┬╖┬╖┬╖┬╖┬╖┬╖┬╖┬╖┬╖┬╖
┬╖┬╖┬╖┬╖┬╖┬╖/>` with `/>
ΓÉìΓÅÄ┬╖┬╖┬╖┬╖┬╖┬╖┬╖┬╖┬╖
┬╖┬╖┬╖┬╖┬╖┬╖┬╖┬╖┬╖<butto
n`  prettier/prettier
504:21  Error: Replace `
┬╖┬╖┬╖┬╖┬╖┬╖┬╖┬╖┬╖┬╖┬╖┬╖
┬╖┬╖┬╖┬╖<button┬╖type="s
ubmit"` with `type="subm
it"ΓÉìΓÅÄ┬╖┬╖┬╖┬╖┬╖┬╖┬╖┬
╖┬╖┬╖┬╖┬╖┬╖┬╖┬╖┬╖┬╖┬╖┬╖`
  prettier/prettier
505:1  Error: Replace `┬
╖┬╖┬╖┬╖┬╖┬╖┬╖┬╖┬╖┬╖┬╖┬╖┬
╖┬╖┬╖┬╖┬╖┬╖┬╖┬╖┬╖┬╖┬╖┬╖┬
╖┬╖┬╖┬╖┬╖┬╖┬╖┬╖┬╖┬╖┬╖┬╖┬
╖┬╖┬╖┬╖className={`w-ful
l┬╖flex┬╖items-center┬╖j
ustify-center┬╖gap-2┬╖ro
unded-lg┬╖px-4┬╖py-3┬╖te
xt-[15px]┬╖font-semibold
┬╖transition-all┬╖${` 
with `┬╖┬╖┬╖┬╖┬╖┬╖┬╖┬╖┬╖
┬╖┬╖┬╖┬╖┬╖┬╖┬╖┬╖┬╖┬╖┬╖cl
assName={`flex┬╖w-full┬╖
items-center┬╖justify-ce
nter┬╖gap-2┬╖rounded-lg┬
╖px-4┬╖py-3┬╖text-[15px]
┬╖font-semibold┬╖transit
ion-all┬╖${ΓÉìΓÅÄ┬╖┬╖┬╖┬
╖┬╖┬╖┬╖┬╖┬╖┬╖┬╖┬╖┬╖┬╖┬╖┬
╖┬╖┬╖┬╖┬╖┬╖┬╖`  
prettier/prettier
506:1  Error: Delete `┬╖
┬╖┬╖┬╖┬╖┬╖┬╖┬╖┬╖┬╖┬╖┬╖┬╖
┬╖┬╖┬╖┬╖┬╖┬╖┬╖┬╖┬╖┬╖┬╖` 
 prettier/prettier
507:21  Error: Delete `┬
╖┬╖┬╖┬╖┬╖┬╖┬╖┬╖┬╖┬╖┬╖┬╖┬
╖┬╖┬╖┬╖┬╖┬╖┬╖┬╖`  
prettier/prettier
508:21  Error: Replace `
┬╖┬╖┬╖┬╖┬╖┬╖┬╖┬╖┬╖┬╖┬╖┬╖
┬╖┬╖┬╖┬╖┬╖┬╖┬╖┬╖{submitt
ing┬╖?┬╖'...'┬╖:┬╖<>{sub
mitted┬╖?┬╖"You're┬╖on┬╖
the┬╖list┬╖Γ£ô"┬╖:┬╖<>Jo
in┬╖waitlist┬╖<ArrowRigh
t┬╖className="w-3.5┬╖h-3
.5"┬╖/></>}</>}` with `{
submitting┬╖?┬╖(ΓÉìΓÅÄ┬╖
┬╖┬╖┬╖┬╖┬╖┬╖┬╖┬╖┬╖┬╖┬╖┬╖
┬╖┬╖┬╖┬╖┬╖┬╖┬╖┬╖┬╖'...'Γ
ÉìΓÅÄ┬╖┬╖┬╖┬╖┬╖┬╖┬╖┬╖┬╖┬
╖┬╖┬╖┬╖┬╖┬╖┬╖┬╖┬╖┬╖┬╖)┬╖
:┬╖(ΓÉìΓÅÄ┬╖┬╖┬╖┬╖┬╖┬╖┬╖
┬╖┬╖┬╖┬╖┬╖┬╖┬╖┬╖┬╖┬╖┬╖┬╖
┬╖┬╖┬╖<>ΓÉìΓÅÄ┬╖┬╖┬╖┬╖┬╖
┬╖┬╖┬╖┬╖┬╖┬╖┬╖┬╖┬╖┬╖┬╖┬╖
┬╖┬╖┬╖┬╖┬╖┬╖┬╖{submitted
┬╖?┬╖(ΓÉìΓÅÄ┬╖┬╖┬╖┬╖┬╖┬╖
┬╖┬╖┬╖┬╖┬╖┬╖┬╖┬╖┬╖┬╖┬╖┬╖
┬╖┬╖┬╖┬╖┬╖┬╖┬╖┬╖"You're┬
╖on┬╖the┬╖list┬╖Γ£ô"ΓÉìΓ
ÅÄ┬╖┬╖┬╖┬╖┬╖┬╖┬╖┬╖┬╖┬╖┬╖
┬╖┬╖┬╖┬╖┬╖┬╖┬╖┬╖┬╖┬╖┬╖┬╖
┬╖)┬╖:┬╖(ΓÉìΓÅÄ┬╖┬╖┬╖┬╖┬
╖┬╖┬╖┬╖┬╖┬╖┬╖┬╖┬╖┬╖┬╖┬╖┬
╖┬╖┬╖┬╖┬╖┬╖┬╖┬╖┬╖┬╖<>ΓÉì
ΓÅÄ┬╖┬╖┬╖┬╖┬╖┬╖┬╖┬╖┬╖┬╖┬
╖┬╖┬╖┬╖┬╖┬╖┬╖┬╖┬╖┬╖┬╖┬╖┬
╖┬╖┬╖┬╖┬╖┬╖Join┬╖waitlis
t┬╖<ArrowRight┬╖classNam
e="h-3.5┬╖w-3.5"┬╖/>ΓÉìΓ
ÅÄ┬╖┬╖┬╖┬╖┬╖┬╖┬╖┬╖┬╖┬╖┬╖
┬╖┬╖┬╖┬╖┬╖┬╖┬╖┬╖┬╖┬╖┬╖┬╖
┬╖┬╖┬╖</>`  
prettier/prettier
509:18  Error: Replace `
┬╖┬╖┬╖┬╖┬╖┬╖┬╖┬╖┬╖┬╖┬╖┬╖
┬╖┬╖┬╖┬╖┬╖┬╖┬╖</button` 
with `┬╖┬╖┬╖┬╖┬╖┬╖┬╖)}ΓÉ
ìΓÅÄ┬╖┬╖┬╖┬╖┬╖┬╖┬╖┬╖┬╖┬╖
┬╖┬╖┬╖┬╖┬╖┬╖┬╖┬╖┬╖┬╖┬╖┬╖
</`  prettier/prettier
510:19  Error: Replace `
┬╖┬╖┬╖┬╖┬╖┬╖┬╖┬╖┬╖┬╖┬╖┬╖
┬╖┬╖</form` with `┬╖┬╖)}
ΓÉìΓÅÄ┬╖┬╖┬╖┬╖┬╖┬╖┬╖┬╖┬╖
┬╖┬╖┬╖┬╖┬╖┬╖┬╖┬╖┬╖</butt
on`  prettier/prettier
511:17  Error: Insert 
`</form>ΓÉìΓÅÄ`  
prettier/prettier
512:1  Error: Replace `┬
╖┬╖┬╖┬╖┬╖┬╖┬╖┬╖┬╖┬╖┬╖┬╖┬
╖┬╖┬╖┬╖┬╖┬╖┬╖┬╖┬╖┬╖┬╖┬╖┬
╖┬╖┬╖┬╖┬╖┬╖┬╖┬╖┬╖┬╖┬╖┬╖`
 with `┬╖┬╖┬╖┬╖┬╖┬╖┬╖┬╖┬
╖┬╖┬╖┬╖┬╖┬╖┬╖┬╖┬╖┬╖`  
prettier/prettier
513:17  Error: Delete `┬
╖┬╖┬╖┬╖┬╖┬╖┬╖┬╖┬╖┬╖┬╖┬╖┬
╖┬╖┬╖┬╖`  
prettier/prettier
514:1  Error: Replace `┬
╖┬╖┬╖┬╖┬╖┬╖┬╖┬╖┬╖┬╖┬╖┬╖┬
╖┬╖┬╖┬╖┬╖┬╖┬╖┬╖┬╖┬╖┬╖┬╖┬
╖┬╖┬╖┬╖` with `┬╖┬╖┬╖┬╖┬
╖┬╖┬╖┬╖┬╖┬╖┬╖┬╖┬╖┬╖`  
prettier/prettier
515:1  Error: Replace `┬
╖┬╖┬╖┬╖┬╖┬╖┬╖┬╖┬╖┬╖┬╖┬╖┬
╖┬╖┬╖┬╖┬╖┬╖┬╖┬╖┬╖┬╖┬╖┬╖`
 with `┬╖┬╖┬╖┬╖┬╖┬╖┬╖┬╖┬
╖┬╖┬╖┬╖`  
prettier/prettier
516:1  Error: Replace `┬
╖┬╖┬╖┬╖┬╖┬╖┬╖┬╖┬╖┬╖┬╖┬╖┬
╖┬╖┬╖┬╖┬╖┬╖┬╖┬╖` with 
`┬╖┬╖┬╖┬╖┬╖┬╖┬╖┬╖┬╖┬╖`  
prettier/prettier
517:1  Error: Replace `┬
╖┬╖┬╖┬╖┬╖┬╖┬╖┬╖┬╖┬╖┬╖┬╖┬
╖┬╖┬╖┬╖` with 
`┬╖┬╖┬╖┬╖┬╖┬╖┬╖┬╖`  
prettier/prettier
519:1  Error: Replace `┬
╖┬╖┬╖┬╖┬╖┬╖┬╖┬╖┬╖┬╖┬╖┬╖┬
╖┬╖┬╖┬╖` with 
`┬╖┬╖┬╖┬╖┬╖┬╖┬╖┬╖`  
prettier/prettier
520:9  Error: Replace `┬
╖┬╖┬╖┬╖┬╖┬╖┬╖┬╖<footer┬╖
className="max-w-[1100px
]┬╖mx-auto┬╖px-6┬╖py-8┬╖
flex┬╖items-center┬╖just
ify-between"` with `<foo
terΓÉìΓÅÄ┬╖┬╖┬╖┬╖┬╖┬╖┬╖┬
╖┬╖┬╖className="mx-auto┬
╖flex┬╖max-w-[1100px]┬╖i
tems-center┬╖justify-bet
ween┬╖px-6┬╖py-8"ΓÉìΓÅÄ┬
╖┬╖┬╖┬╖┬╖┬╖┬╖┬╖┬╖`  
prettier/prettier
521:1  Error: Delete 
`┬╖┬╖┬╖┬╖┬╖┬╖┬╖┬╖┬╖┬╖`  
prettier/prettier
522:1  Error: Replace `┬
╖┬╖┬╖┬╖┬╖┬╖┬╖┬╖┬╖┬╖┬╖┬╖┬
╖┬╖┬╖┬╖┬╖┬╖┬╖┬╖` with 
`┬╖┬╖┬╖┬╖┬╖┬╖┬╖┬╖┬╖┬╖`  
prettier/prettier
523:1  Error: Replace `┬
╖┬╖┬╖┬╖┬╖┬╖┬╖┬╖┬╖┬╖┬╖┬╖┬
╖┬╖┬╖┬╖┬╖┬╖┬╖┬╖┬╖┬╖┬╖┬╖<
Link┬╖href="/privacy"┬╖c
lassName="text-[11px]┬╖o
pacity-20┬╖hover:opacity
-60┬╖transition-opacity"
>Privacy</Link>` with `┬
╖┬╖┬╖┬╖┬╖┬╖┬╖┬╖┬╖┬╖┬╖┬╖<
Link┬╖href="/privacy"┬╖c
lassName="text-[11px]┬╖o
pacity-20┬╖transition-op
acity┬╖hover:opacity-60"
>ΓÉìΓÅÄ┬╖┬╖┬╖┬╖┬╖┬╖┬╖┬╖┬
╖┬╖┬╖┬╖┬╖┬╖Privacy`  
prettier/prettier
524:13  Error: Replace `
┬╖┬╖┬╖┬╖┬╖┬╖┬╖┬╖┬╖┬╖┬╖┬╖
<Link┬╖href="/terms"┬╖cl
assName="text-[11px]┬╖op
acity-20┬╖hover:opacity-
60┬╖transition-opacity">
Terms</Link` with `</Lin
k>ΓÉìΓÅÄ┬╖┬╖┬╖┬╖┬╖┬╖┬╖┬╖
┬╖┬╖┬╖┬╖<Link┬╖href="/te
rms"┬╖className="text-[1
1px]┬╖opacity-20┬╖transi
tion-opacity┬╖hover:opac
ity-60"`  
prettier/prettier
525:12  Error: Replace `
┬╖┬╖┬╖┬╖┬╖┬╖┬╖┬╖┬╖</div`
 with `┬╖┬╖┬╖TermsΓÉìΓÅÄ
┬╖┬╖┬╖┬╖┬╖┬╖┬╖┬╖┬╖┬╖┬╖┬╖
</Link`  
prettier/prettier
526:11  Error: Insert 
`</div>ΓÉìΓÅÄ┬╖┬╖`  
prettier/prettier
528:1  Error: Delete 
`┬╖┬╖┬╖┬╖┬╖┬╖┬╖┬╖`  
prettier/prettier
529:11  Error: Replace `
┬╖┬╖┬╖┬╖┬╖┬╖┬╖┬╖┬╖┬╖<div
┬╖className="fixed┬╖bott
om-4┬╖right-4┬╖px-4┬╖py-
2.5┬╖rounded-lg┬╖text-sm
┬╖z-[1001]┬╖flex┬╖items-
center┬╖gap-2"ΓÉìΓÅÄ┬╖┬╖
┬╖┬╖┬╖┬╖┬╖┬╖┬╖┬╖┬╖┬╖` 
with `<divΓÉìΓÅÄ┬╖┬╖┬╖┬╖
┬╖┬╖┬╖┬╖┬╖┬╖┬╖┬╖classNam
e="fixed┬╖bottom-4┬╖righ
t-4┬╖z-[1001]┬╖flex┬╖ite
ms-center┬╖gap-2┬╖rounde
d-lg┬╖px-4┬╖py-2.5┬╖text
-sm"ΓÉìΓÅÄ`  
prettier/prettier
531:1  Error: Replace `┬
╖┬╖┬╖┬╖┬╖┬╖┬╖┬╖┬╖┬╖┬╖┬╖┬
╖┬╖┬╖┬╖┬╖┬╖┬╖┬╖┬╖┬╖┬╖┬╖<
Check┬╖className="w-3.5┬
╖h` with `┬╖┬╖┬╖┬╖┬╖┬╖┬╖
┬╖┬╖┬╖┬╖┬╖<Check┬╖classN
ame="h-3.5┬╖w`  
prettier/prettier
532:1  Error: Delete 
`┬╖┬╖┬╖┬╖┬╖┬╖┬╖┬╖┬╖┬╖`  
prettier/prettier
533:9  Error: Delete 
`┬╖┬╖┬╖┬╖┬╖┬╖┬╖┬╖`  
prettier/prettier
534:7  Error: Delete 
`┬╖┬╖┬╖┬╖┬╖┬╖`  
prettier/prettier
535:1  Error: Replace 
`┬╖┬╖┬╖┬╖┬╖┬╖┬╖┬╖` with 
`┬╖┬╖┬╖┬╖`  
prettier/prettier
536:1  Error: Delete 
`┬╖┬╖`  
prettier/prettier
541:3  Error: Delete 
`┬╖┬╖`  
prettier/prettier
542:1  Error: Replace 
`┬╖┬╖┬╖┬╖` with `┬╖┬╖`  
prettier/prettier
543:1  Error: Delete 
`┬╖┬╖┬╖┬╖`  
prettier/prettier
544:1  Error: Replace 
`┬╖┬╖┬╖┬╖┬╖┬╖┬╖┬╖` with 
`┬╖┬╖┬╖┬╖`  
prettier/prettier
545:5  Error: Delete 
`┬╖┬╖┬╖┬╖`  
prettier/prettier
546:1  Error: Replace 
`┬╖┬╖┬╖┬╖┬╖┬╖┬╖┬╖` with 
`┬╖┬╖┬╖┬╖`  
prettier/prettier
547:5  Error: Delete 
`┬╖┬╖┬╖┬╖`  
prettier/prettier
548:1  Error: Replace 
`┬╖┬╖┬╖┬╖` with `┬╖┬╖`  
prettier/prettier
549:1  Error: Delete 
`┬╖┬╖`  
prettier/prettier
550:1  Error: Delete 
`┬╖┬╖┬╖┬╖`  
prettier/prettier
551:7  Error: Replace `┬
╖┬╖┬╖┬╖┬╖┬╖<h2┬╖classNam
e={`${space.className}┬╖
text-2xl┬╖md:text-[1.75r
em]┬╖font-bold┬╖mb-10┬╖t
ransition-all┬╖duration-
700┬╖${v┬╖?┬╖'opacity-10
0'┬╖:┬╖'opacity-0┬╖trans
late-y-3` with `<h2ΓÉìΓÅ
Ä┬╖┬╖┬╖┬╖┬╖┬╖┬╖┬╖classNa
me={`${space.className}┬
╖mb-10┬╖text-2xl┬╖font-b
old┬╖transition-all┬╖dur
ation-700┬╖md:text-[1.75
rem]┬╖${v┬╖?┬╖'opacity-1
00'┬╖:┬╖'translate-y-3┬╖
opacity-0`  
prettier/prettier
552:1  Error: Replace `┬
╖┬╖┬╖┬╖┬╖┬╖┬╖┬╖┬╖┬╖┬╖┬╖┬
╖┬╖┬╖┬╖` with 
`┬╖┬╖┬╖┬╖┬╖┬╖┬╖┬╖`  
prettier/prettier
553:1  Error: Delete 
`┬╖┬╖┬╖┬╖┬╖┬╖`  
prettier/prettier
554:7  Error: Delete 
`┬╖┬╖┬╖┬╖┬╖┬╖`  
prettier/prettier
555:1  Error: Replace `┬
╖┬╖┬╖┬╖┬╖┬╖┬╖┬╖┬╖┬╖┬╖┬╖┬
╖┬╖┬╖┬╖` with 
`┬╖┬╖┬╖┬╖┬╖┬╖┬╖┬╖`  
prettier/prettier
556:11  Error: Replace `
┬╖┬╖┬╖┬╖┬╖┬╖┬╖┬╖┬╖┬╖<li┬
╖key={i}┬╖className={`py
-3.5┬╖text-[16px]┬╖leadi
ng-relaxed┬╖opacity-60┬╖
transition-all┬╖duration
-500┬╖${v┬╖?┬╖'opacity-6
0'┬╖:┬╖'opacity-0┬╖trans
late-y-2` with `<liΓÉìΓÅ
Ä┬╖┬╖┬╖┬╖┬╖┬╖┬╖┬╖┬╖┬╖┬╖┬
╖key={i}ΓÉìΓÅÄ┬╖┬╖┬╖┬╖┬╖
┬╖┬╖┬╖┬╖┬╖┬╖┬╖className=
{`py-3.5┬╖text-[16px]┬╖l
eading-relaxed┬╖opacity-
60┬╖transition-all┬╖dura
tion-500┬╖${v┬╖?┬╖'opaci
ty-60'┬╖:┬╖'translate-y-
2┬╖opacity-0`  
prettier/prettier
557:1  Error: Delete `┬╖
┬╖┬╖┬╖┬╖┬╖┬╖┬╖┬╖┬╖┬╖┬╖` 
 prettier/prettier
558:13  Error: Delete `┬
╖┬╖┬╖┬╖┬╖┬╖┬╖┬╖┬╖┬╖┬╖┬╖`
  prettier/prettier
559:1  Error: Replace `┬
╖┬╖┬╖┬╖┬╖┬╖┬╖┬╖┬╖┬╖┬╖┬╖┬
╖┬╖┬╖┬╖┬╖┬╖┬╖┬╖` with 
`┬╖┬╖┬╖┬╖┬╖┬╖┬╖┬╖┬╖┬╖`  
prettier/prettier
560:1  Error: Replace `┬
╖┬╖┬╖┬╖┬╖┬╖┬╖┬╖┬╖┬╖┬╖┬╖┬
╖┬╖┬╖┬╖` with 
`┬╖┬╖┬╖┬╖┬╖┬╖┬╖┬╖`  
prettier/prettier
561:1  Error: Replace `┬
╖┬╖┬╖┬╖┬╖┬╖┬╖┬╖┬╖┬╖┬╖┬╖`
 with `┬╖┬╖┬╖┬╖┬╖┬╖`  
prettier/prettier
562:1  Error: Delete 
`┬╖┬╖┬╖┬╖`  
prettier/prettier
563:1  Error: Delete 
`┬╖┬╖`  
prettier/prettier
568:1  Error: Delete 
`┬╖┬╖`  
prettier/prettier
569:3  Error: Delete 
`┬╖┬╖`  
prettier/prettier
570:1  Error: Delete 
`┬╖┬╖┬╖┬╖`  
prettier/prettier
571:1  Error: Replace 
`┬╖┬╖┬╖┬╖┬╖┬╖┬╖┬╖` with 
`┬╖┬╖┬╖┬╖`  
prettier/prettier
572:5  Error: Delete 
`┬╖┬╖┬╖┬╖`  
prettier/prettier
573:1  Error: Delete 
`┬╖┬╖`  
prettier/prettier
574:3  Error: Delete 
`┬╖┬╖`  
prettier/prettier
575:1  Error: Delete 
`┬╖┬╖┬╖┬╖`  
prettier/prettier
576:7  Error: Replace `┬
╖┬╖┬╖┬╖┬╖┬╖<h2┬╖classNam
e={`${space.className}┬╖
text-2xl┬╖md:text-[1.75r
em]┬╖font-bold┬╖mb-12┬╖t
ransition-all┬╖duration-
700┬╖${v┬╖?┬╖'opacity-10
0'┬╖:┬╖'opacity-0┬╖trans
late-y-3` with `<h2ΓÉìΓÅ
Ä┬╖┬╖┬╖┬╖┬╖┬╖┬╖┬╖classNa
me={`${space.className}┬
╖mb-12┬╖text-2xl┬╖font-b
old┬╖transition-all┬╖dur
ation-700┬╖md:text-[1.75
rem]┬╖${v┬╖?┬╖'opacity-1
00'┬╖:┬╖'translate-y-3┬╖
opacity-0`  
prettier/prettier
577:1  Error: Replace `┬
╖┬╖┬╖┬╖┬╖┬╖┬╖┬╖┬╖┬╖┬╖┬╖┬
╖┬╖┬╖┬╖` with 
`┬╖┬╖┬╖┬╖┬╖┬╖┬╖┬╖`  
prettier/prettier
578:7  Error: Delete 
`┬╖┬╖┬╖┬╖┬╖┬╖`  
prettier/prettier
579:1  Error: Delete 
`┬╖┬╖┬╖┬╖┬╖┬╖`  
prettier/prettier
580:9  Error: Replace `┬
╖┬╖┬╖┬╖┬╖┬╖┬╖┬╖<div┬╖cla
ssName="absolute┬╖left-[
7px]┬╖top-2┬╖bottom-2┬╖w
-px┬╖hidden┬╖md:block"┬╖
style={{┬╖background:┬╖'
var(--rm-line)'┬╖}}┬╖/>`
 with `<divΓÉìΓÅÄ┬╖┬╖┬╖┬
╖┬╖┬╖┬╖┬╖┬╖┬╖className="
absolute┬╖bottom-2┬╖left
-[7px]┬╖top-2┬╖hidden┬╖w
-px┬╖md:block"ΓÉìΓÅÄ┬╖┬╖
┬╖┬╖┬╖┬╖┬╖┬╖┬╖┬╖style={{
┬╖background:┬╖'var(--rm
-line)'┬╖}}`  
prettier/prettier
581:9  Error: Insert 
`/>ΓÉìΓÅÄ`  
prettier/prettier
582:1  Error: Replace `┬
╖┬╖┬╖┬╖┬╖┬╖┬╖┬╖┬╖┬╖┬╖┬╖┬
╖┬╖┬╖┬╖┬╖┬╖┬╖┬╖` with 
`┬╖┬╖┬╖┬╖┬╖┬╖┬╖┬╖┬╖┬╖`  
prettier/prettier
583:13  Error: Replace `
┬╖┬╖┬╖┬╖┬╖┬╖┬╖┬╖┬╖┬╖┬╖┬╖
<div┬╖key={i}┬╖className
={`flex┬╖gap-5┬╖items-st
art┬╖transition-all┬╖dur
ation-600┬╖${v┬╖?┬╖'opac
ity-100'┬╖:┬╖'opacity-0┬
╖translate-y-4` with `<d
ivΓÉìΓÅÄ┬╖┬╖┬╖┬╖┬╖┬╖┬╖┬╖
┬╖┬╖┬╖┬╖┬╖┬╖key={i}ΓÉìΓÅ
Ä┬╖┬╖┬╖┬╖┬╖┬╖┬╖┬╖┬╖┬╖┬╖┬
╖┬╖┬╖className={`duratio
n-600┬╖flex┬╖items-start
┬╖gap-5┬╖transition-all┬
╖${v┬╖?┬╖'opacity-100'┬╖
:┬╖'translate-y-4┬╖opaci
ty-0`  prettier/prettier
584:1  Error: Replace `┬
╖┬╖┬╖┬╖┬╖┬╖┬╖┬╖┬╖┬╖┬╖┬╖┬
╖┬╖┬╖┬╖┬╖┬╖┬╖┬╖┬╖┬╖┬╖┬╖┬
╖┬╖┬╖┬╖` with `┬╖┬╖┬╖┬╖┬
╖┬╖┬╖┬╖┬╖┬╖┬╖┬╖┬╖┬╖`  
prettier/prettier
585:15  Error: Replace `
┬╖┬╖┬╖┬╖┬╖┬╖┬╖┬╖┬╖┬╖┬╖┬╖
┬╖┬╖<span┬╖className={`$
{mono.className}┬╖shrink
-0┬╖w-[15px]┬╖h-[15px]┬╖
rounded-full┬╖flex┬╖item
s-center┬╖justify-center
┬╖text-[8px]┬╖font-mediu
m┬╖opacity-40┬╖relative┬
╖z-10` with `<spanΓÉìΓÅÄ
┬╖┬╖┬╖┬╖┬╖┬╖┬╖┬╖┬╖┬╖┬╖┬╖
┬╖┬╖┬╖┬╖className={`${mo
no.className}┬╖relative┬
╖z-10┬╖flex┬╖h-[15px]┬╖w
-[15px]┬╖shrink-0┬╖items
-center┬╖justify-center┬
╖rounded-full┬╖text-[8px
]┬╖font-medium┬╖opacity-
40`  prettier/prettier
586:1  Error: Delete `┬╖
┬╖┬╖┬╖┬╖┬╖┬╖┬╖┬╖┬╖┬╖┬╖┬╖
┬╖┬╖┬╖`  
prettier/prettier
587:17  Error: Delete `┬
╖┬╖┬╖┬╖┬╖┬╖┬╖┬╖┬╖┬╖┬╖┬╖┬
╖┬╖┬╖┬╖`  
prettier/prettier
588:1  Error: Replace `┬
╖┬╖┬╖┬╖┬╖┬╖┬╖┬╖┬╖┬╖┬╖┬╖┬
╖┬╖┬╖┬╖┬╖┬╖┬╖┬╖┬╖┬╖┬╖┬╖┬
╖┬╖┬╖┬╖` with `┬╖┬╖┬╖┬╖┬
╖┬╖┬╖┬╖┬╖┬╖┬╖┬╖┬╖┬╖`  
prettier/prettier
589:1  Error: Replace `┬
╖┬╖┬╖┬╖┬╖┬╖┬╖┬╖┬╖┬╖┬╖┬╖┬
╖┬╖┬╖┬╖┬╖┬╖┬╖┬╖┬╖┬╖┬╖┬╖┬
╖┬╖┬╖┬╖` with `┬╖┬╖┬╖┬╖┬
╖┬╖┬╖┬╖┬╖┬╖┬╖┬╖┬╖┬╖`  
prettier/prettier
590:1  Error: Replace `┬
╖┬╖┬╖┬╖┬╖┬╖┬╖┬╖┬╖┬╖┬╖┬╖┬
╖┬╖┬╖┬╖┬╖┬╖┬╖┬╖┬╖┬╖┬╖┬╖┬
╖┬╖┬╖┬╖┬╖┬╖┬╖┬╖<p┬╖class
Name="text-[16px]┬╖font-
semibold┬╖mb-1` with `┬╖
┬╖┬╖┬╖┬╖┬╖┬╖┬╖┬╖┬╖┬╖┬╖┬╖
┬╖┬╖┬╖<p┬╖className="mb-
1┬╖text-[16px]┬╖font-sem
ibold`  
prettier/prettier
591:17  Error: Replace `
┬╖┬╖┬╖┬╖┬╖┬╖┬╖┬╖┬╖┬╖┬╖┬╖
┬╖┬╖┬╖┬╖<p┬╖className="t
ext-[15px]┬╖opacity-50┬╖
leading-relaxed` with `<
p┬╖className="text-[15px
]┬╖leading-relaxed┬╖opac
ity-50`  
prettier/prettier
592:1  Error: Replace `┬
╖┬╖┬╖┬╖┬╖┬╖┬╖┬╖┬╖┬╖┬╖┬╖┬
╖┬╖┬╖┬╖┬╖┬╖┬╖┬╖┬╖┬╖┬╖┬╖┬
╖┬╖┬╖┬╖` with `┬╖┬╖┬╖┬╖┬
╖┬╖┬╖┬╖┬╖┬╖┬╖┬╖┬╖┬╖`  
prettier/prettier
593:1  Error: Replace `┬
╖┬╖┬╖┬╖┬╖┬╖┬╖┬╖┬╖┬╖┬╖┬╖┬
╖┬╖┬╖┬╖┬╖┬╖┬╖┬╖┬╖┬╖┬╖┬╖`
 with `┬╖┬╖┬╖┬╖┬╖┬╖┬╖┬╖┬
╖┬╖┬╖┬╖`  
prettier/prettier
594:1  Error: Replace `┬
╖┬╖┬╖┬╖┬╖┬╖┬╖┬╖┬╖┬╖┬╖┬╖┬
╖┬╖┬╖┬╖┬╖┬╖┬╖┬╖` with 
`┬╖┬╖┬╖┬╖┬╖┬╖┬╖┬╖┬╖┬╖`  
prettier/prettier
595:1  Error: Replace `┬
╖┬╖┬╖┬╖┬╖┬╖┬╖┬╖┬╖┬╖┬╖┬╖┬
╖┬╖┬╖┬╖` with 
`┬╖┬╖┬╖┬╖┬╖┬╖┬╖┬╖`  
prettier/prettier
596:1  Error: Replace `┬
╖┬╖┬╖┬╖┬╖┬╖┬╖┬╖┬╖┬╖┬╖┬╖`
 with `┬╖┬╖┬╖┬╖┬╖┬╖`  
prettier/prettier
597:1  Error: Replace 
`┬╖┬╖┬╖┬╖┬╖┬╖┬╖┬╖` with 
`┬╖┬╖┬╖┬╖`  
prettier/prettier
598:1  Error: Delete 
`┬╖┬╖`  
prettier/prettier
603:3  Error: Delete 
`┬╖┬╖`  
prettier/prettier
605:3  Error: Delete 
`┬╖┬╖`  
prettier/prettier
606:1  Error: Replace 
`┬╖┬╖┬╖┬╖┬╖┬╖┬╖┬╖` with 
`┬╖┬╖┬╖┬╖`  
prettier/prettier
607:1  Error: Replace `┬
╖┬╖┬╖┬╖┬╖┬╖┬╖┬╖┬╖┬╖┬╖┬╖`
 with `┬╖┬╖┬╖┬╖┬╖┬╖`  
prettier/prettier
608:1  Error: Delete 
`┬╖┬╖┬╖┬╖┬╖┬╖`  
prettier/prettier
609:7  Error: Delete 
`┬╖┬╖┬╖┬╖┬╖┬╖`  
prettier/prettier
610:1  Error: Replace `┬
╖┬╖┬╖┬╖┬╖┬╖┬╖┬╖┬╖┬╖┬╖┬╖`
 with `┬╖┬╖┬╖┬╖┬╖┬╖`  
prettier/prettier
611:1  Error: Delete 
`┬╖┬╖┬╖┬╖┬╖┬╖`  
prettier/prettier
612:1  Error: Replace `┬
╖┬╖┬╖┬╖┬╖┬╖┬╖┬╖┬╖┬╖┬╖┬╖`
 with `┬╖┬╖┬╖┬╖┬╖┬╖`  
prettier/prettier
613:1  Error: Delete 
`┬╖┬╖┬╖┬╖┬╖┬╖`  
prettier/prettier
614:5  Error: Delete 
`┬╖┬╖┬╖┬╖`  
prettier/prettier
615:1  Error: Replace 
`┬╖┬╖┬╖┬╖┬╖┬╖┬╖┬╖` with 
`┬╖┬╖┬╖┬╖`  
prettier/prettier
616:1  Error: Delete 
`┬╖┬╖┬╖┬╖┬╖┬╖`  
prettier/prettier
617:1  Error: Replace `┬
╖┬╖┬╖┬╖┬╖┬╖┬╖┬╖┬╖┬╖┬╖┬╖`
 with `┬╖┬╖┬╖┬╖┬╖┬╖`  
prettier/prettier
618:1  Error: Replace `┬
╖┬╖┬╖┬╖┬╖┬╖┬╖┬╖┬╖┬╖┬╖┬╖`
 with `┬╖┬╖┬╖┬╖┬╖┬╖`  
prettier/prettier
619:1  Error: Replace `┬
╖┬╖┬╖┬╖┬╖┬╖┬╖┬╖┬╖┬╖┬╖┬╖`
 with `┬╖┬╖┬╖┬╖┬╖┬╖`  
prettier/prettier
620:1  Error: Replace `┬
╖┬╖┬╖┬╖┬╖┬╖┬╖┬╖┬╖┬╖┬╖┬╖`
 with `┬╖┬╖┬╖┬╖┬╖┬╖`  
prettier/prettier
621:7  Error: Delete 
`┬╖┬╖┬╖┬╖┬╖┬╖`  
prettier/prettier
622:1  Error: Replace `┬
╖┬╖┬╖┬╖┬╖┬╖┬╖┬╖┬╖┬╖┬╖┬╖`
 with `┬╖┬╖┬╖┬╖┬╖┬╖`  
prettier/prettier
623:1  Error: Replace 
`┬╖┬╖┬╖┬╖┬╖┬╖┬╖┬╖` with 
`┬╖┬╖┬╖┬╖`  
prettier/prettier
624:1  Error: Replace 
`┬╖┬╖┬╖┬╖┬╖┬╖┬╖┬╖` with 
`┬╖┬╖┬╖┬╖`  
prettier/prettier
625:1  Error: Replace `┬
╖┬╖┬╖┬╖┬╖┬╖┬╖┬╖┬╖┬╖┬╖┬╖`
 with `┬╖┬╖┬╖┬╖┬╖┬╖`  
prettier/prettier
626:1  Error: Replace `┬
╖┬╖┬╖┬╖┬╖┬╖┬╖┬╖┬╖┬╖┬╖┬╖`
 with `┬╖┬╖┬╖┬╖┬╖┬╖`  
prettier/prettier
627:7  Error: Delete 
`┬╖┬╖┬╖┬╖┬╖┬╖`  
prettier/prettier
628:1  Error: Delete 
`┬╖┬╖┬╖┬╖┬╖┬╖`  
prettier/prettier
629:7  Error: Delete 
`┬╖┬╖┬╖┬╖┬╖┬╖`  
prettier/prettier
630:7  Error: Delete 
`┬╖┬╖┬╖┬╖┬╖┬╖`  
prettier/prettier
631:1  Error: Replace `┬
╖┬╖┬╖┬╖┬╖┬╖┬╖┬╖┬╖┬╖┬╖┬╖`
 with `┬╖┬╖┬╖┬╖┬╖┬╖`  
prettier/prettier
632:5  Error: Delete 
`┬╖┬╖┬╖┬╖`  
prettier/prettier
633:1  Error: Replace 
`┬╖┬╖┬╖┬╖` with `┬╖┬╖`  
prettier/prettier
635:1  Error: Delete 
`┬╖┬╖`  
prettier/prettier
636:1  Error: Delete 
`┬╖┬╖┬╖┬╖`  
prettier/prettier
637:5  Error: Delete 
`┬╖┬╖┬╖┬╖`  
prettier/prettier
638:1  Error: Delete 
`┬╖┬╖┬╖┬╖`  
prettier/prettier
639:5  Error: Delete 
`┬╖┬╖┬╖┬╖`  
prettier/prettier
640:1  Error: Replace 
`┬╖┬╖┬╖┬╖┬╖┬╖┬╖┬╖` with 
`┬╖┬╖┬╖┬╖`  
prettier/prettier
641:1  Error: Delete 
`┬╖┬╖┬╖┬╖`  
prettier/prettier
642:1  Error: Replace 
`┬╖┬╖┬╖┬╖┬╖┬╖┬╖┬╖` with 
`┬╖┬╖┬╖┬╖`  
prettier/prettier
643:1  Error: Delete 
`┬╖┬╖┬╖┬╖`  
prettier/prettier
644:1  Error: Replace 
`┬╖┬╖┬╖┬╖┬╖┬╖┬╖┬╖` with 
`┬╖┬╖┬╖┬╖`  
prettier/prettier
645:5  Error: Delete 
`┬╖┬╖┬╖┬╖`  
prettier/prettier
646:1  Error: Replace 
`┬╖┬╖┬╖┬╖┬╖┬╖┬╖┬╖` with 
`┬╖┬╖┬╖┬╖`  
prettier/prettier
647:1  Error: Delete 
`┬╖┬╖┬╖┬╖`  
prettier/prettier
648:1  Error: Replace 
`┬╖┬╖┬╖┬╖┬╖┬╖┬╖┬╖` with 
`┬╖┬╖┬╖┬╖`  
prettier/prettier
649:3  Error: Delete 
`┬╖┬╖`  
prettier/prettier
651:1  Error: Delete 
`┬╖┬╖`  
prettier/prettier
652:1  Error: Replace 
`┬╖┬╖┬╖┬╖┬╖┬╖┬╖┬╖` with 
`┬╖┬╖┬╖┬╖`  
prettier/prettier
653:1  Error: Replace `┬
╖┬╖┬╖┬╖┬╖┬╖┬╖┬╖┬╖┬╖┬╖┬╖r
eturn┬╖<Check┬╖className
={`w-4┬╖h-4┬╖mx-auto┬╖${
highlighted┬╖?┬╖'opacity
-100'┬╖:┬╖'opacity-80'}`
}┬╖style={{┬╖color:┬╖'va
r(--rm-accent)'┬╖}}` 
with `┬╖┬╖┬╖┬╖┬╖┬╖return
┬╖(ΓÉìΓÅÄ┬╖┬╖┬╖┬╖┬╖┬╖┬╖┬
╖<CheckΓÉìΓÅÄ┬╖┬╖┬╖┬╖┬╖┬
╖┬╖┬╖┬╖┬╖className={`mx-
auto┬╖h-4┬╖w-4┬╖${highli
ghted┬╖?┬╖'opacity-100'┬
╖:┬╖'opacity-80'}`}ΓÉìΓÅ
Ä┬╖┬╖┬╖┬╖┬╖┬╖┬╖┬╖┬╖┬╖sty
le={{┬╖color:┬╖'var(--rm
-accent)'┬╖}}ΓÉìΓÅÄ┬╖┬╖┬
╖┬╖┬╖┬╖┬╖`  
prettier/prettier
654:1  Error: Replace 
`┬╖┬╖┬╖┬╖┬╖┬╖┬╖┬╖}` 
with `┬╖┬╖┬╖┬╖┬╖┬╖)`  
prettier/prettier
655:5  Error: Insert 
`}ΓÉìΓÅÄ`  
prettier/prettier
656:1  Error: Replace `┬
╖┬╖┬╖┬╖┬╖┬╖┬╖┬╖┬╖┬╖┬╖┬╖r
eturn┬╖<X┬╖className="w-
4┬╖h-4┬╖mx-auto` with `┬
╖┬╖┬╖┬╖┬╖┬╖return┬╖<X┬╖c
lassName="mx-auto┬╖h-4┬╖
w-4`  prettier/prettier
657:1  Error: Replace 
`┬╖┬╖┬╖┬╖┬╖┬╖┬╖┬╖` with 
`┬╖┬╖┬╖┬╖`  
prettier/prettier
658:1  Error: Replace `┬
╖┬╖┬╖┬╖┬╖┬╖┬╖┬╖return┬╖<
span┬╖className="text-[1
4px]┬╖md:text-[15px]┬╖le
ading-relaxed` with `┬╖┬
╖┬╖┬╖return┬╖<span┬╖clas
sName="text-[14px]┬╖lead
ing-relaxed┬╖md:text-[15
px]`  prettier/prettier
659:1  Error: Replace 
`┬╖┬╖┬╖┬╖` with `┬╖┬╖`  
prettier/prettier
661:1  Error: Delete 
`┬╖┬╖`  
prettier/prettier
662:1  Error: Delete 
`┬╖┬╖┬╖┬╖`  
prettier/prettier
663:1  Error: Replace `┬
╖┬╖┬╖┬╖┬╖┬╖┬╖┬╖┬╖┬╖┬╖┬╖<
div┬╖className={`transit
ion-all┬╖duration-700┬╖$
{v┬╖?┬╖'opacity-100'┬╖:┬
╖'opacity-0┬╖translate-y
-3` with `┬╖┬╖┬╖┬╖┬╖┬╖<d
iv┬╖className={`transiti
on-all┬╖duration-700┬╖${
v┬╖?┬╖'opacity-100'┬╖:┬╖
'translate-y-3┬╖opacity-
0`  prettier/prettier
664:1  Error: Replace `┬
╖┬╖┬╖┬╖┬╖┬╖┬╖┬╖┬╖┬╖┬╖┬╖┬
╖┬╖┬╖┬╖` with 
`┬╖┬╖┬╖┬╖┬╖┬╖┬╖┬╖`  
prettier/prettier
665:1  Error: Replace `┬
╖┬╖┬╖┬╖┬╖┬╖┬╖┬╖┬╖┬╖┬╖┬╖┬
╖┬╖┬╖┬╖<div┬╖className="
mt-3┬╖grid┬╖lg:grid-cols
-[1fr,320px]┬╖gap-6┬╖lg:
gap-14┬╖items-start` 
with `┬╖┬╖┬╖┬╖┬╖┬╖┬╖┬╖<d
iv┬╖className="mt-3┬╖gri
d┬╖items-start┬╖gap-6┬╖l
g:grid-cols-[1fr,320px]┬
╖lg:gap-14`  
prettier/prettier
666:1  Error: Replace `┬
╖┬╖┬╖┬╖┬╖┬╖┬╖┬╖┬╖┬╖┬╖┬╖┬
╖┬╖┬╖┬╖┬╖┬╖┬╖┬╖` with 
`┬╖┬╖┬╖┬╖┬╖┬╖┬╖┬╖┬╖┬╖`  
prettier/prettier
667:1  Error: Replace `┬
╖┬╖┬╖┬╖┬╖┬╖┬╖┬╖┬╖┬╖┬╖┬╖┬
╖┬╖┬╖┬╖┬╖┬╖┬╖┬╖┬╖┬╖┬╖┬╖<
h2┬╖className={`${space.
className}┬╖text-2xl┬╖md
:text-[1.75rem]┬╖font-bo
ld` with `┬╖┬╖┬╖┬╖┬╖┬╖┬╖
┬╖┬╖┬╖┬╖┬╖<h2┬╖className
={`${space.className}┬╖t
ext-2xl┬╖font-bold┬╖md:t
ext-[1.75rem]`  
prettier/prettier
668:1  Error: Replace `┬
╖┬╖┬╖┬╖┬╖┬╖┬╖┬╖┬╖┬╖┬╖┬╖┬
╖┬╖┬╖┬╖┬╖┬╖┬╖┬╖┬╖┬╖┬╖┬╖┬
╖┬╖┬╖┬╖` with `┬╖┬╖┬╖┬╖┬
╖┬╖┬╖┬╖┬╖┬╖┬╖┬╖┬╖┬╖`  
prettier/prettier
669:13  Error: Delete `┬
╖┬╖┬╖┬╖┬╖┬╖┬╖┬╖┬╖┬╖┬╖┬╖`
  prettier/prettier
670:1  Error: Replace `┬
╖┬╖┬╖┬╖┬╖┬╖┬╖┬╖┬╖┬╖┬╖┬╖┬
╖┬╖┬╖┬╖┬╖┬╖┬╖┬╖┬╖┬╖┬╖┬╖<
p┬╖className="mt-4┬╖text
-[16px]┬╖opacity-55┬╖lea
ding-relaxed┬╖max-w-[640
px]` with `┬╖┬╖┬╖┬╖┬╖┬╖┬
╖┬╖┬╖┬╖┬╖┬╖<p┬╖className
="mt-4┬╖max-w-[640px]┬╖t
ext-[16px]┬╖leading-rela
xed┬╖opacity-55`  
prettier/prettier
671:1  Error: Replace `┬
╖┬╖┬╖┬╖┬╖┬╖┬╖┬╖┬╖┬╖┬╖┬╖┬
╖┬╖┬╖┬╖┬╖┬╖┬╖┬╖┬╖┬╖┬╖┬╖┬
╖┬╖┬╖┬╖Same┬╖agent,┬╖sam
e┬╖workflow,┬╖different┬
╖limits.┬╖Start┬╖free,┬╖
then┬╖upgrade┬╖when┬╖you
┬╖want┬╖more┬╖topics,` 
with `┬╖┬╖┬╖┬╖┬╖┬╖┬╖┬╖┬╖
┬╖┬╖┬╖┬╖┬╖Same┬╖agent,┬╖
same┬╖workflow,┬╖differe
nt┬╖limits.┬╖Start┬╖free
,┬╖then┬╖upgrade┬╖when┬╖
you┬╖want┬╖more┬╖topics,
┬╖faster`  
prettier/prettier
672:1  Error: Replace `┬
╖┬╖┬╖┬╖┬╖┬╖┬╖┬╖┬╖┬╖┬╖┬╖┬
╖┬╖┬╖┬╖┬╖┬╖┬╖┬╖┬╖┬╖┬╖┬╖┬
╖┬╖┬╖┬╖faster┬╖` with `┬
╖┬╖┬╖┬╖┬╖┬╖┬╖┬╖┬╖┬╖┬╖┬╖┬
╖┬╖`  prettier/prettier
673:13  Error: Delete `┬
╖┬╖┬╖┬╖┬╖┬╖┬╖┬╖┬╖┬╖┬╖┬╖`
  prettier/prettier
674:1  Error: Replace `┬
╖┬╖┬╖┬╖┬╖┬╖┬╖┬╖┬╖┬╖┬╖┬╖┬
╖┬╖┬╖┬╖┬╖┬╖┬╖┬╖` with 
`┬╖┬╖┬╖┬╖┬╖┬╖┬╖┬╖┬╖┬╖`  
prettier/prettier
675:1  Error: Replace `┬
╖┬╖┬╖┬╖┬╖┬╖┬╖┬╖┬╖┬╖┬╖┬╖┬
╖┬╖┬╖┬╖┬╖┬╖┬╖┬╖<div┬╖cla
ssName={`${mono.classNam
e}┬╖text-[10px]┬╖trackin
g-[0.12em]┬╖uppercase┬╖o
pacity-25┬╖leading-relax
ed` with `┬╖┬╖┬╖┬╖┬╖┬╖┬╖
┬╖┬╖┬╖<div┬╖className={`
${mono.className}┬╖text-
[10px]┬╖uppercase┬╖leadi
ng-relaxed┬╖tracking-[0.
12em]┬╖opacity-25`  
prettier/prettier
676:1  Error: Replace `┬
╖┬╖┬╖┬╖┬╖┬╖┬╖┬╖┬╖┬╖┬╖┬╖┬
╖┬╖┬╖┬╖┬╖┬╖┬╖┬╖┬╖┬╖┬╖┬╖`
 with `┬╖┬╖┬╖┬╖┬╖┬╖┬╖┬╖┬
╖┬╖┬╖┬╖`  
prettier/prettier
677:1  Error: Delete `┬╖
┬╖┬╖┬╖┬╖┬╖┬╖┬╖┬╖┬╖┬╖┬╖` 
 prettier/prettier
678:1  Error: Delete 
`┬╖┬╖┬╖┬╖┬╖┬╖┬╖┬╖┬╖┬╖`  
prettier/prettier
679:9  Error: Delete 
`┬╖┬╖┬╖┬╖┬╖┬╖┬╖┬╖`  
prettier/prettier
680:7  Error: Delete 
`┬╖┬╖┬╖┬╖┬╖┬╖`  
prettier/prettier
682:1  Error: Replace `┬
╖┬╖┬╖┬╖┬╖┬╖┬╖┬╖┬╖┬╖┬╖┬╖<
div┬╖className="mt-10┬╖g
rid┬╖lg:grid-cols-3┬╖gap
-4┬╖md:gap-5` with `┬╖┬╖
┬╖┬╖┬╖┬╖<div┬╖className=
"mt-10┬╖grid┬╖gap-4┬╖md:
gap-5┬╖lg:grid-cols-3`  
prettier/prettier
683:1  Error: Delete 
`┬╖┬╖┬╖┬╖┬╖┬╖┬╖┬╖`  
prettier/prettier
684:1  Error: Replace `┬
╖┬╖┬╖┬╖┬╖┬╖┬╖┬╖┬╖┬╖┬╖┬╖┬
╖┬╖┬╖┬╖┬╖┬╖┬╖┬╖` with 
`┬╖┬╖┬╖┬╖┬╖┬╖┬╖┬╖┬╖┬╖`  
prettier/prettier
685:1  Error: Replace `┬
╖┬╖┬╖┬╖┬╖┬╖┬╖┬╖┬╖┬╖┬╖┬╖┬
╖┬╖┬╖┬╖┬╖┬╖┬╖┬╖┬╖┬╖┬╖┬╖`
 with `┬╖┬╖┬╖┬╖┬╖┬╖┬╖┬╖┬
╖┬╖┬╖┬╖`  
prettier/prettier
686:1  Error: Replace `┬
╖┬╖┬╖┬╖┬╖┬╖┬╖┬╖┬╖┬╖┬╖┬╖┬
╖┬╖┬╖┬╖┬╖┬╖┬╖┬╖┬╖┬╖┬╖┬╖c
lassName={`rounded-2xl┬╖
overflow-hidden┬╖transit
ion-all┬╖duration-700┬╖$
{v┬╖?┬╖'opacity-100┬╖tra
nslate-y-0'┬╖:┬╖'opacity
-0┬╖translate-y-4` with 
`┬╖┬╖┬╖┬╖┬╖┬╖┬╖┬╖┬╖┬╖┬╖┬
╖className={`overflow-hi
dden┬╖rounded-2xl┬╖trans
ition-all┬╖duration-700┬
╖${v┬╖?┬╖'translate-y-0┬
╖opacity-100'┬╖:┬╖'trans
late-y-4┬╖opacity-0`  
prettier/prettier
687:1  Error: Replace `┬
╖┬╖┬╖┬╖┬╖┬╖┬╖┬╖┬╖┬╖┬╖┬╖┬
╖┬╖┬╖┬╖┬╖┬╖┬╖┬╖┬╖┬╖┬╖┬╖`
 with `┬╖┬╖┬╖┬╖┬╖┬╖┬╖┬╖┬
╖┬╖┬╖┬╖`  
prettier/prettier
688:1  Error: Delete `┬╖
┬╖┬╖┬╖┬╖┬╖┬╖┬╖┬╖┬╖┬╖┬╖┬╖
┬╖`  prettier/prettier
689:1  Error: Replace `┬
╖┬╖┬╖┬╖┬╖┬╖┬╖┬╖┬╖┬╖┬╖┬╖┬
╖┬╖┬╖┬╖┬╖┬╖┬╖┬╖┬╖┬╖┬╖┬╖┬
╖┬╖┬╖┬╖` with `┬╖┬╖┬╖┬╖┬
╖┬╖┬╖┬╖┬╖┬╖┬╖┬╖┬╖┬╖`  
prettier/prettier
690:15  Error: Delete `┬
╖┬╖┬╖┬╖┬╖┬╖┬╖┬╖┬╖┬╖┬╖┬╖┬
╖┬╖`  prettier/prettier
691:1  Error: Replace `┬
╖┬╖┬╖┬╖┬╖┬╖┬╖┬╖┬╖┬╖┬╖┬╖┬
╖┬╖┬╖┬╖┬╖┬╖┬╖┬╖┬╖┬╖┬╖┬╖}
}ΓÉìΓÅÄ┬╖┬╖┬╖┬╖┬╖┬╖┬╖┬╖┬
╖┬╖┬╖┬╖┬╖┬╖┬╖┬╖┬╖┬╖┬╖┬╖`
 with `┬╖┬╖┬╖┬╖┬╖┬╖┬╖┬╖┬
╖┬╖┬╖┬╖}}`  
prettier/prettier
693:1  Error: Replace `┬
╖┬╖┬╖┬╖┬╖┬╖┬╖┬╖┬╖┬╖┬╖┬╖┬
╖┬╖┬╖┬╖┬╖┬╖┬╖┬╖┬╖┬╖┬╖┬╖`
 with `┬╖┬╖┬╖┬╖┬╖┬╖┬╖┬╖┬
╖┬╖┬╖┬╖`  
prettier/prettier
694:1  Error: Delete `┬╖
┬╖┬╖┬╖┬╖┬╖┬╖┬╖┬╖┬╖┬╖┬╖┬╖
┬╖`  prettier/prettier
695:1  Error: Replace `┬
╖┬╖┬╖┬╖┬╖┬╖┬╖┬╖┬╖┬╖┬╖┬╖┬
╖┬╖┬╖┬╖┬╖┬╖┬╖┬╖┬╖┬╖┬╖┬╖┬
╖┬╖┬╖┬╖` with `┬╖┬╖┬╖┬╖┬
╖┬╖┬╖┬╖┬╖┬╖┬╖┬╖┬╖┬╖`  
prettier/prettier
696:1  Error: Delete `┬╖
┬╖┬╖┬╖┬╖┬╖┬╖┬╖┬╖┬╖┬╖┬╖┬╖
┬╖┬╖┬╖`  
prettier/prettier
697:1  Error: Replace `┬
╖┬╖┬╖┬╖┬╖┬╖┬╖┬╖┬╖┬╖┬╖┬╖┬
╖┬╖┬╖┬╖┬╖┬╖┬╖┬╖┬╖┬╖┬╖┬╖┬
╖┬╖┬╖┬╖┬╖┬╖┬╖┬╖` with `┬
╖┬╖┬╖┬╖┬╖┬╖┬╖┬╖┬╖┬╖┬╖┬╖┬
╖┬╖┬╖┬╖`  
prettier/prettier
698:15  Error: Replace `
┬╖┬╖┬╖┬╖┬╖┬╖┬╖┬╖┬╖┬╖┬╖┬╖
┬╖┬╖}}` with `}}>`  
prettier/prettier
699:1  Error: Replace `┬
╖┬╖┬╖┬╖┬╖┬╖┬╖┬╖┬╖┬╖┬╖┬╖┬
╖┬╖┬╖┬╖┬╖┬╖┬╖┬╖┬╖┬╖┬╖┬╖>
` with `┬╖┬╖┬╖┬╖┬╖┬╖┬╖┬╖
┬╖┬╖┬╖┬╖┬╖┬╖<p`  
prettier/prettier
700:1  Error: Replace `┬
╖┬╖┬╖┬╖┬╖┬╖┬╖┬╖┬╖┬╖┬╖┬╖┬
╖┬╖┬╖┬╖┬╖┬╖┬╖┬╖┬╖┬╖┬╖┬╖┬
╖┬╖┬╖┬╖<p┬╖className={`$
{mono.className}┬╖text-[
10px]┬╖tracking-[0.12em]
┬╖uppercase` with `┬╖┬╖┬
╖┬╖┬╖┬╖┬╖┬╖┬╖┬╖┬╖┬╖┬╖┬╖┬
╖┬╖className={`${mono.cl
assName}┬╖text-[10px]┬╖u
ppercase┬╖tracking-[0.12
em]`  prettier/prettier
701:1  Error: Delete `┬╖
┬╖┬╖┬╖┬╖┬╖┬╖┬╖┬╖┬╖┬╖┬╖┬╖
┬╖┬╖┬╖`  
prettier/prettier
702:17  Error: Delete `┬
╖┬╖┬╖┬╖┬╖┬╖┬╖┬╖┬╖┬╖┬╖┬╖┬
╖┬╖┬╖┬╖`  
prettier/prettier
703:1  Error: Replace `┬
╖┬╖┬╖┬╖┬╖┬╖┬╖┬╖┬╖┬╖┬╖┬╖┬
╖┬╖┬╖┬╖┬╖┬╖┬╖┬╖┬╖┬╖┬╖┬╖┬
╖┬╖┬╖┬╖` with `┬╖┬╖┬╖┬╖┬
╖┬╖┬╖┬╖┬╖┬╖┬╖┬╖┬╖┬╖`  
prettier/prettier
704:1  Error: Replace `┬
╖┬╖┬╖┬╖┬╖┬╖┬╖┬╖┬╖┬╖┬╖┬╖┬
╖┬╖┬╖┬╖┬╖┬╖┬╖┬╖┬╖┬╖┬╖┬╖`
 with `┬╖┬╖┬╖┬╖┬╖┬╖┬╖┬╖┬
╖┬╖┬╖┬╖`  
prettier/prettier
706:1  Error: Delete `┬╖
┬╖┬╖┬╖┬╖┬╖┬╖┬╖┬╖┬╖┬╖┬╖` 
 prettier/prettier
707:1  Error: Replace `┬
╖┬╖┬╖┬╖┬╖┬╖┬╖┬╖┬╖┬╖┬╖┬╖┬
╖┬╖┬╖┬╖┬╖┬╖┬╖┬╖┬╖┬╖┬╖┬╖┬
╖┬╖┬╖┬╖` with `┬╖┬╖┬╖┬╖┬
╖┬╖┬╖┬╖┬╖┬╖┬╖┬╖┬╖┬╖`  
prettier/prettier
708:15  Error: Delete `┬
╖┬╖┬╖┬╖┬╖┬╖┬╖┬╖┬╖┬╖┬╖┬╖┬
╖┬╖`  prettier/prettier
709:1  Error: Replace `┬
╖┬╖┬╖┬╖┬╖┬╖┬╖┬╖┬╖┬╖┬╖┬╖┬
╖┬╖┬╖┬╖┬╖┬╖┬╖┬╖┬╖┬╖┬╖┬╖┬
╖┬╖┬╖┬╖┬╖┬╖┬╖┬╖` with `┬
╖┬╖┬╖┬╖┬╖┬╖┬╖┬╖┬╖┬╖┬╖┬╖┬
╖┬╖┬╖┬╖`  
prettier/prettier
710:1  Error: Replace `┬
╖┬╖┬╖┬╖┬╖┬╖┬╖┬╖┬╖┬╖┬╖┬╖┬
╖┬╖┬╖┬╖┬╖┬╖┬╖┬╖┬╖┬╖┬╖┬╖┬
╖┬╖┬╖┬╖┬╖┬╖┬╖┬╖┬╖┬╖┬╖┬╖c
lassName={`${space.class
Name}┬╖text-[34px]┬╖lead
ing-none┬╖font-bold┬╖` 
with `┬╖┬╖┬╖┬╖┬╖┬╖┬╖┬╖┬╖
┬╖┬╖┬╖┬╖┬╖┬╖┬╖┬╖┬╖classN
ame={`${space.className}
┬╖text-[34px]┬╖font-bold
┬╖leading-none┬╖`  
prettier/prettier
711:1  Error: Replace `┬
╖┬╖┬╖┬╖┬╖┬╖┬╖┬╖┬╖┬╖┬╖┬╖┬
╖┬╖┬╖┬╖┬╖┬╖┬╖┬╖┬╖┬╖┬╖┬╖┬
╖┬╖┬╖┬╖┬╖┬╖┬╖┬╖┬╖┬╖┬╖┬╖s
tyle={{┬╖color:┬╖plan.hi
ghlight┬╖?┬╖'var(--rm-ac
cent)'┬╖:┬╖'var(--rm-tex
t)'┬╖}}ΓÉìΓÅÄ┬╖┬╖┬╖┬╖┬╖┬
╖┬╖┬╖┬╖┬╖┬╖┬╖┬╖┬╖┬╖┬╖┬╖┬
╖┬╖┬╖┬╖┬╖┬╖┬╖┬╖┬╖┬╖┬╖┬╖┬
╖┬╖┬╖` with `┬╖┬╖┬╖┬╖┬╖┬
╖┬╖┬╖┬╖┬╖┬╖┬╖┬╖┬╖┬╖┬╖┬╖┬
╖style={{┬╖color:┬╖plan.
highlight┬╖?┬╖'var(--rm-
accent)'┬╖:┬╖'var(--rm-t
ext)'┬╖}}`  
prettier/prettier
713:1  Error: Replace `┬
╖┬╖┬╖┬╖┬╖┬╖┬╖┬╖┬╖┬╖┬╖┬╖┬
╖┬╖┬╖┬╖┬╖┬╖┬╖┬╖┬╖┬╖┬╖┬╖┬
╖┬╖┬╖┬╖┬╖┬╖┬╖┬╖┬╖┬╖┬╖┬╖`
 with `┬╖┬╖┬╖┬╖┬╖┬╖┬╖┬╖┬
╖┬╖┬╖┬╖┬╖┬╖┬╖┬╖┬╖┬╖`  
prettier/prettier
714:1  Error: Replace `┬
╖┬╖┬╖┬╖┬╖┬╖┬╖┬╖┬╖┬╖┬╖┬╖┬
╖┬╖┬╖┬╖┬╖┬╖┬╖┬╖┬╖┬╖┬╖┬╖┬
╖┬╖┬╖┬╖┬╖┬╖┬╖┬╖` with `┬
╖┬╖┬╖┬╖┬╖┬╖┬╖┬╖┬╖┬╖┬╖┬╖┬
╖┬╖┬╖┬╖`  
prettier/prettier
715:1  Error: Replace `┬
╖┬╖┬╖┬╖┬╖┬╖┬╖┬╖┬╖┬╖┬╖┬╖┬
╖┬╖┬╖┬╖┬╖┬╖┬╖┬╖┬╖┬╖┬╖┬╖┬
╖┬╖┬╖┬╖┬╖┬╖┬╖┬╖<span┬╖cl
assName="text-[15px]┬╖op
acity-45┬╖mb-1` with `┬╖
┬╖┬╖┬╖┬╖┬╖┬╖┬╖┬╖┬╖┬╖┬╖┬╖
┬╖┬╖┬╖<span┬╖className="
mb-1┬╖text-[15px]┬╖opaci
ty-45`  
prettier/prettier
716:15  Error: Delete `┬
╖┬╖┬╖┬╖┬╖┬╖┬╖┬╖┬╖┬╖┬╖┬╖┬
╖┬╖`  prettier/prettier
717:1  Error: Replace `┬
╖┬╖┬╖┬╖┬╖┬╖┬╖┬╖┬╖┬╖┬╖┬╖┬
╖┬╖┬╖┬╖┬╖┬╖┬╖┬╖┬╖┬╖┬╖┬╖┬
╖┬╖┬╖┬╖<p┬╖className="mt
-3┬╖text-[15px]┬╖opacity
-55┬╖leading-relaxed┬╖mi
n-h-[44px]` with `┬╖┬╖┬╖
┬╖┬╖┬╖┬╖┬╖┬╖┬╖┬╖┬╖┬╖┬╖<p
┬╖className="mt-3┬╖min-h
-[44px]┬╖text-[15px]┬╖le
ading-relaxed┬╖opacity-5
5`  prettier/prettier
719:15  Error: Delete `┬
╖┬╖┬╖┬╖┬╖┬╖┬╖┬╖┬╖┬╖┬╖┬╖┬
╖┬╖`  prettier/prettier
720:1  Error: Replace `┬
╖┬╖┬╖┬╖┬╖┬╖┬╖┬╖┬╖┬╖┬╖┬╖┬
╖┬╖┬╖┬╖┬╖┬╖┬╖┬╖┬╖┬╖┬╖┬╖┬
╖┬╖┬╖┬╖┬╖┬╖┬╖┬╖` with `┬
╖┬╖┬╖┬╖┬╖┬╖┬╖┬╖┬╖┬╖┬╖┬╖┬
╖┬╖┬╖┬╖`  
prettier/prettier
721:1  Error: Replace `┬
╖┬╖┬╖┬╖┬╖┬╖┬╖┬╖┬╖┬╖┬╖┬╖┬
╖┬╖┬╖┬╖┬╖┬╖┬╖┬╖┬╖┬╖┬╖┬╖┬
╖┬╖┬╖┬╖┬╖┬╖┬╖┬╖className
={`mt-5┬╖w-full┬╖flex` 
with `┬╖┬╖┬╖┬╖┬╖┬╖┬╖┬╖┬╖
┬╖┬╖┬╖┬╖┬╖┬╖┬╖className=
{`mt-5┬╖flex┬╖w-full`  
prettier/prettier
722:17  Error: Delete `┬
╖┬╖┬╖┬╖┬╖┬╖┬╖┬╖┬╖┬╖┬╖┬╖┬
╖┬╖┬╖┬╖`  
prettier/prettier
723:1  Error: Replace `┬
╖┬╖┬╖┬╖┬╖┬╖┬╖┬╖┬╖┬╖┬╖┬╖┬
╖┬╖┬╖┬╖┬╖┬╖┬╖┬╖┬╖┬╖┬╖┬╖┬
╖┬╖┬╖┬╖┬╖┬╖┬╖┬╖┬╖┬╖┬╖┬╖`
 with `┬╖┬╖┬╖┬╖┬╖┬╖┬╖┬╖┬
╖┬╖┬╖┬╖┬╖┬╖┬╖┬╖┬╖┬╖`  
prettier/prettier
724:1  Error: Replace `┬
╖┬╖┬╖┬╖┬╖┬╖┬╖┬╖┬╖┬╖┬╖┬╖┬
╖┬╖┬╖┬╖┬╖┬╖┬╖┬╖┬╖┬╖┬╖┬╖┬
╖┬╖┬╖┬╖┬╖┬╖┬╖┬╖┬╖┬╖┬╖┬╖┬
╖┬╖┬╖┬╖` with `┬╖┬╖┬╖┬╖┬
╖┬╖┬╖┬╖┬╖┬╖┬╖┬╖┬╖┬╖┬╖┬╖┬
╖┬╖┬╖┬╖`  
prettier/prettier
725:1  Error: Replace `┬
╖┬╖┬╖┬╖┬╖┬╖┬╖┬╖┬╖┬╖┬╖┬╖┬
╖┬╖┬╖┬╖┬╖┬╖┬╖┬╖┬╖┬╖┬╖┬╖┬
╖┬╖┬╖┬╖┬╖┬╖┬╖┬╖┬╖┬╖┬╖┬╖┬
╖┬╖┬╖┬╖` with `┬╖┬╖┬╖┬╖┬
╖┬╖┬╖┬╖┬╖┬╖┬╖┬╖┬╖┬╖┬╖┬╖┬
╖┬╖┬╖┬╖`  
prettier/prettier
726:1  Error: Replace `┬
╖┬╖┬╖┬╖┬╖┬╖┬╖┬╖┬╖┬╖┬╖┬╖┬
╖┬╖┬╖┬╖┬╖┬╖┬╖┬╖┬╖┬╖┬╖┬╖┬
╖┬╖┬╖┬╖┬╖┬╖┬╖┬╖}ΓÉìΓÅÄ┬╖
┬╖┬╖┬╖┬╖┬╖┬╖┬╖┬╖┬╖┬╖┬╖┬╖
┬╖┬╖┬╖┬╖┬╖┬╖┬╖┬╖┬╖┬╖┬╖┬╖
┬╖┬╖┬╖` with `┬╖┬╖┬╖┬╖┬╖
┬╖┬╖┬╖┬╖┬╖┬╖┬╖┬╖┬╖┬╖┬╖}`
  prettier/prettier
728:1  Error: Replace `┬
╖┬╖┬╖┬╖┬╖┬╖┬╖┬╖┬╖┬╖┬╖┬╖┬
╖┬╖┬╖┬╖┬╖┬╖┬╖┬╖┬╖┬╖┬╖┬╖┬
╖┬╖┬╖┬╖┬╖┬╖┬╖┬╖` with `┬
╖┬╖┬╖┬╖┬╖┬╖┬╖┬╖┬╖┬╖┬╖┬╖┬
╖┬╖┬╖┬╖`  
prettier/prettier
729:1  Error: Replace `┬
╖┬╖┬╖┬╖┬╖┬╖┬╖┬╖┬╖┬╖┬╖┬╖┬
╖┬╖┬╖┬╖┬╖┬╖┬╖┬╖┬╖┬╖┬╖┬╖┬
╖┬╖┬╖┬╖┬╖┬╖┬╖┬╖{plan.hig
hlight┬╖&&┬╖<ArrowRight┬
╖className="w-3.5┬╖h` 
with `┬╖┬╖┬╖┬╖┬╖┬╖┬╖┬╖┬╖
┬╖┬╖┬╖┬╖┬╖┬╖┬╖{plan.high
light┬╖&&┬╖<ArrowRight┬╖
className="h-3.5┬╖w`  
prettier/prettier
730:15  Error: Delete `┬
╖┬╖┬╖┬╖┬╖┬╖┬╖┬╖┬╖┬╖┬╖┬╖┬
╖┬╖`  prettier/prettier
731:1  Error: Replace `┬
╖┬╖┬╖┬╖┬╖┬╖┬╖┬╖┬╖┬╖┬╖┬╖┬
╖┬╖┬╖┬╖┬╖┬╖┬╖┬╖┬╖┬╖┬╖┬╖`
 with `┬╖┬╖┬╖┬╖┬╖┬╖┬╖┬╖┬
╖┬╖┬╖┬╖`  
prettier/prettier
732:1  Error: Replace `┬
╖┬╖┬╖┬╖┬╖┬╖┬╖┬╖┬╖┬╖┬╖┬╖┬
╖┬╖┬╖┬╖┬╖┬╖┬╖┬╖` with 
`┬╖┬╖┬╖┬╖┬╖┬╖┬╖┬╖┬╖┬╖`  
prettier/prettier
733:1  Error: Replace `┬
╖┬╖┬╖┬╖┬╖┬╖┬╖┬╖┬╖┬╖┬╖┬╖┬
╖┬╖┬╖┬╖` with 
`┬╖┬╖┬╖┬╖┬╖┬╖┬╖┬╖`  
prettier/prettier
734:1  Error: Replace `┬
╖┬╖┬╖┬╖┬╖┬╖┬╖┬╖┬╖┬╖┬╖┬╖`
 with `┬╖┬╖┬╖┬╖┬╖┬╖`  
prettier/prettier
736:1  Error: Replace `┬
╖┬╖┬╖┬╖┬╖┬╖┬╖┬╖┬╖┬╖┬╖┬╖`
 with `┬╖┬╖┬╖┬╖┬╖┬╖`  
prettier/prettier
737:1  Error: Replace `┬
╖┬╖┬╖┬╖┬╖┬╖┬╖┬╖┬╖┬╖┬╖┬╖┬
╖┬╖┬╖┬╖className={`mt-6┬
╖rounded-2xl┬╖overflow-h
idden┬╖transition-all┬╖d
uration-700┬╖${v┬╖?┬╖'op
acity-100┬╖translate-y-0
'┬╖:┬╖'opacity-0┬╖transl
ate-y-4` with `┬╖┬╖┬╖┬╖┬
╖┬╖┬╖┬╖className={`mt-6┬
╖overflow-hidden┬╖rounde
d-2xl┬╖transition-all┬╖d
uration-700┬╖${v┬╖?┬╖'tr
anslate-y-0┬╖opacity-100
'┬╖:┬╖'translate-y-4┬╖op
acity-0`  
prettier/prettier
738:9  Error: Delete 
`┬╖┬╖┬╖┬╖┬╖┬╖┬╖┬╖`  
prettier/prettier
739:1  Error: Replace `┬
╖┬╖┬╖┬╖┬╖┬╖┬╖┬╖┬╖┬╖┬╖┬╖┬
╖┬╖┬╖┬╖┬╖┬╖┬╖┬╖` with 
`┬╖┬╖┬╖┬╖┬╖┬╖┬╖┬╖┬╖┬╖`  
prettier/prettier
740:1  Error: Delete 
`┬╖┬╖┬╖┬╖┬╖┬╖┬╖┬╖┬╖┬╖`  
prettier/prettier
741:1  Error: Replace `┬
╖┬╖┬╖┬╖┬╖┬╖┬╖┬╖┬╖┬╖┬╖┬╖┬
╖┬╖┬╖┬╖┬╖┬╖┬╖┬╖` with 
`┬╖┬╖┬╖┬╖┬╖┬╖┬╖┬╖┬╖┬╖`  
prettier/prettier
742:1  Error: Replace `┬
╖┬╖┬╖┬╖┬╖┬╖┬╖┬╖┬╖┬╖┬╖┬╖┬
╖┬╖┬╖┬╖}}ΓÉìΓÅÄ┬╖┬╖┬╖┬╖┬
╖┬╖┬╖┬╖┬╖┬╖┬╖┬╖` with 
`┬╖┬╖┬╖┬╖┬╖┬╖┬╖┬╖}}`  
prettier/prettier
744:1  Error: Delete 
`┬╖┬╖┬╖┬╖┬╖┬╖┬╖┬╖`  
prettier/prettier
745:1  Error: Replace `┬
╖┬╖┬╖┬╖┬╖┬╖┬╖┬╖┬╖┬╖┬╖┬╖┬
╖┬╖┬╖┬╖┬╖┬╖┬╖┬╖` with 
`┬╖┬╖┬╖┬╖┬╖┬╖┬╖┬╖┬╖┬╖`  
prettier/prettier
746:1  Error: Delete `┬╖
┬╖┬╖┬╖┬╖┬╖┬╖┬╖┬╖┬╖┬╖┬╖` 
 prettier/prettier
747:15  Error: Delete `┬
╖┬╖┬╖┬╖┬╖┬╖┬╖┬╖┬╖┬╖┬╖┬╖┬
╖┬╖`  prettier/prettier
748:1  Error: Replace `┬
╖┬╖┬╖┬╖┬╖┬╖┬╖┬╖┬╖┬╖┬╖┬╖┬
╖┬╖┬╖┬╖┬╖┬╖┬╖┬╖┬╖┬╖┬╖┬╖┬
╖┬╖┬╖┬╖┬╖┬╖┬╖┬╖<th┬╖clas
sName="text-left┬╖px-4┬╖
md:px-5┬╖py-3┬╖text-[13p
x]┬╖font-medium┬╖opacity
-45` with `┬╖┬╖┬╖┬╖┬╖┬╖┬
╖┬╖┬╖┬╖┬╖┬╖┬╖┬╖┬╖┬╖<th┬╖
className="px-4┬╖py-3┬╖t
ext-left┬╖text-[13px]┬╖f
ont-medium┬╖opacity-45┬╖
md:px-5`  
prettier/prettier
749:1  Error: Replace `┬
╖┬╖┬╖┬╖┬╖┬╖┬╖┬╖┬╖┬╖┬╖┬╖┬
╖┬╖┬╖┬╖┬╖┬╖┬╖┬╖┬╖┬╖┬╖┬╖┬
╖┬╖┬╖┬╖┬╖┬╖┬╖┬╖` with `┬
╖┬╖┬╖┬╖┬╖┬╖┬╖┬╖┬╖┬╖┬╖┬╖┬
╖┬╖┬╖┬╖`  
prettier/prettier
750:19  Error: Delete `┬
╖┬╖┬╖┬╖┬╖┬╖┬╖┬╖┬╖┬╖┬╖┬╖┬
╖┬╖┬╖┬╖┬╖┬╖`  
prettier/prettier
751:1  Error: Replace `┬
╖┬╖┬╖┬╖┬╖┬╖┬╖┬╖┬╖┬╖┬╖┬╖┬
╖┬╖┬╖┬╖┬╖┬╖┬╖┬╖┬╖┬╖┬╖┬╖┬
╖┬╖┬╖┬╖┬╖┬╖┬╖┬╖┬╖┬╖┬╖┬╖┬
╖┬╖┬╖┬╖` with `┬╖┬╖┬╖┬╖┬
╖┬╖┬╖┬╖┬╖┬╖┬╖┬╖┬╖┬╖┬╖┬╖┬
╖┬╖┬╖┬╖`  
prettier/prettier
752:1  Error: Replace `┬
╖┬╖┬╖┬╖┬╖┬╖┬╖┬╖┬╖┬╖┬╖┬╖┬
╖┬╖┬╖┬╖┬╖┬╖┬╖┬╖┬╖┬╖┬╖┬╖┬
╖┬╖┬╖┬╖┬╖┬╖┬╖┬╖┬╖┬╖┬╖┬╖┬
╖┬╖┬╖┬╖className={`px-4┬
╖md:px-5┬╖py-3┬╖text-cen
ter┬╖` with `┬╖┬╖┬╖┬╖┬╖┬
╖┬╖┬╖┬╖┬╖┬╖┬╖┬╖┬╖┬╖┬╖┬╖┬
╖┬╖┬╖className={`px-4┬╖p
y-3┬╖text-center┬╖md:px-
5┬╖`  prettier/prettier
753:1  Error: Replace `┬
╖┬╖┬╖┬╖┬╖┬╖┬╖┬╖┬╖┬╖┬╖┬╖┬
╖┬╖┬╖┬╖┬╖┬╖┬╖┬╖┬╖┬╖┬╖┬╖┬
╖┬╖┬╖┬╖┬╖┬╖┬╖┬╖┬╖┬╖┬╖┬╖┬
╖┬╖┬╖┬╖` with `┬╖┬╖┬╖┬╖┬
╖┬╖┬╖┬╖┬╖┬╖┬╖┬╖┬╖┬╖┬╖┬╖┬
╖┬╖┬╖┬╖`  
prettier/prettier
754:1  Error: Replace `┬
╖┬╖┬╖┬╖┬╖┬╖┬╖┬╖┬╖┬╖┬╖┬╖┬
╖┬╖┬╖┬╖┬╖┬╖┬╖┬╖┬╖┬╖┬╖┬╖┬
╖┬╖┬╖┬╖┬╖┬╖┬╖┬╖┬╖┬╖┬╖┬╖┬
╖┬╖┬╖┬╖┬╖┬╖┬╖┬╖` with `┬
╖┬╖┬╖┬╖┬╖┬╖┬╖┬╖┬╖┬╖┬╖┬╖┬
╖┬╖┬╖┬╖┬╖┬╖┬╖┬╖┬╖┬╖`  
prettier/prettier
755:1  Error: Delete `┬╖
┬╖┬╖┬╖┬╖┬╖┬╖┬╖┬╖┬╖┬╖┬╖┬╖
┬╖┬╖┬╖┬╖┬╖┬╖┬╖┬╖┬╖`  
prettier/prettier
756:21  Error: Replace `
┬╖┬╖┬╖┬╖┬╖┬╖┬╖┬╖┬╖┬╖┬╖┬╖
┬╖┬╖┬╖┬╖┬╖┬╖┬╖┬╖}}ΓÉìΓÅÄ
┬╖┬╖┬╖┬╖┬╖┬╖┬╖┬╖┬╖┬╖┬╖┬╖
┬╖┬╖┬╖┬╖┬╖┬╖┬╖┬╖┬╖┬╖┬╖┬╖
┬╖┬╖┬╖┬╖┬╖┬╖┬╖┬╖┬╖┬╖┬╖┬╖
` with `}}`  
prettier/prettier
758:1  Error: Replace `┬
╖┬╖┬╖┬╖┬╖┬╖┬╖┬╖┬╖┬╖┬╖┬╖┬
╖┬╖┬╖┬╖┬╖┬╖┬╖┬╖┬╖┬╖┬╖┬╖┬
╖┬╖┬╖┬╖┬╖┬╖┬╖┬╖┬╖┬╖┬╖┬╖┬
╖┬╖┬╖┬╖` with `┬╖┬╖┬╖┬╖┬
╖┬╖┬╖┬╖┬╖┬╖┬╖┬╖┬╖┬╖┬╖┬╖┬
╖┬╖┬╖┬╖`  
prettier/prettier
759:23  Error: Replace `
┬╖┬╖┬╖┬╖┬╖┬╖┬╖┬╖┬╖┬╖┬╖┬╖
┬╖┬╖┬╖┬╖┬╖┬╖┬╖┬╖┬╖┬╖<spa
n` with `<spanΓÉìΓÅÄ┬╖┬╖
┬╖┬╖┬╖┬╖┬╖┬╖┬╖┬╖┬╖┬╖┬╖┬╖
┬╖┬╖┬╖┬╖┬╖┬╖┬╖┬╖┬╖`  
prettier/prettier
760:1  Error: Replace `┬
╖┬╖┬╖┬╖┬╖┬╖┬╖┬╖┬╖┬╖┬╖┬╖┬
╖┬╖┬╖┬╖┬╖┬╖┬╖┬╖┬╖┬╖┬╖┬╖┬
╖┬╖┬╖┬╖┬╖┬╖┬╖┬╖┬╖┬╖┬╖┬╖┬
╖┬╖┬╖┬╖┬╖┬╖┬╖┬╖┬╖┬╖┬╖┬╖`
 with `┬╖┬╖┬╖┬╖┬╖┬╖┬╖┬╖┬
╖┬╖┬╖┬╖┬╖┬╖┬╖┬╖┬╖┬╖┬╖┬╖┬
╖┬╖┬╖┬╖`  
prettier/prettier
761:25  Error: Delete `┬
╖┬╖┬╖┬╖┬╖┬╖┬╖┬╖┬╖┬╖┬╖┬╖┬
╖┬╖┬╖┬╖┬╖┬╖┬╖┬╖┬╖┬╖┬╖┬╖`
  prettier/prettier
762:1  Error: Replace `┬
╖┬╖┬╖┬╖┬╖┬╖┬╖┬╖┬╖┬╖┬╖┬╖┬
╖┬╖┬╖┬╖┬╖┬╖┬╖┬╖┬╖┬╖┬╖┬╖┬
╖┬╖┬╖┬╖┬╖┬╖┬╖┬╖┬╖┬╖┬╖┬╖┬
╖┬╖┬╖┬╖┬╖┬╖┬╖┬╖` with `┬
╖┬╖┬╖┬╖┬╖┬╖┬╖┬╖┬╖┬╖┬╖┬╖┬
╖┬╖┬╖┬╖┬╖┬╖┬╖┬╖┬╖┬╖`  
prettier/prettier
763:1  Error: Replace `┬
╖┬╖┬╖┬╖┬╖┬╖┬╖┬╖┬╖┬╖┬╖┬╖┬
╖┬╖┬╖┬╖┬╖┬╖┬╖┬╖┬╖┬╖┬╖┬╖┬
╖┬╖┬╖┬╖┬╖┬╖┬╖┬╖┬╖┬╖┬╖┬╖┬
╖┬╖┬╖┬╖┬╖┬╖┬╖┬╖<span┬╖cl
assName={`${mono.classNa
me}┬╖text-[10px]┬╖tracki
ng-[0.1em]┬╖uppercase┬╖`
 with `┬╖┬╖┬╖┬╖┬╖┬╖┬╖┬╖┬
╖┬╖┬╖┬╖┬╖┬╖┬╖┬╖┬╖┬╖┬╖┬╖┬
╖┬╖<span┬╖className={`${
mono.className}┬╖text-[1
0px]┬╖uppercase┬╖trackin
g-[0.1em]┬╖`  
prettier/prettier
764:1  Error: Replace `┬
╖┬╖┬╖┬╖┬╖┬╖┬╖┬╖┬╖┬╖┬╖┬╖┬
╖┬╖┬╖┬╖┬╖┬╖┬╖┬╖┬╖┬╖┬╖┬╖┬
╖┬╖┬╖┬╖┬╖┬╖┬╖┬╖┬╖┬╖┬╖┬╖┬
╖┬╖┬╖┬╖┬╖┬╖┬╖┬╖┬╖┬╖┬╖┬╖`
 with `┬╖┬╖┬╖┬╖┬╖┬╖┬╖┬╖┬
╖┬╖┬╖┬╖┬╖┬╖┬╖┬╖┬╖┬╖┬╖┬╖┬
╖┬╖┬╖┬╖`  
prettier/prettier
765:1  Error: Replace `┬
╖┬╖┬╖┬╖┬╖┬╖┬╖┬╖┬╖┬╖┬╖┬╖┬
╖┬╖┬╖┬╖┬╖┬╖┬╖┬╖┬╖┬╖┬╖┬╖┬
╖┬╖┬╖┬╖┬╖┬╖┬╖┬╖┬╖┬╖┬╖┬╖┬
╖┬╖┬╖┬╖┬╖┬╖┬╖┬╖` with `┬
╖┬╖┬╖┬╖┬╖┬╖┬╖┬╖┬╖┬╖┬╖┬╖┬
╖┬╖┬╖┬╖┬╖┬╖┬╖┬╖┬╖┬╖`  
prettier/prettier
766:1  Error: Replace `┬
╖┬╖┬╖┬╖┬╖┬╖┬╖┬╖┬╖┬╖┬╖┬╖┬
╖┬╖┬╖┬╖┬╖┬╖┬╖┬╖┬╖┬╖┬╖┬╖┬
╖┬╖┬╖┬╖┬╖┬╖┬╖┬╖┬╖┬╖┬╖┬╖┬
╖┬╖┬╖┬╖` with `┬╖┬╖┬╖┬╖┬
╖┬╖┬╖┬╖┬╖┬╖┬╖┬╖┬╖┬╖┬╖┬╖┬
╖┬╖┬╖┬╖`  
prettier/prettier
767:1  Error: Replace `┬
╖┬╖┬╖┬╖┬╖┬╖┬╖┬╖┬╖┬╖┬╖┬╖┬
╖┬╖┬╖┬╖┬╖┬╖┬╖┬╖┬╖┬╖┬╖┬╖┬
╖┬╖┬╖┬╖┬╖┬╖┬╖┬╖┬╖┬╖┬╖┬╖`
 with `┬╖┬╖┬╖┬╖┬╖┬╖┬╖┬╖┬
╖┬╖┬╖┬╖┬╖┬╖┬╖┬╖┬╖┬╖`  
prettier/prettier
768:1  Error: Replace `┬
╖┬╖┬╖┬╖┬╖┬╖┬╖┬╖┬╖┬╖┬╖┬╖┬
╖┬╖┬╖┬╖┬╖┬╖┬╖┬╖┬╖┬╖┬╖┬╖┬
╖┬╖┬╖┬╖┬╖┬╖┬╖┬╖` with `┬
╖┬╖┬╖┬╖┬╖┬╖┬╖┬╖┬╖┬╖┬╖┬╖┬
╖┬╖┬╖┬╖`  
prettier/prettier
769:1  Error: Replace `┬
╖┬╖┬╖┬╖┬╖┬╖┬╖┬╖┬╖┬╖┬╖┬╖┬
╖┬╖┬╖┬╖┬╖┬╖┬╖┬╖┬╖┬╖┬╖┬╖┬
╖┬╖┬╖┬╖` with `┬╖┬╖┬╖┬╖┬
╖┬╖┬╖┬╖┬╖┬╖┬╖┬╖┬╖┬╖`  
prettier/prettier
770:1  Error: Replace `┬
╖┬╖┬╖┬╖┬╖┬╖┬╖┬╖┬╖┬╖┬╖┬╖┬
╖┬╖┬╖┬╖┬╖┬╖┬╖┬╖┬╖┬╖┬╖┬╖`
 with `┬╖┬╖┬╖┬╖┬╖┬╖┬╖┬╖┬
╖┬╖┬╖┬╖`  
prettier/prettier
772:1  Error: Replace `┬
╖┬╖┬╖┬╖┬╖┬╖┬╖┬╖┬╖┬╖┬╖┬╖┬
╖┬╖┬╖┬╖┬╖┬╖┬╖┬╖┬╖┬╖┬╖┬╖`
 with `┬╖┬╖┬╖┬╖┬╖┬╖┬╖┬╖┬
╖┬╖┬╖┬╖`  
prettier/prettier
773:1  Error: Delete `┬╖
┬╖┬╖┬╖┬╖┬╖┬╖┬╖┬╖┬╖┬╖┬╖┬╖
┬╖`  prettier/prettier
774:1  Error: Delete `┬╖
┬╖┬╖┬╖┬╖┬╖┬╖┬╖┬╖┬╖┬╖┬╖┬╖
┬╖┬╖┬╖`  
prettier/prettier
775:19  Error: Replace `
┬╖┬╖┬╖┬╖┬╖┬╖┬╖┬╖┬╖┬╖┬╖┬╖
┬╖┬╖┬╖┬╖┬╖┬╖<td┬╖classNa
me="px-4┬╖md:px-5┬╖py-3.
5┬╖text-[15px]┬╖leading-
relaxed┬╖opacity-60┬╖whi
tespace-nowrap` with `<t
d┬╖className="whitespace
-nowrap┬╖px-4┬╖py-3.5┬╖t
ext-[15px]┬╖leading-rela
xed┬╖opacity-60┬╖md:px-5
`  prettier/prettier
776:1  Error: Delete `┬╖
┬╖┬╖┬╖┬╖┬╖┬╖┬╖┬╖┬╖┬╖┬╖┬╖
┬╖┬╖┬╖┬╖┬╖┬╖┬╖`  
prettier/prettier
777:1  Error: Replace `┬
╖┬╖┬╖┬╖┬╖┬╖┬╖┬╖┬╖┬╖┬╖┬╖┬
╖┬╖┬╖┬╖┬╖┬╖┬╖┬╖┬╖┬╖┬╖┬╖┬
╖┬╖┬╖┬╖┬╖┬╖┬╖┬╖┬╖┬╖┬╖┬╖`
 with `┬╖┬╖┬╖┬╖┬╖┬╖┬╖┬╖┬
╖┬╖┬╖┬╖┬╖┬╖┬╖┬╖┬╖┬╖`  
prettier/prettier
778:1  Error: Delete `┬╖
┬╖┬╖┬╖┬╖┬╖┬╖┬╖┬╖┬╖┬╖┬╖┬╖
┬╖┬╖┬╖┬╖┬╖`  
prettier/prettier
779:1  Error: Replace `┬
╖┬╖┬╖┬╖┬╖┬╖┬╖┬╖┬╖┬╖┬╖┬╖┬
╖┬╖┬╖┬╖┬╖┬╖┬╖┬╖┬╖┬╖┬╖┬╖┬
╖┬╖┬╖┬╖┬╖┬╖┬╖┬╖┬╖┬╖┬╖┬╖┬
╖┬╖┬╖┬╖` with `┬╖┬╖┬╖┬╖┬
╖┬╖┬╖┬╖┬╖┬╖┬╖┬╖┬╖┬╖┬╖┬╖┬
╖┬╖┬╖┬╖`  
prettier/prettier
780:1  Error: Replace `┬
╖┬╖┬╖┬╖┬╖┬╖┬╖┬╖┬╖┬╖┬╖┬╖┬
╖┬╖┬╖┬╖┬╖┬╖┬╖┬╖┬╖┬╖┬╖┬╖┬
╖┬╖┬╖┬╖┬╖┬╖┬╖┬╖┬╖┬╖┬╖┬╖┬
╖┬╖┬╖┬╖┬╖┬╖┬╖┬╖` with `┬
╖┬╖┬╖┬╖┬╖┬╖┬╖┬╖┬╖┬╖┬╖┬╖┬
╖┬╖┬╖┬╖┬╖┬╖┬╖┬╖┬╖┬╖`  
prettier/prettier
781:1  Error: Replace `┬
╖┬╖┬╖┬╖┬╖┬╖┬╖┬╖┬╖┬╖┬╖┬╖┬
╖┬╖┬╖┬╖┬╖┬╖┬╖┬╖┬╖┬╖┬╖┬╖┬
╖┬╖┬╖┬╖┬╖┬╖┬╖┬╖┬╖┬╖┬╖┬╖┬
╖┬╖┬╖┬╖┬╖┬╖┬╖┬╖className
="px-4┬╖md:px-5┬╖py-3.5┬
╖text-center┬╖align-midd
le` with `┬╖┬╖┬╖┬╖┬╖┬╖┬╖
┬╖┬╖┬╖┬╖┬╖┬╖┬╖┬╖┬╖┬╖┬╖┬╖
┬╖┬╖┬╖className="px-4┬╖p
y-3.5┬╖text-center┬╖alig
n-middle┬╖md:px-5`  
prettier/prettier
782:1  Error: Replace `┬
╖┬╖┬╖┬╖┬╖┬╖┬╖┬╖┬╖┬╖┬╖┬╖┬
╖┬╖┬╖┬╖┬╖┬╖┬╖┬╖┬╖┬╖┬╖┬╖┬
╖┬╖┬╖┬╖┬╖┬╖┬╖┬╖┬╖┬╖┬╖┬╖┬
╖┬╖┬╖┬╖┬╖┬╖┬╖┬╖` with `┬
╖┬╖┬╖┬╖┬╖┬╖┬╖┬╖┬╖┬╖┬╖┬╖┬
╖┬╖┬╖┬╖┬╖┬╖┬╖┬╖┬╖┬╖`  
prettier/prettier
783:1  Error: Replace `┬
╖┬╖┬╖┬╖┬╖┬╖┬╖┬╖┬╖┬╖┬╖┬╖┬
╖┬╖┬╖┬╖┬╖┬╖┬╖┬╖┬╖┬╖┬╖┬╖┬
╖┬╖┬╖┬╖┬╖┬╖┬╖┬╖┬╖┬╖┬╖┬╖┬
╖┬╖┬╖┬╖┬╖┬╖┬╖┬╖┬╖┬╖┬╖┬╖`
 with `┬╖┬╖┬╖┬╖┬╖┬╖┬╖┬╖┬
╖┬╖┬╖┬╖┬╖┬╖┬╖┬╖┬╖┬╖┬╖┬╖┬
╖┬╖┬╖┬╖`  
prettier/prettier
784:1  Error: Delete `┬╖
┬╖┬╖┬╖┬╖┬╖┬╖┬╖┬╖┬╖┬╖┬╖┬╖
┬╖┬╖┬╖┬╖┬╖┬╖┬╖┬╖┬╖┬╖┬╖` 
 prettier/prettier
785:1  Error: Replace `┬
╖┬╖┬╖┬╖┬╖┬╖┬╖┬╖┬╖┬╖┬╖┬╖┬
╖┬╖┬╖┬╖┬╖┬╖┬╖┬╖┬╖┬╖┬╖┬╖┬
╖┬╖┬╖┬╖┬╖┬╖┬╖┬╖┬╖┬╖┬╖┬╖┬
╖┬╖┬╖┬╖┬╖┬╖┬╖┬╖}}ΓÉìΓÅÄ┬
╖┬╖┬╖┬╖┬╖┬╖┬╖┬╖┬╖┬╖┬╖┬╖┬
╖┬╖┬╖┬╖┬╖┬╖┬╖┬╖┬╖┬╖┬╖┬╖┬
╖┬╖┬╖┬╖┬╖┬╖┬╖┬╖┬╖┬╖┬╖┬╖┬
╖┬╖┬╖┬╖` with `┬╖┬╖┬╖┬╖┬
╖┬╖┬╖┬╖┬╖┬╖┬╖┬╖┬╖┬╖┬╖┬╖┬
╖┬╖┬╖┬╖┬╖┬╖}}`  
prettier/prettier
787:1  Error: Delete `┬╖
┬╖┬╖┬╖┬╖┬╖┬╖┬╖┬╖┬╖┬╖┬╖┬╖
┬╖┬╖┬╖┬╖┬╖┬╖┬╖┬╖┬╖`  
prettier/prettier
788:25  Error: Delete `┬
╖┬╖┬╖┬╖┬╖┬╖┬╖┬╖┬╖┬╖┬╖┬╖┬
╖┬╖┬╖┬╖┬╖┬╖┬╖┬╖┬╖┬╖┬╖┬╖`
  prettier/prettier
789:1  Error: Replace `┬
╖┬╖┬╖┬╖┬╖┬╖┬╖┬╖┬╖┬╖┬╖┬╖┬
╖┬╖┬╖┬╖┬╖┬╖┬╖┬╖┬╖┬╖┬╖┬╖┬
╖┬╖┬╖┬╖┬╖┬╖┬╖┬╖┬╖┬╖┬╖┬╖┬
╖┬╖┬╖┬╖┬╖┬╖┬╖┬╖` with `┬
╖┬╖┬╖┬╖┬╖┬╖┬╖┬╖┬╖┬╖┬╖┬╖┬
╖┬╖┬╖┬╖┬╖┬╖┬╖┬╖┬╖┬╖`  
prettier/prettier
790:1  Error: Delete `┬╖
┬╖┬╖┬╖┬╖┬╖┬╖┬╖┬╖┬╖┬╖┬╖┬╖
┬╖┬╖┬╖┬╖┬╖┬╖┬╖`  
prettier/prettier
791:19  Error: Delete `┬
╖┬╖┬╖┬╖┬╖┬╖┬╖┬╖┬╖┬╖┬╖┬╖┬
╖┬╖┬╖┬╖┬╖┬╖`  
prettier/prettier
792:1  Error: Replace `┬
╖┬╖┬╖┬╖┬╖┬╖┬╖┬╖┬╖┬╖┬╖┬╖┬
╖┬╖┬╖┬╖┬╖┬╖┬╖┬╖┬╖┬╖┬╖┬╖┬
╖┬╖┬╖┬╖┬╖┬╖┬╖┬╖` with `┬
╖┬╖┬╖┬╖┬╖┬╖┬╖┬╖┬╖┬╖┬╖┬╖┬
╖┬╖┬╖┬╖`  
prettier/prettier
793:1  Error: Replace `┬
╖┬╖┬╖┬╖┬╖┬╖┬╖┬╖┬╖┬╖┬╖┬╖┬
╖┬╖┬╖┬╖┬╖┬╖┬╖┬╖┬╖┬╖┬╖┬╖┬
╖┬╖┬╖┬╖` with `┬╖┬╖┬╖┬╖┬
╖┬╖┬╖┬╖┬╖┬╖┬╖┬╖┬╖┬╖`  
prettier/prettier
794:1  Error: Delete `┬╖
┬╖┬╖┬╖┬╖┬╖┬╖┬╖┬╖┬╖┬╖┬╖` 
 prettier/prettier
795:11  Error: Delete 
`┬╖┬╖┬╖┬╖┬╖┬╖┬╖┬╖┬╖┬╖`  
prettier/prettier
796:1  Error: Replace `┬
╖┬╖┬╖┬╖┬╖┬╖┬╖┬╖┬╖┬╖┬╖┬╖┬
╖┬╖┬╖┬╖` with 
`┬╖┬╖┬╖┬╖┬╖┬╖┬╖┬╖`  
prettier/prettier
797:1  Error: Delete 
`┬╖┬╖┬╖┬╖┬╖┬╖`  
prettier/prettier
799:7  Error: Replace `┬
╖┬╖┬╖┬╖┬╖┬╖<div┬╖classNa
me={`mt-6┬╖grid┬╖md:grid
-cols-3┬╖gap-4┬╖transiti
on-all┬╖duration-700┬╖${
v┬╖?┬╖'opacity-100'┬╖:┬╖
'opacity-0┬╖translate-y-
3'}`}` with `<divΓÉìΓÅÄ┬
╖┬╖┬╖┬╖┬╖┬╖┬╖┬╖className
={`mt-6┬╖grid┬╖gap-4┬╖tr
ansition-all┬╖duration-7
00┬╖md:grid-cols-3┬╖${v┬
╖?┬╖'opacity-100'┬╖:┬╖'t
ranslate-y-3┬╖opacity-0'
}`}ΓÉìΓÅÄ┬╖┬╖┬╖┬╖┬╖┬╖┬╖`
  prettier/prettier
800:9  Error: Delete 
`┬╖┬╖┬╖┬╖┬╖┬╖┬╖┬╖`  
prettier/prettier
801:1  Error: Delete 
`┬╖┬╖┬╖┬╖┬╖┬╖┬╖┬╖┬╖┬╖`  
prettier/prettier
802:1  Error: Replace `┬
╖┬╖┬╖┬╖┬╖┬╖┬╖┬╖┬╖┬╖┬╖┬╖┬
╖┬╖┬╖┬╖┬╖┬╖┬╖┬╖` with 
`┬╖┬╖┬╖┬╖┬╖┬╖┬╖┬╖┬╖┬╖`  
prettier/prettier
803:1  Error: Delete 
`┬╖┬╖┬╖┬╖┬╖┬╖┬╖┬╖┬╖┬╖`  
prettier/prettier
804:1  Error: Replace `┬
╖┬╖┬╖┬╖┬╖┬╖┬╖┬╖┬╖┬╖┬╖┬╖┬
╖┬╖┬╖┬╖` with 
`┬╖┬╖┬╖┬╖┬╖┬╖┬╖┬╖`  
prettier/prettier
805:1  Error: Delete 
`┬╖┬╖┬╖┬╖┬╖┬╖┬╖┬╖┬╖┬╖`  
prettier/prettier
806:13  Error: Delete `┬
╖┬╖┬╖┬╖┬╖┬╖┬╖┬╖┬╖┬╖┬╖┬╖`
  prettier/prettier
807:1  Error: Replace `┬
╖┬╖┬╖┬╖┬╖┬╖┬╖┬╖┬╖┬╖┬╖┬╖┬
╖┬╖┬╖┬╖┬╖┬╖┬╖┬╖┬╖┬╖┬╖┬╖`
 with `┬╖┬╖┬╖┬╖┬╖┬╖┬╖┬╖┬
╖┬╖┬╖┬╖`  
prettier/prettier
808:1  Error: Replace `┬
╖┬╖┬╖┬╖┬╖┬╖┬╖┬╖┬╖┬╖┬╖┬╖┬
╖┬╖┬╖┬╖┬╖┬╖┬╖┬╖┬╖┬╖┬╖┬╖`
 with `┬╖┬╖┬╖┬╖┬╖┬╖┬╖┬╖┬
╖┬╖┬╖┬╖`  
prettier/prettier
809:1  Error: Delete `┬╖
┬╖┬╖┬╖┬╖┬╖┬╖┬╖┬╖┬╖┬╖┬╖┬╖
┬╖`  prettier/prettier
810:1  Error: Replace `┬
╖┬╖┬╖┬╖┬╖┬╖┬╖┬╖┬╖┬╖┬╖┬╖┬
╖┬╖┬╖┬╖┬╖┬╖┬╖┬╖┬╖┬╖┬╖┬╖┬
╖┬╖┬╖┬╖` with `┬╖┬╖┬╖┬╖┬
╖┬╖┬╖┬╖┬╖┬╖┬╖┬╖┬╖┬╖`  
prettier/prettier
811:1  Error: Replace `┬
╖┬╖┬╖┬╖┬╖┬╖┬╖┬╖┬╖┬╖┬╖┬╖┬
╖┬╖┬╖┬╖┬╖┬╖┬╖┬╖┬╖┬╖┬╖┬╖┬
╖┬╖┬╖┬╖` with `┬╖┬╖┬╖┬╖┬
╖┬╖┬╖┬╖┬╖┬╖┬╖┬╖┬╖┬╖`  
prettier/prettier
812:1  Error: Replace `┬
╖┬╖┬╖┬╖┬╖┬╖┬╖┬╖┬╖┬╖┬╖┬╖┬
╖┬╖┬╖┬╖┬╖┬╖┬╖┬╖┬╖┬╖┬╖┬╖}
}ΓÉìΓÅÄ┬╖┬╖┬╖┬╖┬╖┬╖┬╖┬╖┬
╖┬╖┬╖┬╖┬╖┬╖┬╖┬╖┬╖┬╖┬╖┬╖`
 with `┬╖┬╖┬╖┬╖┬╖┬╖┬╖┬╖┬
╖┬╖┬╖┬╖}}`  
prettier/prettier
814:1  Error: Replace `┬
╖┬╖┬╖┬╖┬╖┬╖┬╖┬╖┬╖┬╖┬╖┬╖┬
╖┬╖┬╖┬╖┬╖┬╖┬╖┬╖┬╖┬╖┬╖┬╖`
 with `┬╖┬╖┬╖┬╖┬╖┬╖┬╖┬╖┬
╖┬╖┬╖┬╖`  
prettier/prettier
815:13  Error: Replace `
┬╖┬╖┬╖┬╖┬╖┬╖┬╖┬╖┬╖┬╖┬╖┬╖
<p┬╖className="text-[15p
x]┬╖opacity-50┬╖leading-
relaxed┬╖mt-1.5` with `<
p┬╖className="mt-1.5┬╖te
xt-[15px]┬╖leading-relax
ed┬╖opacity-50`  
prettier/prettier
816:1  Error: Replace `┬
╖┬╖┬╖┬╖┬╖┬╖┬╖┬╖┬╖┬╖┬╖┬╖┬
╖┬╖┬╖┬╖┬╖┬╖┬╖┬╖` with 
`┬╖┬╖┬╖┬╖┬╖┬╖┬╖┬╖┬╖┬╖`  
prettier/prettier
817:1  Error: Replace `┬
╖┬╖┬╖┬╖┬╖┬╖┬╖┬╖┬╖┬╖┬╖┬╖┬
╖┬╖┬╖┬╖` with 
`┬╖┬╖┬╖┬╖┬╖┬╖┬╖┬╖`  
prettier/prettier
818:1  Error: Delete 
`┬╖┬╖┬╖┬╖┬╖┬╖`  
prettier/prettier
819:5  Error: Delete 
`┬╖┬╖┬╖┬╖`  
prettier/prettier
820:1  Error: Delete 
`┬╖┬╖`  
prettier/prettier
824:1  Error: Replace 
`┬╖┬╖┬╖┬╖` with `┬╖┬╖`  
prettier/prettier
825:3  Error: Delete 
`┬╖┬╖`  
prettier/prettier
826:1  Error: Delete 
`┬╖┬╖┬╖┬╖`  
prettier/prettier
827:1  Error: Replace `┬
╖┬╖┬╖┬╖┬╖┬╖┬╖┬╖┬╖┬╖┬╖┬╖`
 with `┬╖┬╖┬╖┬╖┬╖┬╖`  
prettier/prettier
828:7  Error: Replace `┬
╖┬╖┬╖┬╖┬╖┬╖<h2┬╖classNam
e={`${space.className}┬╖
text-2xl┬╖md:text-[1.75r
em]┬╖font-bold┬╖mt-3┬╖mb
-10┬╖transition-all┬╖dur
ation-700┬╖${v┬╖?┬╖'opac
ity-100'┬╖:┬╖'opacity-0┬
╖translate-y-3` with `<h
2ΓÉìΓÅÄ┬╖┬╖┬╖┬╖┬╖┬╖┬╖┬╖c
lassName={`${space.class
Name}┬╖mb-10┬╖mt-3┬╖text
-2xl┬╖font-bold┬╖transit
ion-all┬╖duration-700┬╖m
d:text-[1.75rem]┬╖${v┬╖?
┬╖'opacity-100'┬╖:┬╖'tra
nslate-y-3┬╖opacity-0`  
prettier/prettier
829:1  Error: Replace `┬
╖┬╖┬╖┬╖┬╖┬╖┬╖┬╖┬╖┬╖┬╖┬╖┬
╖┬╖┬╖┬╖` with 
`┬╖┬╖┬╖┬╖┬╖┬╖┬╖┬╖`  
prettier/prettier
830:7  Error: Delete 
`┬╖┬╖┬╖┬╖┬╖┬╖`  
prettier/prettier
831:1  Error: Delete 
`┬╖┬╖┬╖┬╖┬╖┬╖`  
prettier/prettier
832:9  Error: Replace `┬
╖┬╖┬╖┬╖┬╖┬╖┬╖┬╖<div┬╖cla
ssName={`transition-all┬
╖duration-500┬╖${v┬╖?┬╖'
opacity-100'┬╖:┬╖'opacit
y-0┬╖translate-y-3'}`}` 
with `<divΓÉìΓÅÄ┬╖┬╖┬╖┬╖
┬╖┬╖┬╖┬╖┬╖┬╖className={`
transition-all┬╖duration
-500┬╖${v┬╖?┬╖'opacity-1
00'┬╖:┬╖'translate-y-3┬╖
opacity-0'}`}ΓÉìΓÅÄ┬╖┬╖┬
╖┬╖┬╖┬╖┬╖┬╖┬╖`  
prettier/prettier
833:1  Error: Replace `┬
╖┬╖┬╖┬╖┬╖┬╖┬╖┬╖┬╖┬╖┬╖┬╖┬
╖┬╖┬╖┬╖┬╖┬╖┬╖┬╖` with 
`┬╖┬╖┬╖┬╖┬╖┬╖┬╖┬╖┬╖┬╖`  
prettier/prettier
834:1  Error: Delete 
`┬╖┬╖┬╖┬╖┬╖┬╖┬╖┬╖┬╖┬╖`  
prettier/prettier
835:9  Error: Delete 
`┬╖┬╖┬╖┬╖┬╖┬╖┬╖┬╖`  
prettier/prettier
836:1  Error: Replace `┬
╖┬╖┬╖┬╖┬╖┬╖┬╖┬╖┬╖┬╖┬╖┬╖┬
╖┬╖┬╖┬╖` with 
`┬╖┬╖┬╖┬╖┬╖┬╖┬╖┬╖`  
prettier/prettier
837:9  Error: Replace `┬
╖┬╖┬╖┬╖┬╖┬╖┬╖┬╖<div┬╖cla
ssName={`transition-all┬
╖duration-500┬╖${v┬╖?┬╖'
opacity-100'┬╖:┬╖'opacit
y-0┬╖translate-y-3'}`}` 
with `<divΓÉìΓÅÄ┬╖┬╖┬╖┬╖
┬╖┬╖┬╖┬╖┬╖┬╖className={`
transition-all┬╖duration
-500┬╖${v┬╖?┬╖'opacity-1
00'┬╖:┬╖'translate-y-3┬╖
opacity-0'}`}ΓÉìΓÅÄ┬╖┬╖┬
╖┬╖┬╖┬╖┬╖┬╖┬╖`  
prettier/prettier
838:1  Error: Replace `┬
╖┬╖┬╖┬╖┬╖┬╖┬╖┬╖┬╖┬╖┬╖┬╖┬
╖┬╖┬╖┬╖┬╖┬╖┬╖┬╖` with 
`┬╖┬╖┬╖┬╖┬╖┬╖┬╖┬╖┬╖┬╖`  
prettier/prettier
839:1  Error: Replace `┬
╖┬╖┬╖┬╖┬╖┬╖┬╖┬╖┬╖┬╖┬╖┬╖┬
╖┬╖┬╖┬╖┬╖┬╖┬╖┬╖` with 
`┬╖┬╖┬╖┬╖┬╖┬╖┬╖┬╖┬╖┬╖`  
prettier/prettier
840:13  Error: Replace `
┬╖┬╖┬╖┬╖┬╖┬╖┬╖┬╖┬╖┬╖┬╖┬╖
{['Lead┬╖with┬╖cost┬╖sav
ings┬╖ΓÇö┬╖$35/mo┬╖saved
┬╖is┬╖$420/yr',┬╖'Mentio
n┬╖speed:┬╖same-day┬╖vs┬
╖3ΓÇô5┬╖business┬╖days',
┬╖'Don\'t┬╖pitch┬╖direct
ly┬╖ΓÇö┬╖share┬╖personal
┬╖experience'` with `{[Γ
ÉìΓÅÄ┬╖┬╖┬╖┬╖┬╖┬╖┬╖┬╖┬╖┬
╖┬╖┬╖┬╖┬╖'Lead┬╖with┬╖co
st┬╖savings┬╖ΓÇö┬╖$35/mo
┬╖saved┬╖is┬╖$420/yr',ΓÉ
ìΓÅÄ┬╖┬╖┬╖┬╖┬╖┬╖┬╖┬╖┬╖┬╖
┬╖┬╖┬╖┬╖'Mention┬╖speed:
┬╖same-day┬╖vs┬╖3ΓÇô5┬╖b
usiness┬╖days',ΓÉìΓÅÄ┬╖┬
╖┬╖┬╖┬╖┬╖┬╖┬╖┬╖┬╖┬╖┬╖┬╖┬
╖"Don't┬╖pitch┬╖directly
┬╖ΓÇö┬╖share┬╖personal┬╖
experience",ΓÉìΓÅÄ┬╖┬╖┬╖
┬╖┬╖┬╖┬╖┬╖┬╖┬╖┬╖┬╖`  
prettier/prettier
841:1  Error: Replace `┬
╖┬╖┬╖┬╖┬╖┬╖┬╖┬╖┬╖┬╖┬╖┬╖┬
╖┬╖┬╖┬╖┬╖┬╖┬╖┬╖┬╖┬╖┬╖┬╖┬
╖┬╖┬╖┬╖<li┬╖key={i}┬╖cla
ssName="text-[16px]┬╖opa
city-60┬╖leading-relaxed
┬╖flex┬╖items-start┬╖gap
-2` with `┬╖┬╖┬╖┬╖┬╖┬╖┬╖
┬╖┬╖┬╖┬╖┬╖┬╖┬╖<li┬╖key={
i}┬╖className="flex┬╖ite
ms-start┬╖gap-2┬╖text-[1
6px]┬╖leading-relaxed┬╖o
pacity-60`  
prettier/prettier
842:1  Error: Replace `┬
╖┬╖┬╖┬╖┬╖┬╖┬╖┬╖┬╖┬╖┬╖┬╖┬
╖┬╖┬╖┬╖┬╖┬╖┬╖┬╖┬╖┬╖┬╖┬╖┬
╖┬╖┬╖┬╖┬╖┬╖┬╖┬╖` with `┬
╖┬╖┬╖┬╖┬╖┬╖┬╖┬╖┬╖┬╖┬╖┬╖┬
╖┬╖┬╖┬╖`  
prettier/prettier
843:15  Error: Delete `┬
╖┬╖┬╖┬╖┬╖┬╖┬╖┬╖┬╖┬╖┬╖┬╖┬
╖┬╖`  prettier/prettier
844:13  Error: Delete `┬
╖┬╖┬╖┬╖┬╖┬╖┬╖┬╖┬╖┬╖┬╖┬╖`
  prettier/prettier
845:1  Error: Replace `┬
╖┬╖┬╖┬╖┬╖┬╖┬╖┬╖┬╖┬╖┬╖┬╖┬
╖┬╖┬╖┬╖┬╖┬╖┬╖┬╖` with 
`┬╖┬╖┬╖┬╖┬╖┬╖┬╖┬╖┬╖┬╖`  
prettier/prettier
846:1  Error: Replace `┬
╖┬╖┬╖┬╖┬╖┬╖┬╖┬╖┬╖┬╖┬╖┬╖┬
╖┬╖┬╖┬╖` with 
`┬╖┬╖┬╖┬╖┬╖┬╖┬╖┬╖`  
prettier/prettier
847:9  Error: Replace `┬
╖┬╖┬╖┬╖┬╖┬╖┬╖┬╖<div┬╖cla
ssName={`pt-2┬╖transitio
n-all┬╖duration-500┬╖${v
┬╖?┬╖'opacity-100'┬╖:┬╖'
opacity-0'}`}` with `<di
vΓÉìΓÅÄ┬╖┬╖┬╖┬╖┬╖┬╖┬╖┬╖┬
╖┬╖className={`pt-2┬╖tra
nsition-all┬╖duration-50
0┬╖${v┬╖?┬╖'opacity-100'
┬╖:┬╖'opacity-0'}`}ΓÉìΓÅ
Ä┬╖┬╖┬╖┬╖┬╖┬╖┬╖┬╖┬╖`  
prettier/prettier
848:1  Error: Delete 
`┬╖┬╖┬╖┬╖┬╖┬╖┬╖┬╖┬╖┬╖`  
prettier/prettier
849:1  Error: Delete `┬╖
┬╖┬╖┬╖┬╖┬╖┬╖┬╖┬╖┬╖┬╖┬╖` 
 prettier/prettier
850:11  Error: Delete 
`┬╖┬╖┬╖┬╖┬╖┬╖┬╖┬╖┬╖┬╖`  
prettier/prettier
851:1  Error: Replace `┬
╖┬╖┬╖┬╖┬╖┬╖┬╖┬╖┬╖┬╖┬╖┬╖┬
╖┬╖┬╖┬╖` with 
`┬╖┬╖┬╖┬╖┬╖┬╖┬╖┬╖`  
prettier/prettier
852:1  Error: Replace `┬
╖┬╖┬╖┬╖┬╖┬╖┬╖┬╖┬╖┬╖┬╖┬╖`
 with `┬╖┬╖┬╖┬╖┬╖┬╖`  
prettier/prettier
853:1  Error: Delete 
`┬╖┬╖┬╖┬╖`  
prettier/prettier
854:1  Error: Delete 
`┬╖┬╖`  
prettier/prettier

./app/request-demo/page.
jsx
55:25  Error: Replace 
`ax-w-[700px]┬╖mx-auto` 
with 
`x-auto┬╖max-w-[700px]` 
 prettier/prettier
56:23  Error: Replace `t
ext-[11px]┬╖tracking-[0.
15em]┬╖uppercase┬╖opacit
y-30┬╖mb-3` with `mb-3┬╖
text-[11px]┬╖uppercase┬╖
tracking-[0.15em]┬╖opaci
ty-30`  
prettier/prettier
57:24  Error: Replace `t
ext-3xl┬╖md:text-4xl┬╖fo
nt-bold┬╖mb-10` with `mb
-10┬╖text-3xl┬╖font-bold
┬╖md:text-4xl`  
prettier/prettier
60:43  Error: Replace `┬
╖md:grid-cols-2┬╖gap-6` 
with `┬╖gap-6┬╖md:grid-c
ols-2`  
prettier/prettier
62:52  Error: Replace `b
lock┬╖text-sm┬╖font-medi
um┬╖mb-2">Your┬╖name` 
with `mb-2┬╖block┬╖text-
sm┬╖font-medium">ΓÉìΓÅÄ┬
╖┬╖┬╖┬╖┬╖┬╖┬╖┬╖┬╖┬╖┬╖┬╖┬
╖┬╖┬╖┬╖Your┬╖nameΓÉìΓÅÄ┬
╖┬╖┬╖┬╖┬╖┬╖┬╖┬╖┬╖┬╖┬╖┬╖┬
╖┬╖`  prettier/prettier
63:21  Error: Replace `┬
╖type="text"┬╖name="user
name"┬╖id="username"┬╖re
quired` with `ΓÉìΓÅÄ┬╖┬╖
┬╖┬╖┬╖┬╖┬╖┬╖┬╖┬╖┬╖┬╖┬╖┬╖
┬╖┬╖type="text"ΓÉìΓÅÄ┬╖┬
╖┬╖┬╖┬╖┬╖┬╖┬╖┬╖┬╖┬╖┬╖┬╖┬
╖┬╖┬╖name="username"ΓÉìΓ
ÅÄ┬╖┬╖┬╖┬╖┬╖┬╖┬╖┬╖┬╖┬╖┬╖
┬╖┬╖┬╖┬╖┬╖id="username"Γ
ÉìΓÅÄ┬╖┬╖┬╖┬╖┬╖┬╖┬╖┬╖┬╖┬
╖┬╖┬╖┬╖┬╖┬╖┬╖requiredΓÉì
ΓÅÄ┬╖┬╖┬╖┬╖┬╖┬╖┬╖┬╖┬╖┬╖┬
╖┬╖┬╖┬╖┬╖`  
prettier/prettier
64:79  Error: Replace 
`┬╖style={inputStyle}` 
with `ΓÉìΓÅÄ┬╖┬╖┬╖┬╖┬╖┬╖
┬╖┬╖┬╖┬╖┬╖┬╖┬╖┬╖┬╖┬╖styl
e={inputStyle}ΓÉìΓÅÄ┬╖┬╖
┬╖┬╖┬╖┬╖┬╖┬╖┬╖┬╖┬╖┬╖┬╖` 
 prettier/prettier
67:55  Error: Replace `b
lock┬╖text-sm┬╖font-medi
um┬╖mb-2">Company┬╖name`
 with `mb-2┬╖block┬╖text
-sm┬╖font-medium">ΓÉìΓÅÄ
┬╖┬╖┬╖┬╖┬╖┬╖┬╖┬╖┬╖┬╖┬╖┬╖
┬╖┬╖┬╖┬╖Company┬╖nameΓÉì
ΓÅÄ┬╖┬╖┬╖┬╖┬╖┬╖┬╖┬╖┬╖┬╖┬
╖┬╖┬╖┬╖`  
prettier/prettier
68:21  Error: Replace `┬
╖type="text"┬╖name="comp
anyname"┬╖id="companynam
e"┬╖required` with `ΓÉìΓ
ÅÄ┬╖┬╖┬╖┬╖┬╖┬╖┬╖┬╖┬╖┬╖┬╖
┬╖┬╖┬╖┬╖┬╖type="text"ΓÉì
ΓÅÄ┬╖┬╖┬╖┬╖┬╖┬╖┬╖┬╖┬╖┬╖┬
╖┬╖┬╖┬╖┬╖┬╖name="company
name"ΓÉìΓÅÄ┬╖┬╖┬╖┬╖┬╖┬╖┬
╖┬╖┬╖┬╖┬╖┬╖┬╖┬╖┬╖┬╖id="c
ompanyname"ΓÉìΓÅÄ┬╖┬╖┬╖┬
╖┬╖┬╖┬╖┬╖┬╖┬╖┬╖┬╖┬╖┬╖┬╖┬
╖requiredΓÉìΓÅÄ┬╖┬╖┬╖┬╖┬
╖┬╖┬╖┬╖┬╖┬╖┬╖┬╖┬╖┬╖┬╖`  
prettier/prettier
69:79  Error: Replace 
`┬╖style={inputStyle}` 
with `ΓÉìΓÅÄ┬╖┬╖┬╖┬╖┬╖┬╖
┬╖┬╖┬╖┬╖┬╖┬╖┬╖┬╖┬╖┬╖styl
e={inputStyle}ΓÉìΓÅÄ┬╖┬╖
┬╖┬╖┬╖┬╖┬╖┬╖┬╖┬╖┬╖┬╖┬╖` 
 prettier/prettier
72:53  Error: Replace `b
lock┬╖text-sm┬╖font-medi
um┬╖mb-2">Contact┬╖No.` 
with `mb-2┬╖block┬╖text-
sm┬╖font-medium">ΓÉìΓÅÄ┬
╖┬╖┬╖┬╖┬╖┬╖┬╖┬╖┬╖┬╖┬╖┬╖┬
╖┬╖┬╖┬╖Contact┬╖No.ΓÉìΓÅ
Ä┬╖┬╖┬╖┬╖┬╖┬╖┬╖┬╖┬╖┬╖┬╖┬
╖┬╖┬╖`  
prettier/prettier
73:21  Error: Replace `┬
╖type="tel"┬╖name="conta
ctno"┬╖id="contactno"┬╖r
equired` with `ΓÉìΓÅÄ┬╖┬
╖┬╖┬╖┬╖┬╖┬╖┬╖┬╖┬╖┬╖┬╖┬╖┬
╖┬╖┬╖type="tel"ΓÉìΓÅÄ┬╖┬
╖┬╖┬╖┬╖┬╖┬╖┬╖┬╖┬╖┬╖┬╖┬╖┬
╖┬╖┬╖name="contactno"ΓÉì
ΓÅÄ┬╖┬╖┬╖┬╖┬╖┬╖┬╖┬╖┬╖┬╖┬
╖┬╖┬╖┬╖┬╖┬╖id="contactno
"ΓÉìΓÅÄ┬╖┬╖┬╖┬╖┬╖┬╖┬╖┬╖┬
╖┬╖┬╖┬╖┬╖┬╖┬╖┬╖requiredΓ
ÉìΓÅÄ┬╖┬╖┬╖┬╖┬╖┬╖┬╖┬╖┬╖┬
╖┬╖┬╖┬╖┬╖┬╖`  
prettier/prettier
74:79  Error: Replace 
`┬╖style={inputStyle}` 
with `ΓÉìΓÅÄ┬╖┬╖┬╖┬╖┬╖┬╖
┬╖┬╖┬╖┬╖┬╖┬╖┬╖┬╖┬╖┬╖styl
e={inputStyle}ΓÉìΓÅÄ┬╖┬╖
┬╖┬╖┬╖┬╖┬╖┬╖┬╖┬╖┬╖┬╖┬╖` 
 prettier/prettier
77:49  Error: Replace `b
lock┬╖text-sm┬╖font-medi
um┬╖mb-2">Your┬╖Email` 
with `mb-2┬╖block┬╖text-
sm┬╖font-medium">ΓÉìΓÅÄ┬
╖┬╖┬╖┬╖┬╖┬╖┬╖┬╖┬╖┬╖┬╖┬╖┬
╖┬╖┬╖┬╖Your┬╖EmailΓÉìΓÅÄ
┬╖┬╖┬╖┬╖┬╖┬╖┬╖┬╖┬╖┬╖┬╖┬╖
┬╖┬╖`  prettier/prettier
78:21  Error: Replace `┬
╖type="email"┬╖name="ema
il"┬╖id="email"┬╖require
d` with `ΓÉìΓÅÄ┬╖┬╖┬╖┬╖┬
╖┬╖┬╖┬╖┬╖┬╖┬╖┬╖┬╖┬╖┬╖┬╖t
ype="email"ΓÉìΓÅÄ┬╖┬╖┬╖┬
╖┬╖┬╖┬╖┬╖┬╖┬╖┬╖┬╖┬╖┬╖┬╖┬
╖name="email"ΓÉìΓÅÄ┬╖┬╖┬
╖┬╖┬╖┬╖┬╖┬╖┬╖┬╖┬╖┬╖┬╖┬╖┬
╖┬╖id="email"ΓÉìΓÅÄ┬╖┬╖┬
╖┬╖┬╖┬╖┬╖┬╖┬╖┬╖┬╖┬╖┬╖┬╖┬
╖┬╖requiredΓÉìΓÅÄ┬╖┬╖┬╖┬
╖┬╖┬╖┬╖┬╖┬╖┬╖┬╖┬╖┬╖┬╖┬╖`
  prettier/prettier
79:79  Error: Replace 
`┬╖style={inputStyle}` 
with `ΓÉìΓÅÄ┬╖┬╖┬╖┬╖┬╖┬╖
┬╖┬╖┬╖┬╖┬╖┬╖┬╖┬╖┬╖┬╖styl
e={inputStyle}ΓÉìΓÅÄ┬╖┬╖
┬╖┬╖┬╖┬╖┬╖┬╖┬╖┬╖┬╖┬╖┬╖` 
 prettier/prettier
83:49  Error: Replace `b
lock┬╖text-sm┬╖font-medi
um┬╖mb-2">Message` with 
`mb-2┬╖block┬╖text-sm┬╖f
ont-medium">ΓÉìΓÅÄ┬╖┬╖┬╖
┬╖┬╖┬╖┬╖┬╖┬╖┬╖┬╖┬╖┬╖┬╖Me
ssageΓÉìΓÅÄ┬╖┬╖┬╖┬╖┬╖┬╖┬
╖┬╖┬╖┬╖┬╖┬╖`  
prettier/prettier
84:22  Error: Replace `┬
╖name="message"┬╖id="mes
sage"┬╖required` with `Γ
ÉìΓÅÄ┬╖┬╖┬╖┬╖┬╖┬╖┬╖┬╖┬╖┬
╖┬╖┬╖┬╖┬╖name="message"Γ
ÉìΓÅÄ┬╖┬╖┬╖┬╖┬╖┬╖┬╖┬╖┬╖┬
╖┬╖┬╖┬╖┬╖id="message"ΓÉì
ΓÅÄ┬╖┬╖┬╖┬╖┬╖┬╖┬╖┬╖┬╖┬╖┬
╖┬╖┬╖┬╖requiredΓÉìΓÅÄ┬╖┬
╖┬╖┬╖┬╖┬╖┬╖┬╖┬╖┬╖┬╖┬╖┬╖`
  prettier/prettier
85:32  Error: Replace `┬
╖rounded-lg┬╖px-4┬╖py-2.
5┬╖text-sm┬╖outline-none
┬╖resize-none"┬╖style={i
nputStyle}` with `┬╖resi
ze-none┬╖rounded-lg┬╖px-
4┬╖py-2.5┬╖text-sm┬╖outl
ine-none"ΓÉìΓÅÄ┬╖┬╖┬╖┬╖┬
╖┬╖┬╖┬╖┬╖┬╖┬╖┬╖┬╖┬╖style
={inputStyle}ΓÉìΓÅÄ┬╖┬╖┬
╖┬╖┬╖┬╖┬╖┬╖┬╖┬╖┬╖`  
prettier/prettier
88:20  Error: Replace 
`┬╖type="submit"` with `
ΓÉìΓÅÄ┬╖┬╖┬╖┬╖┬╖┬╖┬╖┬╖┬╖
┬╖┬╖┬╖┬╖┬╖type="submit"Γ
ÉìΓÅÄ┬╖┬╖┬╖┬╖┬╖┬╖┬╖┬╖┬╖┬
╖┬╖┬╖┬╖`  
prettier/prettier
89:26  Error: Replace `p
x-7┬╖py-3┬╖rounded-full┬
╖font-semibold┬╖text-sm`
 with `rounded-full┬╖px-
7┬╖py-3┬╖text-sm┬╖font-s
emibold`  
prettier/prettier
93:38  Error: Replace `<
p┬╖className="mt-4┬╖text
-sm"┬╖style={{┬╖color:┬╖
'var(--wp-accent)'┬╖}}>D
emo┬╖request┬╖sent!</p>`
 with `(ΓÉìΓÅÄ┬╖┬╖┬╖┬╖┬╖
┬╖┬╖┬╖┬╖┬╖┬╖┬╖┬╖┬╖<p┬╖cl
assName="mt-4┬╖text-sm"┬
╖style={{┬╖color:┬╖'var(
--wp-accent)'┬╖}}>ΓÉìΓÅÄ
┬╖┬╖┬╖┬╖┬╖┬╖┬╖┬╖┬╖┬╖┬╖┬╖
┬╖┬╖┬╖┬╖Demo┬╖request┬╖s
ent!ΓÉìΓÅÄ┬╖┬╖┬╖┬╖┬╖┬╖┬╖
┬╖┬╖┬╖┬╖┬╖┬╖┬╖</p>ΓÉìΓÅÄ
┬╖┬╖┬╖┬╖┬╖┬╖┬╖┬╖┬╖┬╖┬╖┬╖
)`  prettier/prettier
102:2  Error: Insert 
`ΓÉìΓÅÄ`  
prettier/prettier

./app/terms/page.jsx
14:25  Error: Replace 
`ax-w-[800px]┬╖mx-auto` 
with 
`x-auto┬╖max-w-[800px]` 
 prettier/prettier
15:24  Error: Replace `t
ext-3xl┬╖md:text-4xl┬╖fo
nt-bold┬╖mb-6` with `mb-
6┬╖text-3xl┬╖font-bold┬╖
md:text-4xl`  
prettier/prettier
16:23  Error: Replace `t
ext-[16px]┬╖opacity-55┬╖
leading-relaxed┬╖mb-4` 
with `mb-4┬╖text-[16px]┬
╖leading-relaxed┬╖opacit
y-55`  prettier/prettier
17:116  Error: Insert 
`┬╖you`  
prettier/prettier
18:11  Error: Delete 
`you┬╖`  
prettier/prettier
20:35  Error: Replace `o
pacity-55┬╖leading-relax
ed` with `leading-relaxe
d┬╖opacity-55`  
prettier/prettier
22:13  Error: Replace `┬
╖className="underline┬╖h
over:opacity-100┬╖transi
tion-opacity"` with `ΓÉì
ΓÅÄ┬╖┬╖┬╖┬╖┬╖┬╖┬╖┬╖┬╖┬╖┬
╖┬╖className="underline┬
╖transition-opacity┬╖hov
er:opacity-100"ΓÉìΓÅÄ┬╖┬
╖┬╖┬╖┬╖┬╖┬╖┬╖┬╖┬╖┬╖`  
prettier/prettier
25:15  Error: Insert `ΓÉ
ìΓÅÄ┬╖┬╖┬╖┬╖┬╖┬╖┬╖┬╖┬╖┬╖
`  prettier/prettier

./components/footer/Foot
er.jsx
23:34  Error: Replace `g
-white┬╖dark:bg-dark-300
┬╖border-t┬╖border-borde
rColor┬╖dark:border-bord
erColor-dark┬╖pt-16┬╖pb-
8` with `order-t┬╖border
-borderColor┬╖bg-white┬╖
pb-8┬╖pt-16┬╖dark:border
-borderColor-dark┬╖dark:
bg-dark-300`  
prettier/prettier
25:25  Error: Replace `g
rid┬╖grid-cols-1┬╖md:gri
d-cols-12┬╖gap-10┬╖mb-12
` with `mb-12┬╖grid┬╖gri
d-cols-1┬╖gap-10┬╖md:gri
d-cols-12`  
prettier/prettier
28:39  Error: Replace 
`inline-block┬╖mb-5` 
with 
`mb-5┬╖inline-block`  
prettier/prettier
32:28  Error: Insert `ΓÉ
ìΓÅÄ┬╖┬╖┬╖┬╖┬╖┬╖┬╖┬╖┬╖┬╖
┬╖┬╖┬╖┬╖┬╖`  
prettier/prettier
38:28  Error: Insert `ΓÉ
ìΓÅÄ┬╖┬╖┬╖┬╖┬╖┬╖┬╖┬╖┬╖┬╖
┬╖┬╖┬╖┬╖┬╖`  
prettier/prettier
42:27  Error: Replace `t
ext-paragraph-light┬╖dar
k:text-white/70┬╖text-sm
┬╖leading-relaxed┬╖max-w
-sm` with `max-w-sm┬╖tex
t-sm┬╖leading-relaxed┬╖t
ext-paragraph-light┬╖dar
k:text-white/70`  
prettier/prettier
45:29  Error: Replace 
`flex┬╖gap-3┬╖mt-5` 
with 
`mt-5┬╖flex┬╖gap-3`  
prettier/prettier
47:19  Error: Replace 
`┬╖key={social.id}` 
with `ΓÉìΓÅÄ┬╖┬╖┬╖┬╖┬╖┬╖
┬╖┬╖┬╖┬╖┬╖┬╖┬╖┬╖┬╖┬╖┬╖┬╖
key={social.id}ΓÉìΓÅÄ┬╖┬
╖┬╖┬╖┬╖┬╖┬╖┬╖┬╖┬╖┬╖┬╖┬╖┬
╖┬╖┬╖┬╖`  
prettier/prettier
48:30  Error: Replace `w
-10┬╖h-10┬╖rounded-full┬
╖border┬╖border-borderCo
lor┬╖dark:border-borderC
olor-dark┬╖flex┬╖items-c
enter┬╖justify-center┬╖t
ext-paragraph-light┬╖dar
k:text-white/70┬╖hover:b
g-primary┬╖hover:text-wh
ite┬╖hover:border-primar
y┬╖transition-colors` 
with `flex┬╖h-10┬╖w-10┬╖
items-center┬╖justify-ce
nter┬╖rounded-full┬╖bord
er┬╖border-borderColor┬╖
text-paragraph-light┬╖tr
ansition-colors┬╖hover:b
order-primary┬╖hover:bg-
primary┬╖hover:text-whit
e┬╖dark:border-borderCol
or-dark┬╖dark:text-white
/70`  prettier/prettier
57:28  Error: Replace `t
ext-paragraph┬╖dark:text
-white┬╖font-semibold┬╖t
ext-sm┬╖mb-4┬╖uppercase┬
╖tracking-wider` with `m
b-4┬╖text-sm┬╖font-semib
old┬╖uppercase┬╖tracking
-wider┬╖text-paragraph┬╖
dark:text-white`  
prettier/prettier
63:21  Error: Replace `┬
╖href={link.href}┬╖class
Name="text-paragraph-lig
ht┬╖dark:text-white/70┬╖
hover:text-primary┬╖text
-sm┬╖transition-colors` 
with `ΓÉìΓÅÄ┬╖┬╖┬╖┬╖┬╖┬╖
┬╖┬╖┬╖┬╖┬╖┬╖┬╖┬╖┬╖┬╖┬╖┬╖
┬╖┬╖href={link.href}ΓÉìΓ
ÅÄ┬╖┬╖┬╖┬╖┬╖┬╖┬╖┬╖┬╖┬╖┬╖
┬╖┬╖┬╖┬╖┬╖┬╖┬╖┬╖┬╖classN
ame="text-sm┬╖text-parag
raph-light┬╖transition-c
olors┬╖hover:text-primar
y┬╖dark:text-white/70`  
prettier/prettier
73:28  Error: Replace `t
ext-paragraph┬╖dark:text
-white┬╖font-semibold┬╖t
ext-sm┬╖mb-4┬╖uppercase┬
╖tracking-wider` with `m
b-4┬╖text-sm┬╖font-semib
old┬╖uppercase┬╖tracking
-wider┬╖text-paragraph┬╖
dark:text-white`  
prettier/prettier
79:24  Error: Replace `┬
╖href={link.href}┬╖class
Name="text-paragraph-lig
ht┬╖dark:text-white/70┬╖
hover:text-primary┬╖text
-sm┬╖transition-colors` 
with `ΓÉìΓÅÄ┬╖┬╖┬╖┬╖┬╖┬╖
┬╖┬╖┬╖┬╖┬╖┬╖┬╖┬╖┬╖┬╖┬╖┬╖
┬╖┬╖href={link.href}ΓÉìΓ
ÅÄ┬╖┬╖┬╖┬╖┬╖┬╖┬╖┬╖┬╖┬╖┬╖
┬╖┬╖┬╖┬╖┬╖┬╖┬╖┬╖┬╖classN
ame="text-sm┬╖text-parag
raph-light┬╖transition-c
olors┬╖hover:text-primar
y┬╖dark:text-white/70`  
prettier/prettier
85:19  Error: Replace `┬
╖href={`mailto:${FooterD
ata.email}`}┬╖className=
"text-paragraph-light┬╖d
ark:text-white/70┬╖hover
:text-primary┬╖text-sm┬╖
transition-colors` with 
`ΓÉìΓÅÄ┬╖┬╖┬╖┬╖┬╖┬╖┬╖┬╖┬
╖┬╖┬╖┬╖┬╖┬╖┬╖┬╖┬╖┬╖href=
{`mailto:${FooterData.em
ail}`}ΓÉìΓÅÄ┬╖┬╖┬╖┬╖┬╖┬╖
┬╖┬╖┬╖┬╖┬╖┬╖┬╖┬╖┬╖┬╖┬╖┬╖
className="text-sm┬╖text
-paragraph-light┬╖transi
tion-colors┬╖hover:text-
primary┬╖dark:text-white
/70`  prettier/prettier
94:25  Error: Replace `p
t-8┬╖border-t┬╖border-bo
rderColor` with `border-
t┬╖border-borderColor┬╖p
t-8`  prettier/prettier
95:30  Error: Replace `p
aragraph-light┬╖dark:tex
t-white/50┬╖text-xs┬╖tex
t-center">ΓÉìΓÅÄ┬╖┬╖┬╖┬╖
┬╖┬╖┬╖┬╖┬╖┬╖┬╖┬╖{t.foote
r.copyright}ΓÉìΓÅÄ┬╖┬╖┬╖
┬╖┬╖┬╖┬╖┬╖┬╖┬╖` with `ce
nter┬╖text-xs┬╖text-para
graph-light┬╖dark:text-w
hite/50">{t.footer.copyr
ight}`  
prettier/prettier
104:22  Error: Insert 
`ΓÉìΓÅÄ`  
prettier/prettier

./components/home/ChatDe
mo.jsx
8:3  Error: Delete 
`┬╖┬╖`  
prettier/prettier
9:1  Error: Delete 
`┬╖┬╖`  
prettier/prettier
10:1  Error: Replace 
`┬╖┬╖┬╖┬╖` with `┬╖┬╖`  
prettier/prettier
11:3  Error: Replace `┬╖
┬╖const┬╖processChips┬╖=
` with `const┬╖processCh
ips┬╖=ΓÅÄ┬╖┬╖┬╖`  
prettier/prettier
12:1  Error: Delete 
`┬╖┬╖`  
prettier/prettier
13:1  Error: Replace 
`┬╖┬╖┬╖┬╖┬╖┬╖┬╖┬╖` with 
`┬╖┬╖┬╖┬╖┬╖┬╖`  
prettier/prettier
15:3  Error: Delete 
`┬╖┬╖`  
prettier/prettier
16:1  Error: Replace 
`┬╖┬╖┬╖┬╖┬╖┬╖┬╖┬╖` with 
`┬╖┬╖┬╖┬╖`  
prettier/prettier
17:1  Error: Delete 
`┬╖┬╖┬╖┬╖┬╖┬╖`  
prettier/prettier
19:7  Error: Delete 
`┬╖┬╖┬╖┬╖┬╖┬╖`  
prettier/prettier
20:1  Error: Replace `┬╖
┬╖┬╖┬╖┬╖┬╖┬╖┬╖┬╖┬╖┬╖┬╖┬╖
┬╖┬╖┬╖` with 
`┬╖┬╖┬╖┬╖┬╖┬╖┬╖┬╖`  
prettier/prettier
21:1  Error: Delete 
`┬╖┬╖┬╖┬╖┬╖┬╖┬╖┬╖┬╖┬╖`  
prettier/prettier
22:13  Error: Delete `┬╖
┬╖┬╖┬╖┬╖┬╖┬╖┬╖┬╖┬╖┬╖┬╖` 
 prettier/prettier
23:1  Error: Replace `┬╖
┬╖┬╖┬╖┬╖┬╖┬╖┬╖┬╖┬╖┬╖┬╖┬╖
┬╖┬╖┬╖┬╖┬╖┬╖┬╖` with 
`┬╖┬╖┬╖┬╖┬╖┬╖┬╖┬╖┬╖┬╖`  
prettier/prettier
24:1  Error: Replace `┬╖
┬╖┬╖┬╖┬╖┬╖┬╖┬╖┬╖┬╖┬╖┬╖┬╖
┬╖┬╖┬╖┬╖┬╖┬╖┬╖` with 
`┬╖┬╖┬╖┬╖┬╖┬╖┬╖┬╖┬╖┬╖`  
prettier/prettier
25:13  Error: Replace `┬
╖┬╖┬╖┬╖┬╖┬╖┬╖┬╖┬╖┬╖┬╖┬╖{
t.chatDemo.title}{'┬╖'}Γ
ÅÄ┬╖┬╖┬╖┬╖┬╖┬╖┬╖┬╖┬╖┬╖┬╖
┬╖┬╖┬╖┬╖┬╖┬╖┬╖┬╖┬╖┬╖┬╖┬╖
` with 
`{t.chatDemo.title}`  
prettier/prettier
27:11  Error: Delete 
`┬╖┬╖┬╖┬╖┬╖┬╖┬╖┬╖┬╖┬╖`  
prettier/prettier
29:1  Error: Replace `┬╖
┬╖┬╖┬╖┬╖┬╖┬╖┬╖┬╖┬╖┬╖┬╖┬╖
┬╖┬╖┬╖┬╖┬╖┬╖┬╖` with 
`┬╖┬╖┬╖┬╖┬╖┬╖┬╖┬╖┬╖┬╖`  
prettier/prettier
30:1  Error: Replace `┬╖
┬╖┬╖┬╖┬╖┬╖┬╖┬╖┬╖┬╖┬╖┬╖┬╖
┬╖┬╖┬╖┬╖┬╖┬╖┬╖┬╖┬╖┬╖┬╖` 
with `┬╖┬╖┬╖┬╖┬╖┬╖┬╖┬╖┬╖
┬╖┬╖┬╖`  
prettier/prettier
31:15  Error: Delete `┬╖
┬╖┬╖┬╖┬╖┬╖┬╖┬╖┬╖┬╖┬╖┬╖┬╖
┬╖`  prettier/prettier
32:1  Error: Replace `┬╖
┬╖┬╖┬╖┬╖┬╖┬╖┬╖┬╖┬╖┬╖┬╖┬╖
┬╖┬╖┬╖┬╖┬╖┬╖┬╖┬╖┬╖┬╖┬╖` 
with `┬╖┬╖┬╖┬╖┬╖┬╖┬╖┬╖┬╖
┬╖┬╖┬╖`  
prettier/prettier
33:1  Error: Replace `┬╖
┬╖┬╖┬╖┬╖┬╖┬╖┬╖┬╖┬╖┬╖┬╖┬╖
┬╖┬╖┬╖┬╖┬╖┬╖┬╖` with 
`┬╖┬╖┬╖┬╖┬╖┬╖┬╖┬╖┬╖┬╖`  
prettier/prettier
35:1  Error: Replace `┬╖
┬╖┬╖┬╖┬╖┬╖┬╖┬╖┬╖┬╖┬╖┬╖┬╖
┬╖┬╖┬╖┬╖┬╖┬╖┬╖` with 
`┬╖┬╖┬╖┬╖┬╖┬╖┬╖┬╖┬╖┬╖`  
prettier/prettier
36:13  Error: Delete `┬╖
┬╖┬╖┬╖┬╖┬╖┬╖┬╖┬╖┬╖┬╖┬╖` 
 prettier/prettier
37:15  Error: Delete `┬╖
┬╖┬╖┬╖┬╖┬╖┬╖┬╖┬╖┬╖┬╖┬╖┬╖
┬╖`  prettier/prettier
38:1  Error: Replace `┬╖
┬╖┬╖┬╖┬╖┬╖┬╖┬╖┬╖┬╖┬╖┬╖┬╖
┬╖┬╖┬╖┬╖┬╖┬╖┬╖┬╖┬╖┬╖┬╖┬╖
┬╖┬╖┬╖┬╖┬╖┬╖┬╖` with `┬╖
┬╖┬╖┬╖┬╖┬╖┬╖┬╖┬╖┬╖┬╖┬╖┬╖
┬╖┬╖┬╖`  
prettier/prettier
39:1  Error: Replace `┬╖
┬╖┬╖┬╖┬╖┬╖┬╖┬╖┬╖┬╖┬╖┬╖┬╖
┬╖┬╖┬╖┬╖┬╖┬╖┬╖┬╖┬╖┬╖┬╖┬╖
┬╖┬╖┬╖┬╖┬╖┬╖┬╖className=
"rounded-full┬╖border┬╖b
order-borderColor┬╖bg-wh
ite/85┬╖px-3.5┬╖py-1.5┬╖
text-xs┬╖font-semibold┬╖
tracking-[0.08em]┬╖text-
paragraph-light┬╖dark:bo
rder-borderColor-dark┬╖d
ark:bg-dark-200/75┬╖dark
:text-white/70"ΓÅÄ┬╖┬╖┬╖
┬╖┬╖┬╖┬╖┬╖┬╖┬╖┬╖┬╖┬╖┬╖┬╖
┬╖┬╖┬╖┬╖┬╖┬╖┬╖┬╖┬╖┬╖┬╖┬╖
┬╖` with `┬╖┬╖┬╖┬╖┬╖┬╖┬╖
┬╖┬╖┬╖┬╖┬╖┬╖┬╖┬╖┬╖classN
ame="rounded-full┬╖borde
r┬╖border-borderColor┬╖b
g-white/85┬╖px-3.5┬╖py-1
.5┬╖text-xs┬╖font-semibo
ld┬╖tracking-[0.08em]┬╖t
ext-paragraph-light┬╖dar
k:border-borderColor-dar
k┬╖dark:bg-dark-200/75┬╖
dark:text-white/70"`  
prettier/prettier
41:1  Error: Replace `┬╖
┬╖┬╖┬╖┬╖┬╖┬╖┬╖┬╖┬╖┬╖┬╖┬╖
┬╖┬╖┬╖┬╖┬╖┬╖┬╖┬╖┬╖┬╖┬╖┬╖
┬╖┬╖┬╖┬╖┬╖┬╖┬╖` with `┬╖
┬╖┬╖┬╖┬╖┬╖┬╖┬╖┬╖┬╖┬╖┬╖┬╖
┬╖┬╖┬╖`  
prettier/prettier
42:1  Error: Replace `┬╖
┬╖┬╖┬╖┬╖┬╖┬╖┬╖┬╖┬╖┬╖┬╖┬╖
┬╖┬╖┬╖┬╖┬╖┬╖┬╖┬╖┬╖┬╖┬╖┬╖
┬╖┬╖┬╖` with `┬╖┬╖┬╖┬╖┬╖
┬╖┬╖┬╖┬╖┬╖┬╖┬╖┬╖┬╖`  
prettier/prettier
43:1  Error: Delete `┬╖┬
╖┬╖┬╖┬╖┬╖┬╖┬╖┬╖┬╖┬╖┬╖`  
prettier/prettier
44:11  Error: Delete 
`┬╖┬╖┬╖┬╖┬╖┬╖┬╖┬╖┬╖┬╖`  
prettier/prettier
45:9  Error: Delete 
`┬╖┬╖┬╖┬╖┬╖┬╖┬╖┬╖`  
prettier/prettier
47:1  Error: Replace `┬╖
┬╖┬╖┬╖┬╖┬╖┬╖┬╖┬╖┬╖┬╖┬╖┬╖
┬╖┬╖┬╖` with 
`┬╖┬╖┬╖┬╖┬╖┬╖┬╖┬╖`  
prettier/prettier
48:1  Error: Replace `┬╖
┬╖┬╖┬╖┬╖┬╖┬╖┬╖┬╖┬╖┬╖┬╖┬╖
┬╖┬╖┬╖┬╖┬╖┬╖┬╖` with 
`┬╖┬╖┬╖┬╖┬╖┬╖┬╖┬╖┬╖┬╖`  
prettier/prettier
49:1  Error: Replace `┬╖
┬╖┬╖┬╖┬╖┬╖┬╖┬╖┬╖┬╖┬╖┬╖┬╖
┬╖┬╖┬╖┬╖┬╖┬╖┬╖┬╖┬╖┬╖┬╖` 
with `┬╖┬╖┬╖┬╖┬╖┬╖┬╖┬╖┬╖
┬╖┬╖┬╖`  
prettier/prettier
50:1  Error: Replace `┬╖
┬╖┬╖┬╖┬╖┬╖┬╖┬╖┬╖┬╖┬╖┬╖┬╖
┬╖┬╖┬╖┬╖┬╖┬╖┬╖┬╖┬╖┬╖┬╖┬╖
┬╖┬╖┬╖` with `┬╖┬╖┬╖┬╖┬╖
┬╖┬╖┬╖┬╖┬╖┬╖┬╖┬╖┬╖`  
prettier/prettier
51:1  Error: Delete `┬╖┬
╖┬╖┬╖┬╖┬╖┬╖┬╖┬╖┬╖┬╖┬╖┬╖┬
╖`  prettier/prettier
52:1  Error: Replace `┬╖
┬╖┬╖┬╖┬╖┬╖┬╖┬╖┬╖┬╖┬╖┬╖┬╖
┬╖┬╖┬╖┬╖┬╖┬╖┬╖┬╖┬╖┬╖┬╖┬╖
┬╖┬╖┬╖className={`rounde
d-full┬╖border┬╖px-6┬╖py
-2.5┬╖text-sm┬╖font-medi
um┬╖transition-all┬╖dura
tion-300┬╖${` with `┬╖┬╖
┬╖┬╖┬╖┬╖┬╖┬╖┬╖┬╖┬╖┬╖┬╖┬╖
className={`rounded-full
┬╖border┬╖px-6┬╖py-2.5┬╖
text-sm┬╖font-medium┬╖tr
ansition-all┬╖duration-3
00┬╖${ΓÅÄ┬╖┬╖┬╖┬╖┬╖┬╖┬╖┬
╖┬╖┬╖┬╖┬╖┬╖┬╖┬╖┬╖`  
prettier/prettier
53:1  Error: Delete `┬╖┬
╖┬╖┬╖┬╖┬╖┬╖┬╖┬╖┬╖┬╖┬╖┬╖┬
╖`  prettier/prettier
54:1  Error: Delete `┬╖┬
╖┬╖┬╖┬╖┬╖┬╖┬╖┬╖┬╖┬╖┬╖┬╖┬
╖`  prettier/prettier
55:1  Error: Replace `┬╖
┬╖┬╖┬╖┬╖┬╖┬╖┬╖┬╖┬╖┬╖┬╖┬╖
┬╖┬╖┬╖┬╖┬╖┬╖┬╖┬╖┬╖┬╖┬╖┬╖
┬╖┬╖┬╖┬╖┬╖┬╖┬╖}`}ΓÅÄ┬╖┬╖
┬╖┬╖┬╖┬╖┬╖┬╖┬╖┬╖┬╖┬╖┬╖┬╖
┬╖┬╖┬╖┬╖┬╖┬╖┬╖┬╖┬╖┬╖` 
with `┬╖┬╖┬╖┬╖┬╖┬╖┬╖┬╖┬╖
┬╖┬╖┬╖┬╖┬╖}`}`  
prettier/prettier
57:1  Error: Delete `┬╖┬
╖┬╖┬╖┬╖┬╖┬╖┬╖┬╖┬╖┬╖┬╖┬╖┬
╖`  prettier/prettier
58:1  Error: Replace `┬╖
┬╖┬╖┬╖┬╖┬╖┬╖┬╖┬╖┬╖┬╖┬╖┬╖
┬╖┬╖┬╖┬╖┬╖┬╖┬╖┬╖┬╖┬╖┬╖` 
with `┬╖┬╖┬╖┬╖┬╖┬╖┬╖┬╖┬╖
┬╖┬╖┬╖`  
prettier/prettier
59:1  Error: Delete 
`┬╖┬╖┬╖┬╖┬╖┬╖┬╖┬╖┬╖┬╖`  
prettier/prettier
60:9  Error: Delete 
`┬╖┬╖┬╖┬╖┬╖┬╖┬╖┬╖`  
prettier/prettier
62:1  Error: Delete 
`┬╖┬╖┬╖┬╖┬╖┬╖┬╖┬╖`  
prettier/prettier
63:1  Error: Replace `┬╖
┬╖┬╖┬╖┬╖┬╖┬╖┬╖┬╖┬╖┬╖┬╖┬╖
┬╖┬╖┬╖┬╖┬╖┬╖┬╖` with 
`┬╖┬╖┬╖┬╖┬╖┬╖┬╖┬╖┬╖┬╖`  
prettier/prettier
64:13  Error: Delete `┬╖
┬╖┬╖┬╖┬╖┬╖┬╖┬╖┬╖┬╖┬╖┬╖` 
 prettier/prettier
65:1  Error: Replace `┬╖
┬╖┬╖┬╖┬╖┬╖┬╖┬╖┬╖┬╖┬╖┬╖┬╖
┬╖┬╖┬╖┬╖┬╖┬╖┬╖┬╖┬╖┬╖┬╖┬╖
┬╖┬╖┬╖` with `┬╖┬╖┬╖┬╖┬╖
┬╖┬╖┬╖┬╖┬╖┬╖┬╖┬╖┬╖`  
prettier/prettier
66:17  Error: Delete `┬╖
┬╖┬╖┬╖┬╖┬╖┬╖┬╖┬╖┬╖┬╖┬╖┬╖
┬╖┬╖┬╖`  
prettier/prettier
67:1  Error: Replace `┬╖
┬╖┬╖┬╖┬╖┬╖┬╖┬╖┬╖┬╖┬╖┬╖┬╖
┬╖┬╖┬╖┬╖┬╖┬╖┬╖┬╖┬╖┬╖┬╖┬╖
┬╖┬╖┬╖` with `┬╖┬╖┬╖┬╖┬╖
┬╖┬╖┬╖┬╖┬╖┬╖┬╖┬╖┬╖`  
prettier/prettier
68:1  Error: Replace `┬╖
┬╖┬╖┬╖┬╖┬╖┬╖┬╖┬╖┬╖┬╖┬╖┬╖
┬╖┬╖┬╖┬╖┬╖┬╖┬╖┬╖┬╖┬╖┬╖┬╖
┬╖┬╖┬╖` with `┬╖┬╖┬╖┬╖┬╖
┬╖┬╖┬╖┬╖┬╖┬╖┬╖┬╖┬╖`  
prettier/prettier
69:1  Error: Delete `┬╖┬
╖┬╖┬╖┬╖┬╖┬╖┬╖┬╖┬╖┬╖┬╖┬╖┬
╖┬╖┬╖`  
prettier/prettier
70:1  Error: Replace `┬╖
┬╖┬╖┬╖┬╖┬╖┬╖┬╖┬╖┬╖┬╖┬╖┬╖
┬╖┬╖┬╖┬╖┬╖┬╖┬╖┬╖┬╖┬╖┬╖┬╖
┬╖┬╖┬╖┬╖┬╖┬╖┬╖` with `┬╖
┬╖┬╖┬╖┬╖┬╖┬╖┬╖┬╖┬╖┬╖┬╖┬╖
┬╖┬╖┬╖`  
prettier/prettier
71:1  Error: Replace `┬╖
┬╖┬╖┬╖┬╖┬╖┬╖┬╖┬╖┬╖┬╖┬╖┬╖
┬╖┬╖┬╖┬╖┬╖┬╖┬╖┬╖┬╖┬╖┬╖┬╖
┬╖┬╖┬╖┬╖┬╖┬╖┬╖┬╖┬╖┬╖┬╖` 
with `┬╖┬╖┬╖┬╖┬╖┬╖┬╖┬╖┬╖
┬╖┬╖┬╖┬╖┬╖┬╖┬╖┬╖┬╖`  
prettier/prettier
72:1  Error: Replace `┬╖
┬╖┬╖┬╖┬╖┬╖┬╖┬╖┬╖┬╖┬╖┬╖┬╖
┬╖┬╖┬╖┬╖┬╖┬╖┬╖┬╖┬╖┬╖┬╖┬╖
┬╖┬╖┬╖┬╖┬╖┬╖┬╖` with `┬╖
┬╖┬╖┬╖┬╖┬╖┬╖┬╖┬╖┬╖┬╖┬╖┬╖
┬╖┬╖┬╖`  
prettier/prettier
73:1  Error: Replace `┬╖
┬╖┬╖┬╖┬╖┬╖┬╖┬╖┬╖┬╖┬╖┬╖┬╖
┬╖┬╖┬╖┬╖┬╖┬╖┬╖┬╖┬╖┬╖┬╖┬╖
┬╖┬╖┬╖` with `┬╖┬╖┬╖┬╖┬╖
┬╖┬╖┬╖┬╖┬╖┬╖┬╖┬╖┬╖`  
prettier/prettier
74:1  Error: Delete `┬╖┬
╖┬╖┬╖┬╖┬╖┬╖┬╖┬╖┬╖┬╖┬╖┬╖┬
╖`  prettier/prettier
75:1  Error: Replace `┬╖
┬╖┬╖┬╖┬╖┬╖┬╖┬╖┬╖┬╖┬╖┬╖┬╖
┬╖┬╖┬╖┬╖┬╖┬╖┬╖┬╖┬╖┬╖┬╖┬╖
┬╖┬╖┬╖┬╖┬╖┬╖┬╖` with `┬╖
┬╖┬╖┬╖┬╖┬╖┬╖┬╖┬╖┬╖┬╖┬╖┬╖
┬╖┬╖┬╖`  
prettier/prettier
76:1  Error: Replace `┬╖
┬╖┬╖┬╖┬╖┬╖┬╖┬╖┬╖┬╖┬╖┬╖┬╖
┬╖┬╖┬╖┬╖┬╖┬╖┬╖┬╖┬╖┬╖┬╖┬╖
┬╖┬╖┬╖┬╖┬╖┬╖┬╖` with `┬╖
┬╖┬╖┬╖┬╖┬╖┬╖┬╖┬╖┬╖┬╖┬╖┬╖
┬╖┬╖┬╖`  
prettier/prettier
77:1  Error: Replace `┬╖
┬╖┬╖┬╖┬╖┬╖┬╖┬╖┬╖┬╖┬╖┬╖┬╖
┬╖┬╖┬╖┬╖┬╖┬╖┬╖┬╖┬╖┬╖┬╖┬╖
┬╖┬╖┬╖` with `┬╖┬╖┬╖┬╖┬╖
┬╖┬╖┬╖┬╖┬╖┬╖┬╖┬╖┬╖`  
prettier/prettier
78:1  Error: Replace `┬╖
┬╖┬╖┬╖┬╖┬╖┬╖┬╖┬╖┬╖┬╖┬╖┬╖
┬╖┬╖┬╖┬╖┬╖┬╖┬╖┬╖┬╖┬╖┬╖` 
with `┬╖┬╖┬╖┬╖┬╖┬╖┬╖┬╖┬╖
┬╖┬╖┬╖`  
prettier/prettier
80:1  Error: Replace `┬╖
┬╖┬╖┬╖┬╖┬╖┬╖┬╖┬╖┬╖┬╖┬╖┬╖
┬╖┬╖┬╖┬╖┬╖┬╖┬╖┬╖┬╖┬╖┬╖` 
with `┬╖┬╖┬╖┬╖┬╖┬╖┬╖┬╖┬╖
┬╖┬╖┬╖`  
prettier/prettier
81:1  Error: Replace `┬╖
┬╖┬╖┬╖┬╖┬╖┬╖┬╖┬╖┬╖┬╖┬╖┬╖
┬╖┬╖┬╖┬╖┬╖┬╖┬╖┬╖┬╖┬╖┬╖┬╖
┬╖┬╖┬╖` with `┬╖┬╖┬╖┬╖┬╖
┬╖┬╖┬╖┬╖┬╖┬╖┬╖┬╖┬╖`  
prettier/prettier
82:17  Error: Replace `┬
╖┬╖┬╖┬╖┬╖┬╖┬╖┬╖┬╖┬╖┬╖┬╖┬
╖┬╖┬╖┬╖<div┬╖key={`${act
iveConvo}-${i}`}` with `
<divΓÅÄ┬╖┬╖┬╖┬╖┬╖┬╖┬╖┬╖┬
╖┬╖┬╖┬╖┬╖┬╖┬╖┬╖┬╖┬╖key={
`${activeConvo}-${i}`}ΓÅ
Ä┬╖┬╖┬╖┬╖┬╖┬╖┬╖┬╖┬╖┬╖┬╖┬
╖┬╖┬╖┬╖┬╖┬╖`  
prettier/prettier
83:1  Error: Replace `┬╖
┬╖┬╖┬╖┬╖┬╖┬╖┬╖┬╖┬╖┬╖┬╖┬╖
┬╖┬╖┬╖┬╖┬╖┬╖┬╖┬╖┬╖┬╖┬╖┬╖
┬╖┬╖┬╖┬╖┬╖┬╖┬╖┬╖┬╖┬╖┬╖` 
with `┬╖┬╖┬╖┬╖┬╖┬╖┬╖┬╖┬╖
┬╖┬╖┬╖┬╖┬╖┬╖┬╖┬╖┬╖`  
prettier/prettier
84:1  Error: Replace `┬╖
┬╖┬╖┬╖┬╖┬╖┬╖┬╖┬╖┬╖┬╖┬╖┬╖
┬╖┬╖┬╖┬╖┬╖┬╖┬╖┬╖┬╖┬╖┬╖┬╖
┬╖┬╖┬╖┬╖┬╖┬╖┬╖┬╖┬╖┬╖┬╖┬╖
┬╖┬╖┬╖className={`max-w-
[85%]┬╖px-5┬╖py-4┬╖${msg
.role┬╖===┬╖'user'ΓÅÄ┬╖┬
╖┬╖┬╖┬╖┬╖┬╖┬╖┬╖┬╖┬╖┬╖┬╖┬
╖┬╖┬╖┬╖┬╖┬╖┬╖` with `┬╖┬
╖┬╖┬╖┬╖┬╖┬╖┬╖┬╖┬╖┬╖┬╖┬╖┬
╖┬╖┬╖┬╖┬╖┬╖┬╖className={
`max-w-[85%]┬╖px-5┬╖py-4
┬╖${ΓÅÄ┬╖┬╖┬╖┬╖┬╖┬╖┬╖┬╖┬
╖┬╖┬╖┬╖┬╖┬╖┬╖┬╖┬╖┬╖┬╖┬╖┬
╖┬╖msg.role┬╖===┬╖'user'
ΓÅÄ`  prettier/prettier
86:1  Error: Replace `┬╖
┬╖┬╖┬╖┬╖┬╖┬╖┬╖┬╖┬╖┬╖┬╖┬╖
┬╖┬╖┬╖┬╖┬╖┬╖┬╖┬╖┬╖┬╖┬╖┬╖
┬╖┬╖┬╖┬╖┬╖┬╖┬╖┬╖┬╖┬╖┬╖┬╖
┬╖┬╖┬╖┬╖┬╖┬╖┬╖` with `┬╖
┬╖┬╖┬╖┬╖┬╖┬╖┬╖┬╖┬╖┬╖┬╖┬╖
┬╖┬╖┬╖┬╖┬╖┬╖┬╖┬╖┬╖┬╖┬╖` 
 prettier/prettier
87:21  Error: Replace `┬
╖┬╖┬╖┬╖┬╖┬╖┬╖┬╖┬╖┬╖┬╖┬╖┬
╖┬╖┬╖┬╖┬╖┬╖┬╖┬╖┬╖┬╖┬╖┬╖}
`}ΓÅÄ┬╖┬╖┬╖┬╖┬╖┬╖┬╖┬╖┬╖┬
╖┬╖┬╖┬╖┬╖┬╖┬╖┬╖┬╖┬╖┬╖┬╖┬
╖┬╖┬╖┬╖┬╖┬╖┬╖┬╖┬╖┬╖┬╖┬╖┬
╖┬╖┬╖` with `}`}`  
prettier/prettier
89:1  Error: Replace `┬╖
┬╖┬╖┬╖┬╖┬╖┬╖┬╖┬╖┬╖┬╖┬╖┬╖
┬╖┬╖┬╖┬╖┬╖┬╖┬╖┬╖┬╖┬╖┬╖┬╖
┬╖┬╖┬╖┬╖┬╖┬╖┬╖┬╖┬╖┬╖┬╖┬╖
┬╖┬╖┬╖` with `┬╖┬╖┬╖┬╖┬╖
┬╖┬╖┬╖┬╖┬╖┬╖┬╖┬╖┬╖┬╖┬╖┬╖
┬╖┬╖┬╖`  
prettier/prettier
90:1  Error: Replace `┬╖
┬╖┬╖┬╖┬╖┬╖┬╖┬╖┬╖┬╖┬╖┬╖┬╖
┬╖┬╖┬╖┬╖┬╖┬╖┬╖┬╖┬╖┬╖┬╖┬╖
┬╖┬╖┬╖┬╖┬╖┬╖┬╖┬╖┬╖┬╖┬╖┬╖
┬╖┬╖┬╖` with `┬╖┬╖┬╖┬╖┬╖
┬╖┬╖┬╖┬╖┬╖┬╖┬╖┬╖┬╖┬╖┬╖┬╖
┬╖┬╖┬╖`  
prettier/prettier
91:1  Error: Replace `┬╖
┬╖┬╖┬╖┬╖┬╖┬╖┬╖┬╖┬╖┬╖┬╖┬╖
┬╖┬╖┬╖┬╖┬╖┬╖┬╖┬╖┬╖┬╖┬╖┬╖
┬╖┬╖┬╖┬╖┬╖┬╖┬╖┬╖┬╖┬╖┬╖┬╖
┬╖┬╖┬╖<p┬╖className="whi
tespace-pre-line┬╖text-s
m┬╖leading-relaxed┬╖text
-paragraph┬╖dark:text-wh
ite/90">{msg.text}</p>` 
with `┬╖┬╖┬╖┬╖┬╖┬╖┬╖┬╖┬╖
┬╖┬╖┬╖┬╖┬╖┬╖┬╖┬╖┬╖┬╖┬╖<p
┬╖className="whitespace-
pre-line┬╖text-sm┬╖leadi
ng-relaxed┬╖text-paragra
ph┬╖dark:text-white/90">
`  prettier/prettier
92:23  Error: Replace `┬
╖┬╖┬╖┬╖┬╖┬╖┬╖┬╖┬╖┬╖┬╖┬╖┬
╖┬╖</div>ΓÅÄ┬╖┬╖┬╖┬╖┬╖┬╖
┬╖┬╖┬╖┬╖┬╖┬╖┬╖┬╖` with `
{msg.text}ΓÅÄ┬╖┬╖┬╖┬╖┬╖┬
╖┬╖┬╖┬╖┬╖┬╖┬╖┬╖┬╖┬╖┬╖┬╖┬
╖┬╖┬╖</p>ΓÅÄ`  
prettier/prettier
94:17  Error: Insert 
`</div>ΓÅÄ┬╖┬╖`  
prettier/prettier
95:1  Error: Replace `┬╖
┬╖┬╖┬╖┬╖┬╖┬╖┬╖┬╖┬╖┬╖┬╖┬╖
┬╖┬╖┬╖┬╖┬╖┬╖┬╖┬╖┬╖┬╖┬╖` 
with `┬╖┬╖┬╖┬╖┬╖┬╖┬╖┬╖┬╖
┬╖┬╖┬╖`  
prettier/prettier
97:1  Error: Delete `┬╖┬
╖┬╖┬╖┬╖┬╖┬╖┬╖┬╖┬╖┬╖┬╖`  
prettier/prettier
98:1  Error: Replace `┬╖
┬╖┬╖┬╖┬╖┬╖┬╖┬╖┬╖┬╖┬╖┬╖┬╖
┬╖┬╖┬╖┬╖┬╖┬╖┬╖┬╖┬╖┬╖┬╖┬╖
┬╖┬╖┬╖` with `┬╖┬╖┬╖┬╖┬╖
┬╖┬╖┬╖┬╖┬╖┬╖┬╖┬╖┬╖`  
prettier/prettier
99:1  Error: Replace `┬╖
┬╖┬╖┬╖┬╖┬╖┬╖┬╖┬╖┬╖┬╖┬╖┬╖
┬╖┬╖┬╖┬╖┬╖┬╖┬╖┬╖┬╖┬╖┬╖┬╖
┬╖┬╖┬╖┬╖┬╖┬╖┬╖` with `┬╖
┬╖┬╖┬╖┬╖┬╖┬╖┬╖┬╖┬╖┬╖┬╖┬╖
┬╖┬╖┬╖`  
prettier/prettier
100:1  Error: Replace `┬
╖┬╖┬╖┬╖┬╖┬╖┬╖┬╖┬╖┬╖┬╖┬╖┬
╖┬╖┬╖┬╖┬╖┬╖┬╖┬╖┬╖┬╖┬╖┬╖┬
╖┬╖┬╖┬╖┬╖┬╖┬╖┬╖` with `┬
╖┬╖┬╖┬╖┬╖┬╖┬╖┬╖┬╖┬╖┬╖┬╖┬
╖┬╖┬╖┬╖`  
prettier/prettier
101:15  Error: Delete `┬
╖┬╖┬╖┬╖┬╖┬╖┬╖┬╖┬╖┬╖┬╖┬╖┬
╖┬╖`  prettier/prettier
102:1  Error: Replace `┬
╖┬╖┬╖┬╖┬╖┬╖┬╖┬╖┬╖┬╖┬╖┬╖┬
╖┬╖┬╖┬╖┬╖┬╖┬╖┬╖┬╖┬╖┬╖┬╖`
 with `┬╖┬╖┬╖┬╖┬╖┬╖┬╖┬╖┬
╖┬╖┬╖┬╖`  
prettier/prettier
103:1  Error: Replace `┬
╖┬╖┬╖┬╖┬╖┬╖┬╖┬╖┬╖┬╖┬╖┬╖┬
╖┬╖┬╖┬╖┬╖┬╖┬╖┬╖` with 
`┬╖┬╖┬╖┬╖┬╖┬╖┬╖┬╖┬╖┬╖`  
prettier/prettier
104:1  Error: Replace `┬
╖┬╖┬╖┬╖┬╖┬╖┬╖┬╖┬╖┬╖┬╖┬╖┬
╖┬╖┬╖┬╖` with 
`┬╖┬╖┬╖┬╖┬╖┬╖┬╖┬╖`  
prettier/prettier
105:1  Error: Replace `┬
╖┬╖┬╖┬╖┬╖┬╖┬╖┬╖┬╖┬╖┬╖┬╖`
 with `┬╖┬╖┬╖┬╖┬╖┬╖`  
prettier/prettier
106:1  Error: Replace 
`┬╖┬╖┬╖┬╖┬╖┬╖┬╖┬╖` with 
`┬╖┬╖┬╖┬╖`  
prettier/prettier
107:1  Error: Delete 
`┬╖┬╖`  
prettier/prettier

./components/home/FaqAcc
ordion.jsx
8:3  Error: Delete 
`┬╖┬╖`  
prettier/prettier
9:1  Error: Delete 
`┬╖┬╖`  
prettier/prettier
10:1  Error: Replace 
`┬╖┬╖┬╖┬╖` with `┬╖┬╖`  
prettier/prettier
11:3  Error: Replace 
`┬╖┬╖const┬╖intro┬╖=` 
with `const┬╖intro┬╖=ΓÅÄ
┬╖┬╖┬╖`  
prettier/prettier
12:1  Error: Delete 
`┬╖┬╖`  
prettier/prettier
13:7  Error: Delete 
`┬╖┬╖`  
prettier/prettier
15:1  Error: Delete 
`┬╖┬╖`  
prettier/prettier
16:5  Error: Delete 
`┬╖┬╖┬╖┬╖`  
prettier/prettier
17:1  Error: Delete 
`┬╖┬╖┬╖┬╖┬╖┬╖`  
prettier/prettier
19:7  Error: Delete 
`┬╖┬╖┬╖┬╖┬╖┬╖`  
prettier/prettier
20:1  Error: Replace `┬╖
┬╖┬╖┬╖┬╖┬╖┬╖┬╖┬╖┬╖┬╖┬╖┬╖
┬╖┬╖┬╖` with 
`┬╖┬╖┬╖┬╖┬╖┬╖┬╖┬╖`  
prettier/prettier
21:1  Error: Delete 
`┬╖┬╖┬╖┬╖┬╖┬╖┬╖┬╖┬╖┬╖`  
prettier/prettier
22:13  Error: Delete `┬╖
┬╖┬╖┬╖┬╖┬╖┬╖┬╖┬╖┬╖┬╖┬╖` 
 prettier/prettier
23:1  Error: Replace `┬╖
┬╖┬╖┬╖┬╖┬╖┬╖┬╖┬╖┬╖┬╖┬╖┬╖
┬╖┬╖┬╖┬╖┬╖┬╖┬╖` with 
`┬╖┬╖┬╖┬╖┬╖┬╖┬╖┬╖┬╖┬╖`  
prettier/prettier
24:1  Error: Delete 
`┬╖┬╖┬╖┬╖┬╖┬╖┬╖┬╖┬╖┬╖`  
prettier/prettier
25:13  Error: Delete `┬╖
┬╖┬╖┬╖┬╖┬╖┬╖┬╖┬╖┬╖┬╖┬╖` 
 prettier/prettier
26:1  Error: Replace `┬╖
┬╖┬╖┬╖┬╖┬╖┬╖┬╖┬╖┬╖┬╖┬╖┬╖
┬╖┬╖┬╖┬╖┬╖┬╖┬╖` with 
`┬╖┬╖┬╖┬╖┬╖┬╖┬╖┬╖┬╖┬╖`  
prettier/prettier
27:1  Error: Replace `┬╖
┬╖┬╖┬╖┬╖┬╖┬╖┬╖┬╖┬╖┬╖┬╖┬╖
┬╖┬╖┬╖┬╖┬╖┬╖┬╖<p┬╖classN
ame="mx-auto┬╖mt-4┬╖max-
w-[720px]┬╖text-lg┬╖text
-paragraph-light┬╖dark:t
ext-white/75">ΓÅÄ┬╖┬╖┬╖┬
╖┬╖┬╖┬╖┬╖┬╖┬╖┬╖┬╖┬╖┬╖┬╖┬
╖┬╖┬╖┬╖┬╖┬╖┬╖┬╖┬╖{intro}
ΓÅÄ┬╖┬╖┬╖┬╖┬╖┬╖┬╖┬╖┬╖┬╖┬
╖┬╖┬╖┬╖┬╖┬╖┬╖┬╖┬╖┬╖` 
with `┬╖┬╖┬╖┬╖┬╖┬╖┬╖┬╖┬╖
┬╖<p┬╖className="mx-auto
┬╖mt-4┬╖max-w-[720px]┬╖t
ext-lg┬╖text-paragraph-l
ight┬╖dark:text-white/75
">{intro}`  
prettier/prettier
30:1  Error: Replace `┬╖
┬╖┬╖┬╖┬╖┬╖┬╖┬╖┬╖┬╖┬╖┬╖┬╖
┬╖┬╖┬╖` with 
`┬╖┬╖┬╖┬╖┬╖┬╖┬╖┬╖`  
prettier/prettier
32:1  Error: Replace `┬╖
┬╖┬╖┬╖┬╖┬╖┬╖┬╖┬╖┬╖┬╖┬╖┬╖
┬╖┬╖┬╖` with 
`┬╖┬╖┬╖┬╖┬╖┬╖┬╖┬╖`  
prettier/prettier
33:1  Error: Replace `┬╖
┬╖┬╖┬╖┬╖┬╖┬╖┬╖┬╖┬╖┬╖┬╖┬╖
┬╖┬╖┬╖┬╖┬╖┬╖┬╖` with 
`┬╖┬╖┬╖┬╖┬╖┬╖┬╖┬╖┬╖┬╖`  
prettier/prettier
34:1  Error: Replace `┬╖
┬╖┬╖┬╖┬╖┬╖┬╖┬╖┬╖┬╖┬╖┬╖┬╖
┬╖┬╖┬╖┬╖┬╖┬╖┬╖┬╖┬╖┬╖┬╖` 
with `┬╖┬╖┬╖┬╖┬╖┬╖┬╖┬╖┬╖
┬╖┬╖┬╖`  
prettier/prettier
35:1  Error: Replace `┬╖
┬╖┬╖┬╖┬╖┬╖┬╖┬╖┬╖┬╖┬╖┬╖┬╖
┬╖┬╖┬╖┬╖┬╖┬╖┬╖┬╖┬╖┬╖┬╖┬╖
┬╖┬╖┬╖` with `┬╖┬╖┬╖┬╖┬╖
┬╖┬╖┬╖┬╖┬╖┬╖┬╖┬╖┬╖`  
prettier/prettier
36:1  Error: Replace `┬╖
┬╖┬╖┬╖┬╖┬╖┬╖┬╖┬╖┬╖┬╖┬╖┬╖
┬╖┬╖┬╖┬╖┬╖┬╖┬╖┬╖┬╖┬╖┬╖┬╖
┬╖┬╖┬╖className="overflo
w-hidden┬╖rounded-2xl┬╖b
order┬╖border-borderColo
r/80┬╖bg-white/85┬╖backd
rop-blur-sm┬╖transition-
all┬╖duration-300┬╖hover
:border-primary/35┬╖hove
r:shadow-[0_18px_35px_-2
8px_rgba(15,23,42,0.35)]
┬╖dark:border-borderColo
r-dark┬╖dark:bg-dark-200
/85"ΓÅÄ┬╖┬╖┬╖┬╖┬╖┬╖┬╖┬╖┬
╖┬╖┬╖┬╖┬╖┬╖┬╖┬╖┬╖┬╖┬╖┬╖┬
╖┬╖┬╖┬╖` with `┬╖┬╖┬╖┬╖┬
╖┬╖┬╖┬╖┬╖┬╖┬╖┬╖┬╖┬╖class
Name="overflow-hidden┬╖r
ounded-2xl┬╖border┬╖bord
er-borderColor/80┬╖bg-wh
ite/85┬╖backdrop-blur-sm
┬╖transition-all┬╖durati
on-300┬╖hover:border-pri
mary/35┬╖hover:shadow-[0
_18px_35px_-28px_rgba(15
,23,42,0.35)]┬╖dark:bord
er-borderColor-dark┬╖dar
k:bg-dark-200/85"`  
prettier/prettier
38:1  Error: Replace `┬╖
┬╖┬╖┬╖┬╖┬╖┬╖┬╖┬╖┬╖┬╖┬╖┬╖
┬╖┬╖┬╖┬╖┬╖┬╖┬╖┬╖┬╖┬╖┬╖┬╖
┬╖┬╖┬╖` with `┬╖┬╖┬╖┬╖┬╖
┬╖┬╖┬╖┬╖┬╖┬╖┬╖┬╖┬╖`  
prettier/prettier
39:1  Error: Replace `┬╖
┬╖┬╖┬╖┬╖┬╖┬╖┬╖┬╖┬╖┬╖┬╖┬╖
┬╖┬╖┬╖┬╖┬╖┬╖┬╖┬╖┬╖┬╖┬╖┬╖
┬╖┬╖┬╖┬╖┬╖┬╖┬╖` with `┬╖
┬╖┬╖┬╖┬╖┬╖┬╖┬╖┬╖┬╖┬╖┬╖┬╖
┬╖┬╖┬╖`  
prettier/prettier
40:1  Error: Replace `┬╖
┬╖┬╖┬╖┬╖┬╖┬╖┬╖┬╖┬╖┬╖┬╖┬╖
┬╖┬╖┬╖┬╖┬╖┬╖┬╖┬╖┬╖┬╖┬╖┬╖
┬╖┬╖┬╖┬╖┬╖┬╖┬╖className=
"flex┬╖w-full┬╖items-cen
ter┬╖justify-between┬╖px
-6┬╖py-5┬╖text-left"ΓÅÄ┬
╖┬╖┬╖┬╖┬╖┬╖┬╖┬╖┬╖┬╖┬╖┬╖┬
╖┬╖┬╖┬╖┬╖┬╖┬╖┬╖┬╖┬╖┬╖┬╖┬
╖┬╖┬╖┬╖` with `┬╖┬╖┬╖┬╖┬
╖┬╖┬╖┬╖┬╖┬╖┬╖┬╖┬╖┬╖┬╖┬╖c
lassName="flex┬╖w-full┬╖
items-center┬╖justify-be
tween┬╖px-6┬╖py-5┬╖text-
left"`  
prettier/prettier
42:1  Error: Delete `┬╖┬
╖┬╖┬╖┬╖┬╖┬╖┬╖┬╖┬╖┬╖┬╖┬╖┬
╖┬╖┬╖`  
prettier/prettier
43:1  Error: Replace `┬╖
┬╖┬╖┬╖┬╖┬╖┬╖┬╖┬╖┬╖┬╖┬╖┬╖
┬╖┬╖┬╖┬╖┬╖┬╖┬╖┬╖┬╖┬╖┬╖┬╖
┬╖┬╖┬╖┬╖┬╖┬╖┬╖` with `┬╖
┬╖┬╖┬╖┬╖┬╖┬╖┬╖┬╖┬╖┬╖┬╖┬╖
┬╖┬╖┬╖`  
prettier/prettier
44:1  Error: Replace `┬╖
┬╖┬╖┬╖┬╖┬╖┬╖┬╖┬╖┬╖┬╖┬╖┬╖
┬╖┬╖┬╖┬╖┬╖┬╖┬╖┬╖┬╖┬╖┬╖┬╖
┬╖┬╖┬╖┬╖┬╖┬╖┬╖┬╖┬╖┬╖┬╖` 
with `┬╖┬╖┬╖┬╖┬╖┬╖┬╖┬╖┬╖
┬╖┬╖┬╖┬╖┬╖┬╖┬╖┬╖┬╖`  
prettier/prettier
45:1  Error: Replace `┬╖
┬╖┬╖┬╖┬╖┬╖┬╖┬╖┬╖┬╖┬╖┬╖┬╖
┬╖┬╖┬╖┬╖┬╖┬╖┬╖┬╖┬╖┬╖┬╖┬╖
┬╖┬╖┬╖┬╖┬╖┬╖┬╖┬╖┬╖┬╖┬╖cl
assName={`h-5┬╖w-5┬╖flex
-shrink-0┬╖text-paragrap
h-light┬╖transition-tran
sform┬╖duration-300┬╖dar
k:text-white/60┬╖${` 
with `┬╖┬╖┬╖┬╖┬╖┬╖┬╖┬╖┬╖
┬╖┬╖┬╖┬╖┬╖┬╖┬╖┬╖┬╖classN
ame={`h-5┬╖w-5┬╖flex-shr
ink-0┬╖text-paragraph-li
ght┬╖transition-transfor
m┬╖duration-300┬╖dark:te
xt-white/60┬╖${ΓÅÄ┬╖┬╖┬╖
┬╖┬╖┬╖┬╖┬╖┬╖┬╖┬╖┬╖┬╖┬╖┬╖
┬╖┬╖┬╖┬╖┬╖`  
prettier/prettier
46:19  Error: Delete `┬╖
┬╖┬╖┬╖┬╖┬╖┬╖┬╖┬╖┬╖┬╖┬╖┬╖
┬╖┬╖┬╖┬╖┬╖┬╖┬╖┬╖┬╖`  
prettier/prettier
47:1  Error: Replace `┬╖
┬╖┬╖┬╖┬╖┬╖┬╖┬╖┬╖┬╖┬╖┬╖┬╖
┬╖┬╖┬╖┬╖┬╖┬╖┬╖┬╖┬╖┬╖┬╖┬╖
┬╖┬╖┬╖┬╖┬╖┬╖┬╖` with `┬╖
┬╖┬╖┬╖┬╖┬╖┬╖┬╖┬╖┬╖┬╖┬╖┬╖
┬╖┬╖┬╖`  
prettier/prettier
48:1  Error: Replace `┬╖
┬╖┬╖┬╖┬╖┬╖┬╖┬╖┬╖┬╖┬╖┬╖┬╖
┬╖┬╖┬╖┬╖┬╖┬╖┬╖┬╖┬╖┬╖┬╖┬╖
┬╖┬╖┬╖` with `┬╖┬╖┬╖┬╖┬╖
┬╖┬╖┬╖┬╖┬╖┬╖┬╖┬╖┬╖`  
prettier/prettier
50:15  Error: Replace `┬
╖┬╖┬╖┬╖┬╖┬╖┬╖┬╖┬╖┬╖┬╖┬╖┬
╖┬╖<div` with `<divΓÅÄ┬╖
┬╖┬╖┬╖┬╖┬╖┬╖┬╖┬╖┬╖┬╖┬╖┬╖
┬╖┬╖`  prettier/prettier
51:1  Error: Replace `┬╖
┬╖┬╖┬╖┬╖┬╖┬╖┬╖┬╖┬╖┬╖┬╖┬╖
┬╖┬╖┬╖┬╖┬╖┬╖┬╖┬╖┬╖┬╖┬╖┬╖
┬╖┬╖┬╖┬╖┬╖┬╖┬╖` with `┬╖
┬╖┬╖┬╖┬╖┬╖┬╖┬╖┬╖┬╖┬╖┬╖┬╖
┬╖┬╖┬╖`  
prettier/prettier
52:15  Error: Delete `┬╖
┬╖┬╖┬╖┬╖┬╖┬╖┬╖┬╖┬╖┬╖┬╖┬╖
┬╖`  prettier/prettier
53:1  Error: Replace `┬╖
┬╖┬╖┬╖┬╖┬╖┬╖┬╖┬╖┬╖┬╖┬╖┬╖
┬╖┬╖┬╖┬╖┬╖┬╖┬╖┬╖┬╖┬╖┬╖` 
with `┬╖┬╖┬╖┬╖┬╖┬╖┬╖┬╖┬╖
┬╖┬╖┬╖`  
prettier/prettier
54:1  Error: Replace `┬╖
┬╖┬╖┬╖┬╖┬╖┬╖┬╖┬╖┬╖┬╖┬╖┬╖
┬╖┬╖┬╖┬╖┬╖┬╖┬╖` with 
`┬╖┬╖┬╖┬╖┬╖┬╖┬╖┬╖┬╖┬╖`  
prettier/prettier
55:1  Error: Replace `┬╖
┬╖┬╖┬╖┬╖┬╖┬╖┬╖┬╖┬╖┬╖┬╖┬╖
┬╖┬╖┬╖` with 
`┬╖┬╖┬╖┬╖┬╖┬╖┬╖┬╖`  
prettier/prettier
56:1  Error: Replace `┬╖
┬╖┬╖┬╖┬╖┬╖┬╖┬╖┬╖┬╖┬╖┬╖` 
with `┬╖┬╖┬╖┬╖┬╖┬╖`  
prettier/prettier
57:1  Error: Delete 
`┬╖┬╖┬╖┬╖`  
prettier/prettier
58:1  Error: Delete 
`┬╖┬╖`  
prettier/prettier

./components/home/HomePa
geClient.jsx
1:13  Error: Insert 
`ΓÉì`  prettier/prettier
2:54  Error: Insert 
`ΓÉì`  prettier/prettier
8:9  Error: Insert 
`ΓÉì`  prettier/prettier
9:1  Error: Replace `┬╖┬
╖┬╖┬╖ArrowRight,┬╖CaretD
own,┬╖CheckCircle,` 
with `┬╖┬╖ArrowRight,ΓÉì
ΓÅÄ┬╖┬╖CaretDown,ΓÉìΓÅÄ┬
╖┬╖CheckCircle,ΓÉì`  
prettier/prettier
10:1  Error: Replace `┬╖
┬╖┬╖┬╖Lightning,┬╖Plugs,
` with `┬╖┬╖Lightning,ΓÉ
ìΓÅÄ┬╖┬╖Plugs,ΓÉì`  
prettier/prettier
11:1  Error: Replace `┬╖
┬╖┬╖┬╖ChartBar,┬╖UsersTh
ree,┬╖Code,┬╖Handshake,`
 with `┬╖┬╖ChartBar,ΓÉìΓ
ÅÄ┬╖┬╖UsersThree,ΓÉìΓÅÄ┬
╖┬╖Code,ΓÉìΓÅÄ┬╖┬╖Handsh
ake,ΓÉì`  
prettier/prettier
12:1  Error: Replace `┬╖
┬╖┬╖┬╖ChatCircleDots,┬╖B
rain,┬╖Checks,┬╖Terminal
Window,┬╖ChartLineUp,┬╖C
urrencyCircleDollar` 
with `┬╖┬╖ChatCircleDots
,ΓÉìΓÅÄ┬╖┬╖Brain,ΓÉìΓÅÄ┬
╖┬╖Checks,ΓÉìΓÅÄ┬╖┬╖Term
inalWindow,ΓÉìΓÅÄ┬╖┬╖Cha
rtLineUp,ΓÉìΓÅÄ┬╖┬╖Curre
ncyCircleDollar,ΓÉì`  
prettier/prettier
13:31  Error: Insert 
`ΓÉì`  prettier/prettier
14:34  Error: Insert 
`ΓÉì`  prettier/prettier
15:42  Error: Insert 
`ΓÉì`  prettier/prettier
16:42  Error: Insert 
`ΓÉì`  prettier/prettier
17:9  Error: Insert 
`ΓÉì`  prettier/prettier
18:3  Error: Replace `┬╖
┬╖PersistentAgentGlyph,`
 with `PersistentAgentGl
yph,ΓÉì`  
prettier/prettier
19:3  Error: Replace `┬╖
┬╖ProactiveDecisionGlyph
,` with `ProactiveDecisi
onGlyph,ΓÉì`  
prettier/prettier
20:3  Error: Replace `┬╖
┬╖IntegrationMeshGlyph,`
 with `IntegrationMeshGl
yph,ΓÉì`  
prettier/prettier
21:3  Error: Replace 
`┬╖┬╖ChatThreadGlyph,` 
with 
`ChatThreadGlyph,ΓÉì`  
prettier/prettier
22:3  Error: Replace 
`┬╖┬╖SecureGuardGlyph,` 
with 
`SecureGuardGlyph,ΓÉì`  
prettier/prettier
23:1  Error: Replace `┬╖
┬╖┬╖┬╖AgentWorkspaceGlyp
h,` with `┬╖┬╖AgentWorks
paceGlyph,ΓÉì`  
prettier/prettier
24:47  Error: Insert 
`ΓÉì`  prettier/prettier
25:1  Error: Insert 
`ΓÉì`  prettier/prettier
26:25  Error: Insert 
`ΓÉì`  prettier/prettier
27:3  Error: Replace `┬╖
┬╖brain:┬╖PersistentAgen
tGlyph,` with `brain:┬╖P
ersistentAgentGlyph,ΓÉì`
  prettier/prettier
28:3  Error: Replace `┬╖
┬╖zap:┬╖ProactiveDecisio
nGlyph,` with `zap:┬╖Pro
activeDecisionGlyph,ΓÉì`
  prettier/prettier
29:3  Error: Replace `┬╖
┬╖plug:┬╖IntegrationMesh
Glyph,` with `plug:┬╖Int
egrationMeshGlyph,ΓÉì`  
prettier/prettier
30:3  Error: Replace `┬╖
┬╖messageSquare:┬╖ChatTh
readGlyph,` with `messag
eSquare:┬╖ChatThreadGlyp
h,ΓÉì`  
prettier/prettier
31:3  Error: Replace `┬╖
┬╖shield:┬╖SecureGuardGl
yph,` with `shield:┬╖Sec
ureGuardGlyph,ΓÉì`  
prettier/prettier
32:3  Error: Replace `┬╖
┬╖monitor:┬╖AgentWorkspa
ceGlyph,` with `monitor:
┬╖AgentWorkspaceGlyph,ΓÉ
ì`  prettier/prettier
33:2  Error: Insert 
`ΓÉì`  prettier/prettier
38:1  Error: Delete 
`┬╖┬╖`  
prettier/prettier
39:3  Error: Delete 
`┬╖┬╖`  
prettier/prettier
40:3  Error: Delete 
`┬╖┬╖`  
prettier/prettier
41:1  Error: Delete 
`┬╖┬╖`  
prettier/prettier
42:3  Error: Delete 
`┬╖┬╖`  
prettier/prettier
43:3  Error: Delete 
`┬╖┬╖`  
prettier/prettier
44:1  Error: Delete 
`┬╖┬╖`  
prettier/prettier
45:3  Error: Delete 
`┬╖┬╖`  
prettier/prettier
49:3  Error: Delete 
`┬╖┬╖`  
prettier/prettier
50:5  Error: Replace `┬╖
┬╖┬╖┬╖{┬╖title:┬╖'Chat-P
lattformen',┬╖descriptio
n:┬╖'Lebt┬╖dort,┬╖wo┬╖Ih
r┬╖Team┬╖kommuniziert.',
┬╖items:┬╖['Slack',┬╖'Mi
crosoft┬╖Teams',┬╖'Whats
App',┬╖'Discord',┬╖'Tele
gram',┬╖'Signal',┬╖'Goog
le┬╖Chat']` with `{ΓÉìΓÅ
Ä┬╖┬╖┬╖┬╖┬╖┬╖title:┬╖'Ch
at-Plattformen',ΓÉìΓÅÄ┬╖
┬╖┬╖┬╖┬╖┬╖description:┬╖
'Lebt┬╖dort,┬╖wo┬╖Ihr┬╖T
eam┬╖kommuniziert.',ΓÉìΓ
ÅÄ┬╖┬╖┬╖┬╖┬╖┬╖items:┬╖['
Slack',┬╖'Microsoft┬╖Tea
ms',┬╖'WhatsApp',┬╖'Disc
ord',┬╖'Telegram',┬╖'Sig
nal',┬╖'Google┬╖Chat'],Γ
ÉìΓÅÄ┬╖┬╖┬╖`  
prettier/prettier
51:5  Error: Replace `┬╖
┬╖┬╖┬╖{┬╖title:┬╖'KI-Mod
elle',┬╖description:┬╖'N
utzt┬╖die┬╖leistungsf├ñh
igsten┬╖KI-Modelle.',┬╖i
tems:┬╖['Claude┬╖(Anthro
pic)',┬╖'GPT-4┬╖(OpenAI)
',┬╖'Gemini┬╖(Google)',┬
╖'Mistral',┬╖'Llama┬╖(Me
ta)',┬╖'Lokale┬╖Modelle'
]` with `{ΓÉìΓÅÄ┬╖┬╖┬╖┬╖
┬╖┬╖title:┬╖'KI-Modelle'
,ΓÉìΓÅÄ┬╖┬╖┬╖┬╖┬╖┬╖descr
iption:┬╖'Nutzt┬╖die┬╖le
istungsf├ñhigsten┬╖KI-Mo
delle.',ΓÉìΓÅÄ┬╖┬╖┬╖┬╖┬╖
┬╖items:┬╖['Claude┬╖(Ant
hropic)',┬╖'GPT-4┬╖(Open
AI)',┬╖'Gemini┬╖(Google)
',┬╖'Mistral',┬╖'Llama┬╖
(Meta)',┬╖'Lokale┬╖Model
le'],ΓÉìΓÅÄ┬╖┬╖┬╖`  
prettier/prettier
52:5  Error: Replace `┬╖
┬╖┬╖┬╖{┬╖title:┬╖'Produk
tivit├ñt',┬╖description:
┬╖'Verbindet┬╖sich┬╖mit┬
╖Ihren┬╖Arbeitstools.',┬
╖items:┬╖['Notion',┬╖'Li
near',┬╖'Jira',┬╖'Conflu
ence',┬╖'Asana',┬╖'Trell
o',┬╖'Monday.com',┬╖'Cli
ckUp',┬╖'Airtable',┬╖'Go
ogle┬╖Workspace']` with 
`{ΓÉìΓÅÄ┬╖┬╖┬╖┬╖┬╖┬╖titl
e:┬╖'Produktivit├ñt',ΓÉì
ΓÅÄ┬╖┬╖┬╖┬╖┬╖┬╖descripti
on:┬╖'Verbindet┬╖sich┬╖m
it┬╖Ihren┬╖Arbeitstools.
',ΓÉìΓÅÄ┬╖┬╖┬╖┬╖┬╖┬╖item
s:┬╖[ΓÉìΓÅÄ┬╖┬╖┬╖┬╖┬╖┬╖┬
╖┬╖'Notion',ΓÉìΓÅÄ┬╖┬╖┬╖
┬╖┬╖┬╖┬╖┬╖'Linear',ΓÉìΓÅ
Ä┬╖┬╖┬╖┬╖┬╖┬╖┬╖┬╖'Jira',
ΓÉìΓÅÄ┬╖┬╖┬╖┬╖┬╖┬╖┬╖┬╖'C
onfluence',ΓÉìΓÅÄ┬╖┬╖┬╖┬
╖┬╖┬╖┬╖┬╖'Asana',ΓÉìΓÅÄ┬
╖┬╖┬╖┬╖┬╖┬╖┬╖┬╖'Trello',
ΓÉìΓÅÄ┬╖┬╖┬╖┬╖┬╖┬╖┬╖┬╖'M
onday.com',ΓÉìΓÅÄ┬╖┬╖┬╖┬
╖┬╖┬╖┬╖┬╖'ClickUp',ΓÉìΓÅ
Ä┬╖┬╖┬╖┬╖┬╖┬╖┬╖┬╖'Airtab
le',ΓÉìΓÅÄ┬╖┬╖┬╖┬╖┬╖┬╖┬╖
┬╖'Google┬╖Workspace',ΓÉ
ìΓÅÄ┬╖┬╖┬╖┬╖┬╖┬╖],ΓÉìΓÅÄ
┬╖┬╖┬╖`  
prettier/prettier
53:5  Error: Replace `┬╖
┬╖┬╖┬╖{┬╖title:┬╖'CRM┬╖&
┬╖Sales',┬╖description:┬
╖'Ihre┬╖Vertriebspipelin
e┬╖im┬╖Griff.',┬╖items:┬
╖['Salesforce',┬╖'HubSpo
t',┬╖'Pipedrive',┬╖'Zoho
┬╖CRM',┬╖'Close.io',┬╖'F
reshsales']` with `{ΓÉìΓ
ÅÄ┬╖┬╖┬╖┬╖┬╖┬╖title:┬╖'C
RM┬╖&┬╖Sales',ΓÉìΓÅÄ┬╖┬╖
┬╖┬╖┬╖┬╖description:┬╖'I
hre┬╖Vertriebspipeline┬╖
im┬╖Griff.',ΓÉìΓÅÄ┬╖┬╖┬╖
┬╖┬╖┬╖items:┬╖['Salesfor
ce',┬╖'HubSpot',┬╖'Piped
rive',┬╖'Zoho┬╖CRM',┬╖'C
lose.io',┬╖'Freshsales']
,ΓÉìΓÅÄ┬╖┬╖┬╖`  
prettier/prettier
54:5  Error: Replace `┬╖
┬╖┬╖┬╖{┬╖title:┬╖'Entwic
klung',┬╖description:┬╖'
F├╝r┬╖Ihr┬╖Engineering-T
eam.',┬╖items:┬╖['GitHub
',┬╖'GitLab',┬╖'Bitbucke
t',┬╖'VS┬╖Code',┬╖'Verce
l',┬╖'AWS',┬╖'Docker',┬╖
'Sentry',┬╖'Datadog',┬╖'
PagerDuty']` with `{ΓÉìΓ
ÅÄ┬╖┬╖┬╖┬╖┬╖┬╖title:┬╖'E
ntwicklung',ΓÉìΓÅÄ┬╖┬╖┬╖
┬╖┬╖┬╖description:┬╖'F├╝
r┬╖Ihr┬╖Engineering-Team
.',ΓÉìΓÅÄ┬╖┬╖┬╖┬╖┬╖┬╖ite
ms:┬╖['GitHub',┬╖'GitLab
',┬╖'Bitbucket',┬╖'VS┬╖C
ode',┬╖'Vercel',┬╖'AWS',
┬╖'Docker',┬╖'Sentry',┬╖
'Datadog',┬╖'PagerDuty']
,ΓÉìΓÅÄ┬╖┬╖┬╖`  
prettier/prettier
55:5  Error: Replace `┬╖
┬╖┬╖┬╖{┬╖title:┬╖'Analyt
ics┬╖&┬╖Daten',┬╖descrip
tion:┬╖'Daten┬╖automatis
ch┬╖analysieren.',┬╖item
s:┬╖['Posthog',┬╖'Mixpan
el',┬╖'Google┬╖Analytics
',┬╖'Amplitude',┬╖'Segme
nt',┬╖'Snowflake',┬╖'Big
Query']` with `{ΓÉìΓÅÄ┬╖
┬╖┬╖┬╖┬╖┬╖title:┬╖'Analy
tics┬╖&┬╖Daten',ΓÉìΓÅÄ┬╖
┬╖┬╖┬╖┬╖┬╖description:┬╖
'Daten┬╖automatisch┬╖ana
lysieren.',ΓÉìΓÅÄ┬╖┬╖┬╖┬
╖┬╖┬╖items:┬╖['Posthog',
┬╖'Mixpanel',┬╖'Google┬╖
Analytics',┬╖'Amplitude'
,┬╖'Segment',┬╖'Snowflak
e',┬╖'BigQuery'],ΓÉìΓÅÄ┬
╖┬╖┬╖`  
prettier/prettier
56:5  Error: Replace `┬╖
┬╖┬╖┬╖{┬╖title:┬╖'Market
ing',┬╖description:┬╖'Ma
rketing-Workflows┬╖autom
atisieren.',┬╖items:┬╖['
Google┬╖Ads',┬╖'Meta┬╖Ad
s',┬╖'Mailchimp',┬╖'Send
Grid',┬╖'Webflow',┬╖'Wor
dPress',┬╖'Canva',┬╖'Fig
ma']` with `{ΓÉìΓÅÄ┬╖┬╖┬
╖┬╖┬╖┬╖title:┬╖'Marketin
g',ΓÉìΓÅÄ┬╖┬╖┬╖┬╖┬╖┬╖des
cription:┬╖'Marketing-Wo
rkflows┬╖automatisieren.
',ΓÉìΓÅÄ┬╖┬╖┬╖┬╖┬╖┬╖item
s:┬╖['Google┬╖Ads',┬╖'Me
ta┬╖Ads',┬╖'Mailchimp',┬
╖'SendGrid',┬╖'Webflow',
┬╖'WordPress',┬╖'Canva',
┬╖'Figma'],ΓÉìΓÅÄ┬╖┬╖┬╖`
  prettier/prettier
57:5  Error: Replace `┬╖
┬╖┬╖┬╖{┬╖title:┬╖'Finanz
en┬╖&┬╖ERP',┬╖descriptio
n:┬╖'Finanz-┬╖und┬╖Unter
nehmenssoftware.',┬╖item
s:┬╖['SAP',┬╖'Stripe',┬╖
'QuickBooks',┬╖'Xero',┬╖
'DATEV',┬╖'Sage']┬╖}` 
with `{ΓÉìΓÅÄ┬╖┬╖┬╖┬╖┬╖┬
╖title:┬╖'Finanzen┬╖&┬╖E
RP',ΓÉìΓÅÄ┬╖┬╖┬╖┬╖┬╖┬╖de
scription:┬╖'Finanz-┬╖un
d┬╖Unternehmenssoftware.
',ΓÉìΓÅÄ┬╖┬╖┬╖┬╖┬╖┬╖item
s:┬╖['SAP',┬╖'Stripe',┬╖
'QuickBooks',┬╖'Xero',┬╖
'DATEV',┬╖'Sage']`  
prettier/prettier
58:5  Error: Replace 
`]` with `}`  
prettier/prettier
59:3  Error: Insert 
`],ΓÉìΓÅÄ`  
prettier/prettier
60:5  Error: Replace `┬╖
┬╖┬╖┬╖{┬╖title:┬╖'Chat┬╖
Platforms',┬╖description
:┬╖'Lives┬╖where┬╖your┬╖
team┬╖communicates.',┬╖i
tems:┬╖['Slack',┬╖'Micro
soft┬╖Teams',┬╖'WhatsApp
',┬╖'Discord',┬╖'Telegra
m',┬╖'Signal',┬╖'Google┬
╖Chat']` with `{ΓÉìΓÅÄ┬╖
┬╖┬╖┬╖┬╖┬╖title:┬╖'Chat┬
╖Platforms',ΓÉìΓÅÄ┬╖┬╖┬╖
┬╖┬╖┬╖description:┬╖'Liv
es┬╖where┬╖your┬╖team┬╖c
ommunicates.',ΓÉìΓÅÄ┬╖┬╖
┬╖┬╖┬╖┬╖items:┬╖['Slack'
,┬╖'Microsoft┬╖Teams',┬╖
'WhatsApp',┬╖'Discord',┬
╖'Telegram',┬╖'Signal',┬
╖'Google┬╖Chat'],ΓÉìΓÅÄ┬
╖┬╖┬╖`  
prettier/prettier
61:5  Error: Replace `┬╖
┬╖┬╖┬╖{┬╖title:┬╖'AI┬╖Mo
dels',┬╖description:┬╖'U
ses┬╖the┬╖most┬╖powerful
┬╖AI┬╖models.',┬╖items:┬
╖['Claude┬╖(Anthropic)',
┬╖'GPT-4┬╖(OpenAI)',┬╖'G
emini┬╖(Google)',┬╖'Mist
ral',┬╖'Llama┬╖(Meta)',┬
╖'Local┬╖Models']` with 
`{ΓÉìΓÅÄ┬╖┬╖┬╖┬╖┬╖┬╖titl
e:┬╖'AI┬╖Models',ΓÉìΓÅÄ┬
╖┬╖┬╖┬╖┬╖┬╖description:┬
╖'Uses┬╖the┬╖most┬╖power
ful┬╖AI┬╖models.',ΓÉìΓÅÄ
┬╖┬╖┬╖┬╖┬╖┬╖items:┬╖['Cl
aude┬╖(Anthropic)',┬╖'GP
T-4┬╖(OpenAI)',┬╖'Gemini
┬╖(Google)',┬╖'Mistral',
┬╖'Llama┬╖(Meta)',┬╖'Loc
al┬╖Models'],ΓÉìΓÅÄ┬╖┬╖┬
╖`  prettier/prettier
62:5  Error: Replace `┬╖
┬╖┬╖┬╖{┬╖title:┬╖'Produc
tivity',┬╖description:┬╖
'Connects┬╖to┬╖your┬╖wor
k┬╖tools.',┬╖items:┬╖['N
otion',┬╖'Linear',┬╖'Jir
a',┬╖'Confluence',┬╖'Asa
na',┬╖'Trello',┬╖'Monday
.com',┬╖'ClickUp',┬╖'Air
table',┬╖'Google┬╖Worksp
ace']` with `{ΓÉìΓÅÄ┬╖┬╖
┬╖┬╖┬╖┬╖title:┬╖'Product
ivity',ΓÉìΓÅÄ┬╖┬╖┬╖┬╖┬╖┬
╖description:┬╖'Connects
┬╖to┬╖your┬╖work┬╖tools.
',ΓÉìΓÅÄ┬╖┬╖┬╖┬╖┬╖┬╖item
s:┬╖[ΓÉìΓÅÄ┬╖┬╖┬╖┬╖┬╖┬╖┬
╖┬╖'Notion',ΓÉìΓÅÄ┬╖┬╖┬╖
┬╖┬╖┬╖┬╖┬╖'Linear',ΓÉìΓÅ
Ä┬╖┬╖┬╖┬╖┬╖┬╖┬╖┬╖'Jira',
ΓÉìΓÅÄ┬╖┬╖┬╖┬╖┬╖┬╖┬╖┬╖'C
onfluence',ΓÉìΓÅÄ┬╖┬╖┬╖┬
╖┬╖┬╖┬╖┬╖'Asana',ΓÉìΓÅÄ┬
╖┬╖┬╖┬╖┬╖┬╖┬╖┬╖'Trello',
ΓÉìΓÅÄ┬╖┬╖┬╖┬╖┬╖┬╖┬╖┬╖'M
onday.com',ΓÉìΓÅÄ┬╖┬╖┬╖┬
╖┬╖┬╖┬╖┬╖'ClickUp',ΓÉìΓÅ
Ä┬╖┬╖┬╖┬╖┬╖┬╖┬╖┬╖'Airtab
le',ΓÉìΓÅÄ┬╖┬╖┬╖┬╖┬╖┬╖┬╖
┬╖'Google┬╖Workspace',ΓÉ
ìΓÅÄ┬╖┬╖┬╖┬╖┬╖┬╖],ΓÉìΓÅÄ
┬╖┬╖┬╖`  
prettier/prettier
63:5  Error: Replace `┬╖
┬╖┬╖┬╖{┬╖title:┬╖'CRM┬╖&
┬╖Sales',┬╖description:┬
╖'Your┬╖sales┬╖pipeline┬
╖under┬╖control.',┬╖item
s:┬╖['Salesforce',┬╖'Hub
Spot',┬╖'Pipedrive',┬╖'Z
oho┬╖CRM',┬╖'Close.io',┬
╖'Freshsales']` with `{Γ
ÉìΓÅÄ┬╖┬╖┬╖┬╖┬╖┬╖title:┬
╖'CRM┬╖&┬╖Sales',ΓÉìΓÅÄ┬
╖┬╖┬╖┬╖┬╖┬╖description:┬
╖'Your┬╖sales┬╖pipeline┬
╖under┬╖control.',ΓÉìΓÅÄ
┬╖┬╖┬╖┬╖┬╖┬╖items:┬╖['Sa
lesforce',┬╖'HubSpot',┬╖
'Pipedrive',┬╖'Zoho┬╖CRM
',┬╖'Close.io',┬╖'Freshs
ales'],ΓÉìΓÅÄ┬╖┬╖┬╖`  
prettier/prettier
64:5  Error: Replace `┬╖
┬╖┬╖┬╖{┬╖title:┬╖'Develo
pment',┬╖description:┬╖'
For┬╖your┬╖engineering┬╖
team.',┬╖items:┬╖['GitHu
b',┬╖'GitLab',┬╖'Bitbuck
et',┬╖'VS┬╖Code',┬╖'Verc
el',┬╖'AWS',┬╖'Docker',┬
╖'Sentry',┬╖'Datadog',┬╖
'PagerDuty']` with `{ΓÉì
ΓÅÄ┬╖┬╖┬╖┬╖┬╖┬╖title:┬╖'
Development',ΓÉìΓÅÄ┬╖┬╖┬
╖┬╖┬╖┬╖description:┬╖'Fo
r┬╖your┬╖engineering┬╖te
am.',ΓÉìΓÅÄ┬╖┬╖┬╖┬╖┬╖┬╖i
tems:┬╖['GitHub',┬╖'GitL
ab',┬╖'Bitbucket',┬╖'VS┬
╖Code',┬╖'Vercel',┬╖'AWS
',┬╖'Docker',┬╖'Sentry',
┬╖'Datadog',┬╖'PagerDuty
'],ΓÉìΓÅÄ┬╖┬╖┬╖`  
prettier/prettier
65:5  Error: Replace `┬╖
┬╖┬╖┬╖{┬╖title:┬╖'Analyt
ics┬╖&┬╖Data',┬╖descript
ion:┬╖'Analyze┬╖data┬╖au
tomatically.',┬╖items:┬╖
['Posthog',┬╖'Mixpanel',
┬╖'Google┬╖Analytics',┬╖
'Amplitude',┬╖'Segment',
┬╖'Snowflake',┬╖'BigQuer
y']` with `{ΓÉìΓÅÄ┬╖┬╖┬╖
┬╖┬╖┬╖title:┬╖'Analytics
┬╖&┬╖Data',ΓÉìΓÅÄ┬╖┬╖┬╖┬
╖┬╖┬╖description:┬╖'Anal
yze┬╖data┬╖automatically
.',ΓÉìΓÅÄ┬╖┬╖┬╖┬╖┬╖┬╖ite
ms:┬╖['Posthog',┬╖'Mixpa
nel',┬╖'Google┬╖Analytic
s',┬╖'Amplitude',┬╖'Segm
ent',┬╖'Snowflake',┬╖'Bi
gQuery'],ΓÉìΓÅÄ┬╖┬╖┬╖`  
prettier/prettier
66:5  Error: Replace `┬╖
┬╖┬╖┬╖{┬╖title:┬╖'Market
ing',┬╖description:┬╖'Au
tomate┬╖marketing┬╖workf
lows.',┬╖items:┬╖['Googl
e┬╖Ads',┬╖'Meta┬╖Ads',┬╖
'Mailchimp',┬╖'SendGrid'
,┬╖'Webflow',┬╖'WordPres
s',┬╖'Canva',┬╖'Figma']`
 with `{ΓÉìΓÅÄ┬╖┬╖┬╖┬╖┬╖
┬╖title:┬╖'Marketing',ΓÉ
ìΓÅÄ┬╖┬╖┬╖┬╖┬╖┬╖descript
ion:┬╖'Automate┬╖marketi
ng┬╖workflows.',ΓÉìΓÅÄ┬╖
┬╖┬╖┬╖┬╖┬╖items:┬╖['Goog
le┬╖Ads',┬╖'Meta┬╖Ads',┬
╖'Mailchimp',┬╖'SendGrid
',┬╖'Webflow',┬╖'WordPre
ss',┬╖'Canva',┬╖'Figma']
,ΓÉìΓÅÄ┬╖┬╖┬╖`  
prettier/prettier
67:5  Error: Replace `┬╖
┬╖┬╖┬╖{┬╖title:┬╖'Financ
e┬╖&┬╖ERP',┬╖description
:┬╖'Finance┬╖and┬╖enterp
rise┬╖software.',┬╖items
:┬╖['SAP',┬╖'Stripe',┬╖'
QuickBooks',┬╖'Xero',┬╖'
DATEV',┬╖'Sage']┬╖}` 
with `{ΓÉìΓÅÄ┬╖┬╖┬╖┬╖┬╖┬
╖title:┬╖'Finance┬╖&┬╖ER
P',ΓÉìΓÅÄ┬╖┬╖┬╖┬╖┬╖┬╖des
cription:┬╖'Finance┬╖and
┬╖enterprise┬╖software.'
,ΓÉìΓÅÄ┬╖┬╖┬╖┬╖┬╖┬╖items
:┬╖['SAP',┬╖'Stripe',┬╖'
QuickBooks',┬╖'Xero',┬╖'
DATEV',┬╖'Sage']`  
prettier/prettier
68:3  Error: Insert 
`┬╖┬╖},ΓÉìΓÅÄ`  
prettier/prettier
72:3  Error: Delete 
`┬╖┬╖`  
prettier/prettier
73:1  Error: Replace 
`┬╖┬╖┬╖┬╖┬╖┬╖┬╖┬╖` with 
`┬╖┬╖┬╖┬╖`  
prettier/prettier
74:1  Error: Delete 
`┬╖┬╖┬╖┬╖`  
prettier/prettier
75:5  Error: Delete 
`┬╖┬╖┬╖┬╖`  
prettier/prettier
76:1  Error: Replace `┬╖
┬╖┬╖┬╖┬╖┬╖┬╖┬╖subtitle:┬
╖'AIvalanche┬╖startet┬╖i
m┬╖Chat,┬╖arbeitet┬╖in┬╖
Ihren┬╖Tools┬╖und┬╖melde
t┬╖Ergebnisse┬╖im┬╖selbe
n┬╖Thread┬╖zur├╝ck.',` 
with `┬╖┬╖┬╖┬╖subtitle:┬
╖'AIvalanche┬╖startet┬╖i
m┬╖Chat,┬╖arbeitet┬╖in┬╖
Ihren┬╖Tools┬╖und┬╖melde
t┬╖Ergebnisse┬╖im┬╖selbe
n┬╖Thread┬╖zur├╝ck.',ΓÉì
`  prettier/prettier
77:1  Error: Delete 
`┬╖┬╖┬╖┬╖`  
prettier/prettier
78:5  Error: Delete 
`┬╖┬╖┬╖┬╖`  
prettier/prettier
79:1  Error: Replace 
`┬╖┬╖┬╖┬╖┬╖┬╖┬╖┬╖` with 
`┬╖┬╖┬╖┬╖`  
prettier/prettier
80:1  Error: Replace 
`┬╖┬╖┬╖┬╖┬╖┬╖┬╖┬╖` with 
`┬╖┬╖┬╖┬╖`  
prettier/prettier
81:5  Error: Delete 
`┬╖┬╖┬╖┬╖`  
prettier/prettier
82:1  Error: Replace 
`┬╖┬╖┬╖┬╖┬╖┬╖┬╖┬╖` with 
`┬╖┬╖┬╖┬╖`  
prettier/prettier
83:1  Error: Replace `┬╖
┬╖┬╖┬╖┬╖┬╖┬╖┬╖flowTitle:
┬╖'Von┬╖Anfrage┬╖zu┬╖Aus
f├╝hrung┬╖in┬╖Minuten.',
` with `┬╖┬╖┬╖┬╖flowTitl
e:┬╖'Von┬╖Anfrage┬╖zu┬╖A
usf├╝hrung┬╖in┬╖Minuten.
',ΓÉì`  
prettier/prettier
84:1  Error: Replace `┬╖
┬╖┬╖┬╖┬╖┬╖┬╖┬╖flowDescri
ption:┬╖'Sie┬╖senden┬╖ei
ne┬╖Aufgabe┬╖im┬╖Chat.┬╖
Der┬╖Agent┬╖orchestriert
┬╖APIs,┬╖Daten┬╖und┬╖Aut
omationen┬╖und┬╖liefert┬
╖den┬╖Status┬╖transparen
t┬╖zur├╝ck.',` with `┬╖┬
╖┬╖┬╖flowDescription:ΓÉì
ΓÅÄ┬╖┬╖┬╖┬╖┬╖┬╖'Sie┬╖sen
den┬╖eine┬╖Aufgabe┬╖im┬╖
Chat.┬╖Der┬╖Agent┬╖orche
striert┬╖APIs,┬╖Daten┬╖u
nd┬╖Automationen┬╖und┬╖l
iefert┬╖den┬╖Status┬╖tra
nsparent┬╖zur├╝ck.',ΓÉì`
  prettier/prettier
85:1  Error: Replace `┬╖
┬╖┬╖┬╖┬╖┬╖┬╖┬╖steps:┬╖['
Aufgabe┬╖im┬╖Chat┬╖sende
n',┬╖'Agent┬╖f├╝hrt┬╖├╝b
er┬╖Tools┬╖aus',┬╖'Ergeb
nis┬╖und┬╖n├ñchster┬╖Sch
ritt'],` with `┬╖┬╖┬╖┬╖s
teps:┬╖['Aufgabe┬╖im┬╖Ch
at┬╖senden',┬╖'Agent┬╖f├
╝hrt┬╖├╝ber┬╖Tools┬╖aus'
,┬╖'Ergebnis┬╖und┬╖n├ñch
ster┬╖Schritt'],ΓÉì`  
prettier/prettier
86:1  Error: Replace `┬╖
┬╖┬╖┬╖┬╖┬╖┬╖┬╖stacksLabe
l:┬╖'H├ñufige┬╖Stack-Kom
binationen',` with `┬╖┬╖
┬╖┬╖stacksLabel:┬╖'H├ñuf
ige┬╖Stack-Kombinationen
',ΓÉì`  
prettier/prettier
87:1  Error: Replace `┬╖
┬╖┬╖┬╖┬╖┬╖┬╖┬╖stacks:┬╖[
'Slack┬╖+┬╖HubSpot',┬╖'T
eams┬╖+┬╖Jira',┬╖'WhatsA
pp┬╖+┬╖Salesforce',┬╖'No
tion┬╖+┬╖GitHub'],` 
with `┬╖┬╖┬╖┬╖stacks:┬╖[
'Slack┬╖+┬╖HubSpot',┬╖'T
eams┬╖+┬╖Jira',┬╖'WhatsA
pp┬╖+┬╖Salesforce',┬╖'No
tion┬╖+┬╖GitHub'],ΓÉì`  
prettier/prettier
88:1  Error: Replace `┬╖
┬╖┬╖┬╖┬╖┬╖┬╖┬╖moreLabel:
┬╖'weitere',` with `┬╖┬╖
┬╖┬╖moreLabel:┬╖'weitere
',ΓÉì`  
prettier/prettier
89:1  Error: Replace `┬╖
┬╖┬╖┬╖┬╖┬╖┬╖┬╖lessLabel:
┬╖'weniger',` with `┬╖┬╖
┬╖┬╖lessLabel:┬╖'weniger
',ΓÉì`  
prettier/prettier
90:1  Error: Replace `┬╖
┬╖┬╖┬╖┬╖┬╖┬╖┬╖openclawBa
dge:┬╖'Powered┬╖by┬╖Open
Claw',` with `┬╖┬╖┬╖┬╖op
enclawBadge:┬╖'Powered┬╖
by┬╖OpenClaw',ΓÉì`  
prettier/prettier
91:1  Error: Replace `┬╖
┬╖┬╖┬╖┬╖┬╖┬╖┬╖openclawDe
scription:┬╖'OpenClaw┬╖v
erbindet┬╖AIvalanche┬╖mi
t┬╖Ihren┬╖Chat-Kan├ñlen┬
╖und┬╖bringt┬╖Aufgaben┬╖
ohne┬╖Toolwechsel┬╖in┬╖d
ie┬╖Ausf├╝hrung.',` 
with `┬╖┬╖┬╖┬╖openclawDe
scription:ΓÉìΓÅÄ┬╖┬╖┬╖┬╖
┬╖┬╖'OpenClaw┬╖verbindet
┬╖AIvalanche┬╖mit┬╖Ihren
┬╖Chat-Kan├ñlen┬╖und┬╖br
ingt┬╖Aufgaben┬╖ohne┬╖To
olwechsel┬╖in┬╖die┬╖Ausf
├╝hrung.',ΓÉì`  
prettier/prettier
92:1  Error: Delete 
`┬╖┬╖`  
prettier/prettier
93:1  Error: Delete 
`┬╖┬╖`  
prettier/prettier
94:1  Error: Delete 
`┬╖┬╖┬╖┬╖`  
prettier/prettier
95:1  Error: Replace 
`┬╖┬╖┬╖┬╖┬╖┬╖┬╖┬╖` with 
`┬╖┬╖┬╖┬╖`  
prettier/prettier
96:1  Error: Delete 
`┬╖┬╖┬╖┬╖`  
prettier/prettier
97:1  Error: Replace `┬╖
┬╖┬╖┬╖┬╖┬╖┬╖┬╖subtitle:┬
╖'AIvalanche┬╖starts┬╖in
┬╖chat,┬╖executes┬╖insid
e┬╖your┬╖tools,┬╖and┬╖re
ports┬╖outcomes┬╖back┬╖i
n┬╖the┬╖same┬╖thread.',`
 with `┬╖┬╖┬╖┬╖subtitle:
┬╖'AIvalanche┬╖starts┬╖i
n┬╖chat,┬╖executes┬╖insi
de┬╖your┬╖tools,┬╖and┬╖r
eports┬╖outcomes┬╖back┬╖
in┬╖the┬╖same┬╖thread.',
ΓÉì`  prettier/prettier
98:1  Error: Replace 
`┬╖┬╖┬╖┬╖┬╖┬╖┬╖┬╖` with 
`┬╖┬╖┬╖┬╖`  
prettier/prettier
99:1  Error: Replace 
`┬╖┬╖┬╖┬╖┬╖┬╖┬╖┬╖` with 
`┬╖┬╖┬╖┬╖`  
prettier/prettier
100:1  Error: Delete 
`┬╖┬╖┬╖┬╖`  
prettier/prettier
101:1  Error: Replace 
`┬╖┬╖┬╖┬╖┬╖┬╖┬╖┬╖` with 
`┬╖┬╖┬╖┬╖`  
prettier/prettier
102:1  Error: Replace 
`┬╖┬╖┬╖┬╖┬╖┬╖┬╖┬╖` with 
`┬╖┬╖┬╖┬╖`  
prettier/prettier
103:1  Error: Delete 
`┬╖┬╖┬╖┬╖`  
prettier/prettier
104:1  Error: Replace 
`┬╖┬╖┬╖┬╖┬╖┬╖┬╖┬╖` with 
`┬╖┬╖┬╖┬╖`  
prettier/prettier
105:5  Error: Replace `┬
╖┬╖┬╖┬╖flowDescription:┬
╖'Your┬╖team┬╖posts┬╖a┬╖
task┬╖in┬╖chat.┬╖The┬╖ag
ent┬╖orchestrates┬╖APIs,
┬╖data,┬╖and┬╖automation
s,┬╖then┬╖returns┬╖clear
┬╖status┬╖and┬╖next┬╖act
ions.',` with `flowDescr
iption:ΓÉìΓÅÄ┬╖┬╖┬╖┬╖┬╖┬
╖'Your┬╖team┬╖posts┬╖a┬╖
task┬╖in┬╖chat.┬╖The┬╖ag
ent┬╖orchestrates┬╖APIs,
┬╖data,┬╖and┬╖automation
s,┬╖then┬╖returns┬╖clear
┬╖status┬╖and┬╖next┬╖act
ions.',ΓÉì`  
prettier/prettier
106:1  Error: Replace `┬
╖┬╖┬╖┬╖┬╖┬╖┬╖┬╖steps:┬╖[
'Send┬╖request┬╖in┬╖chat
',┬╖'Agent┬╖executes┬╖ac
ross┬╖tools',┬╖'Result┬╖
and┬╖next┬╖action'],` 
with `┬╖┬╖┬╖┬╖steps:┬╖['
Send┬╖request┬╖in┬╖chat'
,┬╖'Agent┬╖executes┬╖acr
oss┬╖tools',┬╖'Result┬╖a
nd┬╖next┬╖action'],ΓÉì` 
 prettier/prettier
107:1  Error: Replace `┬
╖┬╖┬╖┬╖┬╖┬╖┬╖┬╖stacksLab
el:┬╖'Common┬╖stack┬╖com
binations',` with `┬╖┬╖┬
╖┬╖stacksLabel:┬╖'Common
┬╖stack┬╖combinations',Γ
Éì`  prettier/prettier
108:1  Error: Replace `┬
╖┬╖┬╖┬╖┬╖┬╖┬╖┬╖stacks:┬╖
['Slack┬╖+┬╖HubSpot',┬╖'
Teams┬╖+┬╖Jira',┬╖'Whats
App┬╖+┬╖Salesforce',┬╖'N
otion┬╖+┬╖GitHub'],` 
with `┬╖┬╖┬╖┬╖stacks:┬╖[
'Slack┬╖+┬╖HubSpot',┬╖'T
eams┬╖+┬╖Jira',┬╖'WhatsA
pp┬╖+┬╖Salesforce',┬╖'No
tion┬╖+┬╖GitHub'],ΓÉì`  
prettier/prettier
109:1  Error: Replace `┬
╖┬╖┬╖┬╖┬╖┬╖┬╖┬╖moreLabel
:┬╖'more',` with `┬╖┬╖┬╖
┬╖moreLabel:┬╖'more',ΓÉì
`  prettier/prettier
110:1  Error: Replace `┬
╖┬╖┬╖┬╖┬╖┬╖┬╖┬╖lessLabel
:┬╖'less',` with `┬╖┬╖┬╖
┬╖lessLabel:┬╖'less',ΓÉì
`  prettier/prettier
111:1  Error: Replace `┬
╖┬╖┬╖┬╖┬╖┬╖┬╖┬╖openclawB
adge:┬╖'Powered┬╖by┬╖Ope
nClaw',` with `┬╖┬╖┬╖┬╖o
penclawBadge:┬╖'Powered┬
╖by┬╖OpenClaw',ΓÉì`  
prettier/prettier
112:1  Error: Replace `┬
╖┬╖┬╖┬╖┬╖┬╖┬╖┬╖openclawD
escription:┬╖'OpenClaw┬╖
connects┬╖AIvalanche┬╖ac
ross┬╖your┬╖chat┬╖channe
ls┬╖so┬╖work┬╖moves┬╖fro
m┬╖request┬╖to┬╖executio
n┬╖without┬╖tool┬╖switch
ing.',` with `┬╖┬╖┬╖┬╖op
enclawDescription:ΓÉìΓÅÄ
┬╖┬╖┬╖┬╖┬╖┬╖'OpenClaw┬╖c
onnects┬╖AIvalanche┬╖acr
oss┬╖your┬╖chat┬╖channel
s┬╖so┬╖work┬╖moves┬╖from
┬╖request┬╖to┬╖execution
┬╖without┬╖tool┬╖switchi
ng.',ΓÉì`  
prettier/prettier
113:1  Error: Delete 
`┬╖┬╖`  
prettier/prettier
116:26  Error: Insert 
`ΓÉì`  prettier/prettier
117:3  Error: Replace `┬
╖┬╖{┬╖surface:┬╖'bg-grad
ient-to-br┬╖from-orange-
50┬╖to-white┬╖dark:from-
orange-500/10┬╖dark:to-d
ark-200',┬╖iconTone:┬╖'b
g-orange-100┬╖text-orang
e-700┬╖dark:bg-orange-50
0/20┬╖dark:text-orange-3
00'┬╖},` with `{ΓÉìΓÅÄ┬╖
┬╖┬╖┬╖surface:┬╖'bg-grad
ient-to-br┬╖from-orange-
50┬╖to-white┬╖dark:from-
orange-500/10┬╖dark:to-d
ark-200',ΓÉìΓÅÄ┬╖┬╖┬╖┬╖i
conTone:┬╖'bg-orange-100
┬╖text-orange-700┬╖dark:
bg-orange-500/20┬╖dark:t
ext-orange-300',ΓÉìΓÅÄ┬╖
┬╖},ΓÉì`  
prettier/prettier
118:3  Error: Replace `┬
╖┬╖{┬╖surface:┬╖'bg-grad
ient-to-br┬╖from-cyan-50
┬╖to-white┬╖dark:from-cy
an-500/10┬╖dark:to-dark-
200',┬╖iconTone:┬╖'bg-cy
an-100┬╖text-cyan-700┬╖d
ark:bg-cyan-500/20┬╖dark
:text-cyan-300'┬╖},` 
with `{ΓÉìΓÅÄ┬╖┬╖┬╖┬╖sur
face:┬╖'bg-gradient-to-b
r┬╖from-cyan-50┬╖to-whit
e┬╖dark:from-cyan-500/10
┬╖dark:to-dark-200',ΓÉìΓ
ÅÄ┬╖┬╖┬╖┬╖iconTone:┬╖'bg
-cyan-100┬╖text-cyan-700
┬╖dark:bg-cyan-500/20┬╖d
ark:text-cyan-300',ΓÉìΓÅ
Ä┬╖┬╖},ΓÉì`  
prettier/prettier
119:3  Error: Replace `┬
╖┬╖{┬╖surface:┬╖'bg-grad
ient-to-br┬╖from-lime-50
┬╖to-white┬╖dark:from-li
me-500/10┬╖dark:to-dark-
200',┬╖iconTone:┬╖'bg-li
me-100┬╖text-lime-700┬╖d
ark:bg-lime-500/20┬╖dark
:text-lime-300'┬╖},` 
with `{ΓÉìΓÅÄ┬╖┬╖┬╖┬╖sur
face:┬╖'bg-gradient-to-b
r┬╖from-lime-50┬╖to-whit
e┬╖dark:from-lime-500/10
┬╖dark:to-dark-200',ΓÉìΓ
ÅÄ┬╖┬╖┬╖┬╖iconTone:┬╖'bg
-lime-100┬╖text-lime-700
┬╖dark:bg-lime-500/20┬╖d
ark:text-lime-300',ΓÉìΓÅ
Ä┬╖┬╖},ΓÉì`  
prettier/prettier
120:2  Error: Insert 
`ΓÉì`  prettier/prettier
121:1  Error: Insert 
`ΓÉì`  prettier/prettier
122:26  Error: Insert 
`ΓÉì`  prettier/prettier
123:3  Error: Replace 
`┬╖┬╖{` with `{ΓÉì`  
prettier/prettier
124:1  Error: Replace `┬
╖┬╖┬╖┬╖┬╖┬╖┬╖┬╖chip:┬╖{┬
╖de:┬╖'Langlaufend',┬╖en
:┬╖'Long-running'┬╖},` 
with `┬╖┬╖┬╖┬╖chip:┬╖{┬╖
de:┬╖'Langlaufend',┬╖en:
┬╖'Long-running'┬╖},ΓÉì`
  prettier/prettier
125:1  Error: Replace `┬
╖┬╖┬╖┬╖┬╖┬╖┬╖┬╖glow:┬╖'f
rom-cyan-400/45┬╖to-prim
ary/10',` with `┬╖┬╖┬╖┬╖
glow:┬╖'from-cyan-400/45
┬╖to-primary/10',ΓÉì`  
prettier/prettier
126:1  Error: Replace `┬
╖┬╖┬╖┬╖┬╖┬╖┬╖┬╖iconTone:
┬╖'from-cyan-500┬╖to-cya
n-400',` with `┬╖┬╖┬╖┬╖i
conTone:┬╖'from-cyan-500
┬╖to-cyan-400',ΓÉì`  
prettier/prettier
127:1  Error: Replace 
`┬╖┬╖┬╖┬╖},` with 
`┬╖┬╖},ΓÉì`  
prettier/prettier
128:3  Error: Replace 
`┬╖┬╖{` with `{ΓÉì`  
prettier/prettier
129:5  Error: Replace `┬
╖┬╖┬╖┬╖chip:┬╖{┬╖de:┬╖'S
elbststeuernd',┬╖en:┬╖'S
elf-directed'┬╖},` with 
`chip:┬╖{┬╖de:┬╖'Selbsts
teuernd',┬╖en:┬╖'Self-di
rected'┬╖},ΓÉì`  
prettier/prettier
130:1  Error: Replace `┬
╖┬╖┬╖┬╖┬╖┬╖┬╖┬╖glow:┬╖'f
rom-primary/45┬╖to-lime-
300/20',` with `┬╖┬╖┬╖┬╖
glow:┬╖'from-primary/45┬
╖to-lime-300/20',ΓÉì`  
prettier/prettier
131:1  Error: Replace `┬
╖┬╖┬╖┬╖┬╖┬╖┬╖┬╖iconTone:
┬╖'from-primary┬╖to-lime
-400',` with `┬╖┬╖┬╖┬╖ic
onTone:┬╖'from-primary┬╖
to-lime-400',ΓÉì`  
prettier/prettier
132:1  Error: Replace 
`┬╖┬╖┬╖┬╖},` with 
`┬╖┬╖},ΓÉì`  
prettier/prettier
133:1  Error: Replace 
`┬╖┬╖┬╖┬╖{` with 
`┬╖┬╖{ΓÉì`  
prettier/prettier
134:1  Error: Replace `┬
╖┬╖┬╖┬╖┬╖┬╖┬╖┬╖chip:┬╖{┬
╖de:┬╖'Orchestriert',┬╖e
n:┬╖'Orchestrated'┬╖},` 
with `┬╖┬╖┬╖┬╖chip:┬╖{┬╖
de:┬╖'Orchestriert',┬╖en
:┬╖'Orchestrated'┬╖},ΓÉì
`  prettier/prettier
135:1  Error: Replace `┬
╖┬╖┬╖┬╖┬╖┬╖┬╖┬╖glow:┬╖'f
rom-emerald-400/45┬╖to-c
yan-300/20',` with `┬╖┬╖
┬╖┬╖glow:┬╖'from-emerald
-400/45┬╖to-cyan-300/20'
,ΓÉì`  prettier/prettier
136:1  Error: Replace `┬
╖┬╖┬╖┬╖┬╖┬╖┬╖┬╖iconTone:
┬╖'from-emerald-500┬╖to-
cyan-400',` with `┬╖┬╖┬╖
┬╖iconTone:┬╖'from-emera
ld-500┬╖to-cyan-400',ΓÉì
`  prettier/prettier
137:3  Error: Replace 
`┬╖┬╖},` with `},ΓÉì`  
prettier/prettier
138:1  Error: Replace 
`┬╖┬╖┬╖┬╖{` with 
`┬╖┬╖{ΓÉì`  
prettier/prettier
139:1  Error: Replace `┬
╖┬╖┬╖┬╖┬╖┬╖┬╖┬╖chip:┬╖{┬
╖de:┬╖'Chat-native',┬╖en
:┬╖'Chat-native'┬╖},` 
with `┬╖┬╖┬╖┬╖chip:┬╖{┬╖
de:┬╖'Chat-native',┬╖en:
┬╖'Chat-native'┬╖},ΓÉì` 
 prettier/prettier
140:1  Error: Replace `┬
╖┬╖┬╖┬╖┬╖┬╖┬╖┬╖glow:┬╖'f
rom-sky-400/45┬╖to-indig
o-300/20',` with `┬╖┬╖┬╖
┬╖glow:┬╖'from-sky-400/4
5┬╖to-indigo-300/20',ΓÉì
`  prettier/prettier
141:1  Error: Replace `┬
╖┬╖┬╖┬╖┬╖┬╖┬╖┬╖iconTone:
┬╖'from-sky-500┬╖to-indi
go-500',` with `┬╖┬╖┬╖┬╖
iconTone:┬╖'from-sky-500
┬╖to-indigo-500',ΓÉì`  
prettier/prettier
142:1  Error: Replace 
`┬╖┬╖┬╖┬╖},` with 
`┬╖┬╖},ΓÉì`  
prettier/prettier
143:3  Error: Replace 
`┬╖┬╖{` with `{ΓÉì`  
prettier/prettier
144:1  Error: Replace `┬
╖┬╖┬╖┬╖┬╖┬╖┬╖┬╖chip:┬╖{┬
╖de:┬╖'Policy┬╖Guardrail
s',┬╖en:┬╖'Policy┬╖Guard
rails'┬╖},` with `┬╖┬╖┬╖
┬╖chip:┬╖{┬╖de:┬╖'Policy
┬╖Guardrails',┬╖en:┬╖'Po
licy┬╖Guardrails'┬╖},ΓÉì
`  prettier/prettier
145:1  Error: Replace `┬
╖┬╖┬╖┬╖┬╖┬╖┬╖┬╖glow:┬╖'f
rom-orange-400/45┬╖to-pr
imary/20',` with `┬╖┬╖┬╖
┬╖glow:┬╖'from-orange-40
0/45┬╖to-primary/20',ΓÉì
`  prettier/prettier
146:1  Error: Replace `┬
╖┬╖┬╖┬╖┬╖┬╖┬╖┬╖iconTone:
┬╖'from-orange-500┬╖to-p
rimary',` with `┬╖┬╖┬╖┬╖
iconTone:┬╖'from-orange-
500┬╖to-primary',ΓÉì`  
prettier/prettier
147:1  Error: Replace 
`┬╖┬╖┬╖┬╖},` with 
`┬╖┬╖},ΓÉì`  
prettier/prettier
148:3  Error: Replace 
`┬╖┬╖{` with `{ΓÉì`  
prettier/prettier
149:5  Error: Replace `┬
╖┬╖┬╖┬╖chip:┬╖{┬╖de:┬╖'S
andboxed',┬╖en:┬╖'Sandbo
xed'┬╖},` with `chip:┬╖{
┬╖de:┬╖'Sandboxed',┬╖en:
┬╖'Sandboxed'┬╖},ΓÉì`  
prettier/prettier
150:1  Error: Replace `┬
╖┬╖┬╖┬╖┬╖┬╖┬╖┬╖glow:┬╖'f
rom-violet-400/45┬╖to-cy
an-300/20',` with `┬╖┬╖┬
╖┬╖glow:┬╖'from-violet-4
00/45┬╖to-cyan-300/20',Γ
Éì`  prettier/prettier
151:1  Error: Replace `┬
╖┬╖┬╖┬╖┬╖┬╖┬╖┬╖iconTone:
┬╖'from-violet-500┬╖to-c
yan-500',` with `┬╖┬╖┬╖┬
╖iconTone:┬╖'from-violet
-500┬╖to-cyan-500',ΓÉì` 
 prettier/prettier
152:1  Error: Replace 
`┬╖┬╖┬╖┬╖},` with 
`┬╖┬╖},ΓÉì`  
prettier/prettier
153:2  Error: Insert 
`ΓÉì`  prettier/prettier
155:29  Error: Insert 
`ΓÉì`  prettier/prettier
156:1  Error: Replace 
`┬╖┬╖┬╖┬╖de:┬╖{` with 
`┬╖┬╖de:┬╖{ΓÉì`  
prettier/prettier
157:1  Error: Replace `┬
╖┬╖┬╖┬╖┬╖┬╖┬╖┬╖panelEyeb
row:┬╖'AGENT┬╖EXECUTION┬
╖LOOP',` with `┬╖┬╖┬╖┬╖p
anelEyebrow:┬╖'AGENT┬╖EX
ECUTION┬╖LOOP',ΓÉì`  
prettier/prettier
158:1  Error: Replace `┬
╖┬╖┬╖┬╖┬╖┬╖┬╖┬╖panelTitl
e:┬╖'Plant,┬╖f├╝hrt┬╖aus
,┬╖verifiziert.',` with 
`┬╖┬╖┬╖┬╖panelTitle:┬╖'P
lant,┬╖f├╝hrt┬╖aus,┬╖ver
ifiziert.',ΓÉì`  
prettier/prettier
159:1  Error: Replace `┬
╖┬╖┬╖┬╖┬╖┬╖┬╖┬╖execution
Loop:┬╖[` with `┬╖┬╖┬╖┬╖
executionLoop:┬╖[ΓÉì`  
prettier/prettier
160:1  Error: Replace `┬
╖┬╖┬╖┬╖┬╖┬╖┬╖┬╖┬╖┬╖┬╖┬╖{
` with 
`┬╖┬╖┬╖┬╖┬╖┬╖{ΓÉì`  
prettier/prettier
161:1  Error: Replace `┬
╖┬╖┬╖┬╖┬╖┬╖┬╖┬╖┬╖┬╖┬╖┬╖┬
╖┬╖┬╖┬╖title:┬╖'Plan',` 
with `┬╖┬╖┬╖┬╖┬╖┬╖┬╖┬╖ti
tle:┬╖'Plan',ΓÉì`  
prettier/prettier
162:1  Error: Replace `┬
╖┬╖┬╖┬╖┬╖┬╖┬╖┬╖┬╖┬╖┬╖┬╖┬
╖┬╖┬╖┬╖description:┬╖'Br
icht┬╖Ziele┬╖in┬╖konkret
e┬╖Schritte┬╖mit┬╖Kontex
t┬╖und┬╖Priorit├ñt┬╖heru
nter.',` with `┬╖┬╖┬╖┬╖┬
╖┬╖┬╖┬╖description:┬╖'Br
icht┬╖Ziele┬╖in┬╖konkret
e┬╖Schritte┬╖mit┬╖Kontex
t┬╖und┬╖Priorit├ñt┬╖heru
nter.',ΓÉì`  
prettier/prettier
163:1  Error: Replace `┬
╖┬╖┬╖┬╖┬╖┬╖┬╖┬╖┬╖┬╖┬╖┬╖}
,` with 
`┬╖┬╖┬╖┬╖┬╖┬╖},ΓÉì`  
prettier/prettier
164:1  Error: Replace `┬
╖┬╖┬╖┬╖┬╖┬╖┬╖┬╖┬╖┬╖┬╖┬╖{
` with 
`┬╖┬╖┬╖┬╖┬╖┬╖{ΓÉì`  
prettier/prettier
165:1  Error: Replace `┬
╖┬╖┬╖┬╖┬╖┬╖┬╖┬╖┬╖┬╖┬╖┬╖┬
╖┬╖┬╖┬╖title:┬╖'Execute'
,` with `┬╖┬╖┬╖┬╖┬╖┬╖┬╖┬
╖title:┬╖'Execute',ΓÉì` 
 prettier/prettier
166:1  Error: Replace `┬
╖┬╖┬╖┬╖┬╖┬╖┬╖┬╖┬╖┬╖┬╖┬╖┬
╖┬╖┬╖┬╖description:┬╖'Ha
ndelt┬╖direkt┬╖in┬╖Ihren
┬╖verbundenen┬╖Tools┬╖un
d┬╖Systemen.',` with `┬╖
┬╖┬╖┬╖┬╖┬╖┬╖┬╖descriptio
n:┬╖'Handelt┬╖direkt┬╖in
┬╖Ihren┬╖verbundenen┬╖To
ols┬╖und┬╖Systemen.',ΓÉì
`  prettier/prettier
167:1  Error: Replace `┬
╖┬╖┬╖┬╖┬╖┬╖┬╖┬╖┬╖┬╖┬╖┬╖}
,` with 
`┬╖┬╖┬╖┬╖┬╖┬╖},ΓÉì`  
prettier/prettier
168:1  Error: Replace `┬
╖┬╖┬╖┬╖┬╖┬╖┬╖┬╖┬╖┬╖┬╖┬╖{
` with 
`┬╖┬╖┬╖┬╖┬╖┬╖{ΓÉì`  
prettier/prettier
169:1  Error: Replace `┬
╖┬╖┬╖┬╖┬╖┬╖┬╖┬╖┬╖┬╖┬╖┬╖┬
╖┬╖┬╖┬╖title:┬╖'Verify',
` with `┬╖┬╖┬╖┬╖┬╖┬╖┬╖┬╖
title:┬╖'Verify',ΓÉì`  
prettier/prettier
170:1  Error: Replace `┬
╖┬╖┬╖┬╖┬╖┬╖┬╖┬╖┬╖┬╖┬╖┬╖┬
╖┬╖┬╖┬╖description:┬╖'Pr
├╝ft┬╖Ergebnisse┬╖und┬╖f
ragt┬╖bei┬╖riskanten┬╖Ak
tionen┬╖vor┬╖der┬╖Ausf├╝
hrung┬╖nach.',` with `┬╖
┬╖┬╖┬╖┬╖┬╖┬╖┬╖descriptio
n:┬╖'Pr├╝ft┬╖Ergebnisse┬
╖und┬╖fragt┬╖bei┬╖riskan
ten┬╖Aktionen┬╖vor┬╖der┬
╖Ausf├╝hrung┬╖nach.',ΓÉì
`  prettier/prettier
171:1  Error: Replace `┬
╖┬╖┬╖┬╖┬╖┬╖┬╖┬╖┬╖┬╖┬╖┬╖}
,` with 
`┬╖┬╖┬╖┬╖┬╖┬╖},ΓÉì`  
prettier/prettier
172:1  Error: Replace 
`┬╖┬╖┬╖┬╖┬╖┬╖┬╖┬╖],` 
with `┬╖┬╖┬╖┬╖],ΓÉì`  
prettier/prettier
173:1  Error: Replace `┬
╖┬╖┬╖┬╖┬╖┬╖┬╖┬╖competenc
ySignals:┬╖[ΓÅÄ┬╖┬╖┬╖┬╖┬
╖┬╖┬╖┬╖┬╖┬╖┬╖┬╖'Nachvoll
ziehbare┬╖Tool-Aktionen'
,ΓÅÄ┬╖┬╖┬╖┬╖┬╖┬╖┬╖┬╖┬╖┬╖
┬╖┬╖'Freigaben┬╖bei┬╖Ris
iko',ΓÅÄ┬╖┬╖┬╖┬╖┬╖┬╖┬╖┬╖
┬╖┬╖┬╖┬╖'Kontext┬╖├╝ber┬
╖Sessions',ΓÅÄ┬╖┬╖┬╖┬╖┬╖
┬╖┬╖┬╖],` with `┬╖┬╖┬╖┬╖
competencySignals:┬╖['Na
chvollziehbare┬╖Tool-Akt
ionen',┬╖'Freigaben┬╖bei
┬╖Risiko',┬╖'Kontext┬╖├╝
ber┬╖Sessions'],ΓÉì`  
prettier/prettier
178:1  Error: Replace `┬
╖┬╖┬╖┬╖┬╖┬╖┬╖┬╖detailsLa
bel:┬╖'Details',` with `
┬╖┬╖┬╖┬╖detailsLabel:┬╖'
Details',ΓÉì`  
prettier/prettier
179:1  Error: Replace `┬
╖┬╖┬╖┬╖┬╖┬╖┬╖┬╖collapseL
abel:┬╖'Schliessen',` 
with `┬╖┬╖┬╖┬╖collapseLa
bel:┬╖'Schliessen',ΓÉì` 
 prettier/prettier
180:1  Error: Replace `┬
╖┬╖┬╖┬╖┬╖┬╖┬╖┬╖detailHea
ding:┬╖'So┬╖arbeitet┬╖di
eses┬╖Modul',` with `┬╖┬
╖┬╖┬╖detailHeading:┬╖'So
┬╖arbeitet┬╖dieses┬╖Modu
l',ΓÉì`  
prettier/prettier
181:1  Error: Replace `┬
╖┬╖┬╖┬╖┬╖┬╖┬╖┬╖detailsBy
Icon:┬╖{` with `┬╖┬╖┬╖┬╖
detailsByIcon:┬╖{ΓÉì`  
prettier/prettier
182:1  Error: Replace `┬
╖┬╖┬╖┬╖┬╖┬╖┬╖┬╖┬╖┬╖┬╖┬╖b
rain:┬╖{` with `┬╖┬╖┬╖┬╖
┬╖┬╖brain:┬╖{ΓÉì`  
prettier/prettier
183:1  Error: Replace `┬
╖┬╖┬╖┬╖┬╖┬╖┬╖┬╖┬╖┬╖┬╖┬╖┬
╖┬╖┬╖┬╖summary:┬╖'Der┬╖A
gent┬╖bleibt┬╖aktiv,┬╖er
innert┬╖an┬╖offene┬╖Punk
te┬╖und┬╖priorisiert┬╖Au
fgaben┬╖ueber┬╖mehrere┬╖
Tage.',` with `┬╖┬╖┬╖┬╖┬
╖┬╖┬╖┬╖summary:┬╖'Der┬╖A
gent┬╖bleibt┬╖aktiv,┬╖er
innert┬╖an┬╖offene┬╖Punk
te┬╖und┬╖priorisiert┬╖Au
fgaben┬╖ueber┬╖mehrere┬╖
Tage.',ΓÉì`  
prettier/prettier
184:1  Error: Replace `┬
╖┬╖┬╖┬╖┬╖┬╖┬╖┬╖┬╖┬╖┬╖┬╖┬
╖┬╖┬╖┬╖points:┬╖[` with 
`┬╖┬╖┬╖┬╖┬╖┬╖┬╖┬╖points:
┬╖[ΓÉì`  
prettier/prettier
185:1  Error: Replace `┬
╖┬╖┬╖┬╖┬╖┬╖┬╖┬╖┬╖┬╖┬╖┬╖┬
╖┬╖┬╖┬╖┬╖┬╖┬╖┬╖'Beh├ñlt┬
╖Status┬╖und┬╖Ziele┬╖ohn
e┬╖erneutes┬╖Briefing',`
 with `┬╖┬╖┬╖┬╖┬╖┬╖┬╖┬╖┬
╖┬╖'Beh├ñlt┬╖Status┬╖und
┬╖Ziele┬╖ohne┬╖erneutes┬
╖Briefing',ΓÉì`  
prettier/prettier
186:1  Error: Replace `┬
╖┬╖┬╖┬╖┬╖┬╖┬╖┬╖┬╖┬╖┬╖┬╖┬
╖┬╖┬╖┬╖┬╖┬╖┬╖┬╖'Erkennt┬
╖blockierte┬╖Aufgaben┬╖u
nd┬╖eskaliert┬╖rechtzeit
ig',` with `┬╖┬╖┬╖┬╖┬╖┬╖
┬╖┬╖┬╖┬╖'Erkennt┬╖blocki
erte┬╖Aufgaben┬╖und┬╖esk
aliert┬╖rechtzeitig',ΓÉì
`  prettier/prettier
187:1  Error: Replace `┬
╖┬╖┬╖┬╖┬╖┬╖┬╖┬╖┬╖┬╖┬╖┬╖┬
╖┬╖┬╖┬╖┬╖┬╖┬╖┬╖'Dokument
iert┬╖Fortschritt┬╖direk
t┬╖im┬╖Team-Thread',` 
with `┬╖┬╖┬╖┬╖┬╖┬╖┬╖┬╖┬╖
┬╖'Dokumentiert┬╖Fortsch
ritt┬╖direkt┬╖im┬╖Team-T
hread',ΓÉì`  
prettier/prettier
188:1  Error: Replace `┬
╖┬╖┬╖┬╖┬╖┬╖┬╖┬╖┬╖┬╖┬╖┬╖┬
╖┬╖┬╖┬╖],` with 
`┬╖┬╖┬╖┬╖┬╖┬╖┬╖┬╖],ΓÉì` 
 prettier/prettier
189:7  Error: Replace 
`┬╖┬╖┬╖┬╖┬╖┬╖},` with 
`},ΓÉì`  
prettier/prettier
190:1  Error: Replace `┬
╖┬╖┬╖┬╖┬╖┬╖┬╖┬╖┬╖┬╖┬╖┬╖z
ap:┬╖{` with `┬╖┬╖┬╖┬╖┬╖
┬╖zap:┬╖{ΓÉì`  
prettier/prettier
191:9  Error: Replace `┬
╖┬╖┬╖┬╖┬╖┬╖┬╖┬╖summary:┬
╖'Entscheidungslogik┬╖be
wertet┬╖Signale┬╖aus┬╖Ih
ren┬╖Systemen┬╖und┬╖schl
aegt┬╖den┬╖naechsten┬╖be
sten┬╖Schritt┬╖vor.',` 
with `summary:ΓÉìΓÅÄ┬╖┬╖
┬╖┬╖┬╖┬╖┬╖┬╖┬╖┬╖'Entsche
idungslogik┬╖bewertet┬╖S
ignale┬╖aus┬╖Ihren┬╖Syst
emen┬╖und┬╖schlaegt┬╖den
┬╖naechsten┬╖besten┬╖Sch
ritt┬╖vor.',ΓÉì`  
prettier/prettier
192:9  Error: Replace `┬
╖┬╖┬╖┬╖┬╖┬╖┬╖┬╖points:┬╖
[` with `points:┬╖[ΓÉì` 
 prettier/prettier
193:1  Error: Replace `┬
╖┬╖┬╖┬╖┬╖┬╖┬╖┬╖┬╖┬╖┬╖┬╖┬
╖┬╖┬╖┬╖┬╖┬╖┬╖┬╖'Erkennt┬
╖Auffaelligkeiten┬╖in┬╖K
PIs┬╖und┬╖Deadlines',` 
with `┬╖┬╖┬╖┬╖┬╖┬╖┬╖┬╖┬╖
┬╖'Erkennt┬╖Auffaelligke
iten┬╖in┬╖KPIs┬╖und┬╖Dea
dlines',ΓÉì`  
prettier/prettier
194:1  Error: Replace `┬
╖┬╖┬╖┬╖┬╖┬╖┬╖┬╖┬╖┬╖┬╖┬╖┬
╖┬╖┬╖┬╖┬╖┬╖┬╖┬╖'Priorisi
ert┬╖sichere┬╖Aktionen┬╖
vor┬╖risikoreichen┬╖Schr
itten',` with `┬╖┬╖┬╖┬╖┬
╖┬╖┬╖┬╖┬╖┬╖'Priorisiert┬
╖sichere┬╖Aktionen┬╖vor┬
╖risikoreichen┬╖Schritte
n',ΓÉì`  
prettier/prettier
195:1  Error: Replace `┬
╖┬╖┬╖┬╖┬╖┬╖┬╖┬╖┬╖┬╖┬╖┬╖┬
╖┬╖┬╖┬╖┬╖┬╖┬╖┬╖'Fragt┬╖v
or┬╖kritischen┬╖Eingriff
en┬╖aktiv┬╖nach┬╖Freigab
e',` with `┬╖┬╖┬╖┬╖┬╖┬╖┬
╖┬╖┬╖┬╖'Fragt┬╖vor┬╖krit
ischen┬╖Eingriffen┬╖akti
v┬╖nach┬╖Freigabe',ΓÉì` 
 prettier/prettier
196:1  Error: Replace `┬
╖┬╖┬╖┬╖┬╖┬╖┬╖┬╖┬╖┬╖┬╖┬╖┬
╖┬╖┬╖┬╖],` with 
`┬╖┬╖┬╖┬╖┬╖┬╖┬╖┬╖],ΓÉì` 
 prettier/prettier
197:1  Error: Replace `┬
╖┬╖┬╖┬╖┬╖┬╖┬╖┬╖┬╖┬╖┬╖┬╖}
,` with 
`┬╖┬╖┬╖┬╖┬╖┬╖},ΓÉì`  
prettier/prettier
198:1  Error: Replace `┬
╖┬╖┬╖┬╖┬╖┬╖┬╖┬╖┬╖┬╖┬╖┬╖p
lug:┬╖{` with `┬╖┬╖┬╖┬╖┬
╖┬╖plug:┬╖{ΓÉì`  
prettier/prettier
199:1  Error: Replace `┬
╖┬╖┬╖┬╖┬╖┬╖┬╖┬╖┬╖┬╖┬╖┬╖┬
╖┬╖┬╖┬╖summary:┬╖'AIvala
nche┬╖orchestriert┬╖Akti
onen┬╖ueber┬╖CRM,┬╖Ticke
ting,┬╖Analytics,┬╖Code┬
╖und┬╖interne┬╖Datenquel
len.',` with `┬╖┬╖┬╖┬╖┬╖
┬╖┬╖┬╖summary:┬╖'AIvalan
che┬╖orchestriert┬╖Aktio
nen┬╖ueber┬╖CRM,┬╖Ticket
ing,┬╖Analytics,┬╖Code┬╖
und┬╖interne┬╖Datenquell
en.',ΓÉì`  
prettier/prettier
200:1  Error: Replace `┬
╖┬╖┬╖┬╖┬╖┬╖┬╖┬╖┬╖┬╖┬╖┬╖┬
╖┬╖┬╖┬╖points:┬╖[` with 
`┬╖┬╖┬╖┬╖┬╖┬╖┬╖┬╖points:
┬╖[ΓÉì`  
prettier/prettier
201:1  Error: Replace `┬
╖┬╖┬╖┬╖┬╖┬╖┬╖┬╖┬╖┬╖┬╖┬╖┬
╖┬╖┬╖┬╖┬╖┬╖┬╖┬╖'Ein┬╖Tas
k┬╖kann┬╖mehrere┬╖System
e┬╖in┬╖einer┬╖Kette┬╖aus
loesen',` with `┬╖┬╖┬╖┬╖
┬╖┬╖┬╖┬╖┬╖┬╖'Ein┬╖Task┬╖
kann┬╖mehrere┬╖Systeme┬╖
in┬╖einer┬╖Kette┬╖ausloe
sen',ΓÉì`  
prettier/prettier
202:1  Error: Replace `┬
╖┬╖┬╖┬╖┬╖┬╖┬╖┬╖┬╖┬╖┬╖┬╖┬
╖┬╖┬╖┬╖┬╖┬╖┬╖┬╖'Zwischen
schritte┬╖und┬╖Ergebniss
e┬╖bleiben┬╖nachvollzieh
bar',` with `┬╖┬╖┬╖┬╖┬╖┬
╖┬╖┬╖┬╖┬╖'Zwischenschrit
te┬╖und┬╖Ergebnisse┬╖ble
iben┬╖nachvollziehbar',Γ
Éì`  prettier/prettier
203:1  Error: Replace `┬
╖┬╖┬╖┬╖┬╖┬╖┬╖┬╖┬╖┬╖┬╖┬╖┬
╖┬╖┬╖┬╖┬╖┬╖┬╖┬╖'Fehlende
┬╖Schnittstellen┬╖koenne
n┬╖als┬╖Connector┬╖erg├ñ
nzt┬╖werden',` with `┬╖┬
╖┬╖┬╖┬╖┬╖┬╖┬╖┬╖┬╖'Fehlen
de┬╖Schnittstellen┬╖koen
nen┬╖als┬╖Connector┬╖erg
├ñnzt┬╖werden',ΓÉì`  
prettier/prettier
204:1  Error: Replace `┬
╖┬╖┬╖┬╖┬╖┬╖┬╖┬╖┬╖┬╖┬╖┬╖┬
╖┬╖┬╖┬╖],` with 
`┬╖┬╖┬╖┬╖┬╖┬╖┬╖┬╖],ΓÉì` 
 prettier/prettier
205:1  Error: Replace `┬
╖┬╖┬╖┬╖┬╖┬╖┬╖┬╖┬╖┬╖┬╖┬╖}
,` with 
`┬╖┬╖┬╖┬╖┬╖┬╖},ΓÉì`  
prettier/prettier
206:7  Error: Replace `┬
╖┬╖┬╖┬╖┬╖┬╖messageSquare
:┬╖{` with 
`messageSquare:┬╖{ΓÉì`  
prettier/prettier
207:1  Error: Replace `┬
╖┬╖┬╖┬╖┬╖┬╖┬╖┬╖┬╖┬╖┬╖┬╖┬
╖┬╖┬╖┬╖summary:┬╖'Die┬╖Z
usammenarbeit┬╖bleibt┬╖i
m┬╖Chat.┬╖Kein┬╖Wechsel┬
╖in┬╖ein┬╖separates┬╖Age
nten-Dashboard┬╖noetig.'
,` with `┬╖┬╖┬╖┬╖┬╖┬╖┬╖┬
╖summary:┬╖'Die┬╖Zusamme
narbeit┬╖bleibt┬╖im┬╖Cha
t.┬╖Kein┬╖Wechsel┬╖in┬╖e
in┬╖separates┬╖Agenten-D
ashboard┬╖noetig.',ΓÉì` 
 prettier/prettier
208:1  Error: Replace `┬
╖┬╖┬╖┬╖┬╖┬╖┬╖┬╖┬╖┬╖┬╖┬╖┬
╖┬╖┬╖┬╖points:┬╖[` with 
`┬╖┬╖┬╖┬╖┬╖┬╖┬╖┬╖points:
┬╖[ΓÉì`  
prettier/prettier
209:1  Error: Replace `┬
╖┬╖┬╖┬╖┬╖┬╖┬╖┬╖┬╖┬╖┬╖┬╖┬
╖┬╖┬╖┬╖┬╖┬╖┬╖┬╖'Tasks┬╖s
tarten┬╖per┬╖Nachricht┬╖
oder┬╖Mention',` with `┬
╖┬╖┬╖┬╖┬╖┬╖┬╖┬╖┬╖┬╖'Task
s┬╖starten┬╖per┬╖Nachric
ht┬╖oder┬╖Mention',ΓÉì` 
 prettier/prettier
210:1  Error: Replace `┬
╖┬╖┬╖┬╖┬╖┬╖┬╖┬╖┬╖┬╖┬╖┬╖┬
╖┬╖┬╖┬╖┬╖┬╖┬╖┬╖'Antworte
n┬╖enthalten┬╖Ergebnis,┬
╖Kontext┬╖und┬╖naechste┬
╖Optionen',` with `┬╖┬╖┬
╖┬╖┬╖┬╖┬╖┬╖┬╖┬╖'Antworte
n┬╖enthalten┬╖Ergebnis,┬
╖Kontext┬╖und┬╖naechste┬
╖Optionen',ΓÉì`  
prettier/prettier
211:11  Error: Replace `
┬╖┬╖┬╖┬╖┬╖┬╖┬╖┬╖┬╖┬╖'Tea
ms┬╖arbeiten┬╖in┬╖bekann
ten┬╖Kanaelen┬╖weiter',`
 with `'Teams┬╖arbeiten┬
╖in┬╖bekannten┬╖Kanaelen
┬╖weiter',ΓÉì`  
prettier/prettier
212:1  Error: Replace `┬
╖┬╖┬╖┬╖┬╖┬╖┬╖┬╖┬╖┬╖┬╖┬╖┬
╖┬╖┬╖┬╖],` with 
`┬╖┬╖┬╖┬╖┬╖┬╖┬╖┬╖],ΓÉì` 
 prettier/prettier
213:7  Error: Replace 
`┬╖┬╖┬╖┬╖┬╖┬╖},` with 
`},ΓÉì`  
prettier/prettier
214:7  Error: Replace `┬
╖┬╖┬╖┬╖┬╖┬╖shield:┬╖{` 
with `shield:┬╖{ΓÉì`  
prettier/prettier
215:1  Error: Replace `┬
╖┬╖┬╖┬╖┬╖┬╖┬╖┬╖┬╖┬╖┬╖┬╖┬
╖┬╖┬╖┬╖summary:┬╖'Sicher
heitsregeln┬╖werden┬╖im┬
╖Ausfuehrungsfluss┬╖durc
hgesetzt,┬╖nicht┬╖erst┬╖
nachgelagert.',` with `┬
╖┬╖┬╖┬╖┬╖┬╖┬╖┬╖summary:┬
╖'Sicherheitsregeln┬╖wer
den┬╖im┬╖Ausfuehrungsflu
ss┬╖durchgesetzt,┬╖nicht
┬╖erst┬╖nachgelagert.',Γ
Éì`  prettier/prettier
216:1  Error: Replace `┬
╖┬╖┬╖┬╖┬╖┬╖┬╖┬╖┬╖┬╖┬╖┬╖┬
╖┬╖┬╖┬╖points:┬╖[` with 
`┬╖┬╖┬╖┬╖┬╖┬╖┬╖┬╖points:
┬╖[ΓÉì`  
prettier/prettier
217:1  Error: Replace `┬
╖┬╖┬╖┬╖┬╖┬╖┬╖┬╖┬╖┬╖┬╖┬╖┬
╖┬╖┬╖┬╖┬╖┬╖┬╖┬╖'Rollenba
sierte┬╖Freigaben┬╖fuer┬
╖sensible┬╖Aktionen',` 
with `┬╖┬╖┬╖┬╖┬╖┬╖┬╖┬╖┬╖
┬╖'Rollenbasierte┬╖Freig
aben┬╖fuer┬╖sensible┬╖Ak
tionen',ΓÉì`  
prettier/prettier
218:1  Error: Replace `┬
╖┬╖┬╖┬╖┬╖┬╖┬╖┬╖┬╖┬╖┬╖┬╖┬
╖┬╖┬╖┬╖┬╖┬╖┬╖┬╖'Verschlu
esselte┬╖Datenwege┬╖und┬
╖isolierte┬╖Runtime',` 
with `┬╖┬╖┬╖┬╖┬╖┬╖┬╖┬╖┬╖
┬╖'Verschluesselte┬╖Date
nwege┬╖und┬╖isolierte┬╖R
untime',ΓÉì`  
prettier/prettier
219:1  Error: Replace `┬
╖┬╖┬╖┬╖┬╖┬╖┬╖┬╖┬╖┬╖┬╖┬╖┬
╖┬╖┬╖┬╖┬╖┬╖┬╖┬╖'Keine┬╖T
rainingsnutzung┬╖Ihrer┬╖
proprietaeren┬╖Inhalte',
` with `┬╖┬╖┬╖┬╖┬╖┬╖┬╖┬╖
┬╖┬╖'Keine┬╖Trainingsnut
zung┬╖Ihrer┬╖proprietaer
en┬╖Inhalte',ΓÉì`  
prettier/prettier
220:1  Error: Replace `┬
╖┬╖┬╖┬╖┬╖┬╖┬╖┬╖┬╖┬╖┬╖┬╖┬
╖┬╖┬╖┬╖],` with 
`┬╖┬╖┬╖┬╖┬╖┬╖┬╖┬╖],ΓÉì` 
 prettier/prettier
221:1  Error: Replace `┬
╖┬╖┬╖┬╖┬╖┬╖┬╖┬╖┬╖┬╖┬╖┬╖}
,` with 
`┬╖┬╖┬╖┬╖┬╖┬╖},ΓÉì`  
prettier/prettier
222:1  Error: Replace `┬
╖┬╖┬╖┬╖┬╖┬╖┬╖┬╖┬╖┬╖┬╖┬╖m
onitor:┬╖{` with `┬╖┬╖┬╖
┬╖┬╖┬╖monitor:┬╖{ΓÉì`  
prettier/prettier
223:9  Error: Replace `┬
╖┬╖┬╖┬╖┬╖┬╖┬╖┬╖summary:┬
╖'Jeder┬╖Agent┬╖arbeitet
┬╖in┬╖einem┬╖isolierten┬
╖Workspace┬╖mit┬╖Zugriff
┬╖auf┬╖Code,┬╖Browser┬╖u
nd┬╖APIs.',` with `summa
ry:┬╖'Jeder┬╖Agent┬╖arbe
itet┬╖in┬╖einem┬╖isolier
ten┬╖Workspace┬╖mit┬╖Zug
riff┬╖auf┬╖Code,┬╖Browse
r┬╖und┬╖APIs.',ΓÉì`  
prettier/prettier
224:1  Error: Replace `┬
╖┬╖┬╖┬╖┬╖┬╖┬╖┬╖┬╖┬╖┬╖┬╖┬
╖┬╖┬╖┬╖points:┬╖[` with 
`┬╖┬╖┬╖┬╖┬╖┬╖┬╖┬╖points:
┬╖[ΓÉì`  
prettier/prettier
225:1  Error: Replace `┬
╖┬╖┬╖┬╖┬╖┬╖┬╖┬╖┬╖┬╖┬╖┬╖┬
╖┬╖┬╖┬╖┬╖┬╖┬╖┬╖'Automati
onen┬╖laufen┬╖getrennt┬╖
pro┬╖Tenant',` with `┬╖┬
╖┬╖┬╖┬╖┬╖┬╖┬╖┬╖┬╖'Automa
tionen┬╖laufen┬╖getrennt
┬╖pro┬╖Tenant',ΓÉì`  
prettier/prettier
226:1  Error: Replace `┬
╖┬╖┬╖┬╖┬╖┬╖┬╖┬╖┬╖┬╖┬╖┬╖┬
╖┬╖┬╖┬╖┬╖┬╖┬╖┬╖'Tasks┬╖k
oennen┬╖Code┬╖ausfuehren
┬╖und┬╖Web-Schritte┬╖ueb
ernehmen',` with `┬╖┬╖┬╖
┬╖┬╖┬╖┬╖┬╖┬╖┬╖'Tasks┬╖ko
ennen┬╖Code┬╖ausfuehren┬
╖und┬╖Web-Schritte┬╖uebe
rnehmen',ΓÉì`  
prettier/prettier
227:1  Error: Replace `┬
╖┬╖┬╖┬╖┬╖┬╖┬╖┬╖┬╖┬╖┬╖┬╖┬
╖┬╖┬╖┬╖┬╖┬╖┬╖┬╖'Outputs┬
╖sind┬╖reproduzierbar┬╖u
nd┬╖auditierbar',` with 
`┬╖┬╖┬╖┬╖┬╖┬╖┬╖┬╖┬╖┬╖'Ou
tputs┬╖sind┬╖reproduzier
bar┬╖und┬╖auditierbar',Γ
Éì`  prettier/prettier
228:1  Error: Replace `┬
╖┬╖┬╖┬╖┬╖┬╖┬╖┬╖┬╖┬╖┬╖┬╖┬
╖┬╖┬╖┬╖],` with 
`┬╖┬╖┬╖┬╖┬╖┬╖┬╖┬╖],ΓÉì` 
 prettier/prettier
229:7  Error: Replace 
`┬╖┬╖┬╖┬╖┬╖┬╖},` with 
`},ΓÉì`  
prettier/prettier
230:1  Error: Replace 
`┬╖┬╖┬╖┬╖┬╖┬╖┬╖┬╖},` 
with `┬╖┬╖┬╖┬╖},ΓÉì`  
prettier/prettier
231:3  Error: Replace 
`┬╖┬╖},` with `},ΓÉì`  
prettier/prettier
232:1  Error: Replace 
`┬╖┬╖┬╖┬╖en:┬╖{` with 
`┬╖┬╖en:┬╖{ΓÉì`  
prettier/prettier
233:1  Error: Replace `┬
╖┬╖┬╖┬╖┬╖┬╖┬╖┬╖panelEyeb
row:┬╖'AGENT┬╖EXECUTION┬
╖LOOP',` with `┬╖┬╖┬╖┬╖p
anelEyebrow:┬╖'AGENT┬╖EX
ECUTION┬╖LOOP',ΓÉì`  
prettier/prettier
234:1  Error: Replace `┬
╖┬╖┬╖┬╖┬╖┬╖┬╖┬╖panelTitl
e:┬╖'Plan,┬╖execute,┬╖ve
rify.',` with `┬╖┬╖┬╖┬╖p
anelTitle:┬╖'Plan,┬╖exec
ute,┬╖verify.',ΓÉì`  
prettier/prettier
235:1  Error: Replace `┬
╖┬╖┬╖┬╖┬╖┬╖┬╖┬╖execution
Loop:┬╖[` with `┬╖┬╖┬╖┬╖
executionLoop:┬╖[ΓÉì`  
prettier/prettier
236:1  Error: Replace `┬
╖┬╖┬╖┬╖┬╖┬╖┬╖┬╖┬╖┬╖┬╖┬╖{
` with 
`┬╖┬╖┬╖┬╖┬╖┬╖{ΓÉì`  
prettier/prettier
237:1  Error: Replace `┬
╖┬╖┬╖┬╖┬╖┬╖┬╖┬╖┬╖┬╖┬╖┬╖┬
╖┬╖┬╖┬╖title:┬╖'Plan',` 
with `┬╖┬╖┬╖┬╖┬╖┬╖┬╖┬╖ti
tle:┬╖'Plan',ΓÉì`  
prettier/prettier
238:1  Error: Replace `┬
╖┬╖┬╖┬╖┬╖┬╖┬╖┬╖┬╖┬╖┬╖┬╖┬
╖┬╖┬╖┬╖description:┬╖'Br
eaks┬╖goals┬╖into┬╖concr
ete┬╖steps┬╖with┬╖contex
t┬╖and┬╖priority.',` 
with `┬╖┬╖┬╖┬╖┬╖┬╖┬╖┬╖de
scription:┬╖'Breaks┬╖goa
ls┬╖into┬╖concrete┬╖step
s┬╖with┬╖context┬╖and┬╖p
riority.',ΓÉì`  
prettier/prettier
239:1  Error: Replace `┬
╖┬╖┬╖┬╖┬╖┬╖┬╖┬╖┬╖┬╖┬╖┬╖}
,` with 
`┬╖┬╖┬╖┬╖┬╖┬╖},ΓÉì`  
prettier/prettier
240:1  Error: Replace `┬
╖┬╖┬╖┬╖┬╖┬╖┬╖┬╖┬╖┬╖┬╖┬╖{
` with 
`┬╖┬╖┬╖┬╖┬╖┬╖{ΓÉì`  
prettier/prettier
241:9  Error: Replace `┬
╖┬╖┬╖┬╖┬╖┬╖┬╖┬╖title:┬╖'
Execute',` with 
`title:┬╖'Execute',ΓÉì` 
 prettier/prettier
242:1  Error: Replace `┬
╖┬╖┬╖┬╖┬╖┬╖┬╖┬╖┬╖┬╖┬╖┬╖┬
╖┬╖┬╖┬╖description:┬╖'Ac
ts┬╖directly┬╖inside┬╖yo
ur┬╖connected┬╖tools┬╖an
d┬╖systems.',` with `┬╖┬
╖┬╖┬╖┬╖┬╖┬╖┬╖description
:┬╖'Acts┬╖directly┬╖insi
de┬╖your┬╖connected┬╖too
ls┬╖and┬╖systems.',ΓÉì` 
 prettier/prettier
243:1  Error: Replace `┬
╖┬╖┬╖┬╖┬╖┬╖┬╖┬╖┬╖┬╖┬╖┬╖}
,` with 
`┬╖┬╖┬╖┬╖┬╖┬╖},ΓÉì`  
prettier/prettier
244:1  Error: Replace `┬
╖┬╖┬╖┬╖┬╖┬╖┬╖┬╖┬╖┬╖┬╖┬╖{
` with 
`┬╖┬╖┬╖┬╖┬╖┬╖{ΓÉì`  
prettier/prettier
245:1  Error: Replace `┬
╖┬╖┬╖┬╖┬╖┬╖┬╖┬╖┬╖┬╖┬╖┬╖┬
╖┬╖┬╖┬╖title:┬╖'Verify',
` with `┬╖┬╖┬╖┬╖┬╖┬╖┬╖┬╖
title:┬╖'Verify',ΓÉì`  
prettier/prettier
246:1  Error: Replace `┬
╖┬╖┬╖┬╖┬╖┬╖┬╖┬╖┬╖┬╖┬╖┬╖┬
╖┬╖┬╖┬╖description:┬╖'Va
lidates┬╖outcomes┬╖and┬╖
asks┬╖before┬╖high-risk┬
╖actions┬╖are┬╖executed.
',` with `┬╖┬╖┬╖┬╖┬╖┬╖┬╖
┬╖description:┬╖'Validat
es┬╖outcomes┬╖and┬╖asks┬
╖before┬╖high-risk┬╖acti
ons┬╖are┬╖executed.',ΓÉì
`  prettier/prettier
247:1  Error: Replace `┬
╖┬╖┬╖┬╖┬╖┬╖┬╖┬╖┬╖┬╖┬╖┬╖}
,` with 
`┬╖┬╖┬╖┬╖┬╖┬╖},ΓÉì`  
prettier/prettier
248:1  Error: Replace 
`┬╖┬╖┬╖┬╖┬╖┬╖┬╖┬╖],` 
with `┬╖┬╖┬╖┬╖],ΓÉì`  
prettier/prettier
249:1  Error: Replace `┬
╖┬╖┬╖┬╖┬╖┬╖┬╖┬╖competenc
ySignals:┬╖[ΓÅÄ┬╖┬╖┬╖┬╖┬
╖┬╖┬╖┬╖┬╖┬╖┬╖┬╖'Traceabl
e┬╖tool┬╖actions',ΓÅÄ┬╖┬
╖┬╖┬╖┬╖┬╖┬╖┬╖┬╖┬╖┬╖┬╖'Ri
sk-based┬╖approvals',ΓÅÄ
┬╖┬╖┬╖┬╖┬╖┬╖┬╖┬╖┬╖┬╖┬╖┬╖
'Context┬╖across┬╖sessio
ns',ΓÅÄ┬╖┬╖┬╖┬╖┬╖┬╖┬╖┬╖]
,` with `┬╖┬╖┬╖┬╖compete
ncySignals:┬╖['Traceable
┬╖tool┬╖actions',┬╖'Risk
-based┬╖approvals',┬╖'Co
ntext┬╖across┬╖sessions'
],ΓÉì`  
prettier/prettier
254:1  Error: Replace `┬
╖┬╖┬╖┬╖┬╖┬╖┬╖┬╖detailsLa
bel:┬╖'Details',` with `
┬╖┬╖┬╖┬╖detailsLabel:┬╖'
Details',ΓÉì`  
prettier/prettier
255:1  Error: Replace `┬
╖┬╖┬╖┬╖┬╖┬╖┬╖┬╖collapseL
abel:┬╖'Close',` with `┬
╖┬╖┬╖┬╖collapseLabel:┬╖'
Close',ΓÉì`  
prettier/prettier
256:1  Error: Replace `┬
╖┬╖┬╖┬╖┬╖┬╖┬╖┬╖detailHea
ding:┬╖'How┬╖this┬╖capab
ility┬╖works',` with `┬╖
┬╖┬╖┬╖detailHeading:┬╖'H
ow┬╖this┬╖capability┬╖wo
rks',ΓÉì`  
prettier/prettier
257:1  Error: Replace `┬
╖┬╖┬╖┬╖┬╖┬╖┬╖┬╖detailsBy
Icon:┬╖{` with `┬╖┬╖┬╖┬╖
detailsByIcon:┬╖{ΓÉì`  
prettier/prettier
258:1  Error: Replace `┬
╖┬╖┬╖┬╖┬╖┬╖┬╖┬╖┬╖┬╖┬╖┬╖b
rain:┬╖{` with `┬╖┬╖┬╖┬╖
┬╖┬╖brain:┬╖{ΓÉì`  
prettier/prettier
259:1  Error: Replace `┬
╖┬╖┬╖┬╖┬╖┬╖┬╖┬╖┬╖┬╖┬╖┬╖┬
╖┬╖┬╖┬╖summary:┬╖'The┬╖a
gent┬╖stays┬╖active,┬╖tr
acks┬╖open┬╖loops,┬╖and┬
╖prioritizes┬╖work┬╖acro
ss┬╖days┬╖and┬╖weeks.',`
 with `┬╖┬╖┬╖┬╖┬╖┬╖┬╖┬╖s
ummary:┬╖'The┬╖agent┬╖st
ays┬╖active,┬╖tracks┬╖op
en┬╖loops,┬╖and┬╖priorit
izes┬╖work┬╖across┬╖days
┬╖and┬╖weeks.',ΓÉì`  
prettier/prettier
260:1  Error: Replace `┬
╖┬╖┬╖┬╖┬╖┬╖┬╖┬╖┬╖┬╖┬╖┬╖┬
╖┬╖┬╖┬╖points:┬╖[` with 
`┬╖┬╖┬╖┬╖┬╖┬╖┬╖┬╖points:
┬╖[ΓÉì`  
prettier/prettier
261:1  Error: Replace `┬
╖┬╖┬╖┬╖┬╖┬╖┬╖┬╖┬╖┬╖┬╖┬╖┬
╖┬╖┬╖┬╖┬╖┬╖┬╖┬╖'Keeps┬╖s
tatus┬╖and┬╖goals┬╖witho
ut┬╖repeated┬╖briefing',
` with `┬╖┬╖┬╖┬╖┬╖┬╖┬╖┬╖
┬╖┬╖'Keeps┬╖status┬╖and┬
╖goals┬╖without┬╖repeate
d┬╖briefing',ΓÉì`  
prettier/prettier
262:1  Error: Replace `┬
╖┬╖┬╖┬╖┬╖┬╖┬╖┬╖┬╖┬╖┬╖┬╖┬
╖┬╖┬╖┬╖┬╖┬╖┬╖┬╖'Detects┬
╖blocked┬╖work┬╖and┬╖esc
alates┬╖on┬╖time',` 
with `┬╖┬╖┬╖┬╖┬╖┬╖┬╖┬╖┬╖
┬╖'Detects┬╖blocked┬╖wor
k┬╖and┬╖escalates┬╖on┬╖t
ime',ΓÉì`  
prettier/prettier
263:1  Error: Replace `┬
╖┬╖┬╖┬╖┬╖┬╖┬╖┬╖┬╖┬╖┬╖┬╖┬
╖┬╖┬╖┬╖┬╖┬╖┬╖┬╖'Posts┬╖p
rogress┬╖updates┬╖direct
ly┬╖in┬╖team┬╖threads',`
 with `┬╖┬╖┬╖┬╖┬╖┬╖┬╖┬╖┬
╖┬╖'Posts┬╖progress┬╖upd
ates┬╖directly┬╖in┬╖team
┬╖threads',ΓÉì`  
prettier/prettier
264:1  Error: Replace `┬
╖┬╖┬╖┬╖┬╖┬╖┬╖┬╖┬╖┬╖┬╖┬╖┬
╖┬╖┬╖┬╖],` with 
`┬╖┬╖┬╖┬╖┬╖┬╖┬╖┬╖],ΓÉì` 
 prettier/prettier
265:1  Error: Replace `┬
╖┬╖┬╖┬╖┬╖┬╖┬╖┬╖┬╖┬╖┬╖┬╖}
,` with 
`┬╖┬╖┬╖┬╖┬╖┬╖},ΓÉì`  
prettier/prettier
266:1  Error: Replace `┬
╖┬╖┬╖┬╖┬╖┬╖┬╖┬╖┬╖┬╖┬╖┬╖z
ap:┬╖{` with `┬╖┬╖┬╖┬╖┬╖
┬╖zap:┬╖{ΓÉì`  
prettier/prettier
267:1  Error: Replace `┬
╖┬╖┬╖┬╖┬╖┬╖┬╖┬╖┬╖┬╖┬╖┬╖┬
╖┬╖┬╖┬╖summary:┬╖'Decisi
on┬╖logic┬╖evaluates┬╖si
gnals┬╖from┬╖your┬╖syste
ms┬╖and┬╖recommends┬╖the
┬╖next┬╖best┬╖step.',` 
with `┬╖┬╖┬╖┬╖┬╖┬╖┬╖┬╖su
mmary:┬╖'Decision┬╖logic
┬╖evaluates┬╖signals┬╖fr
om┬╖your┬╖systems┬╖and┬╖
recommends┬╖the┬╖next┬╖b
est┬╖step.',ΓÉì`  
prettier/prettier
268:1  Error: Replace `┬
╖┬╖┬╖┬╖┬╖┬╖┬╖┬╖┬╖┬╖┬╖┬╖┬
╖┬╖┬╖┬╖points:┬╖[` with 
`┬╖┬╖┬╖┬╖┬╖┬╖┬╖┬╖points:
┬╖[ΓÉì`  
prettier/prettier
269:1  Error: Replace `┬
╖┬╖┬╖┬╖┬╖┬╖┬╖┬╖┬╖┬╖┬╖┬╖┬
╖┬╖┬╖┬╖┬╖┬╖┬╖┬╖'Flags┬╖K
PI┬╖and┬╖deadline┬╖drift
┬╖early',` with `┬╖┬╖┬╖┬
╖┬╖┬╖┬╖┬╖┬╖┬╖'Flags┬╖KPI
┬╖and┬╖deadline┬╖drift┬╖
early',ΓÉì`  
prettier/prettier
270:1  Error: Replace `┬
╖┬╖┬╖┬╖┬╖┬╖┬╖┬╖┬╖┬╖┬╖┬╖┬
╖┬╖┬╖┬╖┬╖┬╖┬╖┬╖'Prioriti
zes┬╖safe┬╖actions┬╖befo
re┬╖risky┬╖operations',`
 with `┬╖┬╖┬╖┬╖┬╖┬╖┬╖┬╖┬
╖┬╖'Prioritizes┬╖safe┬╖a
ctions┬╖before┬╖risky┬╖o
perations',ΓÉì`  
prettier/prettier
271:1  Error: Replace `┬
╖┬╖┬╖┬╖┬╖┬╖┬╖┬╖┬╖┬╖┬╖┬╖┬
╖┬╖┬╖┬╖┬╖┬╖┬╖┬╖'Requests
┬╖approval┬╖before┬╖crit
ical┬╖execution',` with 
`┬╖┬╖┬╖┬╖┬╖┬╖┬╖┬╖┬╖┬╖'Re
quests┬╖approval┬╖before
┬╖critical┬╖execution',Γ
Éì`  prettier/prettier
272:1  Error: Replace `┬
╖┬╖┬╖┬╖┬╖┬╖┬╖┬╖┬╖┬╖┬╖┬╖┬
╖┬╖┬╖┬╖],` with 
`┬╖┬╖┬╖┬╖┬╖┬╖┬╖┬╖],ΓÉì` 
 prettier/prettier
273:1  Error: Replace `┬
╖┬╖┬╖┬╖┬╖┬╖┬╖┬╖┬╖┬╖┬╖┬╖}
,` with 
`┬╖┬╖┬╖┬╖┬╖┬╖},ΓÉì`  
prettier/prettier
274:1  Error: Replace `┬
╖┬╖┬╖┬╖┬╖┬╖┬╖┬╖┬╖┬╖┬╖┬╖p
lug:┬╖{` with `┬╖┬╖┬╖┬╖┬
╖┬╖plug:┬╖{ΓÉì`  
prettier/prettier
275:1  Error: Replace `┬
╖┬╖┬╖┬╖┬╖┬╖┬╖┬╖┬╖┬╖┬╖┬╖┬
╖┬╖┬╖┬╖summary:┬╖'AIvala
nche┬╖orchestrates┬╖acti
ons┬╖across┬╖CRM,┬╖ticke
ting,┬╖analytics,┬╖code,
┬╖and┬╖internal┬╖data.',
` with `┬╖┬╖┬╖┬╖┬╖┬╖┬╖┬╖
summary:┬╖'AIvalanche┬╖o
rchestrates┬╖actions┬╖ac
ross┬╖CRM,┬╖ticketing,┬╖
analytics,┬╖code,┬╖and┬╖
internal┬╖data.',ΓÉì`  
prettier/prettier
276:1  Error: Replace `┬
╖┬╖┬╖┬╖┬╖┬╖┬╖┬╖┬╖┬╖┬╖┬╖┬
╖┬╖┬╖┬╖points:┬╖[` with 
`┬╖┬╖┬╖┬╖┬╖┬╖┬╖┬╖points:
┬╖[ΓÉì`  
prettier/prettier
277:1  Error: Replace `┬
╖┬╖┬╖┬╖┬╖┬╖┬╖┬╖┬╖┬╖┬╖┬╖┬
╖┬╖┬╖┬╖┬╖┬╖┬╖┬╖'One┬╖tas
k┬╖can┬╖trigger┬╖multi-s
ystem┬╖execution┬╖chains
',` with `┬╖┬╖┬╖┬╖┬╖┬╖┬╖
┬╖┬╖┬╖'One┬╖task┬╖can┬╖t
rigger┬╖multi-system┬╖ex
ecution┬╖chains',ΓÉì`  
prettier/prettier
278:1  Error: Replace `┬
╖┬╖┬╖┬╖┬╖┬╖┬╖┬╖┬╖┬╖┬╖┬╖┬
╖┬╖┬╖┬╖┬╖┬╖┬╖┬╖'Intermed
iate┬╖steps┬╖and┬╖outcom
es┬╖remain┬╖traceable',`
 with `┬╖┬╖┬╖┬╖┬╖┬╖┬╖┬╖┬
╖┬╖'Intermediate┬╖steps┬
╖and┬╖outcomes┬╖remain┬╖
traceable',ΓÉì`  
prettier/prettier
279:1  Error: Replace `┬
╖┬╖┬╖┬╖┬╖┬╖┬╖┬╖┬╖┬╖┬╖┬╖┬
╖┬╖┬╖┬╖┬╖┬╖┬╖┬╖'Missing┬
╖integrations┬╖can┬╖be┬╖
added┬╖as┬╖connectors',`
 with `┬╖┬╖┬╖┬╖┬╖┬╖┬╖┬╖┬
╖┬╖'Missing┬╖integration
s┬╖can┬╖be┬╖added┬╖as┬╖c
onnectors',ΓÉì`  
prettier/prettier
280:1  Error: Replace `┬
╖┬╖┬╖┬╖┬╖┬╖┬╖┬╖┬╖┬╖┬╖┬╖┬
╖┬╖┬╖┬╖],` with 
`┬╖┬╖┬╖┬╖┬╖┬╖┬╖┬╖],ΓÉì` 
 prettier/prettier
281:1  Error: Replace `┬
╖┬╖┬╖┬╖┬╖┬╖┬╖┬╖┬╖┬╖┬╖┬╖}
,` with 
`┬╖┬╖┬╖┬╖┬╖┬╖},ΓÉì`  
prettier/prettier
282:1  Error: Replace `┬
╖┬╖┬╖┬╖┬╖┬╖┬╖┬╖┬╖┬╖┬╖┬╖m
essageSquare:┬╖{` with `
┬╖┬╖┬╖┬╖┬╖┬╖messageSquar
e:┬╖{ΓÉì`  
prettier/prettier
283:1  Error: Replace `┬
╖┬╖┬╖┬╖┬╖┬╖┬╖┬╖┬╖┬╖┬╖┬╖┬
╖┬╖┬╖┬╖summary:┬╖'Work┬╖
stays┬╖in┬╖chat.┬╖Teams┬
╖do┬╖not┬╖need┬╖to┬╖swit
ch┬╖into┬╖a┬╖separate┬╖a
gent┬╖interface.',` 
with `┬╖┬╖┬╖┬╖┬╖┬╖┬╖┬╖su
mmary:┬╖'Work┬╖stays┬╖in
┬╖chat.┬╖Teams┬╖do┬╖not┬
╖need┬╖to┬╖switch┬╖into┬
╖a┬╖separate┬╖agent┬╖int
erface.',ΓÉì`  
prettier/prettier
284:9  Error: Replace `┬
╖┬╖┬╖┬╖┬╖┬╖┬╖┬╖points:┬╖
[` with `points:┬╖[ΓÉì` 
 prettier/prettier
285:1  Error: Replace `┬
╖┬╖┬╖┬╖┬╖┬╖┬╖┬╖┬╖┬╖┬╖┬╖┬
╖┬╖┬╖┬╖┬╖┬╖┬╖┬╖'Tasks┬╖s
tart┬╖from┬╖mentions┬╖or
┬╖short┬╖requests',` 
with `┬╖┬╖┬╖┬╖┬╖┬╖┬╖┬╖┬╖
┬╖'Tasks┬╖start┬╖from┬╖m
entions┬╖or┬╖short┬╖requ
ests',ΓÉì`  
prettier/prettier
286:1  Error: Replace `┬
╖┬╖┬╖┬╖┬╖┬╖┬╖┬╖┬╖┬╖┬╖┬╖┬
╖┬╖┬╖┬╖┬╖┬╖┬╖┬╖'Replies┬
╖include┬╖outcome,┬╖cont
ext,┬╖and┬╖next┬╖options
',` with `┬╖┬╖┬╖┬╖┬╖┬╖┬╖
┬╖┬╖┬╖'Replies┬╖include┬
╖outcome,┬╖context,┬╖and
┬╖next┬╖options',ΓÉì`  
prettier/prettier
287:1  Error: Replace `┬
╖┬╖┬╖┬╖┬╖┬╖┬╖┬╖┬╖┬╖┬╖┬╖┬
╖┬╖┬╖┬╖┬╖┬╖┬╖┬╖'Executio
n┬╖updates┬╖stay┬╖in┬╖fa
miliar┬╖channels',` 
with `┬╖┬╖┬╖┬╖┬╖┬╖┬╖┬╖┬╖
┬╖'Execution┬╖updates┬╖s
tay┬╖in┬╖familiar┬╖chann
els',ΓÉì`  
prettier/prettier
288:1  Error: Replace `┬
╖┬╖┬╖┬╖┬╖┬╖┬╖┬╖┬╖┬╖┬╖┬╖┬
╖┬╖┬╖┬╖],` with 
`┬╖┬╖┬╖┬╖┬╖┬╖┬╖┬╖],ΓÉì` 
 prettier/prettier
289:1  Error: Replace `┬
╖┬╖┬╖┬╖┬╖┬╖┬╖┬╖┬╖┬╖┬╖┬╖}
,` with 
`┬╖┬╖┬╖┬╖┬╖┬╖},ΓÉì`  
prettier/prettier
290:1  Error: Replace `┬
╖┬╖┬╖┬╖┬╖┬╖┬╖┬╖┬╖┬╖┬╖┬╖s
hield:┬╖{` with `┬╖┬╖┬╖┬
╖┬╖┬╖shield:┬╖{ΓÉì`  
prettier/prettier
291:1  Error: Replace `┬
╖┬╖┬╖┬╖┬╖┬╖┬╖┬╖┬╖┬╖┬╖┬╖┬
╖┬╖┬╖┬╖summary:┬╖'Securi
ty┬╖guardrails┬╖are┬╖enf
orced┬╖inside┬╖execution
,┬╖not┬╖added┬╖as┬╖an┬╖a
fterthought.',` with `┬╖
┬╖┬╖┬╖┬╖┬╖┬╖┬╖summary:┬╖
'Security┬╖guardrails┬╖a
re┬╖enforced┬╖inside┬╖ex
ecution,┬╖not┬╖added┬╖as
┬╖an┬╖afterthought.',ΓÉì
`  prettier/prettier
292:1  Error: Replace `┬
╖┬╖┬╖┬╖┬╖┬╖┬╖┬╖┬╖┬╖┬╖┬╖┬
╖┬╖┬╖┬╖points:┬╖[` with 
`┬╖┬╖┬╖┬╖┬╖┬╖┬╖┬╖points:
┬╖[ΓÉì`  
prettier/prettier
293:1  Error: Replace `┬
╖┬╖┬╖┬╖┬╖┬╖┬╖┬╖┬╖┬╖┬╖┬╖┬
╖┬╖┬╖┬╖┬╖┬╖┬╖┬╖'Role-bas
ed┬╖approvals┬╖for┬╖sens
itive┬╖actions',` with `
┬╖┬╖┬╖┬╖┬╖┬╖┬╖┬╖┬╖┬╖'Rol
e-based┬╖approvals┬╖for┬
╖sensitive┬╖actions',ΓÉì
`  prettier/prettier
294:1  Error: Replace `┬
╖┬╖┬╖┬╖┬╖┬╖┬╖┬╖┬╖┬╖┬╖┬╖┬
╖┬╖┬╖┬╖┬╖┬╖┬╖┬╖'Encrypte
d┬╖data┬╖paths┬╖and┬╖iso
lated┬╖runtime',` with `
┬╖┬╖┬╖┬╖┬╖┬╖┬╖┬╖┬╖┬╖'Enc
rypted┬╖data┬╖paths┬╖and
┬╖isolated┬╖runtime',ΓÉì
`  prettier/prettier
295:1  Error: Replace `┬
╖┬╖┬╖┬╖┬╖┬╖┬╖┬╖┬╖┬╖┬╖┬╖┬
╖┬╖┬╖┬╖┬╖┬╖┬╖┬╖'No┬╖trai
ning┬╖on┬╖proprietary┬╖c
ustomer┬╖content',` 
with `┬╖┬╖┬╖┬╖┬╖┬╖┬╖┬╖┬╖
┬╖'No┬╖training┬╖on┬╖pro
prietary┬╖customer┬╖cont
ent',ΓÉì`  
prettier/prettier
296:1  Error: Replace `┬
╖┬╖┬╖┬╖┬╖┬╖┬╖┬╖┬╖┬╖┬╖┬╖┬
╖┬╖┬╖┬╖],` with 
`┬╖┬╖┬╖┬╖┬╖┬╖┬╖┬╖],ΓÉì` 
 prettier/prettier
297:1  Error: Replace `┬
╖┬╖┬╖┬╖┬╖┬╖┬╖┬╖┬╖┬╖┬╖┬╖}
,` with 
`┬╖┬╖┬╖┬╖┬╖┬╖},ΓÉì`  
prettier/prettier
298:1  Error: Replace `┬
╖┬╖┬╖┬╖┬╖┬╖┬╖┬╖┬╖┬╖┬╖┬╖m
onitor:┬╖{` with `┬╖┬╖┬╖
┬╖┬╖┬╖monitor:┬╖{ΓÉì`  
prettier/prettier
299:1  Error: Replace `┬
╖┬╖┬╖┬╖┬╖┬╖┬╖┬╖┬╖┬╖┬╖┬╖┬
╖┬╖┬╖┬╖summary:┬╖'Each┬╖
agent┬╖runs┬╖in┬╖an┬╖iso
lated┬╖workspace┬╖with┬╖
code,┬╖browser,┬╖and┬╖AP
I┬╖execution.',` with `┬
╖┬╖┬╖┬╖┬╖┬╖┬╖┬╖summary:┬
╖'Each┬╖agent┬╖runs┬╖in┬
╖an┬╖isolated┬╖workspace
┬╖with┬╖code,┬╖browser,┬
╖and┬╖API┬╖execution.',Γ
Éì`  prettier/prettier
300:1  Error: Replace `┬
╖┬╖┬╖┬╖┬╖┬╖┬╖┬╖┬╖┬╖┬╖┬╖┬
╖┬╖┬╖┬╖points:┬╖[` with 
`┬╖┬╖┬╖┬╖┬╖┬╖┬╖┬╖points:
┬╖[ΓÉì`  
prettier/prettier
301:1  Error: Replace `┬
╖┬╖┬╖┬╖┬╖┬╖┬╖┬╖┬╖┬╖┬╖┬╖┬
╖┬╖┬╖┬╖┬╖┬╖┬╖┬╖'Automati
ons┬╖are┬╖isolated┬╖per┬
╖tenant',` with `┬╖┬╖┬╖┬
╖┬╖┬╖┬╖┬╖┬╖┬╖'Automation
s┬╖are┬╖isolated┬╖per┬╖t
enant',ΓÉì`  
prettier/prettier
302:1  Error: Replace `┬
╖┬╖┬╖┬╖┬╖┬╖┬╖┬╖┬╖┬╖┬╖┬╖┬
╖┬╖┬╖┬╖┬╖┬╖┬╖┬╖'Tasks┬╖c
an┬╖run┬╖code┬╖and┬╖comp
lete┬╖web┬╖actions',` 
with `┬╖┬╖┬╖┬╖┬╖┬╖┬╖┬╖┬╖
┬╖'Tasks┬╖can┬╖run┬╖code
┬╖and┬╖complete┬╖web┬╖ac
tions',ΓÉì`  
prettier/prettier
303:11  Error: Replace `
┬╖┬╖┬╖┬╖┬╖┬╖┬╖┬╖┬╖┬╖'Out
puts┬╖are┬╖reproducible┬
╖and┬╖auditable',` with 
`'Outputs┬╖are┬╖reproduc
ible┬╖and┬╖auditable',ΓÉ
ì`  prettier/prettier
304:1  Error: Replace `┬
╖┬╖┬╖┬╖┬╖┬╖┬╖┬╖┬╖┬╖┬╖┬╖┬
╖┬╖┬╖┬╖],` with 
`┬╖┬╖┬╖┬╖┬╖┬╖┬╖┬╖],ΓÉì` 
 prettier/prettier
305:1  Error: Replace `┬
╖┬╖┬╖┬╖┬╖┬╖┬╖┬╖┬╖┬╖┬╖┬╖}
,` with 
`┬╖┬╖┬╖┬╖┬╖┬╖},ΓÉì`  
prettier/prettier
306:1  Error: Replace 
`┬╖┬╖┬╖┬╖┬╖┬╖┬╖┬╖},` 
with `┬╖┬╖┬╖┬╖},ΓÉì`  
prettier/prettier
307:1  Error: Replace 
`┬╖┬╖┬╖┬╖},ΓÅÄ}ΓÅÄ` 
with `┬╖┬╖},`  
prettier/prettier
310:1  Error: Insert 
`}`  prettier/prettier
312:43  Error: Insert 
`ΓÉì`  prettier/prettier
313:1  Error: Replace `┬
╖┬╖┬╖┬╖const┬╖{┬╖locale┬
╖}┬╖=┬╖useLocale()` 
with `┬╖┬╖const┬╖{┬╖loca
le┬╖}┬╖=┬╖useLocale()ΓÉì
`  prettier/prettier
314:3  Error: Replace `┬
╖┬╖const┬╖waitlistRef┬╖=
┬╖useRef(null)` with `co
nst┬╖waitlistRef┬╖=┬╖use
Ref(null)ΓÉì`  
prettier/prettier
315:1  Error: Replace `┬
╖┬╖┬╖┬╖const┬╖[activeFea
tureIndex,┬╖setActiveFea
tureIndex]┬╖=┬╖useState(
null)` with `┬╖┬╖const┬╖
[activeFeatureIndex,┬╖se
tActiveFeatureIndex]┬╖=┬
╖useState(null)ΓÉì`  
prettier/prettier
316:3  Error: Replace `┬
╖┬╖const┬╖[expandedInteg
rationIndex,┬╖setExpande
dIntegrationIndex]┬╖=┬╖u
seState(null)` with `con
st┬╖[expandedIntegration
Index,┬╖setExpandedInteg
rationIndex]┬╖=┬╖useStat
e(null)ΓÉì`  
prettier/prettier
317:1  Error: Replace `┬
╖┬╖┬╖┬╖const┬╖t┬╖=┬╖tran
slations[locale]` with `
┬╖┬╖const┬╖t┬╖=┬╖transla
tions[locale]ΓÉì`  
prettier/prettier
318:3  Error: Replace `┬
╖┬╖const┬╖integrations┬╖
=┬╖integrationCategories
[locale]` with `const┬╖i
ntegrations┬╖=┬╖integrat
ionCategories[locale]ΓÉì
`  prettier/prettier
319:1  Error: Replace `┬
╖┬╖┬╖┬╖const┬╖integratio
nCopy┬╖=┬╖integrationSec
tionCopy[locale]` with `
┬╖┬╖const┬╖integrationCo
py┬╖=┬╖integrationSectio
nCopy[locale]ΓÉì`  
prettier/prettier
320:3  Error: Replace `┬
╖┬╖const┬╖featureCopy┬╖=
┬╖featureSectionCopy[loc
ale]` with `const┬╖featu
reCopy┬╖=┬╖featureSectio
nCopy[locale]ΓÉì`  
prettier/prettier
321:1  Error: Replace `┬
╖┬╖┬╖┬╖const┬╖totalListe
dIntegrations┬╖=┬╖integr
ations.reduce((sum,┬╖cat
egory)┬╖=>┬╖sum┬╖+┬╖cate
gory.items.length,┬╖0)` 
with `┬╖┬╖const┬╖totalLi
stedIntegrations┬╖=┬╖int
egrations.reduce((sum,┬╖
category)┬╖=>┬╖sum┬╖+┬╖c
ategory.items.length,┬╖0
)ΓÉì`  prettier/prettier
322:1  Error: Replace `┬
╖┬╖┬╖┬╖const┬╖heroFlow┬╖
=┬╖locale┬╖===┬╖'de'` 
with `┬╖┬╖const┬╖heroFlo
w┬╖=ΓÉìΓÅÄ┬╖┬╖┬╖┬╖locale
┬╖===┬╖'de'ΓÉì`  
prettier/prettier
323:1  Error: Replace `┬
╖┬╖┬╖┬╖┬╖┬╖┬╖┬╖?┬╖['Anfr
age┬╖im┬╖Chat',┬╖'Agent┬
╖f├╝hrt┬╖aus',┬╖'Ergebni
s┬╖mit┬╖Kontext']` with 
`┬╖┬╖┬╖┬╖┬╖┬╖?┬╖['Anfrag
e┬╖im┬╖Chat',┬╖'Agent┬╖f
├╝hrt┬╖aus',┬╖'Ergebnis┬
╖mit┬╖Kontext']ΓÉì`  
prettier/prettier
324:1  Error: Replace `┬
╖┬╖┬╖┬╖┬╖┬╖┬╖┬╖:┬╖['Requ
est┬╖in┬╖chat',┬╖'Agent┬
╖executes',┬╖'Outcome┬╖w
ith┬╖context']` with `┬╖
┬╖┬╖┬╖┬╖┬╖:┬╖['Request┬╖
in┬╖chat',┬╖'Agent┬╖exec
utes',┬╖'Outcome┬╖with┬╖
context']ΓÉì`  
prettier/prettier
325:1  Error: Replace `┬
╖┬╖┬╖┬╖const┬╖useCasesIn
tro┬╖=┬╖locale┬╖===┬╖'de
'` with `┬╖┬╖const┬╖useC
asesIntro┬╖=ΓÉìΓÅÄ┬╖┬╖┬╖
┬╖locale┬╖===┬╖'de'ΓÉì` 
 prettier/prettier
326:1  Error: Replace `┬
╖┬╖┬╖┬╖┬╖┬╖┬╖┬╖?┬╖'AIval
anche┬╖├╝bernimmt┬╖wiede
rkehrende┬╖Aufgaben┬╖├╝b
er┬╖Teams┬╖hinweg:┬╖vom┬
╖Trigger┬╖in┬╖Slack┬╖bis
┬╖zur┬╖fertigen┬╖Ausf├╝h
rung┬╖in┬╖CRM,┬╖Tickets,
┬╖Code┬╖und┬╖Reporting.'
` with `┬╖┬╖┬╖┬╖┬╖┬╖?┬╖'
AIvalanche┬╖├╝bernimmt┬╖
wiederkehrende┬╖Aufgaben
┬╖├╝ber┬╖Teams┬╖hinweg:┬
╖vom┬╖Trigger┬╖in┬╖Slack
┬╖bis┬╖zur┬╖fertigen┬╖Au
sf├╝hrung┬╖in┬╖CRM,┬╖Tic
kets,┬╖Code┬╖und┬╖Report
ing.'ΓÉì`  
prettier/prettier
327:1  Error: Replace `┬
╖┬╖┬╖┬╖┬╖┬╖┬╖┬╖:┬╖'AIval
anche┬╖handles┬╖repeatab
le┬╖work┬╖across┬╖teams:
┬╖from┬╖the┬╖initial┬╖tr
igger┬╖in┬╖chat┬╖to┬╖com
pleted┬╖execution┬╖in┬╖C
RM,┬╖tickets,┬╖code,┬╖an
d┬╖reporting.'` with `┬╖
┬╖┬╖┬╖┬╖┬╖:┬╖'AIvalanche
┬╖handles┬╖repeatable┬╖w
ork┬╖across┬╖teams:┬╖fro
m┬╖the┬╖initial┬╖trigger
┬╖in┬╖chat┬╖to┬╖complete
d┬╖execution┬╖in┬╖CRM,┬╖
tickets,┬╖code,┬╖and┬╖re
porting.'ΓÉì`  
prettier/prettier
328:1  Error: Delete 
`┬╖┬╖`  
prettier/prettier
329:5  Error: Delete 
`┬╖┬╖┬╖┬╖`  
prettier/prettier
330:1  Error: Replace 
`┬╖┬╖┬╖┬╖┬╖┬╖┬╖┬╖` with 
`┬╖┬╖┬╖┬╖`  
prettier/prettier
331:1  Error: Delete 
`┬╖┬╖┬╖┬╖`  
prettier/prettier
332:3  Error: Delete 
`┬╖┬╖`  
prettier/prettier
333:1  Error: Delete 
`┬╖┬╖`  
prettier/prettier
334:1  Error: Replace 
`┬╖┬╖┬╖┬╖┬╖┬╖┬╖┬╖` with 
`┬╖┬╖┬╖┬╖`  
prettier/prettier
335:1  Error: Delete 
`┬╖┬╖┬╖┬╖`  
prettier/prettier
336:5  Error: Delete 
`┬╖┬╖┬╖┬╖`  
prettier/prettier
337:7  Error: Delete 
`┬╖┬╖┬╖┬╖┬╖┬╖`  
prettier/prettier
338:1  Error: Replace `┬
╖┬╖┬╖┬╖┬╖┬╖┬╖┬╖┬╖┬╖┬╖┬╖`
 with `┬╖┬╖┬╖┬╖┬╖┬╖`  
prettier/prettier
339:1  Error: Delete 
`┬╖┬╖┬╖┬╖┬╖┬╖`  
prettier/prettier
340:1  Error: Replace 
`┬╖┬╖┬╖┬╖┬╖┬╖┬╖┬╖` with 
`┬╖┬╖┬╖┬╖`  
prettier/prettier
341:1  Error: Replace 
`┬╖┬╖┬╖┬╖` with `┬╖┬╖`  
prettier/prettier
342:1  Error: Replace `┬
╖┬╖┬╖┬╖const┬╖primaryUse
Case┬╖=┬╖t.useCases.item
s[0]` with `┬╖┬╖const┬╖p
rimaryUseCase┬╖=┬╖t.useC
ases.items[0]ΓÉì`  
prettier/prettier
343:1  Error: Replace `┬
╖┬╖┬╖┬╖const┬╖PrimaryUse
CaseIcon┬╖=┬╖useCaseIcon
s[0]` with `┬╖┬╖const┬╖P
rimaryUseCaseIcon┬╖=┬╖us
eCaseIcons[0]ΓÉì`  
prettier/prettier
344:1  Error: Replace `┬
╖┬╖┬╖┬╖const┬╖secondaryU
seCases┬╖=┬╖t.useCases.i
tems.slice(1)` with `┬╖┬
╖const┬╖secondaryUseCase
s┬╖=┬╖t.useCases.items.s
lice(1)ΓÉì`  
prettier/prettier
345:1  Error: Insert 
`ΓÉì`  prettier/prettier
346:1  Error: Replace `┬
╖┬╖┬╖┬╖const┬╖scrollToWa
itlist┬╖=┬╖useCallback((
)┬╖=>┬╖waitlistRef.curre
nt?.scrollIntoView({┬╖be
havior:┬╖'smooth'┬╖}),┬╖
[])` with `┬╖┬╖const┬╖sc
rollToWaitlist┬╖=┬╖useCa
llback(()┬╖=>┬╖waitlistR
ef.current?.scrollIntoVi
ew({┬╖behavior:┬╖'smooth
'┬╖}),┬╖[])ΓÉì`  
prettier/prettier
348:1  Error: Delete 
`┬╖┬╖`  
prettier/prettier
349:5  Error: Delete 
`┬╖┬╖┬╖┬╖`  
prettier/prettier
350:1  Error: Replace `┬
╖┬╖┬╖┬╖┬╖┬╖┬╖┬╖┬╖┬╖┬╖┬╖`
 with `┬╖┬╖┬╖┬╖┬╖┬╖`  
prettier/prettier
351:7  Error: Delete 
`┬╖┬╖┬╖┬╖┬╖┬╖`  
prettier/prettier
352:1  Error: Delete `ΓÉ
ìΓÅÄ┬╖┬╖┬╖┬╖┬╖┬╖┬╖┬╖`  
prettier/prettier
354:1  Error: Delete 
`┬╖┬╖┬╖┬╖┬╖┬╖┬╖┬╖`  
prettier/prettier
355:1  Error: Replace `┬
╖┬╖┬╖┬╖┬╖┬╖┬╖┬╖┬╖┬╖┬╖┬╖┬
╖┬╖┬╖┬╖┬╖┬╖┬╖┬╖` with 
`┬╖┬╖┬╖┬╖┬╖┬╖┬╖┬╖┬╖┬╖`  
prettier/prettier
357:11  Error: Delete 
`┬╖┬╖┬╖┬╖┬╖┬╖┬╖┬╖┬╖┬╖`  
prettier/prettier
358:1  Error: Replace `┬
╖┬╖┬╖┬╖┬╖┬╖┬╖┬╖┬╖┬╖┬╖┬╖┬
╖┬╖┬╖┬╖┬╖┬╖┬╖┬╖┬╖┬╖┬╖┬╖`
 with `┬╖┬╖┬╖┬╖┬╖┬╖┬╖┬╖┬
╖┬╖┬╖┬╖`  
prettier/prettier
359:15  Error: Replace `
┬╖┬╖┬╖┬╖┬╖┬╖┬╖┬╖┬╖┬╖┬╖┬╖
┬╖┬╖<span┬╖className="in
line-block┬╖px-4┬╖py-2┬╖
mb-6┬╖text-xs┬╖font-medi
um┬╖tracking-wider┬╖text
-primary┬╖bg-primary/10┬
╖rounded-full┬╖` with `<
span┬╖className="mb-6┬╖i
nline-block┬╖rounded-ful
l┬╖bg-primary/10┬╖px-4┬╖
py-2┬╖text-xs┬╖font-medi
um┬╖tracking-wider┬╖text
-primary┬╖`  
prettier/prettier
360:1  Error: Replace `┬
╖┬╖┬╖┬╖┬╖┬╖┬╖┬╖┬╖┬╖┬╖┬╖┬
╖┬╖┬╖┬╖┬╖┬╖┬╖┬╖┬╖┬╖┬╖┬╖┬
╖┬╖┬╖┬╖┬╖┬╖┬╖┬╖` with `┬
╖┬╖┬╖┬╖┬╖┬╖┬╖┬╖┬╖┬╖┬╖┬╖┬
╖┬╖┬╖┬╖`  
prettier/prettier
361:1  Error: Replace `┬
╖┬╖┬╖┬╖┬╖┬╖┬╖┬╖┬╖┬╖┬╖┬╖┬
╖┬╖┬╖┬╖┬╖┬╖┬╖┬╖┬╖┬╖┬╖┬╖┬
╖┬╖┬╖┬╖` with `┬╖┬╖┬╖┬╖┬
╖┬╖┬╖┬╖┬╖┬╖┬╖┬╖┬╖┬╖`  
prettier/prettier
362:1  Error: Replace `┬
╖┬╖┬╖┬╖┬╖┬╖┬╖┬╖┬╖┬╖┬╖┬╖┬
╖┬╖┬╖┬╖┬╖┬╖┬╖┬╖┬╖┬╖┬╖┬╖┬
╖┬╖┬╖┬╖<h1┬╖className="t
ext-5xl/tight┬╖md:text-7
xl/tight┬╖font-extrabold
┬╖mx-auto┬╖max-w-4xl┬╖dr
op-shadow-icon┬╖mb-8` 
with `┬╖┬╖┬╖┬╖┬╖┬╖┬╖┬╖┬╖
┬╖┬╖┬╖┬╖┬╖<h1┬╖className
="mx-auto┬╖mb-8┬╖max-w-4
xl┬╖text-5xl/tight┬╖font
-extrabold┬╖drop-shadow-
icon┬╖md:text-7xl/tight`
  prettier/prettier
363:1  Error: Replace `┬
╖┬╖┬╖┬╖┬╖┬╖┬╖┬╖┬╖┬╖┬╖┬╖┬
╖┬╖┬╖┬╖┬╖┬╖┬╖┬╖┬╖┬╖┬╖┬╖┬
╖┬╖┬╖┬╖┬╖┬╖┬╖┬╖` with `┬
╖┬╖┬╖┬╖┬╖┬╖┬╖┬╖┬╖┬╖┬╖┬╖┬
╖┬╖┬╖┬╖`  
prettier/prettier
364:1  Error: Replace `┬
╖┬╖┬╖┬╖┬╖┬╖┬╖┬╖┬╖┬╖┬╖┬╖┬
╖┬╖┬╖┬╖┬╖┬╖┬╖┬╖┬╖┬╖┬╖┬╖┬
╖┬╖┬╖┬╖┬╖┬╖┬╖┬╖<span┬╖cl
assName="text-primary┬╖r
elative┬╖inline-block` 
with `┬╖┬╖┬╖┬╖┬╖┬╖┬╖┬╖┬╖
┬╖┬╖┬╖┬╖┬╖┬╖┬╖<span┬╖cla
ssName="relative┬╖inline
-block┬╖text-primary`  
prettier/prettier
365:1  Error: Replace `┬
╖┬╖┬╖┬╖┬╖┬╖┬╖┬╖┬╖┬╖┬╖┬╖┬
╖┬╖┬╖┬╖┬╖┬╖┬╖┬╖┬╖┬╖┬╖┬╖┬
╖┬╖┬╖┬╖┬╖┬╖┬╖┬╖┬╖┬╖┬╖┬╖`
 with `┬╖┬╖┬╖┬╖┬╖┬╖┬╖┬╖┬
╖┬╖┬╖┬╖┬╖┬╖┬╖┬╖┬╖┬╖`  
prettier/prettier
366:1  Error: Replace `┬
╖┬╖┬╖┬╖┬╖┬╖┬╖┬╖┬╖┬╖┬╖┬╖┬
╖┬╖┬╖┬╖┬╖┬╖┬╖┬╖┬╖┬╖┬╖┬╖┬
╖┬╖┬╖┬╖┬╖┬╖┬╖┬╖┬╖┬╖┬╖┬╖<
span┬╖className="absolut
e┬╖-bottom-2┬╖left-0┬╖w-
full┬╖h-2┬╖bg-primary/20
┬╖rounded-full` with `┬╖
┬╖┬╖┬╖┬╖┬╖┬╖┬╖┬╖┬╖┬╖┬╖┬╖
┬╖┬╖┬╖┬╖┬╖<span┬╖classNa
me="absolute┬╖-bottom-2┬
╖left-0┬╖h-2┬╖w-full┬╖ro
unded-full┬╖bg-primary/2
0`  prettier/prettier
367:1  Error: Replace `┬
╖┬╖┬╖┬╖┬╖┬╖┬╖┬╖┬╖┬╖┬╖┬╖┬
╖┬╖┬╖┬╖┬╖┬╖┬╖┬╖┬╖┬╖┬╖┬╖┬
╖┬╖┬╖┬╖┬╖┬╖┬╖┬╖` with `┬
╖┬╖┬╖┬╖┬╖┬╖┬╖┬╖┬╖┬╖┬╖┬╖┬
╖┬╖┬╖┬╖`  
prettier/prettier
368:1  Error: Replace `┬
╖┬╖┬╖┬╖┬╖┬╖┬╖┬╖┬╖┬╖┬╖┬╖┬
╖┬╖┬╖┬╖┬╖┬╖┬╖┬╖┬╖┬╖┬╖┬╖┬
╖┬╖┬╖┬╖` with `┬╖┬╖┬╖┬╖┬
╖┬╖┬╖┬╖┬╖┬╖┬╖┬╖┬╖┬╖`  
prettier/prettier
370:1  Error: Replace `┬
╖┬╖┬╖┬╖┬╖┬╖┬╖┬╖┬╖┬╖┬╖┬╖┬
╖┬╖┬╖┬╖┬╖┬╖┬╖┬╖┬╖┬╖┬╖┬╖┬
╖┬╖┬╖┬╖<p┬╖className="mx
-auto┬╖mb-8┬╖max-w-[650p
x]┬╖text-lg┬╖text-paragr
aph-light┬╖dark:text-whi
te/80">` with `┬╖┬╖┬╖┬╖┬
╖┬╖┬╖┬╖┬╖┬╖┬╖┬╖┬╖┬╖<p┬╖c
lassName="mx-auto┬╖mb-8┬
╖max-w-[650px]┬╖text-lg┬
╖text-paragraph-light┬╖d
ark:text-white/80">ΓÉì` 
 prettier/prettier
371:1  Error: Replace `┬
╖┬╖┬╖┬╖┬╖┬╖┬╖┬╖┬╖┬╖┬╖┬╖┬
╖┬╖┬╖┬╖┬╖┬╖┬╖┬╖┬╖┬╖┬╖┬╖┬
╖┬╖┬╖┬╖┬╖┬╖┬╖┬╖{t.hero.s
ubtitle}` with `┬╖┬╖┬╖┬╖
┬╖┬╖┬╖┬╖┬╖┬╖┬╖┬╖┬╖┬╖┬╖┬╖
{t.hero.subtitle}ΓÉì`  
prettier/prettier
372:1  Error: Replace `┬
╖┬╖┬╖┬╖┬╖┬╖┬╖┬╖┬╖┬╖┬╖┬╖┬
╖┬╖┬╖┬╖┬╖┬╖┬╖┬╖┬╖┬╖┬╖┬╖┬
╖┬╖┬╖┬╖</p>` with `┬╖┬╖┬
╖┬╖┬╖┬╖┬╖┬╖┬╖┬╖┬╖┬╖┬╖┬╖<
/p>ΓÉì`  
prettier/prettier
373:1  Error: Insert 
`ΓÉì`  prettier/prettier
374:1  Error: Replace `┬
╖┬╖┬╖┬╖┬╖┬╖┬╖┬╖┬╖┬╖┬╖┬╖┬
╖┬╖┬╖┬╖┬╖┬╖┬╖┬╖┬╖┬╖┬╖┬╖┬
╖┬╖┬╖┬╖<div┬╖className="
mx-auto┬╖mb-10┬╖flex┬╖ma
x-w-2xl┬╖flex-wrap┬╖item
s-center┬╖justify-center
┬╖gap-2.5">` with `┬╖┬╖┬
╖┬╖┬╖┬╖┬╖┬╖┬╖┬╖┬╖┬╖┬╖┬╖<
div┬╖className="mx-auto┬
╖mb-10┬╖flex┬╖max-w-2xl┬
╖flex-wrap┬╖items-center
┬╖justify-center┬╖gap-2.
5">ΓÉì`  
prettier/prettier
375:1  Error: Replace `┬
╖┬╖┬╖┬╖┬╖┬╖┬╖┬╖┬╖┬╖┬╖┬╖┬
╖┬╖┬╖┬╖┬╖┬╖┬╖┬╖┬╖┬╖┬╖┬╖┬
╖┬╖┬╖┬╖┬╖┬╖┬╖┬╖{heroFlow
.map((item)┬╖=>┬╖(` 
with `┬╖┬╖┬╖┬╖┬╖┬╖┬╖┬╖┬╖
┬╖┬╖┬╖┬╖┬╖┬╖┬╖{heroFlow.
map((item)┬╖=>┬╖(ΓÉì`  
prettier/prettier
376:1  Error: Replace `┬
╖┬╖┬╖┬╖┬╖┬╖┬╖┬╖┬╖┬╖┬╖┬╖┬
╖┬╖┬╖┬╖┬╖┬╖┬╖┬╖┬╖┬╖┬╖┬╖┬
╖┬╖┬╖┬╖┬╖┬╖┬╖┬╖┬╖┬╖┬╖┬╖<
span` with `┬╖┬╖┬╖┬╖┬╖┬╖
┬╖┬╖┬╖┬╖┬╖┬╖┬╖┬╖┬╖┬╖┬╖┬╖
<spanΓÉì`  
prettier/prettier
377:1  Error: Replace `┬
╖┬╖┬╖┬╖┬╖┬╖┬╖┬╖┬╖┬╖┬╖┬╖┬
╖┬╖┬╖┬╖┬╖┬╖┬╖┬╖┬╖┬╖┬╖┬╖┬
╖┬╖┬╖┬╖┬╖┬╖┬╖┬╖┬╖┬╖┬╖┬╖┬
╖┬╖┬╖┬╖key={item}` with 
`┬╖┬╖┬╖┬╖┬╖┬╖┬╖┬╖┬╖┬╖┬╖┬
╖┬╖┬╖┬╖┬╖┬╖┬╖┬╖┬╖key={it
em}ΓÉì`  
prettier/prettier
378:1  Error: Replace `┬
╖┬╖┬╖┬╖┬╖┬╖┬╖┬╖┬╖┬╖┬╖┬╖┬
╖┬╖┬╖┬╖┬╖┬╖┬╖┬╖┬╖┬╖┬╖┬╖┬
╖┬╖┬╖┬╖┬╖┬╖┬╖┬╖┬╖┬╖┬╖┬╖┬
╖┬╖┬╖┬╖className="rounde
d-full┬╖border┬╖border-b
orderColor┬╖bg-white/85┬
╖px-3.5┬╖py-1.5┬╖text-xs
┬╖font-semibold┬╖trackin
g-[0.08em]┬╖text-paragra
ph-light┬╖dark:border-bo
rderColor-dark┬╖dark:bg-
dark-200/75┬╖dark:text-w
hite/70"ΓÅÄ┬╖┬╖┬╖┬╖┬╖┬╖┬
╖┬╖┬╖┬╖┬╖┬╖┬╖┬╖┬╖┬╖┬╖┬╖┬
╖┬╖┬╖┬╖┬╖┬╖┬╖┬╖┬╖┬╖┬╖┬╖┬
╖┬╖┬╖┬╖┬╖┬╖>` with `┬╖┬╖
┬╖┬╖┬╖┬╖┬╖┬╖┬╖┬╖┬╖┬╖┬╖┬╖
┬╖┬╖┬╖┬╖┬╖┬╖className="r
ounded-full┬╖border┬╖bor
der-borderColor┬╖bg-whit
e/85┬╖px-3.5┬╖py-1.5┬╖te
xt-xs┬╖font-semibold┬╖tr
acking-[0.08em]┬╖text-pa
ragraph-light┬╖dark:bord
er-borderColor-dark┬╖dar
k:bg-dark-200/75┬╖dark:t
ext-white/70">ΓÉì`  
prettier/prettier
380:1  Error: Replace `┬
╖┬╖┬╖┬╖┬╖┬╖┬╖┬╖┬╖┬╖┬╖┬╖┬
╖┬╖┬╖┬╖┬╖┬╖┬╖┬╖┬╖┬╖┬╖┬╖┬
╖┬╖┬╖┬╖┬╖┬╖┬╖┬╖┬╖┬╖┬╖┬╖┬
╖┬╖┬╖┬╖{item}` with `┬╖┬
╖┬╖┬╖┬╖┬╖┬╖┬╖┬╖┬╖┬╖┬╖┬╖┬
╖┬╖┬╖┬╖┬╖┬╖┬╖{item}ΓÉì` 
 prettier/prettier
381:1  Error: Replace `┬
╖┬╖┬╖┬╖┬╖┬╖┬╖┬╖┬╖┬╖┬╖┬╖┬
╖┬╖┬╖┬╖┬╖┬╖┬╖┬╖┬╖┬╖┬╖┬╖┬
╖┬╖┬╖┬╖┬╖┬╖┬╖┬╖┬╖┬╖┬╖┬╖<
/span>` with `┬╖┬╖┬╖┬╖┬╖
┬╖┬╖┬╖┬╖┬╖┬╖┬╖┬╖┬╖┬╖┬╖┬╖
┬╖</span>ΓÉì`  
prettier/prettier
382:1  Error: Replace `┬
╖┬╖┬╖┬╖┬╖┬╖┬╖┬╖┬╖┬╖┬╖┬╖┬
╖┬╖┬╖┬╖┬╖┬╖┬╖┬╖┬╖┬╖┬╖┬╖┬
╖┬╖┬╖┬╖┬╖┬╖┬╖┬╖))}` 
with `┬╖┬╖┬╖┬╖┬╖┬╖┬╖┬╖┬╖
┬╖┬╖┬╖┬╖┬╖┬╖┬╖))}ΓÉì`  
prettier/prettier
383:1  Error: Replace `┬
╖┬╖┬╖┬╖┬╖┬╖┬╖┬╖┬╖┬╖┬╖┬╖┬
╖┬╖┬╖┬╖┬╖┬╖┬╖┬╖┬╖┬╖┬╖┬╖┬
╖┬╖┬╖┬╖</div>` with `┬╖┬
╖┬╖┬╖┬╖┬╖┬╖┬╖┬╖┬╖┬╖┬╖┬╖┬
╖</div>ΓÉì`  
prettier/prettier
384:1  Error: Insert 
`ΓÉì`  prettier/prettier
385:1  Error: Replace `┬
╖┬╖┬╖┬╖┬╖┬╖┬╖┬╖┬╖┬╖┬╖┬╖┬
╖┬╖┬╖┬╖┬╖┬╖┬╖┬╖┬╖┬╖┬╖┬╖┬
╖┬╖┬╖┬╖{/*┬╖OpenClaw┬╖ba
dge┬╖*/}` with `┬╖┬╖┬╖┬╖
┬╖┬╖┬╖┬╖┬╖┬╖┬╖┬╖┬╖┬╖{/*┬
╖OpenClaw┬╖badge┬╖*/}ΓÉì
`  prettier/prettier
386:1  Error: Replace `┬
╖┬╖┬╖┬╖┬╖┬╖┬╖┬╖┬╖┬╖┬╖┬╖┬
╖┬╖┬╖┬╖┬╖┬╖┬╖┬╖┬╖┬╖┬╖┬╖┬
╖┬╖┬╖┬╖<div┬╖className="
mx-auto┬╖mb-12┬╖flex┬╖it
ems-center┬╖justify-cent
er">` with `┬╖┬╖┬╖┬╖┬╖┬╖
┬╖┬╖┬╖┬╖┬╖┬╖┬╖┬╖<div┬╖cl
assName="mx-auto┬╖mb-12┬
╖flex┬╖items-center┬╖jus
tify-center">ΓÉì`  
prettier/prettier
387:1  Error: Replace `┬
╖┬╖┬╖┬╖┬╖┬╖┬╖┬╖┬╖┬╖┬╖┬╖┬
╖┬╖┬╖┬╖┬╖┬╖┬╖┬╖┬╖┬╖┬╖┬╖┬
╖┬╖┬╖┬╖┬╖┬╖┬╖┬╖<span┬╖cl
assName="inline-flex┬╖it
ems-center┬╖gap-2┬╖px-4┬
╖py-2┬╖rounded-full┬╖bg-
paragraph/5┬╖dark:bg-whi
te/10┬╖border┬╖border-bo
rderColor┬╖dark:border-b
orderColor-dark┬╖text-sm
┬╖text-paragraph-light┬╖
dark:text-white/70">` 
with `┬╖┬╖┬╖┬╖┬╖┬╖┬╖┬╖┬╖
┬╖┬╖┬╖┬╖┬╖┬╖┬╖<span┬╖cla
ssName="inline-flex┬╖ite
ms-center┬╖gap-2┬╖rounde
d-full┬╖border┬╖border-b
orderColor┬╖bg-paragraph
/5┬╖px-4┬╖py-2┬╖text-sm┬
╖text-paragraph-light┬╖d
ark:border-borderColor-d
ark┬╖dark:bg-white/10┬╖d
ark:text-white/70">ΓÉì` 
 prettier/prettier
388:1  Error: Replace `┬
╖┬╖┬╖┬╖┬╖┬╖┬╖┬╖┬╖┬╖┬╖┬╖┬
╖┬╖┬╖┬╖┬╖┬╖┬╖┬╖┬╖┬╖┬╖┬╖┬
╖┬╖┬╖┬╖┬╖┬╖┬╖┬╖┬╖┬╖┬╖┬╖<
span┬╖className="flex┬╖h
-5┬╖w-5┬╖items-center┬╖j
ustify-center┬╖rounded-f
ull┬╖bg-primary">` with 
`┬╖┬╖┬╖┬╖┬╖┬╖┬╖┬╖┬╖┬╖┬╖┬
╖┬╖┬╖┬╖┬╖┬╖┬╖<span┬╖clas
sName="flex┬╖h-5┬╖w-5┬╖i
tems-center┬╖justify-cen
ter┬╖rounded-full┬╖bg-pr
imary">ΓÉì`  
prettier/prettier
389:1  Error: Replace `┬
╖┬╖┬╖┬╖┬╖┬╖┬╖┬╖┬╖┬╖┬╖┬╖┬
╖┬╖┬╖┬╖┬╖┬╖┬╖┬╖┬╖┬╖┬╖┬╖┬
╖┬╖┬╖┬╖┬╖┬╖┬╖┬╖┬╖┬╖┬╖┬╖┬
╖┬╖┬╖┬╖<Plugs┬╖className
="h-3┬╖w-3┬╖text-paragra
ph"┬╖weight="fill"┬╖/>` 
with `┬╖┬╖┬╖┬╖┬╖┬╖┬╖┬╖┬╖
┬╖┬╖┬╖┬╖┬╖┬╖┬╖┬╖┬╖┬╖┬╖<P
lugs┬╖className="h-3┬╖w-
3┬╖text-paragraph"┬╖weig
ht="fill"┬╖/>ΓÉì`  
prettier/prettier
390:1  Error: Replace `┬
╖┬╖┬╖┬╖┬╖┬╖┬╖┬╖┬╖┬╖┬╖┬╖┬
╖┬╖┬╖┬╖┬╖┬╖┬╖┬╖┬╖┬╖┬╖┬╖┬
╖┬╖┬╖┬╖┬╖┬╖┬╖┬╖┬╖┬╖┬╖┬╖<
/span>` with `┬╖┬╖┬╖┬╖┬╖
┬╖┬╖┬╖┬╖┬╖┬╖┬╖┬╖┬╖┬╖┬╖┬╖
┬╖</span>ΓÉì`  
prettier/prettier
391:1  Error: Replace `┬
╖┬╖┬╖┬╖┬╖┬╖┬╖┬╖┬╖┬╖┬╖┬╖┬
╖┬╖┬╖┬╖┬╖┬╖┬╖┬╖┬╖┬╖┬╖┬╖┬
╖┬╖┬╖┬╖┬╖┬╖┬╖┬╖┬╖┬╖┬╖┬╖`
 with `┬╖┬╖┬╖┬╖┬╖┬╖┬╖┬╖┬
╖┬╖┬╖┬╖┬╖┬╖┬╖┬╖┬╖┬╖`  
prettier/prettier
392:1  Error: Replace `┬
╖┬╖┬╖┬╖┬╖┬╖┬╖┬╖┬╖┬╖┬╖┬╖┬
╖┬╖┬╖┬╖┬╖┬╖┬╖┬╖┬╖┬╖┬╖┬╖┬
╖┬╖┬╖┬╖┬╖┬╖┬╖┬╖┬╖┬╖┬╖┬╖┬
╖┬╖┬╖┬╖` with `┬╖┬╖┬╖┬╖┬
╖┬╖┬╖┬╖┬╖┬╖┬╖┬╖┬╖┬╖┬╖┬╖┬
╖┬╖┬╖┬╖`  
prettier/prettier
393:21  Error: Delete `┬
╖┬╖┬╖┬╖┬╖┬╖┬╖┬╖┬╖┬╖┬╖┬╖┬
╖┬╖┬╖┬╖┬╖┬╖┬╖┬╖`  
prettier/prettier
394:1  Error: Replace `┬
╖┬╖┬╖┬╖┬╖┬╖┬╖┬╖┬╖┬╖┬╖┬╖┬
╖┬╖┬╖┬╖┬╖┬╖┬╖┬╖┬╖┬╖┬╖┬╖┬
╖┬╖┬╖┬╖┬╖┬╖┬╖┬╖` with `┬
╖┬╖┬╖┬╖┬╖┬╖┬╖┬╖┬╖┬╖┬╖┬╖┬
╖┬╖┬╖┬╖`  
prettier/prettier
395:1  Error: Replace `┬
╖┬╖┬╖┬╖┬╖┬╖┬╖┬╖┬╖┬╖┬╖┬╖┬
╖┬╖┬╖┬╖┬╖┬╖┬╖┬╖┬╖┬╖┬╖┬╖┬
╖┬╖┬╖┬╖` with `┬╖┬╖┬╖┬╖┬
╖┬╖┬╖┬╖┬╖┬╖┬╖┬╖┬╖┬╖`  
prettier/prettier
397:1  Error: Delete `┬╖
┬╖┬╖┬╖┬╖┬╖┬╖┬╖┬╖┬╖┬╖┬╖┬╖
┬╖`  prettier/prettier
398:17  Error: Replace `
┬╖┬╖┬╖┬╖┬╖┬╖┬╖┬╖┬╖┬╖┬╖┬╖
┬╖┬╖┬╖┬╖<button┬╖onClick
={scrollToWaitlist}┬╖cla
ssName="relative┬╖overfl
ow-hidden┬╖group┬╖bg-pri
mary┬╖hover:bg-primary-2
00┬╖text-paragraph┬╖px-8
┬╖py-3.5┬╖rounded-full┬╖
transition-all┬╖duration
-300┬╖font-semibold┬╖sha
dow-md┬╖shadow-primary/3
` with `<buttonΓÉìΓÅÄ┬╖┬
╖┬╖┬╖┬╖┬╖┬╖┬╖┬╖┬╖┬╖┬╖┬╖┬
╖┬╖┬╖┬╖┬╖onClick={scroll
ToWaitlist}ΓÉìΓÅÄ┬╖┬╖┬╖┬
╖┬╖┬╖┬╖┬╖┬╖┬╖┬╖┬╖┬╖┬╖┬╖┬
╖┬╖┬╖className="group┬╖r
elative┬╖overflow-hidden
┬╖rounded-full┬╖bg-prima
ry┬╖px-8┬╖py-3.5┬╖font-s
emibold┬╖text-paragraph┬
╖shadow-md┬╖shadow-prima
ry/30┬╖transition-all┬╖d
uration-300┬╖hover:bg-pr
imary-20`  
prettier/prettier
399:1  Error: Replace `┬
╖┬╖┬╖┬╖┬╖┬╖┬╖┬╖┬╖┬╖┬╖┬╖┬
╖┬╖┬╖┬╖┬╖┬╖┬╖┬╖┬╖┬╖┬╖┬╖┬
╖┬╖┬╖┬╖┬╖┬╖┬╖┬╖┬╖┬╖┬╖┬╖`
 with `┬╖┬╖┬╖┬╖┬╖┬╖┬╖┬╖┬
╖┬╖┬╖┬╖┬╖┬╖┬╖┬╖┬╖┬╖`  
prettier/prettier
400:21  Error: Delete `┬
╖┬╖┬╖┬╖┬╖┬╖┬╖┬╖┬╖┬╖┬╖┬╖┬
╖┬╖┬╖┬╖┬╖┬╖┬╖┬╖`  
prettier/prettier
401:1  Error: Replace `┬
╖┬╖┬╖┬╖┬╖┬╖┬╖┬╖┬╖┬╖┬╖┬╖┬
╖┬╖┬╖┬╖┬╖┬╖┬╖┬╖┬╖┬╖┬╖┬╖┬
╖┬╖┬╖┬╖┬╖┬╖┬╖┬╖┬╖┬╖┬╖┬╖┬
╖┬╖┬╖┬╖<ArrowRight┬╖clas
sName="w-4┬╖h` with `┬╖┬
╖┬╖┬╖┬╖┬╖┬╖┬╖┬╖┬╖┬╖┬╖┬╖┬
╖┬╖┬╖┬╖┬╖┬╖┬╖<ArrowRight
┬╖className="h-4┬╖w`  
prettier/prettier
402:1  Error: Replace `┬
╖┬╖┬╖┬╖┬╖┬╖┬╖┬╖┬╖┬╖┬╖┬╖┬
╖┬╖┬╖┬╖┬╖┬╖┬╖┬╖┬╖┬╖┬╖┬╖┬
╖┬╖┬╖┬╖┬╖┬╖┬╖┬╖┬╖┬╖┬╖┬╖`
 with `┬╖┬╖┬╖┬╖┬╖┬╖┬╖┬╖┬
╖┬╖┬╖┬╖┬╖┬╖┬╖┬╖┬╖┬╖`  
prettier/prettier
403:1  Error: Replace `┬
╖┬╖┬╖┬╖┬╖┬╖┬╖┬╖┬╖┬╖┬╖┬╖┬
╖┬╖┬╖┬╖┬╖┬╖┬╖┬╖┬╖┬╖┬╖┬╖┬
╖┬╖┬╖┬╖┬╖┬╖┬╖┬╖` with `┬
╖┬╖┬╖┬╖┬╖┬╖┬╖┬╖┬╖┬╖┬╖┬╖┬
╖┬╖┬╖┬╖`  
prettier/prettier
404:17  Error: Replace `
┬╖┬╖┬╖┬╖┬╖┬╖┬╖┬╖┬╖┬╖┬╖┬╖
┬╖┬╖┬╖┬╖<a┬╖href="#featu
res"┬╖className="px-7┬╖p
y-3.5┬╖rounded-full┬╖bor
der-2┬╖border-paragraph/
20┬╖dark:border-white/20
┬╖text-paragraph┬╖dark:t
ext-white┬╖hover:border-
primary┬╖hover:bg-primar
y/10┬╖hover:text-primary
┬╖transition-all┬╖durati
on-300┬╖flex┬╖items-cent
er┬╖font-medium` with `<
aΓÉìΓÅÄ┬╖┬╖┬╖┬╖┬╖┬╖┬╖┬╖┬
╖┬╖┬╖┬╖┬╖┬╖┬╖┬╖┬╖┬╖href=
"#features"ΓÉìΓÅÄ┬╖┬╖┬╖┬
╖┬╖┬╖┬╖┬╖┬╖┬╖┬╖┬╖┬╖┬╖┬╖┬
╖┬╖┬╖className="flex┬╖it
ems-center┬╖rounded-full
┬╖border-2┬╖border-parag
raph/20┬╖px-7┬╖py-3.5┬╖f
ont-medium┬╖text-paragra
ph┬╖transition-all┬╖dura
tion-300┬╖hover:border-p
rimary┬╖hover:bg-primary
/10┬╖hover:text-primary┬
╖dark:border-white/20┬╖d
ark:text-white`  
prettier/prettier
405:1  Error: Replace `┬
╖┬╖┬╖┬╖┬╖┬╖┬╖┬╖┬╖┬╖┬╖┬╖┬
╖┬╖┬╖┬╖┬╖┬╖┬╖┬╖┬╖┬╖┬╖┬╖┬
╖┬╖┬╖┬╖┬╖┬╖┬╖┬╖┬╖┬╖┬╖┬╖`
 with `┬╖┬╖┬╖┬╖┬╖┬╖┬╖┬╖┬
╖┬╖┬╖┬╖┬╖┬╖┬╖┬╖┬╖┬╖`  
prettier/prettier
406:1  Error: Replace `┬
╖┬╖┬╖┬╖┬╖┬╖┬╖┬╖┬╖┬╖┬╖┬╖┬
╖┬╖┬╖┬╖┬╖┬╖┬╖┬╖┬╖┬╖┬╖┬╖┬
╖┬╖┬╖┬╖┬╖┬╖┬╖┬╖┬╖┬╖┬╖┬╖<
CaretDown┬╖className="ml
-2┬╖w-4┬╖h` with `┬╖┬╖┬╖
┬╖┬╖┬╖┬╖┬╖┬╖┬╖┬╖┬╖┬╖┬╖┬╖
┬╖┬╖┬╖<CaretDown┬╖classN
ame="ml-2┬╖h-4┬╖w`  
prettier/prettier
407:1  Error: Replace `┬
╖┬╖┬╖┬╖┬╖┬╖┬╖┬╖┬╖┬╖┬╖┬╖┬
╖┬╖┬╖┬╖┬╖┬╖┬╖┬╖┬╖┬╖┬╖┬╖┬
╖┬╖┬╖┬╖┬╖┬╖┬╖┬╖` with `┬
╖┬╖┬╖┬╖┬╖┬╖┬╖┬╖┬╖┬╖┬╖┬╖┬
╖┬╖┬╖┬╖`  
prettier/prettier
408:1  Error: Replace `┬
╖┬╖┬╖┬╖┬╖┬╖┬╖┬╖┬╖┬╖┬╖┬╖┬
╖┬╖┬╖┬╖┬╖┬╖┬╖┬╖┬╖┬╖┬╖┬╖┬
╖┬╖┬╖┬╖` with `┬╖┬╖┬╖┬╖┬
╖┬╖┬╖┬╖┬╖┬╖┬╖┬╖┬╖┬╖`  
prettier/prettier
410:1  Error: Replace `┬
╖┬╖┬╖┬╖┬╖┬╖┬╖┬╖┬╖┬╖┬╖┬╖┬
╖┬╖┬╖┬╖┬╖┬╖┬╖┬╖┬╖┬╖┬╖┬╖┬
╖┬╖┬╖┬╖` with `┬╖┬╖┬╖┬╖┬
╖┬╖┬╖┬╖┬╖┬╖┬╖┬╖┬╖┬╖`  
prettier/prettier
411:1  Error: Delete `┬╖
┬╖┬╖┬╖┬╖┬╖┬╖┬╖┬╖┬╖┬╖┬╖┬╖
┬╖`  prettier/prettier
412:1  Error: Replace `┬
╖┬╖┬╖┬╖┬╖┬╖┬╖┬╖┬╖┬╖┬╖┬╖┬
╖┬╖┬╖┬╖┬╖┬╖┬╖┬╖┬╖┬╖┬╖┬╖┬
╖┬╖┬╖┬╖┬╖┬╖┬╖┬╖` with `┬
╖┬╖┬╖┬╖┬╖┬╖┬╖┬╖┬╖┬╖┬╖┬╖┬
╖┬╖┬╖┬╖`  
prettier/prettier
413:19  Error: Replace `
┬╖┬╖┬╖┬╖┬╖┬╖┬╖┬╖┬╖┬╖┬╖┬╖
┬╖┬╖┬╖┬╖┬╖┬╖<span┬╖key={
name}┬╖className="flex┬╖
items-center┬╖gap-1.5┬╖p
x-4┬╖py-2┬╖bg-white┬╖dar
k:bg-dark-200┬╖rounded-f
ull┬╖text-sm┬╖text-parag
raph┬╖dark:text-white/80
┬╖border┬╖border-borderC
olor┬╖dark:border-border
Color-dark┬╖shadow-sm` 
with `<spanΓÉìΓÅÄ┬╖┬╖┬╖┬
╖┬╖┬╖┬╖┬╖┬╖┬╖┬╖┬╖┬╖┬╖┬╖┬
╖┬╖┬╖┬╖┬╖key={name}ΓÉìΓÅ
Ä┬╖┬╖┬╖┬╖┬╖┬╖┬╖┬╖┬╖┬╖┬╖┬
╖┬╖┬╖┬╖┬╖┬╖┬╖┬╖┬╖classNa
me="flex┬╖items-center┬╖
gap-1.5┬╖rounded-full┬╖b
order┬╖border-borderColo
r┬╖bg-white┬╖px-4┬╖py-2┬
╖text-sm┬╖text-paragraph
┬╖shadow-sm┬╖dark:border
-borderColor-dark┬╖dark:
bg-dark-200┬╖dark:text-w
hite/80`  
prettier/prettier
414:1  Error: Replace `┬
╖┬╖┬╖┬╖┬╖┬╖┬╖┬╖┬╖┬╖┬╖┬╖┬
╖┬╖┬╖┬╖┬╖┬╖┬╖┬╖┬╖┬╖┬╖┬╖┬
╖┬╖┬╖┬╖┬╖┬╖┬╖┬╖┬╖┬╖┬╖┬╖┬
╖┬╖┬╖┬╖<span┬╖className=
"w-2┬╖h` with `┬╖┬╖┬╖┬╖┬
╖┬╖┬╖┬╖┬╖┬╖┬╖┬╖┬╖┬╖┬╖┬╖┬
╖┬╖┬╖┬╖<span┬╖className=
"h-2┬╖w`  
prettier/prettier
415:21  Error: Delete `┬
╖┬╖┬╖┬╖┬╖┬╖┬╖┬╖┬╖┬╖┬╖┬╖┬
╖┬╖┬╖┬╖┬╖┬╖┬╖┬╖`  
prettier/prettier
416:1  Error: Replace `┬
╖┬╖┬╖┬╖┬╖┬╖┬╖┬╖┬╖┬╖┬╖┬╖┬
╖┬╖┬╖┬╖┬╖┬╖┬╖┬╖┬╖┬╖┬╖┬╖┬
╖┬╖┬╖┬╖┬╖┬╖┬╖┬╖┬╖┬╖┬╖┬╖`
 with `┬╖┬╖┬╖┬╖┬╖┬╖┬╖┬╖┬
╖┬╖┬╖┬╖┬╖┬╖┬╖┬╖┬╖┬╖`  
prettier/prettier
417:1  Error: Replace `┬
╖┬╖┬╖┬╖┬╖┬╖┬╖┬╖┬╖┬╖┬╖┬╖┬
╖┬╖┬╖┬╖┬╖┬╖┬╖┬╖┬╖┬╖┬╖┬╖┬
╖┬╖┬╖┬╖┬╖┬╖┬╖┬╖` with `┬
╖┬╖┬╖┬╖┬╖┬╖┬╖┬╖┬╖┬╖┬╖┬╖┬
╖┬╖┬╖┬╖`  
prettier/prettier
418:1  Error: Replace `┬
╖┬╖┬╖┬╖┬╖┬╖┬╖┬╖┬╖┬╖┬╖┬╖┬
╖┬╖┬╖┬╖┬╖┬╖┬╖┬╖┬╖┬╖┬╖┬╖┬
╖┬╖┬╖┬╖` with `┬╖┬╖┬╖┬╖┬
╖┬╖┬╖┬╖┬╖┬╖┬╖┬╖┬╖┬╖`  
prettier/prettier
420:1  Error: Replace `┬
╖┬╖┬╖┬╖┬╖┬╖┬╖┬╖┬╖┬╖┬╖┬╖┬
╖┬╖┬╖┬╖┬╖┬╖┬╖┬╖┬╖┬╖┬╖┬╖┬
╖┬╖┬╖┬╖` with `┬╖┬╖┬╖┬╖┬
╖┬╖┬╖┬╖┬╖┬╖┬╖┬╖┬╖┬╖`  
prettier/prettier
421:1  Error: Replace `┬
╖┬╖┬╖┬╖┬╖┬╖┬╖┬╖┬╖┬╖┬╖┬╖┬
╖┬╖┬╖┬╖┬╖┬╖┬╖┬╖┬╖┬╖┬╖┬╖┬
╖┬╖┬╖┬╖` with `┬╖┬╖┬╖┬╖┬
╖┬╖┬╖┬╖┬╖┬╖┬╖┬╖┬╖┬╖`  
prettier/prettier
422:1  Error: Replace `┬
╖┬╖┬╖┬╖┬╖┬╖┬╖┬╖┬╖┬╖┬╖┬╖┬
╖┬╖┬╖┬╖┬╖┬╖┬╖┬╖┬╖┬╖┬╖┬╖┬
╖┬╖┬╖┬╖┬╖┬╖┬╖┬╖<a┬╖href=
"#features"┬╖className="
group┬╖inline-flex┬╖flex
-col┬╖items-center┬╖curs
or-pointer┬╖` with `┬╖┬╖
┬╖┬╖┬╖┬╖┬╖┬╖┬╖┬╖┬╖┬╖┬╖┬╖
┬╖┬╖<a┬╖href="#features"
┬╖className="group┬╖inli
ne-flex┬╖cursor-pointer┬
╖flex-col┬╖items-center┬
╖`  prettier/prettier
423:1  Error: Replace `┬
╖┬╖┬╖┬╖┬╖┬╖┬╖┬╖┬╖┬╖┬╖┬╖┬
╖┬╖┬╖┬╖┬╖┬╖┬╖┬╖┬╖┬╖┬╖┬╖┬
╖┬╖┬╖┬╖┬╖┬╖┬╖┬╖┬╖┬╖┬╖┬╖<
span┬╖className="text-sm
┬╖text-paragraph-light┬╖
dark:text-white/60┬╖mb-3
┬╖group-hover:text-prima
ry┬╖transition-colors` 
with `┬╖┬╖┬╖┬╖┬╖┬╖┬╖┬╖┬╖
┬╖┬╖┬╖┬╖┬╖┬╖┬╖┬╖┬╖<span┬
╖className="mb-3┬╖text-s
m┬╖text-paragraph-light┬
╖transition-colors┬╖grou
p-hover:text-primary┬╖da
rk:text-white/60`  
prettier/prettier
424:1  Error: Delete `┬╖
┬╖┬╖┬╖┬╖┬╖┬╖┬╖┬╖┬╖┬╖┬╖┬╖
┬╖┬╖┬╖┬╖┬╖┬╖┬╖`  
prettier/prettier
425:1  Error: Replace `┬
╖┬╖┬╖┬╖┬╖┬╖┬╖┬╖┬╖┬╖┬╖┬╖┬
╖┬╖┬╖┬╖┬╖┬╖┬╖┬╖┬╖┬╖┬╖┬╖┬
╖┬╖┬╖┬╖┬╖┬╖┬╖┬╖┬╖┬╖┬╖┬╖`
 with `┬╖┬╖┬╖┬╖┬╖┬╖┬╖┬╖┬
╖┬╖┬╖┬╖┬╖┬╖┬╖┬╖┬╖┬╖`  
prettier/prettier
426:1  Error: Replace `┬
╖┬╖┬╖┬╖┬╖┬╖┬╖┬╖┬╖┬╖┬╖┬╖┬
╖┬╖┬╖┬╖┬╖┬╖┬╖┬╖┬╖┬╖┬╖┬╖┬
╖┬╖┬╖┬╖┬╖┬╖┬╖┬╖┬╖┬╖┬╖┬╖<
div┬╖className="mx-auto┬
╖w-6┬╖h-10┬╖border-2┬╖bo
rder-gray-300┬╖dark:bord
er-gray-600┬╖rounded-ful
l┬╖relative┬╖group-hover
:border-primary┬╖transit
ion-colors` with `┬╖┬╖┬╖
┬╖┬╖┬╖┬╖┬╖┬╖┬╖┬╖┬╖┬╖┬╖┬╖
┬╖┬╖┬╖<div┬╖className="r
elative┬╖mx-auto┬╖h-10┬╖
w-6┬╖rounded-full┬╖borde
r-2┬╖border-gray-300┬╖tr
ansition-colors┬╖group-h
over:border-primary┬╖dar
k:border-gray-600`  
prettier/prettier
427:1  Error: Replace `┬
╖┬╖┬╖┬╖┬╖┬╖┬╖┬╖┬╖┬╖┬╖┬╖┬
╖┬╖┬╖┬╖┬╖┬╖┬╖┬╖┬╖┬╖┬╖┬╖┬
╖┬╖┬╖┬╖┬╖┬╖┬╖┬╖┬╖┬╖┬╖┬╖┬
╖┬╖┬╖┬╖<div┬╖className="
absolute┬╖top-1┬╖left-1/
2┬╖-translate-x-1/2┬╖w-2
┬╖h-2┬╖bg-primary┬╖round
ed-full┬╖animate-bounce`
 with `┬╖┬╖┬╖┬╖┬╖┬╖┬╖┬╖┬
╖┬╖┬╖┬╖┬╖┬╖┬╖┬╖┬╖┬╖┬╖┬╖<
div┬╖className="absolute
┬╖left-1/2┬╖top-1┬╖h-2┬╖
w-2┬╖-translate-x-1/2┬╖a
nimate-bounce┬╖rounded-f
ull┬╖bg-primary`  
prettier/prettier
428:1  Error: Replace `┬
╖┬╖┬╖┬╖┬╖┬╖┬╖┬╖┬╖┬╖┬╖┬╖┬
╖┬╖┬╖┬╖┬╖┬╖┬╖┬╖┬╖┬╖┬╖┬╖┬
╖┬╖┬╖┬╖┬╖┬╖┬╖┬╖┬╖┬╖┬╖┬╖`
 with `┬╖┬╖┬╖┬╖┬╖┬╖┬╖┬╖┬
╖┬╖┬╖┬╖┬╖┬╖┬╖┬╖┬╖┬╖`  
prettier/prettier
429:1  Error: Replace `┬
╖┬╖┬╖┬╖┬╖┬╖┬╖┬╖┬╖┬╖┬╖┬╖┬
╖┬╖┬╖┬╖┬╖┬╖┬╖┬╖┬╖┬╖┬╖┬╖┬
╖┬╖┬╖┬╖┬╖┬╖┬╖┬╖` with `┬
╖┬╖┬╖┬╖┬╖┬╖┬╖┬╖┬╖┬╖┬╖┬╖┬
╖┬╖┬╖┬╖`  
prettier/prettier
430:1  Error: Replace `┬
╖┬╖┬╖┬╖┬╖┬╖┬╖┬╖┬╖┬╖┬╖┬╖┬
╖┬╖┬╖┬╖┬╖┬╖┬╖┬╖┬╖┬╖┬╖┬╖┬
╖┬╖┬╖┬╖` with `┬╖┬╖┬╖┬╖┬
╖┬╖┬╖┬╖┬╖┬╖┬╖┬╖┬╖┬╖`  
prettier/prettier
431:1  Error: Delete `┬╖
┬╖┬╖┬╖┬╖┬╖┬╖┬╖┬╖┬╖┬╖┬╖` 
 prettier/prettier
432:11  Error: Delete 
`┬╖┬╖┬╖┬╖┬╖┬╖┬╖┬╖┬╖┬╖`  
prettier/prettier
433:1  Error: Replace `┬
╖┬╖┬╖┬╖┬╖┬╖┬╖┬╖┬╖┬╖┬╖┬╖┬
╖┬╖┬╖┬╖` with 
`┬╖┬╖┬╖┬╖┬╖┬╖┬╖┬╖`  
prettier/prettier
435:1  Error: Replace `┬
╖┬╖┬╖┬╖┬╖┬╖┬╖┬╖┬╖┬╖┬╖┬╖┬
╖┬╖┬╖┬╖` with 
`┬╖┬╖┬╖┬╖┬╖┬╖┬╖┬╖`  
prettier/prettier
436:1  Error: Replace `┬
╖┬╖┬╖┬╖┬╖┬╖┬╖┬╖┬╖┬╖┬╖┬╖┬
╖┬╖┬╖┬╖<section┬╖id="fea
tures"┬╖className="relat
ive┬╖overflow-hidden┬╖py
-24┬╖md:py-32">` with `┬
╖┬╖┬╖┬╖┬╖┬╖┬╖┬╖<section┬
╖id="features"┬╖classNam
e="relative┬╖overflow-hi
dden┬╖py-24┬╖md:py-32">Γ
Éì`  prettier/prettier
437:1  Error: Replace `┬
╖┬╖┬╖┬╖┬╖┬╖┬╖┬╖┬╖┬╖┬╖┬╖┬
╖┬╖┬╖┬╖┬╖┬╖┬╖┬╖<div┬╖cla
ssName="pointer-events-n
one┬╖absolute┬╖left-1/2┬
╖top-20┬╖h-64┬╖w-[760px]
┬╖-translate-x-1/2┬╖roun
ded-full┬╖bg-primary/10┬
╖blur-[110px]┬╖dark:bg-p
rimary/5"┬╖/>` with `┬╖┬
╖┬╖┬╖┬╖┬╖┬╖┬╖┬╖┬╖<div┬╖c
lassName="pointer-events
-none┬╖absolute┬╖left-1/
2┬╖top-20┬╖h-64┬╖w-[760p
x]┬╖-translate-x-1/2┬╖ro
unded-full┬╖bg-primary/1
0┬╖blur-[110px]┬╖dark:bg
-primary/5"┬╖/>ΓÉì`  
prettier/prettier
438:1  Error: Replace `┬
╖┬╖┬╖┬╖┬╖┬╖┬╖┬╖┬╖┬╖┬╖┬╖┬
╖┬╖┬╖┬╖┬╖┬╖┬╖┬╖<div┬╖cla
ssName="container┬╖relat
ive">` with `┬╖┬╖┬╖┬╖┬╖┬
╖┬╖┬╖┬╖┬╖<div┬╖className
="container┬╖relative">Γ
Éì`  prettier/prettier
439:1  Error: Replace `┬
╖┬╖┬╖┬╖┬╖┬╖┬╖┬╖┬╖┬╖┬╖┬╖┬
╖┬╖┬╖┬╖┬╖┬╖┬╖┬╖┬╖┬╖┬╖┬╖<
div┬╖className="mb-14┬╖g
rid┬╖gap-8┬╖lg:grid-cols
-[minmax(0,1.15fr)_minma
x(320px,0.85fr)]┬╖lg:ite
ms-start">` with `┬╖┬╖┬╖
┬╖┬╖┬╖┬╖┬╖┬╖┬╖┬╖┬╖<div┬╖
className="mb-14┬╖grid┬╖
gap-8┬╖lg:grid-cols-[min
max(0,1.15fr)_minmax(320
px,0.85fr)]┬╖lg:items-st
art">ΓÉì`  
prettier/prettier
440:1  Error: Replace `┬
╖┬╖┬╖┬╖┬╖┬╖┬╖┬╖┬╖┬╖┬╖┬╖┬
╖┬╖┬╖┬╖┬╖┬╖┬╖┬╖┬╖┬╖┬╖┬╖┬
╖┬╖┬╖┬╖<div>` with `┬╖┬╖
┬╖┬╖┬╖┬╖┬╖┬╖┬╖┬╖┬╖┬╖┬╖┬╖
<div>ΓÉì`  
prettier/prettier
441:1  Error: Replace `┬
╖┬╖┬╖┬╖┬╖┬╖┬╖┬╖┬╖┬╖┬╖┬╖┬
╖┬╖┬╖┬╖┬╖┬╖┬╖┬╖┬╖┬╖┬╖┬╖┬
╖┬╖┬╖┬╖┬╖┬╖┬╖┬╖<span┬╖cl
assName="inline-block┬╖r
ounded-full┬╖bg-primary/
10┬╖px-4┬╖py-2┬╖text-xs┬
╖font-medium┬╖tracking-[
0.16em]┬╖text-primary┬╖d
ark:bg-primary/20">` 
with `┬╖┬╖┬╖┬╖┬╖┬╖┬╖┬╖┬╖
┬╖┬╖┬╖┬╖┬╖┬╖┬╖<span┬╖cla
ssName="inline-block┬╖ro
unded-full┬╖bg-primary/1
0┬╖px-4┬╖py-2┬╖text-xs┬╖
font-medium┬╖tracking-[0
.16em]┬╖text-primary┬╖da
rk:bg-primary/20">ΓÉì`  
prettier/prettier
442:1  Error: Replace `┬
╖┬╖┬╖┬╖┬╖┬╖┬╖┬╖┬╖┬╖┬╖┬╖┬
╖┬╖┬╖┬╖┬╖┬╖┬╖┬╖┬╖┬╖┬╖┬╖┬
╖┬╖┬╖┬╖┬╖┬╖┬╖┬╖┬╖┬╖┬╖┬╖{
t.features.badge}` with 
`┬╖┬╖┬╖┬╖┬╖┬╖┬╖┬╖┬╖┬╖┬╖┬
╖┬╖┬╖┬╖┬╖┬╖┬╖{t.features
.badge}ΓÉì`  
prettier/prettier
443:1  Error: Replace `┬
╖┬╖┬╖┬╖┬╖┬╖┬╖┬╖┬╖┬╖┬╖┬╖┬
╖┬╖┬╖┬╖┬╖┬╖┬╖┬╖┬╖┬╖┬╖┬╖┬
╖┬╖┬╖┬╖┬╖┬╖┬╖┬╖</span>` 
with `┬╖┬╖┬╖┬╖┬╖┬╖┬╖┬╖┬╖
┬╖┬╖┬╖┬╖┬╖┬╖┬╖</span>ΓÉì
`  prettier/prettier
444:1  Error: Replace `┬
╖┬╖┬╖┬╖┬╖┬╖┬╖┬╖┬╖┬╖┬╖┬╖┬
╖┬╖┬╖┬╖┬╖┬╖┬╖┬╖┬╖┬╖┬╖┬╖┬
╖┬╖┬╖┬╖┬╖┬╖┬╖┬╖<h2┬╖clas
sName="mt-5┬╖max-w-3xl┬╖
text-3xl┬╖font-bold┬╖lea
ding-tight┬╖text-paragra
ph┬╖dark:text-white┬╖md:
text-5xl">` with `┬╖┬╖┬╖
┬╖┬╖┬╖┬╖┬╖┬╖┬╖┬╖┬╖┬╖┬╖┬╖
┬╖<h2┬╖className="mt-5┬╖
max-w-3xl┬╖text-3xl┬╖fon
t-bold┬╖leading-tight┬╖t
ext-paragraph┬╖dark:text
-white┬╖md:text-5xl">ΓÉì
`  prettier/prettier
445:1  Error: Replace `┬
╖┬╖┬╖┬╖┬╖┬╖┬╖┬╖┬╖┬╖┬╖┬╖┬
╖┬╖┬╖┬╖┬╖┬╖┬╖┬╖┬╖┬╖┬╖┬╖┬
╖┬╖┬╖┬╖┬╖┬╖┬╖┬╖┬╖┬╖┬╖┬╖{
t.features.title}{'┬╖'}Γ
ÅÄ┬╖┬╖┬╖┬╖┬╖┬╖┬╖┬╖┬╖┬╖┬╖
┬╖┬╖┬╖┬╖┬╖┬╖┬╖┬╖┬╖┬╖┬╖┬╖
┬╖┬╖┬╖┬╖┬╖┬╖┬╖┬╖┬╖┬╖┬╖┬╖
┬╖<span┬╖className="text
-primary">{t.features.ti
tleHighlight}</span>` 
with `┬╖┬╖┬╖┬╖┬╖┬╖┬╖┬╖┬╖
┬╖┬╖┬╖┬╖┬╖┬╖┬╖┬╖┬╖{t.fea
tures.title}┬╖<span┬╖cla
ssName="text-primary">{t
.features.titleHighlight
}</span>ΓÉì`  
prettier/prettier
447:1  Error: Replace `┬
╖┬╖┬╖┬╖┬╖┬╖┬╖┬╖┬╖┬╖┬╖┬╖┬
╖┬╖┬╖┬╖┬╖┬╖┬╖┬╖┬╖┬╖┬╖┬╖┬
╖┬╖┬╖┬╖┬╖┬╖┬╖┬╖</h2>` 
with `┬╖┬╖┬╖┬╖┬╖┬╖┬╖┬╖┬╖
┬╖┬╖┬╖┬╖┬╖┬╖┬╖</h2>ΓÉì` 
 prettier/prettier
448:1  Error: Replace `┬
╖┬╖┬╖┬╖┬╖┬╖┬╖┬╖┬╖┬╖┬╖┬╖┬
╖┬╖┬╖┬╖┬╖┬╖┬╖┬╖┬╖┬╖┬╖┬╖┬
╖┬╖┬╖┬╖┬╖┬╖┬╖┬╖<p┬╖class
Name="mt-5┬╖max-w-[700px
]┬╖text-lg┬╖leading-rela
xed┬╖text-paragraph-ligh
t┬╖dark:text-white/80">`
 with `┬╖┬╖┬╖┬╖┬╖┬╖┬╖┬╖┬
╖┬╖┬╖┬╖┬╖┬╖┬╖┬╖<p┬╖class
Name="mt-5┬╖max-w-[700px
]┬╖text-lg┬╖leading-rela
xed┬╖text-paragraph-ligh
t┬╖dark:text-white/80">Γ
Éì`  prettier/prettier
449:1  Error: Replace `┬
╖┬╖┬╖┬╖┬╖┬╖┬╖┬╖┬╖┬╖┬╖┬╖┬
╖┬╖┬╖┬╖┬╖┬╖┬╖┬╖┬╖┬╖┬╖┬╖┬
╖┬╖┬╖┬╖┬╖┬╖┬╖┬╖┬╖┬╖┬╖┬╖{
t.features.subtitle}` 
with `┬╖┬╖┬╖┬╖┬╖┬╖┬╖┬╖┬╖
┬╖┬╖┬╖┬╖┬╖┬╖┬╖┬╖┬╖{t.fea
tures.subtitle}ΓÉì`  
prettier/prettier
450:1  Error: Replace `┬
╖┬╖┬╖┬╖┬╖┬╖┬╖┬╖┬╖┬╖┬╖┬╖┬
╖┬╖┬╖┬╖┬╖┬╖┬╖┬╖┬╖┬╖┬╖┬╖┬
╖┬╖┬╖┬╖┬╖┬╖┬╖┬╖</p>` 
with `┬╖┬╖┬╖┬╖┬╖┬╖┬╖┬╖┬╖
┬╖┬╖┬╖┬╖┬╖┬╖┬╖</p>ΓÉì`  
prettier/prettier
451:1  Error: Insert 
`ΓÉì`  prettier/prettier
452:1  Error: Replace `┬
╖┬╖┬╖┬╖┬╖┬╖┬╖┬╖┬╖┬╖┬╖┬╖┬
╖┬╖┬╖┬╖┬╖┬╖┬╖┬╖┬╖┬╖┬╖┬╖┬
╖┬╖┬╖┬╖┬╖┬╖┬╖┬╖<div┬╖cla
ssName="mt-8┬╖flex┬╖flex
-wrap┬╖gap-2.5">` with `
┬╖┬╖┬╖┬╖┬╖┬╖┬╖┬╖┬╖┬╖┬╖┬╖
┬╖┬╖┬╖┬╖<div┬╖className=
"mt-8┬╖flex┬╖flex-wrap┬╖
gap-2.5">ΓÉì`  
prettier/prettier
453:1  Error: Replace `┬
╖┬╖┬╖┬╖┬╖┬╖┬╖┬╖┬╖┬╖┬╖┬╖┬
╖┬╖┬╖┬╖┬╖┬╖┬╖┬╖┬╖┬╖┬╖┬╖┬
╖┬╖┬╖┬╖┬╖┬╖┬╖┬╖┬╖┬╖┬╖┬╖{
featureCopy.competencySi
gnals.map((signal)┬╖=>┬╖
(` with `┬╖┬╖┬╖┬╖┬╖┬╖┬╖┬
╖┬╖┬╖┬╖┬╖┬╖┬╖┬╖┬╖┬╖┬╖{fe
atureCopy.competencySign
als.map((signal)┬╖=>┬╖(Γ
Éì`  prettier/prettier
454:1  Error: Replace `┬
╖┬╖┬╖┬╖┬╖┬╖┬╖┬╖┬╖┬╖┬╖┬╖┬
╖┬╖┬╖┬╖┬╖┬╖┬╖┬╖┬╖┬╖┬╖┬╖┬
╖┬╖┬╖┬╖┬╖┬╖┬╖┬╖┬╖┬╖┬╖┬╖┬
╖┬╖┬╖┬╖<span` with `┬╖┬╖
┬╖┬╖┬╖┬╖┬╖┬╖┬╖┬╖┬╖┬╖┬╖┬╖
┬╖┬╖┬╖┬╖┬╖┬╖<spanΓÉì`  
prettier/prettier
455:1  Error: Replace `┬
╖┬╖┬╖┬╖┬╖┬╖┬╖┬╖┬╖┬╖┬╖┬╖┬
╖┬╖┬╖┬╖┬╖┬╖┬╖┬╖┬╖┬╖┬╖┬╖┬
╖┬╖┬╖┬╖┬╖┬╖┬╖┬╖┬╖┬╖┬╖┬╖┬
╖┬╖┬╖┬╖┬╖┬╖┬╖┬╖key={sign
al}` with `┬╖┬╖┬╖┬╖┬╖┬╖┬
╖┬╖┬╖┬╖┬╖┬╖┬╖┬╖┬╖┬╖┬╖┬╖┬
╖┬╖┬╖┬╖key={signal}ΓÉì` 
 prettier/prettier
456:1  Error: Replace `┬
╖┬╖┬╖┬╖┬╖┬╖┬╖┬╖┬╖┬╖┬╖┬╖┬
╖┬╖┬╖┬╖┬╖┬╖┬╖┬╖┬╖┬╖┬╖┬╖┬
╖┬╖┬╖┬╖┬╖┬╖┬╖┬╖┬╖┬╖┬╖┬╖┬
╖┬╖┬╖┬╖┬╖┬╖┬╖┬╖className
="rounded-full┬╖border┬╖
border-borderColor┬╖bg-w
hite/85┬╖px-3.5┬╖py-1.5┬
╖text-xs┬╖font-medium┬╖t
ext-paragraph-light┬╖dar
k:border-borderColor-dar
k┬╖dark:bg-dark-200/80┬╖
dark:text-white/70"ΓÅÄ┬╖
┬╖┬╖┬╖┬╖┬╖┬╖┬╖┬╖┬╖┬╖┬╖┬╖
┬╖┬╖┬╖┬╖┬╖┬╖┬╖┬╖┬╖┬╖┬╖┬╖
┬╖┬╖┬╖┬╖┬╖┬╖┬╖┬╖┬╖┬╖┬╖┬╖
┬╖┬╖┬╖>` with `┬╖┬╖┬╖┬╖┬
╖┬╖┬╖┬╖┬╖┬╖┬╖┬╖┬╖┬╖┬╖┬╖┬
╖┬╖┬╖┬╖┬╖┬╖className="ro
unded-full┬╖border┬╖bord
er-borderColor┬╖bg-white
/85┬╖px-3.5┬╖py-1.5┬╖tex
t-xs┬╖font-medium┬╖text-
paragraph-light┬╖dark:bo
rder-borderColor-dark┬╖d
ark:bg-dark-200/80┬╖dark
:text-white/70">ΓÉì`  
prettier/prettier
458:1  Error: Replace `┬
╖┬╖┬╖┬╖┬╖┬╖┬╖┬╖┬╖┬╖┬╖┬╖┬
╖┬╖┬╖┬╖┬╖┬╖┬╖┬╖┬╖┬╖┬╖┬╖┬
╖┬╖┬╖┬╖┬╖┬╖┬╖┬╖┬╖┬╖┬╖┬╖┬
╖┬╖┬╖┬╖┬╖┬╖┬╖┬╖{signal}`
 with `┬╖┬╖┬╖┬╖┬╖┬╖┬╖┬╖┬
╖┬╖┬╖┬╖┬╖┬╖┬╖┬╖┬╖┬╖┬╖┬╖┬
╖┬╖{signal}ΓÉì`  
prettier/prettier
459:1  Error: Replace `┬
╖┬╖┬╖┬╖┬╖┬╖┬╖┬╖┬╖┬╖┬╖┬╖┬
╖┬╖┬╖┬╖┬╖┬╖┬╖┬╖┬╖┬╖┬╖┬╖┬
╖┬╖┬╖┬╖┬╖┬╖┬╖┬╖┬╖┬╖┬╖┬╖┬
╖┬╖┬╖┬╖</span>` with `┬╖
┬╖┬╖┬╖┬╖┬╖┬╖┬╖┬╖┬╖┬╖┬╖┬╖
┬╖┬╖┬╖┬╖┬╖┬╖┬╖</span>ΓÉì
`  prettier/prettier
460:1  Error: Replace `┬
╖┬╖┬╖┬╖┬╖┬╖┬╖┬╖┬╖┬╖┬╖┬╖┬
╖┬╖┬╖┬╖┬╖┬╖┬╖┬╖┬╖┬╖┬╖┬╖┬
╖┬╖┬╖┬╖┬╖┬╖┬╖┬╖┬╖┬╖┬╖┬╖)
)}` with `┬╖┬╖┬╖┬╖┬╖┬╖┬╖
┬╖┬╖┬╖┬╖┬╖┬╖┬╖┬╖┬╖┬╖┬╖))
}ΓÉì`  prettier/prettier
461:1  Error: Replace `┬
╖┬╖┬╖┬╖┬╖┬╖┬╖┬╖┬╖┬╖┬╖┬╖┬
╖┬╖┬╖┬╖┬╖┬╖┬╖┬╖┬╖┬╖┬╖┬╖┬
╖┬╖┬╖┬╖┬╖┬╖┬╖┬╖</div>` 
with `┬╖┬╖┬╖┬╖┬╖┬╖┬╖┬╖┬╖
┬╖┬╖┬╖┬╖┬╖┬╖┬╖</div>ΓÉì`
  prettier/prettier
462:1  Error: Replace `┬
╖┬╖┬╖┬╖┬╖┬╖┬╖┬╖┬╖┬╖┬╖┬╖┬
╖┬╖┬╖┬╖┬╖┬╖┬╖┬╖┬╖┬╖┬╖┬╖┬
╖┬╖┬╖┬╖</div>` with `┬╖┬
╖┬╖┬╖┬╖┬╖┬╖┬╖┬╖┬╖┬╖┬╖┬╖┬
╖</div>ΓÉì`  
prettier/prettier
463:1  Error: Insert 
`ΓÉì`  prettier/prettier
464:1  Error: Replace `┬
╖┬╖┬╖┬╖┬╖┬╖┬╖┬╖┬╖┬╖┬╖┬╖┬
╖┬╖┬╖┬╖┬╖┬╖┬╖┬╖┬╖┬╖┬╖┬╖┬
╖┬╖┬╖┬╖<aside┬╖className
="relative┬╖overflow-hid
den┬╖rounded-3xl┬╖border
┬╖border-borderColor┬╖bg
-white/85┬╖p-6┬╖backdrop
-blur┬╖dark:border-borde
rColor-dark┬╖dark:bg-dar
k-200/80┬╖md:p-7">` 
with `┬╖┬╖┬╖┬╖┬╖┬╖┬╖┬╖┬╖
┬╖┬╖┬╖┬╖┬╖<aside┬╖classN
ame="relative┬╖overflow-
hidden┬╖rounded-3xl┬╖bor
der┬╖border-borderColor┬
╖bg-white/85┬╖p-6┬╖backd
rop-blur┬╖dark:border-bo
rderColor-dark┬╖dark:bg-
dark-200/80┬╖md:p-7">ΓÉì
`  prettier/prettier
465:1  Error: Replace `┬
╖┬╖┬╖┬╖┬╖┬╖┬╖┬╖┬╖┬╖┬╖┬╖┬
╖┬╖┬╖┬╖┬╖┬╖┬╖┬╖┬╖┬╖┬╖┬╖┬
╖┬╖┬╖┬╖┬╖┬╖┬╖┬╖<div┬╖cla
ssName="pointer-events-n
one┬╖absolute┬╖-right-10
┬╖-top-10┬╖h-32┬╖w-32┬╖r
ounded-full┬╖bg-primary/
20┬╖blur-3xl┬╖dark:bg-pr
imary/15"┬╖/>` with `┬╖┬
╖┬╖┬╖┬╖┬╖┬╖┬╖┬╖┬╖┬╖┬╖┬╖┬
╖┬╖┬╖<div┬╖className="po
inter-events-none┬╖absol
ute┬╖-right-10┬╖-top-10┬
╖h-32┬╖w-32┬╖rounded-ful
l┬╖bg-primary/20┬╖blur-3
xl┬╖dark:bg-primary/15"┬
╖/>ΓÉì`  
prettier/prettier
466:1  Error: Replace `┬
╖┬╖┬╖┬╖┬╖┬╖┬╖┬╖┬╖┬╖┬╖┬╖┬
╖┬╖┬╖┬╖┬╖┬╖┬╖┬╖┬╖┬╖┬╖┬╖┬
╖┬╖┬╖┬╖┬╖┬╖┬╖┬╖<p┬╖class
Name="relative┬╖text-xs┬
╖font-semibold┬╖tracking
-[0.18em]┬╖text-paragrap
h-light/85┬╖dark:text-wh
ite/60">` with `┬╖┬╖┬╖┬╖
┬╖┬╖┬╖┬╖┬╖┬╖┬╖┬╖┬╖┬╖┬╖┬╖
<p┬╖className="relative┬
╖text-xs┬╖font-semibold┬
╖tracking-[0.18em]┬╖text
-paragraph-light/85┬╖dar
k:text-white/60">ΓÉì`  
prettier/prettier
467:19  Error: Replace `
┬╖┬╖┬╖┬╖┬╖┬╖┬╖┬╖┬╖┬╖┬╖┬╖
┬╖┬╖┬╖┬╖┬╖┬╖{featureCopy
.panelEyebrow}` with `{f
eatureCopy.panelEyebrow}
ΓÉì`  prettier/prettier
468:1  Error: Replace `┬
╖┬╖┬╖┬╖┬╖┬╖┬╖┬╖┬╖┬╖┬╖┬╖┬
╖┬╖┬╖┬╖┬╖┬╖┬╖┬╖┬╖┬╖┬╖┬╖┬
╖┬╖┬╖┬╖┬╖┬╖┬╖┬╖</p>` 
with `┬╖┬╖┬╖┬╖┬╖┬╖┬╖┬╖┬╖
┬╖┬╖┬╖┬╖┬╖┬╖┬╖</p>ΓÉì`  
prettier/prettier
469:1  Error: Replace `┬
╖┬╖┬╖┬╖┬╖┬╖┬╖┬╖┬╖┬╖┬╖┬╖┬
╖┬╖┬╖┬╖┬╖┬╖┬╖┬╖┬╖┬╖┬╖┬╖┬
╖┬╖┬╖┬╖┬╖┬╖┬╖┬╖<h3┬╖clas
sName="relative┬╖mt-3┬╖t
ext-2xl┬╖font-semibold┬╖
leading-tight┬╖text-para
graph┬╖dark:text-white">
` with `┬╖┬╖┬╖┬╖┬╖┬╖┬╖┬╖
┬╖┬╖┬╖┬╖┬╖┬╖┬╖┬╖<h3┬╖cla
ssName="relative┬╖mt-3┬╖
text-2xl┬╖font-semibold┬
╖leading-tight┬╖text-par
agraph┬╖dark:text-white"
>ΓÉì`  prettier/prettier
470:1  Error: Replace `┬
╖┬╖┬╖┬╖┬╖┬╖┬╖┬╖┬╖┬╖┬╖┬╖┬
╖┬╖┬╖┬╖┬╖┬╖┬╖┬╖┬╖┬╖┬╖┬╖┬
╖┬╖┬╖┬╖┬╖┬╖┬╖┬╖┬╖┬╖┬╖┬╖{
featureCopy.panelTitle}`
 with `┬╖┬╖┬╖┬╖┬╖┬╖┬╖┬╖┬
╖┬╖┬╖┬╖┬╖┬╖┬╖┬╖┬╖┬╖{feat
ureCopy.panelTitle}ΓÉì` 
 prettier/prettier
471:17  Error: Replace `
┬╖┬╖┬╖┬╖┬╖┬╖┬╖┬╖┬╖┬╖┬╖┬╖
┬╖┬╖┬╖┬╖</h3>` with 
`</h3>ΓÉì`  
prettier/prettier
472:1  Error: Insert 
`ΓÉì`  prettier/prettier
473:1  Error: Replace `┬
╖┬╖┬╖┬╖┬╖┬╖┬╖┬╖┬╖┬╖┬╖┬╖┬
╖┬╖┬╖┬╖┬╖┬╖┬╖┬╖┬╖┬╖┬╖┬╖┬
╖┬╖┬╖┬╖┬╖┬╖┬╖┬╖<div┬╖cla
ssName="relative┬╖mt-5┬╖
space-y-3.5">` with `┬╖┬
╖┬╖┬╖┬╖┬╖┬╖┬╖┬╖┬╖┬╖┬╖┬╖┬
╖┬╖┬╖<div┬╖className="re
lative┬╖mt-5┬╖space-y-3.
5">ΓÉì`  
prettier/prettier
474:1  Error: Replace `┬
╖┬╖┬╖┬╖┬╖┬╖┬╖┬╖┬╖┬╖┬╖┬╖┬
╖┬╖┬╖┬╖┬╖┬╖┬╖┬╖┬╖┬╖┬╖┬╖┬
╖┬╖┬╖┬╖┬╖┬╖┬╖┬╖┬╖┬╖┬╖┬╖{
featureCopy.executionLoo
p.map((step,┬╖index)┬╖=>
┬╖(` with `┬╖┬╖┬╖┬╖┬╖┬╖┬
╖┬╖┬╖┬╖┬╖┬╖┬╖┬╖┬╖┬╖┬╖┬╖{
featureCopy.executionLoo
p.map((step,┬╖index)┬╖=>
┬╖(ΓÉì`  
prettier/prettier
475:1  Error: Replace `┬
╖┬╖┬╖┬╖┬╖┬╖┬╖┬╖┬╖┬╖┬╖┬╖┬
╖┬╖┬╖┬╖┬╖┬╖┬╖┬╖┬╖┬╖┬╖┬╖┬
╖┬╖┬╖┬╖┬╖┬╖┬╖┬╖┬╖┬╖┬╖┬╖┬
╖┬╖┬╖┬╖<div` with `┬╖┬╖┬
╖┬╖┬╖┬╖┬╖┬╖┬╖┬╖┬╖┬╖┬╖┬╖┬
╖┬╖┬╖┬╖┬╖┬╖<divΓÉì`  
prettier/prettier
476:1  Error: Replace `┬
╖┬╖┬╖┬╖┬╖┬╖┬╖┬╖┬╖┬╖┬╖┬╖┬
╖┬╖┬╖┬╖┬╖┬╖┬╖┬╖┬╖┬╖┬╖┬╖┬
╖┬╖┬╖┬╖┬╖┬╖┬╖┬╖┬╖┬╖┬╖┬╖┬
╖┬╖┬╖┬╖┬╖┬╖┬╖┬╖key={step
.title}` with `┬╖┬╖┬╖┬╖┬
╖┬╖┬╖┬╖┬╖┬╖┬╖┬╖┬╖┬╖┬╖┬╖┬
╖┬╖┬╖┬╖┬╖┬╖key={step.tit
le}ΓÉì`  
prettier/prettier
477:1  Error: Replace `┬
╖┬╖┬╖┬╖┬╖┬╖┬╖┬╖┬╖┬╖┬╖┬╖┬
╖┬╖┬╖┬╖┬╖┬╖┬╖┬╖┬╖┬╖┬╖┬╖┬
╖┬╖┬╖┬╖┬╖┬╖┬╖┬╖┬╖┬╖┬╖┬╖┬
╖┬╖┬╖┬╖┬╖┬╖┬╖┬╖className
="flex┬╖items-start┬╖gap
-3┬╖rounded-2xl┬╖border┬
╖border-borderColor/70┬╖
bg-white/90┬╖p-3.5┬╖dark
:border-borderColor-dark
┬╖dark:bg-dark-100/70"ΓÅ
Ä┬╖┬╖┬╖┬╖┬╖┬╖┬╖┬╖┬╖┬╖┬╖┬
╖┬╖┬╖┬╖┬╖┬╖┬╖┬╖┬╖┬╖┬╖┬╖┬
╖┬╖┬╖┬╖┬╖┬╖┬╖┬╖┬╖┬╖┬╖┬╖┬
╖┬╖┬╖┬╖┬╖>` with `┬╖┬╖┬╖
┬╖┬╖┬╖┬╖┬╖┬╖┬╖┬╖┬╖┬╖┬╖┬╖
┬╖┬╖┬╖┬╖┬╖┬╖┬╖className=
"flex┬╖items-start┬╖gap-
3┬╖rounded-2xl┬╖border┬╖
border-borderColor/70┬╖b
g-white/90┬╖p-3.5┬╖dark:
border-borderColor-dark┬
╖dark:bg-dark-100/70">ΓÉ
ì`  prettier/prettier
479:1  Error: Replace `┬
╖┬╖┬╖┬╖┬╖┬╖┬╖┬╖┬╖┬╖┬╖┬╖┬
╖┬╖┬╖┬╖┬╖┬╖┬╖┬╖┬╖┬╖┬╖┬╖┬
╖┬╖┬╖┬╖┬╖┬╖┬╖┬╖┬╖┬╖┬╖┬╖┬
╖┬╖┬╖┬╖┬╖┬╖┬╖┬╖<span┬╖cl
assName="mt-0.5┬╖inline-
flex┬╖h-6┬╖w-6┬╖shrink-0
┬╖items-center┬╖justify-
center┬╖rounded-full┬╖bg
-primary/15┬╖text-[11px]
┬╖font-semibold┬╖text-pr
imary┬╖dark:bg-primary/2
0">` with `┬╖┬╖┬╖┬╖┬╖┬╖┬
╖┬╖┬╖┬╖┬╖┬╖┬╖┬╖┬╖┬╖┬╖┬╖┬
╖┬╖┬╖┬╖<span┬╖className=
"mt-0.5┬╖inline-flex┬╖h-
6┬╖w-6┬╖shrink-0┬╖items-
center┬╖justify-center┬╖
rounded-full┬╖bg-primary
/15┬╖text-[11px]┬╖font-s
emibold┬╖text-primary┬╖d
ark:bg-primary/20">ΓÉì` 
 prettier/prettier
480:1  Error: Replace `┬
╖┬╖┬╖┬╖┬╖┬╖┬╖┬╖┬╖┬╖┬╖┬╖┬
╖┬╖┬╖┬╖┬╖┬╖┬╖┬╖┬╖┬╖┬╖┬╖┬
╖┬╖┬╖┬╖┬╖┬╖┬╖┬╖┬╖┬╖┬╖┬╖┬
╖┬╖┬╖┬╖┬╖┬╖┬╖┬╖┬╖┬╖┬╖┬╖{
String(index┬╖+┬╖1).padS
tart(2,┬╖'0')}` with `┬╖
┬╖┬╖┬╖┬╖┬╖┬╖┬╖┬╖┬╖┬╖┬╖┬╖
┬╖┬╖┬╖┬╖┬╖┬╖┬╖┬╖┬╖┬╖┬╖{S
tring(index┬╖+┬╖1).padSt
art(2,┬╖'0')}ΓÉì`  
prettier/prettier
481:1  Error: Replace `┬
╖┬╖┬╖┬╖┬╖┬╖┬╖┬╖┬╖┬╖┬╖┬╖┬
╖┬╖┬╖┬╖┬╖┬╖┬╖┬╖┬╖┬╖┬╖┬╖┬
╖┬╖┬╖┬╖┬╖┬╖┬╖┬╖┬╖┬╖┬╖┬╖┬
╖┬╖┬╖┬╖┬╖┬╖┬╖┬╖</span>` 
with `┬╖┬╖┬╖┬╖┬╖┬╖┬╖┬╖┬╖
┬╖┬╖┬╖┬╖┬╖┬╖┬╖┬╖┬╖┬╖┬╖┬╖
┬╖</span>ΓÉì`  
prettier/prettier
482:1  Error: Replace `┬
╖┬╖┬╖┬╖┬╖┬╖┬╖┬╖┬╖┬╖┬╖┬╖┬
╖┬╖┬╖┬╖┬╖┬╖┬╖┬╖┬╖┬╖┬╖┬╖┬
╖┬╖┬╖┬╖┬╖┬╖┬╖┬╖┬╖┬╖┬╖┬╖┬
╖┬╖┬╖┬╖┬╖┬╖┬╖┬╖<div>` 
with `┬╖┬╖┬╖┬╖┬╖┬╖┬╖┬╖┬╖
┬╖┬╖┬╖┬╖┬╖┬╖┬╖┬╖┬╖┬╖┬╖┬╖
┬╖<div>ΓÉì`  
prettier/prettier
483:1  Error: Replace `┬
╖┬╖┬╖┬╖┬╖┬╖┬╖┬╖┬╖┬╖┬╖┬╖┬
╖┬╖┬╖┬╖┬╖┬╖┬╖┬╖┬╖┬╖┬╖┬╖┬
╖┬╖┬╖┬╖┬╖┬╖┬╖┬╖┬╖┬╖┬╖┬╖┬
╖┬╖┬╖┬╖┬╖┬╖┬╖┬╖┬╖┬╖┬╖┬╖<
p┬╖className="text-sm┬╖f
ont-semibold┬╖text-parag
raph┬╖dark:text-white">{
step.title}</p>` with `┬
╖┬╖┬╖┬╖┬╖┬╖┬╖┬╖┬╖┬╖┬╖┬╖┬
╖┬╖┬╖┬╖┬╖┬╖┬╖┬╖┬╖┬╖┬╖┬╖<
p┬╖className="text-sm┬╖f
ont-semibold┬╖text-parag
raph┬╖dark:text-white">{
step.title}</p>ΓÉì`  
prettier/prettier
484:1  Error: Replace `┬
╖┬╖┬╖┬╖┬╖┬╖┬╖┬╖┬╖┬╖┬╖┬╖┬
╖┬╖┬╖┬╖┬╖┬╖┬╖┬╖┬╖┬╖┬╖┬╖┬
╖┬╖┬╖┬╖┬╖┬╖┬╖┬╖┬╖┬╖┬╖┬╖┬
╖┬╖┬╖┬╖┬╖┬╖┬╖┬╖┬╖┬╖┬╖┬╖<
p┬╖className="mt-1┬╖text
-xs┬╖leading-relaxed┬╖te
xt-paragraph-light┬╖dark
:text-white/70">` with `
┬╖┬╖┬╖┬╖┬╖┬╖┬╖┬╖┬╖┬╖┬╖┬╖
┬╖┬╖┬╖┬╖┬╖┬╖┬╖┬╖┬╖┬╖┬╖┬╖
<p┬╖className="mt-1┬╖tex
t-xs┬╖leading-relaxed┬╖t
ext-paragraph-light┬╖dar
k:text-white/70">ΓÉì`  
prettier/prettier
485:1  Error: Replace `┬
╖┬╖┬╖┬╖┬╖┬╖┬╖┬╖┬╖┬╖┬╖┬╖┬
╖┬╖┬╖┬╖┬╖┬╖┬╖┬╖┬╖┬╖┬╖┬╖┬
╖┬╖┬╖┬╖┬╖┬╖┬╖┬╖┬╖┬╖┬╖┬╖┬
╖┬╖┬╖┬╖┬╖┬╖┬╖┬╖┬╖┬╖┬╖┬╖┬
╖┬╖┬╖┬╖{step.description
}` with `┬╖┬╖┬╖┬╖┬╖┬╖┬╖┬
╖┬╖┬╖┬╖┬╖┬╖┬╖┬╖┬╖┬╖┬╖┬╖┬
╖┬╖┬╖┬╖┬╖┬╖┬╖{step.descr
iption}ΓÉì`  
prettier/prettier
486:1  Error: Replace `┬
╖┬╖┬╖┬╖┬╖┬╖┬╖┬╖┬╖┬╖┬╖┬╖┬
╖┬╖┬╖┬╖┬╖┬╖┬╖┬╖┬╖┬╖┬╖┬╖┬
╖┬╖┬╖┬╖┬╖┬╖┬╖┬╖┬╖┬╖┬╖┬╖┬
╖┬╖┬╖┬╖┬╖┬╖┬╖┬╖┬╖┬╖┬╖┬╖<
/p>` with `┬╖┬╖┬╖┬╖┬╖┬╖┬
╖┬╖┬╖┬╖┬╖┬╖┬╖┬╖┬╖┬╖┬╖┬╖┬
╖┬╖┬╖┬╖┬╖┬╖</p>ΓÉì`  
prettier/prettier
487:1  Error: Replace `┬
╖┬╖┬╖┬╖┬╖┬╖┬╖┬╖┬╖┬╖┬╖┬╖┬
╖┬╖┬╖┬╖┬╖┬╖┬╖┬╖┬╖┬╖┬╖┬╖┬
╖┬╖┬╖┬╖┬╖┬╖┬╖┬╖┬╖┬╖┬╖┬╖┬
╖┬╖┬╖┬╖┬╖┬╖┬╖┬╖</div>` 
with `┬╖┬╖┬╖┬╖┬╖┬╖┬╖┬╖┬╖
┬╖┬╖┬╖┬╖┬╖┬╖┬╖┬╖┬╖┬╖┬╖┬╖
┬╖</div>ΓÉì`  
prettier/prettier
488:1  Error: Replace `┬
╖┬╖┬╖┬╖┬╖┬╖┬╖┬╖┬╖┬╖┬╖┬╖┬
╖┬╖┬╖┬╖┬╖┬╖┬╖┬╖┬╖┬╖┬╖┬╖┬
╖┬╖┬╖┬╖┬╖┬╖┬╖┬╖┬╖┬╖┬╖┬╖┬
╖┬╖┬╖┬╖</div>` with `┬╖┬
╖┬╖┬╖┬╖┬╖┬╖┬╖┬╖┬╖┬╖┬╖┬╖┬
╖┬╖┬╖┬╖┬╖┬╖┬╖</div>ΓÉì` 
 prettier/prettier
489:1  Error: Replace `┬
╖┬╖┬╖┬╖┬╖┬╖┬╖┬╖┬╖┬╖┬╖┬╖┬
╖┬╖┬╖┬╖┬╖┬╖┬╖┬╖┬╖┬╖┬╖┬╖┬
╖┬╖┬╖┬╖┬╖┬╖┬╖┬╖┬╖┬╖┬╖┬╖)
)}` with `┬╖┬╖┬╖┬╖┬╖┬╖┬╖
┬╖┬╖┬╖┬╖┬╖┬╖┬╖┬╖┬╖┬╖┬╖))
}ΓÉì`  prettier/prettier
490:1  Error: Replace `┬
╖┬╖┬╖┬╖┬╖┬╖┬╖┬╖┬╖┬╖┬╖┬╖┬
╖┬╖┬╖┬╖┬╖┬╖┬╖┬╖┬╖┬╖┬╖┬╖┬
╖┬╖┬╖┬╖┬╖┬╖┬╖┬╖</div>` 
with `┬╖┬╖┬╖┬╖┬╖┬╖┬╖┬╖┬╖
┬╖┬╖┬╖┬╖┬╖┬╖┬╖</div>ΓÉì`
  prettier/prettier
491:1  Error: Replace `┬
╖┬╖┬╖┬╖┬╖┬╖┬╖┬╖┬╖┬╖┬╖┬╖┬
╖┬╖┬╖┬╖┬╖┬╖┬╖┬╖┬╖┬╖┬╖┬╖┬
╖┬╖┬╖┬╖</aside>` with `┬
╖┬╖┬╖┬╖┬╖┬╖┬╖┬╖┬╖┬╖┬╖┬╖┬
╖┬╖</aside>ΓÉì`  
prettier/prettier
492:1  Error: Replace `┬
╖┬╖┬╖┬╖┬╖┬╖┬╖┬╖┬╖┬╖┬╖┬╖┬
╖┬╖┬╖┬╖┬╖┬╖┬╖┬╖┬╖┬╖┬╖┬╖<
/div>` with `┬╖┬╖┬╖┬╖┬╖┬
╖┬╖┬╖┬╖┬╖┬╖┬╖</div>ΓÉì` 
 prettier/prettier
493:1  Error: Insert 
`ΓÉì`  prettier/prettier
494:1  Error: Replace `┬
╖┬╖┬╖┬╖┬╖┬╖┬╖┬╖┬╖┬╖┬╖┬╖┬
╖┬╖┬╖┬╖┬╖┬╖┬╖┬╖┬╖┬╖┬╖┬╖<
div┬╖className="grid┬╖ga
p-4┬╖md:grid-cols-2┬╖lg:
grid-cols-3">` with `┬╖┬
╖┬╖┬╖┬╖┬╖┬╖┬╖┬╖┬╖┬╖┬╖<di
v┬╖className="grid┬╖gap-
4┬╖md:grid-cols-2┬╖lg:gr
id-cols-3">ΓÉì`  
prettier/prettier
495:15  Error: Replace `
┬╖┬╖┬╖┬╖┬╖┬╖┬╖┬╖┬╖┬╖┬╖┬╖
┬╖┬╖{t.features.items.ma
p((feature,┬╖i)┬╖=>┬╖{` 
with `{t.features.items.
map((feature,┬╖i)┬╖=>┬╖{
ΓÉì`  prettier/prettier
496:1  Error: Replace `┬
╖┬╖┬╖┬╖┬╖┬╖┬╖┬╖┬╖┬╖┬╖┬╖┬
╖┬╖┬╖┬╖┬╖┬╖┬╖┬╖┬╖┬╖┬╖┬╖┬
╖┬╖┬╖┬╖┬╖┬╖┬╖┬╖const┬╖Ic
on┬╖=┬╖featureIconMap[fe
ature.icon]┬╖??┬╖Persist
entAgentGlyph` with `┬╖┬
╖┬╖┬╖┬╖┬╖┬╖┬╖┬╖┬╖┬╖┬╖┬╖┬
╖┬╖┬╖const┬╖Icon┬╖=┬╖fea
tureIconMap[feature.icon
]┬╖??┬╖PersistentAgentGl
yphΓÉì`  
prettier/prettier
497:1  Error: Replace `┬
╖┬╖┬╖┬╖┬╖┬╖┬╖┬╖┬╖┬╖┬╖┬╖┬
╖┬╖┬╖┬╖┬╖┬╖┬╖┬╖┬╖┬╖┬╖┬╖┬
╖┬╖┬╖┬╖┬╖┬╖┬╖┬╖const┬╖ca
rdMeta┬╖=┬╖featureCardMe
ta[i┬╖%┬╖featureCardMeta
.length]` with `┬╖┬╖┬╖┬╖
┬╖┬╖┬╖┬╖┬╖┬╖┬╖┬╖┬╖┬╖┬╖┬╖
const┬╖cardMeta┬╖=┬╖feat
ureCardMeta[i┬╖%┬╖featur
eCardMeta.length]ΓÉì`  
prettier/prettier
498:1  Error: Replace `┬
╖┬╖┬╖┬╖┬╖┬╖┬╖┬╖┬╖┬╖┬╖┬╖┬
╖┬╖┬╖┬╖┬╖┬╖┬╖┬╖┬╖┬╖┬╖┬╖┬
╖┬╖┬╖┬╖┬╖┬╖┬╖┬╖const┬╖ch
ipLabel┬╖=┬╖cardMeta.chi
p[locale]┬╖??┬╖cardMeta.
chip.en` with `┬╖┬╖┬╖┬╖┬
╖┬╖┬╖┬╖┬╖┬╖┬╖┬╖┬╖┬╖┬╖┬╖c
onst┬╖chipLabel┬╖=┬╖card
Meta.chip[locale]┬╖??┬╖c
ardMeta.chip.enΓÉì`  
prettier/prettier
499:1  Error: Replace `┬
╖┬╖┬╖┬╖┬╖┬╖┬╖┬╖┬╖┬╖┬╖┬╖┬
╖┬╖┬╖┬╖┬╖┬╖┬╖┬╖┬╖┬╖┬╖┬╖┬
╖┬╖┬╖┬╖┬╖┬╖┬╖┬╖const┬╖is
Active┬╖=┬╖activeFeature
Index┬╖===┬╖i` with `┬╖┬
╖┬╖┬╖┬╖┬╖┬╖┬╖┬╖┬╖┬╖┬╖┬╖┬
╖┬╖┬╖const┬╖isActive┬╖=┬
╖activeFeatureIndex┬╖===
┬╖iΓÉì`  
prettier/prettier
500:1  Error: Replace `┬
╖┬╖┬╖┬╖┬╖┬╖┬╖┬╖┬╖┬╖┬╖┬╖┬
╖┬╖┬╖┬╖┬╖┬╖┬╖┬╖┬╖┬╖┬╖┬╖┬
╖┬╖┬╖┬╖┬╖┬╖┬╖┬╖const┬╖fe
atureDetails┬╖=┬╖feature
Copy.detailsByIcon?.[fea
ture.icon]` with `┬╖┬╖┬╖
┬╖┬╖┬╖┬╖┬╖┬╖┬╖┬╖┬╖┬╖┬╖┬╖
┬╖const┬╖featureDetails┬
╖=┬╖featureCopy.detailsB
yIcon?.[feature.icon]ΓÉì
`  prettier/prettier
501:1  Error: Insert 
`ΓÉì`  prettier/prettier
502:1  Error: Replace `┬
╖┬╖┬╖┬╖┬╖┬╖┬╖┬╖┬╖┬╖┬╖┬╖┬
╖┬╖┬╖┬╖┬╖┬╖┬╖┬╖┬╖┬╖┬╖┬╖┬
╖┬╖┬╖┬╖┬╖┬╖┬╖┬╖return┬╖(
` with `┬╖┬╖┬╖┬╖┬╖┬╖┬╖┬╖
┬╖┬╖┬╖┬╖┬╖┬╖┬╖┬╖return┬╖
(ΓÉì`  prettier/prettier
503:1  Error: Replace `┬
╖┬╖┬╖┬╖┬╖┬╖┬╖┬╖┬╖┬╖┬╖┬╖┬
╖┬╖┬╖┬╖┬╖┬╖┬╖┬╖┬╖┬╖┬╖┬╖┬
╖┬╖┬╖┬╖┬╖┬╖┬╖┬╖┬╖┬╖┬╖┬╖<
article` with `┬╖┬╖┬╖┬╖┬
╖┬╖┬╖┬╖┬╖┬╖┬╖┬╖┬╖┬╖┬╖┬╖┬
╖┬╖<articleΓÉì`  
prettier/prettier
504:1  Error: Replace `┬
╖┬╖┬╖┬╖┬╖┬╖┬╖┬╖┬╖┬╖┬╖┬╖┬
╖┬╖┬╖┬╖┬╖┬╖┬╖┬╖┬╖┬╖┬╖┬╖┬
╖┬╖┬╖┬╖┬╖┬╖┬╖┬╖┬╖┬╖┬╖┬╖┬
╖┬╖┬╖┬╖key={i}` with `┬╖
┬╖┬╖┬╖┬╖┬╖┬╖┬╖┬╖┬╖┬╖┬╖┬╖
┬╖┬╖┬╖┬╖┬╖┬╖┬╖key={i}ΓÉì
`  prettier/prettier
505:1  Error: Replace `┬
╖┬╖┬╖┬╖┬╖┬╖┬╖┬╖┬╖┬╖┬╖┬╖┬
╖┬╖┬╖┬╖┬╖┬╖┬╖┬╖┬╖┬╖┬╖┬╖┬
╖┬╖┬╖┬╖┬╖┬╖┬╖┬╖┬╖┬╖┬╖┬╖┬
╖┬╖┬╖┬╖role="button"` 
with `┬╖┬╖┬╖┬╖┬╖┬╖┬╖┬╖┬╖
┬╖┬╖┬╖┬╖┬╖┬╖┬╖┬╖┬╖┬╖┬╖ro
le="button"ΓÉì`  
prettier/prettier
506:1  Error: Replace `┬
╖┬╖┬╖┬╖┬╖┬╖┬╖┬╖┬╖┬╖┬╖┬╖┬
╖┬╖┬╖┬╖┬╖┬╖┬╖┬╖┬╖┬╖┬╖┬╖┬
╖┬╖┬╖┬╖┬╖┬╖┬╖┬╖┬╖┬╖┬╖┬╖┬
╖┬╖┬╖┬╖tabIndex={0}` 
with `┬╖┬╖┬╖┬╖┬╖┬╖┬╖┬╖┬╖
┬╖┬╖┬╖┬╖┬╖┬╖┬╖┬╖┬╖┬╖┬╖ta
bIndex={0}ΓÉì`  
prettier/prettier
507:1  Error: Replace `┬
╖┬╖┬╖┬╖┬╖┬╖┬╖┬╖┬╖┬╖┬╖┬╖┬
╖┬╖┬╖┬╖┬╖┬╖┬╖┬╖┬╖┬╖┬╖┬╖┬
╖┬╖┬╖┬╖┬╖┬╖┬╖┬╖┬╖┬╖┬╖┬╖┬
╖┬╖┬╖┬╖aria-expanded={is
Active}` with `┬╖┬╖┬╖┬╖┬
╖┬╖┬╖┬╖┬╖┬╖┬╖┬╖┬╖┬╖┬╖┬╖┬
╖┬╖┬╖┬╖aria-expanded={is
Active}ΓÉì`  
prettier/prettier
508:1  Error: Replace `┬
╖┬╖┬╖┬╖┬╖┬╖┬╖┬╖┬╖┬╖┬╖┬╖┬
╖┬╖┬╖┬╖┬╖┬╖┬╖┬╖┬╖┬╖┬╖┬╖┬
╖┬╖┬╖┬╖┬╖┬╖┬╖┬╖┬╖┬╖┬╖┬╖┬
╖┬╖┬╖┬╖onClick={()┬╖=>┬╖
setActiveFeatureIndex((p
rev)┬╖=>┬╖(prev┬╖===┬╖i┬
╖?┬╖null┬╖:┬╖i))}` with 
`┬╖┬╖┬╖┬╖┬╖┬╖┬╖┬╖┬╖┬╖┬╖┬
╖┬╖┬╖┬╖┬╖┬╖┬╖┬╖┬╖onClick
={()┬╖=>┬╖setActiveFeatu
reIndex((prev)┬╖=>┬╖(pre
v┬╖===┬╖i┬╖?┬╖null┬╖:┬╖i
))}ΓÉì`  
prettier/prettier
509:1  Error: Replace `┬
╖┬╖┬╖┬╖┬╖┬╖┬╖┬╖┬╖┬╖┬╖┬╖┬
╖┬╖┬╖┬╖┬╖┬╖┬╖┬╖┬╖┬╖┬╖┬╖┬
╖┬╖┬╖┬╖┬╖┬╖┬╖┬╖┬╖┬╖┬╖┬╖┬
╖┬╖┬╖┬╖onKeyDown={(event
)┬╖=>┬╖{` with `┬╖┬╖┬╖┬╖
┬╖┬╖┬╖┬╖┬╖┬╖┬╖┬╖┬╖┬╖┬╖┬╖
┬╖┬╖┬╖┬╖onKeyDown={(even
t)┬╖=>┬╖{ΓÉì`  
prettier/prettier
510:23  Error: Replace `
┬╖┬╖┬╖┬╖┬╖┬╖┬╖┬╖┬╖┬╖┬╖┬╖
┬╖┬╖┬╖┬╖┬╖┬╖┬╖┬╖┬╖┬╖if┬╖
(event.key┬╖===┬╖'Enter'
┬╖||┬╖event.key┬╖===┬╖'┬
╖')┬╖{` with `if┬╖(event
.key┬╖===┬╖'Enter'┬╖||┬╖
event.key┬╖===┬╖'┬╖')┬╖{
ΓÉì`  prettier/prettier
511:1  Error: Replace `┬
╖┬╖┬╖┬╖┬╖┬╖┬╖┬╖┬╖┬╖┬╖┬╖┬
╖┬╖┬╖┬╖┬╖┬╖┬╖┬╖┬╖┬╖┬╖┬╖┬
╖┬╖┬╖┬╖┬╖┬╖┬╖┬╖┬╖┬╖┬╖┬╖┬
╖┬╖┬╖┬╖┬╖┬╖┬╖┬╖┬╖┬╖┬╖┬╖e
vent.preventDefault()` 
with `┬╖┬╖┬╖┬╖┬╖┬╖┬╖┬╖┬╖
┬╖┬╖┬╖┬╖┬╖┬╖┬╖┬╖┬╖┬╖┬╖┬╖
┬╖┬╖┬╖event.preventDefau
lt()ΓÉì`  
prettier/prettier
512:1  Error: Replace `┬
╖┬╖┬╖┬╖┬╖┬╖┬╖┬╖┬╖┬╖┬╖┬╖┬
╖┬╖┬╖┬╖┬╖┬╖┬╖┬╖┬╖┬╖┬╖┬╖┬
╖┬╖┬╖┬╖┬╖┬╖┬╖┬╖┬╖┬╖┬╖┬╖┬
╖┬╖┬╖┬╖┬╖┬╖┬╖┬╖┬╖┬╖┬╖┬╖s
etActiveFeatureIndex((pr
ev)┬╖=>┬╖(prev┬╖===┬╖i┬╖
?┬╖null┬╖:┬╖i))` with `┬
╖┬╖┬╖┬╖┬╖┬╖┬╖┬╖┬╖┬╖┬╖┬╖┬
╖┬╖┬╖┬╖┬╖┬╖┬╖┬╖┬╖┬╖┬╖┬╖s
etActiveFeatureIndex((pr
ev)┬╖=>┬╖(prev┬╖===┬╖i┬╖
?┬╖null┬╖:┬╖i))ΓÉì`  
prettier/prettier
513:1  Error: Replace `┬
╖┬╖┬╖┬╖┬╖┬╖┬╖┬╖┬╖┬╖┬╖┬╖┬
╖┬╖┬╖┬╖┬╖┬╖┬╖┬╖┬╖┬╖┬╖┬╖┬
╖┬╖┬╖┬╖┬╖┬╖┬╖┬╖┬╖┬╖┬╖┬╖┬
╖┬╖┬╖┬╖┬╖┬╖┬╖┬╖}` with `
┬╖┬╖┬╖┬╖┬╖┬╖┬╖┬╖┬╖┬╖┬╖┬╖
┬╖┬╖┬╖┬╖┬╖┬╖┬╖┬╖┬╖┬╖}ΓÉì
`  prettier/prettier
514:21  Error: Replace `
┬╖┬╖┬╖┬╖┬╖┬╖┬╖┬╖┬╖┬╖┬╖┬╖
┬╖┬╖┬╖┬╖┬╖┬╖┬╖┬╖}}` 
with `}}ΓÉì`  
prettier/prettier
515:1  Error: Replace `┬
╖┬╖┬╖┬╖┬╖┬╖┬╖┬╖┬╖┬╖┬╖┬╖┬
╖┬╖┬╖┬╖┬╖┬╖┬╖┬╖┬╖┬╖┬╖┬╖┬
╖┬╖┬╖┬╖┬╖┬╖┬╖┬╖┬╖┬╖┬╖┬╖┬
╖┬╖┬╖┬╖className={`group
┬╖relative┬╖min-h-[255px
]┬╖cursor-pointer┬╖overf
low-hidden┬╖rounded-3xl┬
╖border┬╖border-borderCo
lor/80┬╖bg-white/80┬╖p-6
┬╖backdrop-blur-xl┬╖tran
sition-all┬╖duration-300
┬╖hover:-translate-y-1┬╖
hover:border-primary/45┬
╖hover:shadow-[0_22px_55
px_-28px_rgba(132,204,22
,0.5)]┬╖dark:border-bord
erColor-dark┬╖dark:bg-da
rk-200/80┬╖dark:hover:bo
rder-primary/40┬╖dark:ho
ver:shadow-[0_24px_60px_
-32px_rgba(132,204,22,0.
45)]┬╖${isActive┬╖?┬╖'bo
rder-primary/60┬╖shadow-
[0_24px_58px_-30px_rgba(
132,204,22,0.55)]┬╖dark:
border-primary/55'┬╖:┬╖'
'}`}` with `┬╖┬╖┬╖┬╖┬╖┬╖
┬╖┬╖┬╖┬╖┬╖┬╖┬╖┬╖┬╖┬╖┬╖┬╖
┬╖┬╖className={`group┬╖r
elative┬╖min-h-[255px]┬╖
cursor-pointer┬╖overflow
-hidden┬╖rounded-3xl┬╖bo
rder┬╖border-borderColor
/80┬╖bg-white/80┬╖p-6┬╖b
ackdrop-blur-xl┬╖transit
ion-all┬╖duration-300┬╖h
over:-translate-y-1┬╖hov
er:border-primary/45┬╖ho
ver:shadow-[0_22px_55px_
-28px_rgba(132,204,22,0.
5)]┬╖dark:border-borderC
olor-dark┬╖dark:bg-dark-
200/80┬╖dark:hover:borde
r-primary/40┬╖dark:hover
:shadow-[0_24px_60px_-32
px_rgba(132,204,22,0.45)
]┬╖${isActive┬╖?┬╖'borde
r-primary/60┬╖shadow-[0_
24px_58px_-30px_rgba(132
,204,22,0.55)]┬╖dark:bor
der-primary/55'┬╖:┬╖''}`
}>ΓÉì`  
prettier/prettier
516:21  Error: Replace `
┬╖┬╖┬╖┬╖┬╖┬╖┬╖┬╖┬╖┬╖┬╖┬╖
┬╖┬╖┬╖┬╖>` with 
`<divΓÉì`  
prettier/prettier
517:1  Error: Replace `┬
╖┬╖┬╖┬╖┬╖┬╖┬╖┬╖┬╖┬╖┬╖┬╖┬
╖┬╖┬╖┬╖┬╖┬╖┬╖┬╖┬╖┬╖┬╖┬╖┬
╖┬╖┬╖┬╖┬╖┬╖┬╖┬╖┬╖┬╖┬╖┬╖┬
╖┬╖┬╖┬╖<div┬╖className={
`pointer-events-none┬╖ab
solute┬╖-right-10┬╖-top-
8┬╖h-32┬╖w-32┬╖rounded-f
ull┬╖bg-gradient-to-br┬╖
${cardMeta.glow}┬╖opacit
y-70┬╖blur-2xl┬╖transiti
on-opacity┬╖duration-300
┬╖group-hover:opacity-10
0`}┬╖/>` with `┬╖┬╖┬╖┬╖┬
╖┬╖┬╖┬╖┬╖┬╖┬╖┬╖┬╖┬╖┬╖┬╖┬
╖┬╖┬╖┬╖┬╖┬╖className={`p
ointer-events-none┬╖abso
lute┬╖-right-10┬╖-top-8┬
╖h-32┬╖w-32┬╖rounded-ful
l┬╖bg-gradient-to-br┬╖${
cardMeta.glow}┬╖opacity-
70┬╖blur-2xl┬╖transition
-opacity┬╖duration-300┬╖
group-hover:opacity-100`
}ΓÉì`  prettier/prettier
518:21  Error: Replace `
┬╖┬╖┬╖┬╖┬╖┬╖┬╖┬╖┬╖┬╖┬╖┬╖
┬╖┬╖┬╖┬╖┬╖┬╖┬╖┬╖<div┬╖cl
assName="relative┬╖mb-5┬
╖flex┬╖items-start┬╖just
ify-between">` with `/>Γ
ÉìΓÅÄ┬╖┬╖┬╖┬╖┬╖┬╖┬╖┬╖┬╖┬
╖┬╖┬╖┬╖┬╖┬╖┬╖┬╖┬╖┬╖┬╖<di
v┬╖className="relative┬╖
mb-5┬╖flex┬╖items-start┬
╖justify-between">ΓÉì`  
prettier/prettier
519:1  Error: Replace `┬
╖┬╖┬╖┬╖┬╖┬╖┬╖┬╖┬╖┬╖┬╖┬╖┬
╖┬╖┬╖┬╖┬╖┬╖┬╖┬╖┬╖┬╖┬╖┬╖┬
╖┬╖┬╖┬╖┬╖┬╖┬╖┬╖┬╖┬╖┬╖┬╖┬
╖┬╖┬╖┬╖┬╖┬╖┬╖┬╖<span┬╖cl
assName="rounded-full┬╖b
order┬╖border-borderColo
r┬╖bg-white/70┬╖px-2.5┬╖
py-0.5┬╖text-[10px]┬╖fon
t-semibold┬╖tracking-[0.
12em]┬╖text-paragraph-li
ght┬╖dark:border-borderC
olor-dark┬╖dark:bg-dark-
100/70┬╖dark:text-white/
55">` with `┬╖┬╖┬╖┬╖┬╖┬╖
┬╖┬╖┬╖┬╖┬╖┬╖┬╖┬╖┬╖┬╖┬╖┬╖
┬╖┬╖┬╖┬╖<span┬╖className
="rounded-full┬╖border┬╖
border-borderColor┬╖bg-w
hite/70┬╖px-2.5┬╖py-0.5┬
╖text-[10px]┬╖font-semib
old┬╖tracking-[0.12em]┬╖
text-paragraph-light┬╖da
rk:border-borderColor-da
rk┬╖dark:bg-dark-100/70┬
╖dark:text-white/55">ΓÉì
`  prettier/prettier
520:25  Error: Replace `
┬╖┬╖┬╖┬╖┬╖┬╖┬╖┬╖┬╖┬╖┬╖┬╖
┬╖┬╖┬╖┬╖┬╖┬╖┬╖┬╖┬╖┬╖┬╖┬╖
{`0${i┬╖+┬╖1}`}` with 
`{`0${i┬╖+┬╖1}`}ΓÉì`  
prettier/prettier
521:1  Error: Replace `┬
╖┬╖┬╖┬╖┬╖┬╖┬╖┬╖┬╖┬╖┬╖┬╖┬
╖┬╖┬╖┬╖┬╖┬╖┬╖┬╖┬╖┬╖┬╖┬╖┬
╖┬╖┬╖┬╖┬╖┬╖┬╖┬╖┬╖┬╖┬╖┬╖┬
╖┬╖┬╖┬╖┬╖┬╖┬╖┬╖</span>` 
with `┬╖┬╖┬╖┬╖┬╖┬╖┬╖┬╖┬╖
┬╖┬╖┬╖┬╖┬╖┬╖┬╖┬╖┬╖┬╖┬╖┬╖
┬╖</span>ΓÉì`  
prettier/prettier
522:23  Error: Replace `
┬╖┬╖┬╖┬╖┬╖┬╖┬╖┬╖┬╖┬╖┬╖┬╖
┬╖┬╖┬╖┬╖┬╖┬╖┬╖┬╖┬╖┬╖<spa
n┬╖className={`flex┬╖h-1
1┬╖w-11┬╖items-center┬╖j
ustify-center┬╖rounded-2
xl┬╖bg-gradient-to-br┬╖$
{cardMeta.iconTone}┬╖tex
t-white┬╖shadow-md┬╖shad
ow-black/10`}>` with `<s
panΓÉìΓÅÄ┬╖┬╖┬╖┬╖┬╖┬╖┬╖┬
╖┬╖┬╖┬╖┬╖┬╖┬╖┬╖┬╖┬╖┬╖┬╖┬
╖┬╖┬╖┬╖┬╖className={`fle
x┬╖h-11┬╖w-11┬╖items-cen
ter┬╖justify-center┬╖rou
nded-2xl┬╖bg-gradient-to
-br┬╖${cardMeta.iconTone
}┬╖text-white┬╖shadow-md
┬╖shadow-black/10`}>ΓÉì`
  prettier/prettier
523:1  Error: Replace `┬
╖┬╖┬╖┬╖┬╖┬╖┬╖┬╖┬╖┬╖┬╖┬╖┬
╖┬╖┬╖┬╖┬╖┬╖┬╖┬╖┬╖┬╖┬╖┬╖┬
╖┬╖┬╖┬╖┬╖┬╖┬╖┬╖┬╖┬╖┬╖┬╖┬
╖┬╖┬╖┬╖┬╖┬╖┬╖┬╖┬╖┬╖┬╖┬╖<
Icon┬╖className="h-5┬╖w-
5"┬╖/>` with `┬╖┬╖┬╖┬╖┬╖
┬╖┬╖┬╖┬╖┬╖┬╖┬╖┬╖┬╖┬╖┬╖┬╖
┬╖┬╖┬╖┬╖┬╖┬╖┬╖<Icon┬╖cla
ssName="h-5┬╖w-5"┬╖/>ΓÉì
`  prettier/prettier
524:1  Error: Replace `┬
╖┬╖┬╖┬╖┬╖┬╖┬╖┬╖┬╖┬╖┬╖┬╖┬
╖┬╖┬╖┬╖┬╖┬╖┬╖┬╖┬╖┬╖┬╖┬╖┬
╖┬╖┬╖┬╖┬╖┬╖┬╖┬╖┬╖┬╖┬╖┬╖┬
╖┬╖┬╖┬╖┬╖┬╖┬╖┬╖</span>` 
with `┬╖┬╖┬╖┬╖┬╖┬╖┬╖┬╖┬╖
┬╖┬╖┬╖┬╖┬╖┬╖┬╖┬╖┬╖┬╖┬╖┬╖
┬╖</span>ΓÉì`  
prettier/prettier
525:1  Error: Replace `┬
╖┬╖┬╖┬╖┬╖┬╖┬╖┬╖┬╖┬╖┬╖┬╖┬
╖┬╖┬╖┬╖┬╖┬╖┬╖┬╖┬╖┬╖┬╖┬╖┬
╖┬╖┬╖┬╖┬╖┬╖┬╖┬╖┬╖┬╖┬╖┬╖┬
╖┬╖┬╖┬╖</div>` with `┬╖┬
╖┬╖┬╖┬╖┬╖┬╖┬╖┬╖┬╖┬╖┬╖┬╖┬
╖┬╖┬╖┬╖┬╖┬╖┬╖</div>ΓÉì` 
 prettier/prettier
526:1  Error: Replace `┬
╖┬╖┬╖┬╖┬╖┬╖┬╖┬╖┬╖┬╖┬╖┬╖┬
╖┬╖┬╖┬╖┬╖┬╖┬╖┬╖┬╖┬╖┬╖┬╖┬
╖┬╖┬╖┬╖┬╖┬╖┬╖┬╖┬╖┬╖┬╖┬╖┬
╖┬╖┬╖┬╖<h3┬╖className="r
elative┬╖mb-2┬╖text-lg┬╖
font-semibold┬╖text-para
graph┬╖dark:text-white">
{feature.title}</h3>` 
with `┬╖┬╖┬╖┬╖┬╖┬╖┬╖┬╖┬╖
┬╖┬╖┬╖┬╖┬╖┬╖┬╖┬╖┬╖┬╖┬╖<h
3┬╖className="relative┬╖
mb-2┬╖text-lg┬╖font-semi
bold┬╖text-paragraph┬╖da
rk:text-white">ΓÉìΓÅÄ┬╖┬
╖┬╖┬╖┬╖┬╖┬╖┬╖┬╖┬╖┬╖┬╖┬╖┬
╖┬╖┬╖┬╖┬╖┬╖┬╖┬╖┬╖{featur
e.title}ΓÉì`  
prettier/prettier
527:21  Error: Replace `
┬╖┬╖┬╖┬╖┬╖┬╖┬╖┬╖┬╖┬╖┬╖┬╖
┬╖┬╖┬╖┬╖┬╖┬╖┬╖┬╖<p┬╖clas
sName="relative┬╖text-sm
┬╖leading-relaxed┬╖text-
paragraph-light┬╖dark:te
xt-white/70">{feature.de
scription}</p>` with `</
h3>ΓÉìΓÅÄ┬╖┬╖┬╖┬╖┬╖┬╖┬╖┬
╖┬╖┬╖┬╖┬╖┬╖┬╖┬╖┬╖┬╖┬╖┬╖┬
╖<p┬╖className="relative
┬╖text-sm┬╖leading-relax
ed┬╖text-paragraph-light
┬╖dark:text-white/70">ΓÉ
ìΓÅÄ┬╖┬╖┬╖┬╖┬╖┬╖┬╖┬╖┬╖┬╖
┬╖┬╖┬╖┬╖┬╖┬╖┬╖┬╖┬╖┬╖┬╖┬╖
{feature.description}ΓÉì
`  prettier/prettier
528:21  Error: Replace `
┬╖┬╖┬╖┬╖┬╖┬╖┬╖┬╖┬╖┬╖┬╖┬╖
┬╖┬╖┬╖┬╖┬╖┬╖┬╖┬╖<div┬╖cl
assName="relative┬╖mt-6┬
╖flex┬╖items-center┬╖jus
tify-between">` with `</
p>ΓÉìΓÅÄ┬╖┬╖┬╖┬╖┬╖┬╖┬╖┬╖
┬╖┬╖┬╖┬╖┬╖┬╖┬╖┬╖┬╖┬╖┬╖┬╖
<div┬╖className="relativ
e┬╖mt-6┬╖flex┬╖items-cen
ter┬╖justify-between">ΓÉ
ì`  prettier/prettier
529:1  Error: Replace `┬
╖┬╖┬╖┬╖┬╖┬╖┬╖┬╖┬╖┬╖┬╖┬╖┬
╖┬╖┬╖┬╖┬╖┬╖┬╖┬╖┬╖┬╖┬╖┬╖┬
╖┬╖┬╖┬╖┬╖┬╖┬╖┬╖┬╖┬╖┬╖┬╖┬
╖┬╖┬╖┬╖┬╖┬╖┬╖┬╖<span┬╖cl
assName="rounded-full┬╖b
order┬╖border-borderColo
r/80┬╖px-2.5┬╖py-1┬╖text
-[10px]┬╖font-semibold┬╖
tracking-[0.1em]┬╖text-p
aragraph-light/85┬╖dark:
border-borderColor-dark┬
╖dark:text-white/60">` 
with `┬╖┬╖┬╖┬╖┬╖┬╖┬╖┬╖┬╖
┬╖┬╖┬╖┬╖┬╖┬╖┬╖┬╖┬╖┬╖┬╖┬╖
┬╖<span┬╖className="roun
ded-full┬╖border┬╖border
-borderColor/80┬╖px-2.5┬
╖py-1┬╖text-[10px]┬╖font
-semibold┬╖tracking-[0.1
em]┬╖text-paragraph-ligh
t/85┬╖dark:border-border
Color-dark┬╖dark:text-wh
ite/60">ΓÉì`  
prettier/prettier
530:1  Error: Replace `┬
╖┬╖┬╖┬╖┬╖┬╖┬╖┬╖┬╖┬╖┬╖┬╖┬
╖┬╖┬╖┬╖┬╖┬╖┬╖┬╖┬╖┬╖┬╖┬╖┬
╖┬╖┬╖┬╖┬╖┬╖┬╖┬╖┬╖┬╖┬╖┬╖┬
╖┬╖┬╖┬╖┬╖┬╖┬╖┬╖┬╖┬╖┬╖┬╖{
chipLabel}` with `┬╖┬╖┬╖
┬╖┬╖┬╖┬╖┬╖┬╖┬╖┬╖┬╖┬╖┬╖┬╖
┬╖┬╖┬╖┬╖┬╖┬╖┬╖┬╖┬╖{chipL
abel}ΓÉì`  
prettier/prettier
531:1  Error: Replace `┬
╖┬╖┬╖┬╖┬╖┬╖┬╖┬╖┬╖┬╖┬╖┬╖┬
╖┬╖┬╖┬╖┬╖┬╖┬╖┬╖┬╖┬╖┬╖┬╖┬
╖┬╖┬╖┬╖┬╖┬╖┬╖┬╖┬╖┬╖┬╖┬╖┬
╖┬╖┬╖┬╖┬╖┬╖┬╖┬╖</span>` 
with `┬╖┬╖┬╖┬╖┬╖┬╖┬╖┬╖┬╖
┬╖┬╖┬╖┬╖┬╖┬╖┬╖┬╖┬╖┬╖┬╖┬╖
┬╖</span>ΓÉì`  
prettier/prettier
532:1  Error: Replace `┬
╖┬╖┬╖┬╖┬╖┬╖┬╖┬╖┬╖┬╖┬╖┬╖┬
╖┬╖┬╖┬╖┬╖┬╖┬╖┬╖┬╖┬╖┬╖┬╖┬
╖┬╖┬╖┬╖┬╖┬╖┬╖┬╖┬╖┬╖┬╖┬╖┬
╖┬╖┬╖┬╖┬╖┬╖┬╖┬╖<span┬╖cl
assName="text-[11px]┬╖fo
nt-semibold┬╖uppercase┬╖
tracking-[0.12em]┬╖text-
primary/80">` with `┬╖┬╖
┬╖┬╖┬╖┬╖┬╖┬╖┬╖┬╖┬╖┬╖┬╖┬╖
┬╖┬╖┬╖┬╖┬╖┬╖┬╖┬╖<span┬╖c
lassName="text-[11px]┬╖f
ont-semibold┬╖uppercase┬
╖tracking-[0.12em]┬╖text
-primary/80">ΓÉì`  
prettier/prettier
533:1  Error: Replace `┬
╖┬╖┬╖┬╖┬╖┬╖┬╖┬╖┬╖┬╖┬╖┬╖┬
╖┬╖┬╖┬╖┬╖┬╖┬╖┬╖┬╖┬╖┬╖┬╖┬
╖┬╖┬╖┬╖┬╖┬╖┬╖┬╖┬╖┬╖┬╖┬╖┬
╖┬╖┬╖┬╖┬╖┬╖┬╖┬╖┬╖┬╖┬╖┬╖{
isActive┬╖?┬╖featureCopy
.collapseLabel┬╖:┬╖featu
reCopy.detailsLabel}` 
with `┬╖┬╖┬╖┬╖┬╖┬╖┬╖┬╖┬╖
┬╖┬╖┬╖┬╖┬╖┬╖┬╖┬╖┬╖┬╖┬╖┬╖
┬╖┬╖┬╖{isActive┬╖?┬╖feat
ureCopy.collapseLabel┬╖:
┬╖featureCopy.detailsLab
el}ΓÉì`  
prettier/prettier
534:1  Error: Replace `┬
╖┬╖┬╖┬╖┬╖┬╖┬╖┬╖┬╖┬╖┬╖┬╖┬
╖┬╖┬╖┬╖┬╖┬╖┬╖┬╖┬╖┬╖┬╖┬╖┬
╖┬╖┬╖┬╖┬╖┬╖┬╖┬╖┬╖┬╖┬╖┬╖┬
╖┬╖┬╖┬╖┬╖┬╖┬╖┬╖</span>` 
with `┬╖┬╖┬╖┬╖┬╖┬╖┬╖┬╖┬╖
┬╖┬╖┬╖┬╖┬╖┬╖┬╖┬╖┬╖┬╖┬╖┬╖
┬╖</span>ΓÉì`  
prettier/prettier
535:1  Error: Replace `┬
╖┬╖┬╖┬╖┬╖┬╖┬╖┬╖┬╖┬╖┬╖┬╖┬
╖┬╖┬╖┬╖┬╖┬╖┬╖┬╖┬╖┬╖┬╖┬╖┬
╖┬╖┬╖┬╖┬╖┬╖┬╖┬╖┬╖┬╖┬╖┬╖┬
╖┬╖┬╖┬╖</div>` with `┬╖┬
╖┬╖┬╖┬╖┬╖┬╖┬╖┬╖┬╖┬╖┬╖┬╖┬
╖┬╖┬╖┬╖┬╖┬╖┬╖</div>ΓÉì` 
 prettier/prettier
536:1  Error: Insert 
`ΓÉì`  prettier/prettier
537:1  Error: Replace `┬
╖┬╖┬╖┬╖┬╖┬╖┬╖┬╖┬╖┬╖┬╖┬╖┬
╖┬╖┬╖┬╖┬╖┬╖┬╖┬╖┬╖┬╖┬╖┬╖┬
╖┬╖┬╖┬╖┬╖┬╖┬╖┬╖┬╖┬╖┬╖┬╖┬
╖┬╖┬╖┬╖<div` with `┬╖┬╖┬
╖┬╖┬╖┬╖┬╖┬╖┬╖┬╖┬╖┬╖┬╖┬╖┬
╖┬╖┬╖┬╖┬╖┬╖<divΓÉì`  
prettier/prettier
538:1  Error: Replace `┬
╖┬╖┬╖┬╖┬╖┬╖┬╖┬╖┬╖┬╖┬╖┬╖┬
╖┬╖┬╖┬╖┬╖┬╖┬╖┬╖┬╖┬╖┬╖┬╖┬
╖┬╖┬╖┬╖┬╖┬╖┬╖┬╖┬╖┬╖┬╖┬╖┬
╖┬╖┬╖┬╖┬╖┬╖┬╖┬╖onClick={
(event)┬╖=>┬╖event.stopP
ropagation()}` with `┬╖┬
╖┬╖┬╖┬╖┬╖┬╖┬╖┬╖┬╖┬╖┬╖┬╖┬
╖┬╖┬╖┬╖┬╖┬╖┬╖┬╖┬╖onClick
={(event)┬╖=>┬╖event.sto
pPropagation()}ΓÉì`  
prettier/prettier
539:1  Error: Replace `┬
╖┬╖┬╖┬╖┬╖┬╖┬╖┬╖┬╖┬╖┬╖┬╖┬
╖┬╖┬╖┬╖┬╖┬╖┬╖┬╖┬╖┬╖┬╖┬╖┬
╖┬╖┬╖┬╖┬╖┬╖┬╖┬╖┬╖┬╖┬╖┬╖┬
╖┬╖┬╖┬╖┬╖┬╖┬╖┬╖className
={`absolute┬╖inset-0┬╖z-
20┬╖rounded-3xl┬╖border┬
╖border-primary/35┬╖bg-w
hite/95┬╖p-5┬╖backdrop-b
lur-xl┬╖transition-all┬╖
duration-300┬╖dark:bg-da
rk-200/95┬╖${isActive┬╖?
┬╖'translate-y-0┬╖opacit
y-100'┬╖:┬╖'pointer-even
ts-none┬╖translate-y-2┬╖
opacity-0'` with `┬╖┬╖┬╖
┬╖┬╖┬╖┬╖┬╖┬╖┬╖┬╖┬╖┬╖┬╖┬╖
┬╖┬╖┬╖┬╖┬╖┬╖┬╖className=
{`absolute┬╖inset-0┬╖z-2
0┬╖rounded-3xl┬╖border┬╖
border-primary/35┬╖bg-wh
ite/95┬╖p-5┬╖backdrop-bl
ur-xl┬╖transition-all┬╖d
uration-300┬╖dark:bg-dar
k-200/95┬╖${ΓÉìΓÅÄ┬╖┬╖┬╖
┬╖┬╖┬╖┬╖┬╖┬╖┬╖┬╖┬╖┬╖┬╖┬╖
┬╖┬╖┬╖┬╖┬╖┬╖┬╖┬╖┬╖isActi
ve┬╖?┬╖'translate-y-0┬╖o
pacity-100'┬╖:┬╖'pointer
-events-none┬╖translate-
y-2┬╖opacity-0'ΓÉì`  
prettier/prettier
540:23  Error: Replace `
┬╖┬╖┬╖┬╖┬╖┬╖┬╖┬╖┬╖┬╖┬╖┬╖
┬╖┬╖┬╖┬╖┬╖┬╖┬╖┬╖┬╖┬╖┬╖┬╖
┬╖┬╖}`}ΓÅÄ┬╖┬╖┬╖┬╖┬╖┬╖┬╖
┬╖┬╖┬╖┬╖┬╖┬╖┬╖┬╖┬╖┬╖┬╖┬╖
┬╖┬╖┬╖┬╖┬╖┬╖┬╖┬╖┬╖┬╖┬╖┬╖
┬╖┬╖┬╖┬╖┬╖┬╖┬╖┬╖┬╖>` 
with `}`}>ΓÉì`  
prettier/prettier
542:1  Error: Replace `┬
╖┬╖┬╖┬╖┬╖┬╖┬╖┬╖┬╖┬╖┬╖┬╖┬
╖┬╖┬╖┬╖┬╖┬╖┬╖┬╖┬╖┬╖┬╖┬╖┬
╖┬╖┬╖┬╖┬╖┬╖┬╖┬╖┬╖┬╖┬╖┬╖┬
╖┬╖┬╖┬╖┬╖┬╖┬╖┬╖<div┬╖cla
ssName="flex┬╖items-star
t┬╖justify-between┬╖gap-
3">` with `┬╖┬╖┬╖┬╖┬╖┬╖┬
╖┬╖┬╖┬╖┬╖┬╖┬╖┬╖┬╖┬╖┬╖┬╖┬
╖┬╖┬╖┬╖<div┬╖className="
flex┬╖items-start┬╖justi
fy-between┬╖gap-3">ΓÉì` 
 prettier/prettier
543:1  Error: Replace `┬
╖┬╖┬╖┬╖┬╖┬╖┬╖┬╖┬╖┬╖┬╖┬╖┬
╖┬╖┬╖┬╖┬╖┬╖┬╖┬╖┬╖┬╖┬╖┬╖┬
╖┬╖┬╖┬╖┬╖┬╖┬╖┬╖┬╖┬╖┬╖┬╖┬
╖┬╖┬╖┬╖┬╖┬╖┬╖┬╖┬╖┬╖┬╖┬╖<
p┬╖className="text-[10px
]┬╖font-semibold┬╖tracki
ng-[0.14em]┬╖text-paragr
aph-light┬╖dark:text-whi
te/55">` with `┬╖┬╖┬╖┬╖┬
╖┬╖┬╖┬╖┬╖┬╖┬╖┬╖┬╖┬╖┬╖┬╖┬
╖┬╖┬╖┬╖┬╖┬╖┬╖┬╖<p┬╖class
Name="text-[10px]┬╖font-
semibold┬╖tracking-[0.14
em]┬╖text-paragraph-ligh
t┬╖dark:text-white/55">Γ
Éì`  prettier/prettier
544:1  Error: Replace `┬
╖┬╖┬╖┬╖┬╖┬╖┬╖┬╖┬╖┬╖┬╖┬╖┬
╖┬╖┬╖┬╖┬╖┬╖┬╖┬╖┬╖┬╖┬╖┬╖┬
╖┬╖┬╖┬╖┬╖┬╖┬╖┬╖┬╖┬╖┬╖┬╖┬
╖┬╖┬╖┬╖┬╖┬╖┬╖┬╖┬╖┬╖┬╖┬╖┬
╖┬╖┬╖┬╖{featureCopy.deta
ilHeading}` with `┬╖┬╖┬╖
┬╖┬╖┬╖┬╖┬╖┬╖┬╖┬╖┬╖┬╖┬╖┬╖
┬╖┬╖┬╖┬╖┬╖┬╖┬╖┬╖┬╖┬╖┬╖{f
eatureCopy.detailHeading
}ΓÉì`  prettier/prettier
545:25  Error: Replace `
┬╖┬╖┬╖┬╖┬╖┬╖┬╖┬╖┬╖┬╖┬╖┬╖
┬╖┬╖┬╖┬╖┬╖┬╖┬╖┬╖┬╖┬╖┬╖┬╖
</p>` with `</p>ΓÉì`  
prettier/prettier
546:1  Error: Replace `┬
╖┬╖┬╖┬╖┬╖┬╖┬╖┬╖┬╖┬╖┬╖┬╖┬
╖┬╖┬╖┬╖┬╖┬╖┬╖┬╖┬╖┬╖┬╖┬╖┬
╖┬╖┬╖┬╖┬╖┬╖┬╖┬╖┬╖┬╖┬╖┬╖┬
╖┬╖┬╖┬╖┬╖┬╖┬╖┬╖┬╖┬╖┬╖┬╖<
button` with `┬╖┬╖┬╖┬╖┬╖
┬╖┬╖┬╖┬╖┬╖┬╖┬╖┬╖┬╖┬╖┬╖┬╖
┬╖┬╖┬╖┬╖┬╖┬╖┬╖<buttonΓÉì
`  prettier/prettier
547:1  Error: Replace `┬
╖┬╖┬╖┬╖┬╖┬╖┬╖┬╖┬╖┬╖┬╖┬╖┬
╖┬╖┬╖┬╖┬╖┬╖┬╖┬╖┬╖┬╖┬╖┬╖┬
╖┬╖┬╖┬╖┬╖┬╖┬╖┬╖┬╖┬╖┬╖┬╖┬
╖┬╖┬╖┬╖┬╖┬╖┬╖┬╖┬╖┬╖┬╖┬╖┬
╖┬╖┬╖┬╖type="button"` 
with `┬╖┬╖┬╖┬╖┬╖┬╖┬╖┬╖┬╖
┬╖┬╖┬╖┬╖┬╖┬╖┬╖┬╖┬╖┬╖┬╖┬╖
┬╖┬╖┬╖┬╖┬╖type="button"Γ
Éì`  prettier/prettier
548:1  Error: Replace `┬
╖┬╖┬╖┬╖┬╖┬╖┬╖┬╖┬╖┬╖┬╖┬╖┬
╖┬╖┬╖┬╖┬╖┬╖┬╖┬╖┬╖┬╖┬╖┬╖┬
╖┬╖┬╖┬╖┬╖┬╖┬╖┬╖┬╖┬╖┬╖┬╖┬
╖┬╖┬╖┬╖┬╖┬╖┬╖┬╖┬╖┬╖┬╖┬╖┬
╖┬╖┬╖┬╖onClick={(event)┬
╖=>┬╖{` with `┬╖┬╖┬╖┬╖┬╖
┬╖┬╖┬╖┬╖┬╖┬╖┬╖┬╖┬╖┬╖┬╖┬╖
┬╖┬╖┬╖┬╖┬╖┬╖┬╖┬╖┬╖onClic
k={(event)┬╖=>┬╖{ΓÉì`  
prettier/prettier
549:1  Error: Replace `┬
╖┬╖┬╖┬╖┬╖┬╖┬╖┬╖┬╖┬╖┬╖┬╖┬
╖┬╖┬╖┬╖┬╖┬╖┬╖┬╖┬╖┬╖┬╖┬╖┬
╖┬╖┬╖┬╖┬╖┬╖┬╖┬╖┬╖┬╖┬╖┬╖┬
╖┬╖┬╖┬╖┬╖┬╖┬╖┬╖┬╖┬╖┬╖┬╖┬
╖┬╖┬╖┬╖┬╖┬╖┬╖┬╖event.sto
pPropagation()` with `┬╖
┬╖┬╖┬╖┬╖┬╖┬╖┬╖┬╖┬╖┬╖┬╖┬╖
┬╖┬╖┬╖┬╖┬╖┬╖┬╖┬╖┬╖┬╖┬╖┬╖
┬╖┬╖┬╖event.stopPropagat
ion()ΓÉì`  
prettier/prettier
550:1  Error: Replace `┬
╖┬╖┬╖┬╖┬╖┬╖┬╖┬╖┬╖┬╖┬╖┬╖┬
╖┬╖┬╖┬╖┬╖┬╖┬╖┬╖┬╖┬╖┬╖┬╖┬
╖┬╖┬╖┬╖┬╖┬╖┬╖┬╖┬╖┬╖┬╖┬╖┬
╖┬╖┬╖┬╖┬╖┬╖┬╖┬╖┬╖┬╖┬╖┬╖┬
╖┬╖┬╖┬╖┬╖┬╖┬╖┬╖setActive
FeatureIndex(null)` 
with `┬╖┬╖┬╖┬╖┬╖┬╖┬╖┬╖┬╖
┬╖┬╖┬╖┬╖┬╖┬╖┬╖┬╖┬╖┬╖┬╖┬╖
┬╖┬╖┬╖┬╖┬╖┬╖┬╖setActiveF
eatureIndex(null)ΓÉì`  
prettier/prettier
551:1  Error: Replace `┬
╖┬╖┬╖┬╖┬╖┬╖┬╖┬╖┬╖┬╖┬╖┬╖┬
╖┬╖┬╖┬╖┬╖┬╖┬╖┬╖┬╖┬╖┬╖┬╖┬
╖┬╖┬╖┬╖┬╖┬╖┬╖┬╖┬╖┬╖┬╖┬╖┬
╖┬╖┬╖┬╖┬╖┬╖┬╖┬╖┬╖┬╖┬╖┬╖┬
╖┬╖┬╖┬╖}}` with `┬╖┬╖┬╖┬
╖┬╖┬╖┬╖┬╖┬╖┬╖┬╖┬╖┬╖┬╖┬╖┬
╖┬╖┬╖┬╖┬╖┬╖┬╖┬╖┬╖┬╖┬╖}}Γ
Éì`  prettier/prettier
552:1  Error: Replace `┬
╖┬╖┬╖┬╖┬╖┬╖┬╖┬╖┬╖┬╖┬╖┬╖┬
╖┬╖┬╖┬╖┬╖┬╖┬╖┬╖┬╖┬╖┬╖┬╖┬
╖┬╖┬╖┬╖┬╖┬╖┬╖┬╖┬╖┬╖┬╖┬╖┬
╖┬╖┬╖┬╖┬╖┬╖┬╖┬╖┬╖┬╖┬╖┬╖┬
╖┬╖┬╖┬╖className="rounde
d-full┬╖border┬╖border-b
orderColor/80┬╖px-2.5┬╖p
y-1┬╖text-[10px]┬╖font-s
emibold┬╖uppercase┬╖trac
king-[0.1em]┬╖text-parag
raph-light┬╖transition-c
olors┬╖hover:border-prim
ary┬╖hover:text-primary┬
╖dark:border-borderColor
-dark┬╖dark:text-white/6
0"ΓÅÄ┬╖┬╖┬╖┬╖┬╖┬╖┬╖┬╖┬╖┬
╖┬╖┬╖┬╖┬╖┬╖┬╖┬╖┬╖┬╖┬╖┬╖┬
╖┬╖┬╖┬╖┬╖┬╖┬╖┬╖┬╖┬╖┬╖┬╖┬
╖┬╖┬╖┬╖┬╖┬╖┬╖┬╖┬╖┬╖┬╖┬╖┬
╖┬╖┬╖>` with `┬╖┬╖┬╖┬╖┬╖
┬╖┬╖┬╖┬╖┬╖┬╖┬╖┬╖┬╖┬╖┬╖┬╖
┬╖┬╖┬╖┬╖┬╖┬╖┬╖┬╖┬╖classN
ame="rounded-full┬╖borde
r┬╖border-borderColor/80
┬╖px-2.5┬╖py-1┬╖text-[10
px]┬╖font-semibold┬╖uppe
rcase┬╖tracking-[0.1em]┬
╖text-paragraph-light┬╖t
ransition-colors┬╖hover:
border-primary┬╖hover:te
xt-primary┬╖dark:border-
borderColor-dark┬╖dark:t
ext-white/60">ΓÉì`  
prettier/prettier
554:1  Error: Replace `┬
╖┬╖┬╖┬╖┬╖┬╖┬╖┬╖┬╖┬╖┬╖┬╖┬
╖┬╖┬╖┬╖┬╖┬╖┬╖┬╖┬╖┬╖┬╖┬╖┬
╖┬╖┬╖┬╖┬╖┬╖┬╖┬╖┬╖┬╖┬╖┬╖┬
╖┬╖┬╖┬╖┬╖┬╖┬╖┬╖┬╖┬╖┬╖┬╖┬
╖┬╖┬╖┬╖{featureCopy.coll
apseLabel}` with `┬╖┬╖┬╖
┬╖┬╖┬╖┬╖┬╖┬╖┬╖┬╖┬╖┬╖┬╖┬╖
┬╖┬╖┬╖┬╖┬╖┬╖┬╖┬╖┬╖┬╖┬╖{f
eatureCopy.collapseLabel
}ΓÉì`  prettier/prettier
555:1  Error: Replace `┬
╖┬╖┬╖┬╖┬╖┬╖┬╖┬╖┬╖┬╖┬╖┬╖┬
╖┬╖┬╖┬╖┬╖┬╖┬╖┬╖┬╖┬╖┬╖┬╖┬
╖┬╖┬╖┬╖┬╖┬╖┬╖┬╖┬╖┬╖┬╖┬╖┬
╖┬╖┬╖┬╖┬╖┬╖┬╖┬╖┬╖┬╖┬╖┬╖<
/button>` with `┬╖┬╖┬╖┬╖
┬╖┬╖┬╖┬╖┬╖┬╖┬╖┬╖┬╖┬╖┬╖┬╖
┬╖┬╖┬╖┬╖┬╖┬╖┬╖┬╖</button
>ΓÉì`  prettier/prettier
556:1  Error: Replace `┬
╖┬╖┬╖┬╖┬╖┬╖┬╖┬╖┬╖┬╖┬╖┬╖┬
╖┬╖┬╖┬╖┬╖┬╖┬╖┬╖┬╖┬╖┬╖┬╖┬
╖┬╖┬╖┬╖┬╖┬╖┬╖┬╖┬╖┬╖┬╖┬╖┬
╖┬╖┬╖┬╖┬╖┬╖┬╖┬╖</div>` 
with `┬╖┬╖┬╖┬╖┬╖┬╖┬╖┬╖┬╖
┬╖┬╖┬╖┬╖┬╖┬╖┬╖┬╖┬╖┬╖┬╖┬╖
┬╖</div>ΓÉì`  
prettier/prettier
557:1  Error: Replace `┬
╖┬╖┬╖┬╖┬╖┬╖┬╖┬╖┬╖┬╖┬╖┬╖┬
╖┬╖┬╖┬╖┬╖┬╖┬╖┬╖┬╖┬╖┬╖┬╖┬
╖┬╖┬╖┬╖┬╖┬╖┬╖┬╖┬╖┬╖┬╖┬╖┬
╖┬╖┬╖┬╖┬╖┬╖┬╖┬╖<h4┬╖clas
sName="mt-2┬╖text-sm┬╖fo
nt-semibold┬╖text-paragr
aph┬╖dark:text-white">{f
eature.title}</h4>` 
with `┬╖┬╖┬╖┬╖┬╖┬╖┬╖┬╖┬╖
┬╖┬╖┬╖┬╖┬╖┬╖┬╖┬╖┬╖┬╖┬╖┬╖
┬╖<h4┬╖className="mt-2┬╖
text-sm┬╖font-semibold┬╖
text-paragraph┬╖dark:tex
t-white">{feature.title}
</h4>ΓÉì`  
prettier/prettier
558:1  Error: Replace `┬
╖┬╖┬╖┬╖┬╖┬╖┬╖┬╖┬╖┬╖┬╖┬╖┬
╖┬╖┬╖┬╖┬╖┬╖┬╖┬╖┬╖┬╖┬╖┬╖┬
╖┬╖┬╖┬╖┬╖┬╖┬╖┬╖┬╖┬╖┬╖┬╖┬
╖┬╖┬╖┬╖┬╖┬╖┬╖┬╖<p┬╖class
Name="mt-2┬╖text-xs┬╖lea
ding-relaxed┬╖text-parag
raph-light┬╖dark:text-wh
ite/75">` with `┬╖┬╖┬╖┬╖
┬╖┬╖┬╖┬╖┬╖┬╖┬╖┬╖┬╖┬╖┬╖┬╖
┬╖┬╖┬╖┬╖┬╖┬╖<p┬╖classNam
e="mt-2┬╖text-xs┬╖leadin
g-relaxed┬╖text-paragrap
h-light┬╖dark:text-white
/75">ΓÉì`  
prettier/prettier
559:1  Error: Replace `┬
╖┬╖┬╖┬╖┬╖┬╖┬╖┬╖┬╖┬╖┬╖┬╖┬
╖┬╖┬╖┬╖┬╖┬╖┬╖┬╖┬╖┬╖┬╖┬╖┬
╖┬╖┬╖┬╖┬╖┬╖┬╖┬╖┬╖┬╖┬╖┬╖┬
╖┬╖┬╖┬╖┬╖┬╖┬╖┬╖┬╖┬╖┬╖┬╖{
featureDetails?.summary┬
╖??┬╖feature.description
}` with `┬╖┬╖┬╖┬╖┬╖┬╖┬╖┬
╖┬╖┬╖┬╖┬╖┬╖┬╖┬╖┬╖┬╖┬╖┬╖┬
╖┬╖┬╖┬╖┬╖{featureDetails
?.summary┬╖??┬╖feature.d
escription}ΓÉì`  
prettier/prettier
560:1  Error: Replace `┬
╖┬╖┬╖┬╖┬╖┬╖┬╖┬╖┬╖┬╖┬╖┬╖┬
╖┬╖┬╖┬╖┬╖┬╖┬╖┬╖┬╖┬╖┬╖┬╖┬
╖┬╖┬╖┬╖┬╖┬╖┬╖┬╖┬╖┬╖┬╖┬╖┬
╖┬╖┬╖┬╖┬╖┬╖┬╖┬╖</p>` 
with `┬╖┬╖┬╖┬╖┬╖┬╖┬╖┬╖┬╖
┬╖┬╖┬╖┬╖┬╖┬╖┬╖┬╖┬╖┬╖┬╖┬╖
┬╖</p>ΓÉì`  
prettier/prettier
561:1  Error: Replace `┬
╖┬╖┬╖┬╖┬╖┬╖┬╖┬╖┬╖┬╖┬╖┬╖┬
╖┬╖┬╖┬╖┬╖┬╖┬╖┬╖┬╖┬╖┬╖┬╖┬
╖┬╖┬╖┬╖┬╖┬╖┬╖┬╖┬╖┬╖┬╖┬╖┬
╖┬╖┬╖┬╖┬╖┬╖┬╖┬╖<ul┬╖clas
sName="mt-3┬╖space-y-1.5
">` with `┬╖┬╖┬╖┬╖┬╖┬╖┬╖
┬╖┬╖┬╖┬╖┬╖┬╖┬╖┬╖┬╖┬╖┬╖┬╖
┬╖┬╖┬╖<ul┬╖className="mt
-3┬╖space-y-1.5">ΓÉì`  
prettier/prettier
562:1  Error: Replace `┬
╖┬╖┬╖┬╖┬╖┬╖┬╖┬╖┬╖┬╖┬╖┬╖┬
╖┬╖┬╖┬╖┬╖┬╖┬╖┬╖┬╖┬╖┬╖┬╖┬
╖┬╖┬╖┬╖┬╖┬╖┬╖┬╖┬╖┬╖┬╖┬╖┬
╖┬╖┬╖┬╖┬╖┬╖┬╖┬╖┬╖┬╖┬╖┬╖{
(featureDetails?.points┬
╖??┬╖[]).map((point)┬╖=>
┬╖(` with `┬╖┬╖┬╖┬╖┬╖┬╖┬
╖┬╖┬╖┬╖┬╖┬╖┬╖┬╖┬╖┬╖┬╖┬╖┬
╖┬╖┬╖┬╖┬╖┬╖{(featureDeta
ils?.points┬╖??┬╖[]).map
((point)┬╖=>┬╖(ΓÉì`  
prettier/prettier
563:1  Error: Replace `┬
╖┬╖┬╖┬╖┬╖┬╖┬╖┬╖┬╖┬╖┬╖┬╖┬
╖┬╖┬╖┬╖┬╖┬╖┬╖┬╖┬╖┬╖┬╖┬╖┬
╖┬╖┬╖┬╖┬╖┬╖┬╖┬╖┬╖┬╖┬╖┬╖┬
╖┬╖┬╖┬╖┬╖┬╖┬╖┬╖┬╖┬╖┬╖┬╖┬
╖┬╖┬╖┬╖<li` with `┬╖┬╖┬╖
┬╖┬╖┬╖┬╖┬╖┬╖┬╖┬╖┬╖┬╖┬╖┬╖
┬╖┬╖┬╖┬╖┬╖┬╖┬╖┬╖┬╖┬╖┬╖<l
iΓÉì`  prettier/prettier
564:1  Error: Replace `┬
╖┬╖┬╖┬╖┬╖┬╖┬╖┬╖┬╖┬╖┬╖┬╖┬
╖┬╖┬╖┬╖┬╖┬╖┬╖┬╖┬╖┬╖┬╖┬╖┬
╖┬╖┬╖┬╖┬╖┬╖┬╖┬╖┬╖┬╖┬╖┬╖┬
╖┬╖┬╖┬╖┬╖┬╖┬╖┬╖┬╖┬╖┬╖┬╖┬
╖┬╖┬╖┬╖┬╖┬╖┬╖┬╖key={poin
t}` with `┬╖┬╖┬╖┬╖┬╖┬╖┬╖
┬╖┬╖┬╖┬╖┬╖┬╖┬╖┬╖┬╖┬╖┬╖┬╖
┬╖┬╖┬╖┬╖┬╖┬╖┬╖┬╖┬╖key={p
oint}ΓÉì`  
prettier/prettier
565:1  Error: Replace `┬
╖┬╖┬╖┬╖┬╖┬╖┬╖┬╖┬╖┬╖┬╖┬╖┬
╖┬╖┬╖┬╖┬╖┬╖┬╖┬╖┬╖┬╖┬╖┬╖┬
╖┬╖┬╖┬╖┬╖┬╖┬╖┬╖┬╖┬╖┬╖┬╖┬
╖┬╖┬╖┬╖┬╖┬╖┬╖┬╖┬╖┬╖┬╖┬╖┬
╖┬╖┬╖┬╖┬╖┬╖┬╖┬╖className
="rounded-lg┬╖border┬╖bo
rder-borderColor/70┬╖bg-
white/75┬╖px-2.5┬╖py-1.5
┬╖text-[11px]┬╖leading-r
elaxed┬╖text-paragraph-l
ight┬╖dark:border-border
Color-dark┬╖dark:bg-dark
-100/70┬╖dark:text-white
/70"ΓÅÄ┬╖┬╖┬╖┬╖┬╖┬╖┬╖┬╖┬
╖┬╖┬╖┬╖┬╖┬╖┬╖┬╖┬╖┬╖┬╖┬╖┬
╖┬╖┬╖┬╖┬╖┬╖┬╖┬╖┬╖┬╖┬╖┬╖┬
╖┬╖┬╖┬╖┬╖┬╖┬╖┬╖┬╖┬╖┬╖┬╖┬
╖┬╖┬╖┬╖┬╖┬╖┬╖┬╖>` with `
┬╖┬╖┬╖┬╖┬╖┬╖┬╖┬╖┬╖┬╖┬╖┬╖
┬╖┬╖┬╖┬╖┬╖┬╖┬╖┬╖┬╖┬╖┬╖┬╖
┬╖┬╖┬╖┬╖className="round
ed-lg┬╖border┬╖border-bo
rderColor/70┬╖bg-white/7
5┬╖px-2.5┬╖py-1.5┬╖text-
[11px]┬╖leading-relaxed┬
╖text-paragraph-light┬╖d
ark:border-borderColor-d
ark┬╖dark:bg-dark-100/70
┬╖dark:text-white/70">ΓÉ
ì`  prettier/prettier
567:1  Error: Replace `┬
╖┬╖┬╖┬╖┬╖┬╖┬╖┬╖┬╖┬╖┬╖┬╖┬
╖┬╖┬╖┬╖┬╖┬╖┬╖┬╖┬╖┬╖┬╖┬╖┬
╖┬╖┬╖┬╖┬╖┬╖┬╖┬╖┬╖┬╖┬╖┬╖┬
╖┬╖┬╖┬╖┬╖┬╖┬╖┬╖┬╖┬╖┬╖┬╖┬
╖┬╖┬╖┬╖┬╖┬╖┬╖┬╖{point}` 
with `┬╖┬╖┬╖┬╖┬╖┬╖┬╖┬╖┬╖
┬╖┬╖┬╖┬╖┬╖┬╖┬╖┬╖┬╖┬╖┬╖┬╖
┬╖┬╖┬╖┬╖┬╖┬╖┬╖{point}ΓÉì
`  prettier/prettier
568:1  Error: Replace `┬
╖┬╖┬╖┬╖┬╖┬╖┬╖┬╖┬╖┬╖┬╖┬╖┬
╖┬╖┬╖┬╖┬╖┬╖┬╖┬╖┬╖┬╖┬╖┬╖┬
╖┬╖┬╖┬╖┬╖┬╖┬╖┬╖┬╖┬╖┬╖┬╖┬
╖┬╖┬╖┬╖┬╖┬╖┬╖┬╖┬╖┬╖┬╖┬╖┬
╖┬╖┬╖┬╖</li>` with `┬╖┬╖
┬╖┬╖┬╖┬╖┬╖┬╖┬╖┬╖┬╖┬╖┬╖┬╖
┬╖┬╖┬╖┬╖┬╖┬╖┬╖┬╖┬╖┬╖┬╖┬╖
</li>ΓÉì`  
prettier/prettier
569:1  Error: Replace `┬
╖┬╖┬╖┬╖┬╖┬╖┬╖┬╖┬╖┬╖┬╖┬╖┬
╖┬╖┬╖┬╖┬╖┬╖┬╖┬╖┬╖┬╖┬╖┬╖┬
╖┬╖┬╖┬╖┬╖┬╖┬╖┬╖┬╖┬╖┬╖┬╖┬
╖┬╖┬╖┬╖┬╖┬╖┬╖┬╖┬╖┬╖┬╖┬╖)
)}` with `┬╖┬╖┬╖┬╖┬╖┬╖┬╖
┬╖┬╖┬╖┬╖┬╖┬╖┬╖┬╖┬╖┬╖┬╖┬╖
┬╖┬╖┬╖┬╖┬╖))}ΓÉì`  
prettier/prettier
570:1  Error: Replace `┬
╖┬╖┬╖┬╖┬╖┬╖┬╖┬╖┬╖┬╖┬╖┬╖┬
╖┬╖┬╖┬╖┬╖┬╖┬╖┬╖┬╖┬╖┬╖┬╖┬
╖┬╖┬╖┬╖┬╖┬╖┬╖┬╖┬╖┬╖┬╖┬╖┬
╖┬╖┬╖┬╖┬╖┬╖┬╖┬╖</ul>` 
with `┬╖┬╖┬╖┬╖┬╖┬╖┬╖┬╖┬╖
┬╖┬╖┬╖┬╖┬╖┬╖┬╖┬╖┬╖┬╖┬╖┬╖
┬╖</ul>ΓÉì`  
prettier/prettier
571:1  Error: Replace `┬
╖┬╖┬╖┬╖┬╖┬╖┬╖┬╖┬╖┬╖┬╖┬╖┬
╖┬╖┬╖┬╖┬╖┬╖┬╖┬╖┬╖┬╖┬╖┬╖┬
╖┬╖┬╖┬╖┬╖┬╖┬╖┬╖┬╖┬╖┬╖┬╖┬
╖┬╖┬╖┬╖</div>` with `┬╖┬
╖┬╖┬╖┬╖┬╖┬╖┬╖┬╖┬╖┬╖┬╖┬╖┬
╖┬╖┬╖┬╖┬╖┬╖┬╖</div>ΓÉì` 
 prettier/prettier
572:1  Error: Replace `┬
╖┬╖┬╖┬╖┬╖┬╖┬╖┬╖┬╖┬╖┬╖┬╖┬
╖┬╖┬╖┬╖┬╖┬╖┬╖┬╖┬╖┬╖┬╖┬╖┬
╖┬╖┬╖┬╖┬╖┬╖┬╖┬╖┬╖┬╖┬╖┬╖<
/article>` with `┬╖┬╖┬╖┬
╖┬╖┬╖┬╖┬╖┬╖┬╖┬╖┬╖┬╖┬╖┬╖┬
╖┬╖┬╖</article>ΓÉì`  
prettier/prettier
573:1  Error: Replace `┬
╖┬╖┬╖┬╖┬╖┬╖┬╖┬╖┬╖┬╖┬╖┬╖┬
╖┬╖┬╖┬╖┬╖┬╖┬╖┬╖┬╖┬╖┬╖┬╖┬
╖┬╖┬╖┬╖┬╖┬╖┬╖┬╖)` with `
┬╖┬╖┬╖┬╖┬╖┬╖┬╖┬╖┬╖┬╖┬╖┬╖
┬╖┬╖┬╖┬╖)ΓÉì`  
prettier/prettier
574:1  Error: Replace `┬
╖┬╖┬╖┬╖┬╖┬╖┬╖┬╖┬╖┬╖┬╖┬╖┬
╖┬╖┬╖┬╖┬╖┬╖┬╖┬╖┬╖┬╖┬╖┬╖┬
╖┬╖┬╖┬╖})}` with `┬╖┬╖┬╖
┬╖┬╖┬╖┬╖┬╖┬╖┬╖┬╖┬╖┬╖┬╖})
}ΓÉì`  prettier/prettier
575:1  Error: Replace `┬
╖┬╖┬╖┬╖┬╖┬╖┬╖┬╖┬╖┬╖┬╖┬╖┬
╖┬╖┬╖┬╖┬╖┬╖┬╖┬╖┬╖┬╖┬╖┬╖<
/div>` with `┬╖┬╖┬╖┬╖┬╖┬
╖┬╖┬╖┬╖┬╖┬╖┬╖</div>ΓÉì` 
 prettier/prettier
576:1  Error: Replace `┬
╖┬╖┬╖┬╖┬╖┬╖┬╖┬╖┬╖┬╖┬╖┬╖┬
╖┬╖┬╖┬╖┬╖┬╖┬╖┬╖</div>` 
with `┬╖┬╖┬╖┬╖┬╖┬╖┬╖┬╖┬╖
┬╖</div>ΓÉì`  
prettier/prettier
577:1  Error: Replace `┬
╖┬╖┬╖┬╖┬╖┬╖┬╖┬╖┬╖┬╖┬╖┬╖┬
╖┬╖┬╖┬╖</section>` with 
`┬╖┬╖┬╖┬╖┬╖┬╖┬╖┬╖</secti
on>ΓÉì`  
prettier/prettier
579:1  Error: Delete 
`┬╖┬╖┬╖┬╖┬╖┬╖┬╖┬╖`  
prettier/prettier
580:1  Error: Replace `┬
╖┬╖┬╖┬╖┬╖┬╖┬╖┬╖┬╖┬╖┬╖┬╖┬
╖┬╖┬╖┬╖` with 
`┬╖┬╖┬╖┬╖┬╖┬╖┬╖┬╖`  
prettier/prettier
582:1  Error: Replace `┬
╖┬╖┬╖┬╖┬╖┬╖┬╖┬╖┬╖┬╖┬╖┬╖┬
╖┬╖┬╖┬╖` with 
`┬╖┬╖┬╖┬╖┬╖┬╖┬╖┬╖`  
prettier/prettier
583:1  Error: Delete 
`┬╖┬╖┬╖┬╖┬╖┬╖┬╖┬╖`  
prettier/prettier
584:1  Error: Replace `┬
╖┬╖┬╖┬╖┬╖┬╖┬╖┬╖┬╖┬╖┬╖┬╖┬
╖┬╖┬╖┬╖┬╖┬╖┬╖┬╖` with 
`┬╖┬╖┬╖┬╖┬╖┬╖┬╖┬╖┬╖┬╖`  
prettier/prettier
585:1  Error: Replace `┬
╖┬╖┬╖┬╖┬╖┬╖┬╖┬╖┬╖┬╖┬╖┬╖┬
╖┬╖┬╖┬╖┬╖┬╖┬╖┬╖┬╖┬╖┬╖┬╖`
 with `┬╖┬╖┬╖┬╖┬╖┬╖┬╖┬╖┬
╖┬╖┬╖┬╖`  
prettier/prettier
586:1  Error: Delete `┬╖
┬╖┬╖┬╖┬╖┬╖┬╖┬╖┬╖┬╖┬╖┬╖┬╖
┬╖`  prettier/prettier
587:1  Error: Replace `┬
╖┬╖┬╖┬╖┬╖┬╖┬╖┬╖┬╖┬╖┬╖┬╖┬
╖┬╖┬╖┬╖┬╖┬╖┬╖┬╖┬╖┬╖┬╖┬╖┬
╖┬╖┬╖┬╖┬╖┬╖┬╖┬╖` with `┬
╖┬╖┬╖┬╖┬╖┬╖┬╖┬╖┬╖┬╖┬╖┬╖┬
╖┬╖┬╖┬╖`  
prettier/prettier
588:1  Error: Replace `┬
╖┬╖┬╖┬╖┬╖┬╖┬╖┬╖┬╖┬╖┬╖┬╖┬
╖┬╖┬╖┬╖┬╖┬╖┬╖┬╖┬╖┬╖┬╖┬╖┬
╖┬╖┬╖┬╖` with `┬╖┬╖┬╖┬╖┬
╖┬╖┬╖┬╖┬╖┬╖┬╖┬╖┬╖┬╖`  
prettier/prettier
589:1  Error: Delete `┬╖
┬╖┬╖┬╖┬╖┬╖┬╖┬╖┬╖┬╖┬╖┬╖┬╖
┬╖`  prettier/prettier
590:17  Error: Replace `
┬╖┬╖┬╖┬╖┬╖┬╖┬╖┬╖┬╖┬╖┬╖┬╖
┬╖┬╖┬╖┬╖{t.useCases.titl
e}{'┬╖'}ΓÉìΓÅÄ┬╖┬╖┬╖┬╖┬╖
┬╖┬╖┬╖┬╖┬╖┬╖┬╖┬╖┬╖┬╖┬╖┬╖
┬╖┬╖┬╖┬╖┬╖┬╖┬╖┬╖┬╖┬╖┬╖┬╖
┬╖┬╖` with 
`{t.useCases.title}`  
prettier/prettier
592:1  Error: Replace `┬
╖┬╖┬╖┬╖┬╖┬╖┬╖┬╖┬╖┬╖┬╖┬╖┬
╖┬╖┬╖┬╖┬╖┬╖┬╖┬╖┬╖┬╖┬╖┬╖┬
╖┬╖┬╖┬╖` with `┬╖┬╖┬╖┬╖┬
╖┬╖┬╖┬╖┬╖┬╖┬╖┬╖┬╖┬╖`  
prettier/prettier
593:1  Error: Replace `┬
╖┬╖┬╖┬╖┬╖┬╖┬╖┬╖┬╖┬╖┬╖┬╖┬
╖┬╖┬╖┬╖┬╖┬╖┬╖┬╖┬╖┬╖┬╖┬╖┬
╖┬╖┬╖┬╖<p┬╖className="mt
-5┬╖max-w-[760px]┬╖text-
lg┬╖text-paragraph-light
┬╖dark:text-white/80">ΓÉ
ìΓÅÄ┬╖┬╖┬╖┬╖┬╖┬╖┬╖┬╖┬╖┬╖
┬╖┬╖┬╖┬╖┬╖┬╖┬╖┬╖┬╖┬╖┬╖┬╖
┬╖┬╖┬╖┬╖┬╖┬╖┬╖┬╖┬╖┬╖{use
CasesIntro}ΓÉìΓÅÄ┬╖┬╖┬╖┬
╖┬╖┬╖┬╖┬╖┬╖┬╖┬╖┬╖┬╖┬╖┬╖┬
╖┬╖┬╖┬╖┬╖┬╖┬╖┬╖┬╖┬╖┬╖┬╖┬
╖` with `┬╖┬╖┬╖┬╖┬╖┬╖┬╖┬
╖┬╖┬╖┬╖┬╖┬╖┬╖<p┬╖classNa
me="mt-5┬╖max-w-[760px]┬
╖text-lg┬╖text-paragraph
-light┬╖dark:text-white/
80">{useCasesIntro}`  
prettier/prettier
596:1  Error: Replace `┬
╖┬╖┬╖┬╖┬╖┬╖┬╖┬╖┬╖┬╖┬╖┬╖┬
╖┬╖┬╖┬╖┬╖┬╖┬╖┬╖┬╖┬╖┬╖┬╖`
 with `┬╖┬╖┬╖┬╖┬╖┬╖┬╖┬╖┬
╖┬╖┬╖┬╖`  
prettier/prettier
598:1  Error: Replace `┬
╖┬╖┬╖┬╖┬╖┬╖┬╖┬╖┬╖┬╖┬╖┬╖┬
╖┬╖┬╖┬╖┬╖┬╖┬╖┬╖┬╖┬╖┬╖┬╖`
 with `┬╖┬╖┬╖┬╖┬╖┬╖┬╖┬╖┬
╖┬╖┬╖┬╖`  
prettier/prettier
599:1  Error: Replace `┬
╖┬╖┬╖┬╖┬╖┬╖┬╖┬╖┬╖┬╖┬╖┬╖┬
╖┬╖┬╖┬╖┬╖┬╖┬╖┬╖┬╖┬╖┬╖┬╖┬
╖┬╖┬╖┬╖<article┬╖classNa
me="relative┬╖overflow-h
idden┬╖rounded-3xl┬╖bord
er┬╖border-borderColor/8
0┬╖bg-white/80┬╖p-8┬╖sha
dow-[0_20px_50px_-30px_r
gba(15,23,42,0.25)]┬╖bac
kdrop-blur-xl┬╖dark:bord
er-borderColor-dark┬╖dar
k:bg-dark-200/80┬╖md:p-1
0">` with `┬╖┬╖┬╖┬╖┬╖┬╖┬
╖┬╖┬╖┬╖┬╖┬╖┬╖┬╖<article┬
╖className="relative┬╖ov
erflow-hidden┬╖rounded-3
xl┬╖border┬╖border-borde
rColor/80┬╖bg-white/80┬╖
p-8┬╖shadow-[0_20px_50px
_-30px_rgba(15,23,42,0.2
5)]┬╖backdrop-blur-xl┬╖d
ark:border-borderColor-d
ark┬╖dark:bg-dark-200/80
┬╖md:p-10">ΓÉì`  
prettier/prettier
600:1  Error: Replace `┬
╖┬╖┬╖┬╖┬╖┬╖┬╖┬╖┬╖┬╖┬╖┬╖┬
╖┬╖┬╖┬╖┬╖┬╖┬╖┬╖┬╖┬╖┬╖┬╖┬
╖┬╖┬╖┬╖┬╖┬╖┬╖┬╖` with `┬
╖┬╖┬╖┬╖┬╖┬╖┬╖┬╖┬╖┬╖┬╖┬╖┬
╖┬╖┬╖┬╖`  
prettier/prettier
601:1  Error: Replace `┬
╖┬╖┬╖┬╖┬╖┬╖┬╖┬╖┬╖┬╖┬╖┬╖┬
╖┬╖┬╖┬╖┬╖┬╖┬╖┬╖┬╖┬╖┬╖┬╖┬
╖┬╖┬╖┬╖┬╖┬╖┬╖┬╖` with `┬
╖┬╖┬╖┬╖┬╖┬╖┬╖┬╖┬╖┬╖┬╖┬╖┬
╖┬╖┬╖┬╖`  
prettier/prettier
602:1  Error: Replace `┬
╖┬╖┬╖┬╖┬╖┬╖┬╖┬╖┬╖┬╖┬╖┬╖┬
╖┬╖┬╖┬╖┬╖┬╖┬╖┬╖┬╖┬╖┬╖┬╖┬
╖┬╖┬╖┬╖┬╖┬╖┬╖┬╖┬╖┬╖┬╖┬╖`
 with `┬╖┬╖┬╖┬╖┬╖┬╖┬╖┬╖┬
╖┬╖┬╖┬╖┬╖┬╖┬╖┬╖┬╖┬╖`  
prettier/prettier
603:1  Error: Delete `┬╖
┬╖┬╖┬╖┬╖┬╖┬╖┬╖┬╖┬╖┬╖┬╖┬╖
┬╖┬╖┬╖┬╖┬╖┬╖┬╖`  
prettier/prettier
604:1  Error: Replace `┬
╖┬╖┬╖┬╖┬╖┬╖┬╖┬╖┬╖┬╖┬╖┬╖┬
╖┬╖┬╖┬╖┬╖┬╖┬╖┬╖┬╖┬╖┬╖┬╖┬
╖┬╖┬╖┬╖┬╖┬╖┬╖┬╖┬╖┬╖┬╖┬╖┬
╖┬╖┬╖┬╖┬╖┬╖┬╖┬╖` with `┬
╖┬╖┬╖┬╖┬╖┬╖┬╖┬╖┬╖┬╖┬╖┬╖┬
╖┬╖┬╖┬╖┬╖┬╖┬╖┬╖┬╖┬╖`  
prettier/prettier
605:21  Error: Delete `┬
╖┬╖┬╖┬╖┬╖┬╖┬╖┬╖┬╖┬╖┬╖┬╖┬
╖┬╖┬╖┬╖┬╖┬╖┬╖┬╖`  
prettier/prettier
606:1  Error: Replace `┬
╖┬╖┬╖┬╖┬╖┬╖┬╖┬╖┬╖┬╖┬╖┬╖┬
╖┬╖┬╖┬╖┬╖┬╖┬╖┬╖┬╖┬╖┬╖┬╖┬
╖┬╖┬╖┬╖┬╖┬╖┬╖┬╖┬╖┬╖┬╖┬╖┬
╖┬╖┬╖┬╖` with `┬╖┬╖┬╖┬╖┬
╖┬╖┬╖┬╖┬╖┬╖┬╖┬╖┬╖┬╖┬╖┬╖┬
╖┬╖┬╖┬╖`  
prettier/prettier
607:1  Error: Delete `┬╖
┬╖┬╖┬╖┬╖┬╖┬╖┬╖┬╖┬╖┬╖┬╖┬╖
┬╖┬╖┬╖┬╖┬╖┬╖┬╖┬╖┬╖`  
prettier/prettier
608:1  Error: Replace `┬
╖┬╖┬╖┬╖┬╖┬╖┬╖┬╖┬╖┬╖┬╖┬╖┬
╖┬╖┬╖┬╖┬╖┬╖┬╖┬╖┬╖┬╖┬╖┬╖┬
╖┬╖┬╖┬╖┬╖┬╖┬╖┬╖┬╖┬╖┬╖┬╖┬
╖┬╖┬╖┬╖┬╖┬╖┬╖┬╖┬╖┬╖┬╖┬╖`
 with `┬╖┬╖┬╖┬╖┬╖┬╖┬╖┬╖┬
╖┬╖┬╖┬╖┬╖┬╖┬╖┬╖┬╖┬╖┬╖┬╖┬
╖┬╖┬╖┬╖`  
prettier/prettier
609:23  Error: Delete `┬
╖┬╖┬╖┬╖┬╖┬╖┬╖┬╖┬╖┬╖┬╖┬╖┬
╖┬╖┬╖┬╖┬╖┬╖┬╖┬╖┬╖┬╖`  
prettier/prettier
610:1  Error: Replace `┬
╖┬╖┬╖┬╖┬╖┬╖┬╖┬╖┬╖┬╖┬╖┬╖┬
╖┬╖┬╖┬╖┬╖┬╖┬╖┬╖┬╖┬╖┬╖┬╖┬
╖┬╖┬╖┬╖┬╖┬╖┬╖┬╖┬╖┬╖┬╖┬╖┬
╖┬╖┬╖┬╖┬╖┬╖┬╖┬╖<h3┬╖clas
sName="mt-2┬╖text-2xl┬╖f
ont-bold┬╖text-paragraph
┬╖dark:text-white┬╖md:te
xt-3xl">{primaryUseCase.
title}</h3>` with `┬╖┬╖┬
╖┬╖┬╖┬╖┬╖┬╖┬╖┬╖┬╖┬╖┬╖┬╖┬
╖┬╖┬╖┬╖┬╖┬╖┬╖┬╖<h3┬╖clas
sName="mt-2┬╖text-2xl┬╖f
ont-bold┬╖text-paragraph
┬╖dark:text-white┬╖md:te
xt-3xl">ΓÉìΓÅÄ┬╖┬╖┬╖┬╖┬╖
┬╖┬╖┬╖┬╖┬╖┬╖┬╖┬╖┬╖┬╖┬╖┬╖
┬╖┬╖┬╖┬╖┬╖┬╖┬╖{primaryUs
eCase.title}`  
prettier/prettier
611:23  Error: Insert 
`</h3>ΓÉìΓÅÄ┬╖┬╖`  
prettier/prettier
612:1  Error: Replace `┬
╖┬╖┬╖┬╖┬╖┬╖┬╖┬╖┬╖┬╖┬╖┬╖┬
╖┬╖┬╖┬╖┬╖┬╖┬╖┬╖┬╖┬╖┬╖┬╖┬
╖┬╖┬╖┬╖┬╖┬╖┬╖┬╖┬╖┬╖┬╖┬╖`
 with `┬╖┬╖┬╖┬╖┬╖┬╖┬╖┬╖┬
╖┬╖┬╖┬╖┬╖┬╖┬╖┬╖┬╖┬╖`  
prettier/prettier
614:1  Error: Replace `┬
╖┬╖┬╖┬╖┬╖┬╖┬╖┬╖┬╖┬╖┬╖┬╖┬
╖┬╖┬╖┬╖┬╖┬╖┬╖┬╖┬╖┬╖┬╖┬╖┬
╖┬╖┬╖┬╖┬╖┬╖┬╖┬╖┬╖┬╖┬╖┬╖<
p┬╖className="mt-6┬╖text
-paragraph-light┬╖dark:t
ext-white/80┬╖leading-re
laxed">{primaryUseCase.d
escription}</p>ΓÉìΓÅÄ` 
with `┬╖┬╖┬╖┬╖┬╖┬╖┬╖┬╖┬╖
┬╖┬╖┬╖┬╖┬╖┬╖┬╖┬╖┬╖<p┬╖cl
assName="mt-6┬╖leading-r
elaxed┬╖text-paragraph-l
ight┬╖dark:text-white/80
">ΓÉìΓÅÄ┬╖┬╖┬╖┬╖┬╖┬╖┬╖┬╖
┬╖┬╖┬╖┬╖┬╖┬╖┬╖┬╖┬╖┬╖┬╖┬╖
{primaryUseCase.descript
ion}`  prettier/prettier
616:19  Error: Insert 
`</p>ΓÉìΓÅÄΓÉìΓÅÄ`  
prettier/prettier
617:1  Error: Replace `┬
╖┬╖┬╖┬╖┬╖┬╖┬╖┬╖┬╖┬╖┬╖┬╖┬
╖┬╖┬╖┬╖┬╖┬╖┬╖┬╖┬╖┬╖┬╖┬╖┬
╖┬╖┬╖┬╖┬╖┬╖┬╖┬╖┬╖┬╖┬╖┬╖┬
╖┬╖┬╖┬╖` with `┬╖┬╖┬╖┬╖┬
╖┬╖┬╖┬╖┬╖┬╖┬╖┬╖┬╖┬╖┬╖┬╖┬
╖┬╖┬╖┬╖`  
prettier/prettier
618:23  Error: Replace `
┬╖┬╖┬╖┬╖┬╖┬╖┬╖┬╖┬╖┬╖┬╖┬╖
┬╖┬╖┬╖┬╖┬╖┬╖┬╖┬╖┬╖┬╖<div
┬╖key={example}┬╖classNa
me="flex┬╖items-center┬╖
gap-2┬╖rounded-xl┬╖borde
r┬╖border-borderColor/80
┬╖bg-white/75┬╖px-3┬╖py-
2┬╖dark:border-borderCol
or-dark┬╖dark:bg-dark-10
0/70">` with `<divΓÉìΓÅÄ
┬╖┬╖┬╖┬╖┬╖┬╖┬╖┬╖┬╖┬╖┬╖┬╖
┬╖┬╖┬╖┬╖┬╖┬╖┬╖┬╖┬╖┬╖┬╖┬╖
key={example}ΓÉìΓÅÄ┬╖┬╖┬
╖┬╖┬╖┬╖┬╖┬╖┬╖┬╖┬╖┬╖┬╖┬╖┬
╖┬╖┬╖┬╖┬╖┬╖┬╖┬╖┬╖┬╖class
Name="flex┬╖items-center
┬╖gap-2┬╖rounded-xl┬╖bor
der┬╖border-borderColor/
80┬╖bg-white/75┬╖px-3┬╖p
y-2┬╖dark:border-borderC
olor-dark┬╖dark:bg-dark-
100/70">ΓÉì`  
prettier/prettier
619:1  Error: Replace `┬
╖┬╖┬╖┬╖┬╖┬╖┬╖┬╖┬╖┬╖┬╖┬╖┬
╖┬╖┬╖┬╖┬╖┬╖┬╖┬╖┬╖┬╖┬╖┬╖┬
╖┬╖┬╖┬╖┬╖┬╖┬╖┬╖┬╖┬╖┬╖┬╖┬
╖┬╖┬╖┬╖┬╖┬╖┬╖┬╖┬╖┬╖┬╖┬╖<
CheckCircle┬╖className="
h-4┬╖w-4┬╖text-primary"┬
╖weight="fill"┬╖/>` 
with `┬╖┬╖┬╖┬╖┬╖┬╖┬╖┬╖┬╖
┬╖┬╖┬╖┬╖┬╖┬╖┬╖┬╖┬╖┬╖┬╖┬╖
┬╖┬╖┬╖<CheckCircle┬╖clas
sName="h-4┬╖w-4┬╖text-pr
imary"┬╖weight="fill"┬╖/
>ΓÉì`  prettier/prettier
620:1  Error: Replace `┬
╖┬╖┬╖┬╖┬╖┬╖┬╖┬╖┬╖┬╖┬╖┬╖┬
╖┬╖┬╖┬╖┬╖┬╖┬╖┬╖┬╖┬╖┬╖┬╖┬
╖┬╖┬╖┬╖┬╖┬╖┬╖┬╖┬╖┬╖┬╖┬╖┬
╖┬╖┬╖┬╖┬╖┬╖┬╖┬╖┬╖┬╖┬╖┬╖<
span┬╖className="text-sm
┬╖text-paragraph┬╖dark:t
ext-white/85">{example}<
/span>` with `┬╖┬╖┬╖┬╖┬╖
┬╖┬╖┬╖┬╖┬╖┬╖┬╖┬╖┬╖┬╖┬╖┬╖
┬╖┬╖┬╖┬╖┬╖┬╖┬╖<span┬╖cla
ssName="text-sm┬╖text-pa
ragraph┬╖dark:text-white
/85">{example}</span>ΓÉì
`  prettier/prettier
621:1  Error: Replace `┬
╖┬╖┬╖┬╖┬╖┬╖┬╖┬╖┬╖┬╖┬╖┬╖┬
╖┬╖┬╖┬╖┬╖┬╖┬╖┬╖┬╖┬╖┬╖┬╖┬
╖┬╖┬╖┬╖┬╖┬╖┬╖┬╖┬╖┬╖┬╖┬╖┬
╖┬╖┬╖┬╖┬╖┬╖┬╖┬╖</div>` 
with `┬╖┬╖┬╖┬╖┬╖┬╖┬╖┬╖┬╖
┬╖┬╖┬╖┬╖┬╖┬╖┬╖┬╖┬╖┬╖┬╖┬╖
┬╖</div>ΓÉì`  
prettier/prettier
622:1  Error: Replace `┬
╖┬╖┬╖┬╖┬╖┬╖┬╖┬╖┬╖┬╖┬╖┬╖┬
╖┬╖┬╖┬╖┬╖┬╖┬╖┬╖┬╖┬╖┬╖┬╖┬
╖┬╖┬╖┬╖┬╖┬╖┬╖┬╖┬╖┬╖┬╖┬╖┬
╖┬╖┬╖┬╖` with `┬╖┬╖┬╖┬╖┬
╖┬╖┬╖┬╖┬╖┬╖┬╖┬╖┬╖┬╖┬╖┬╖┬
╖┬╖┬╖┬╖`  
prettier/prettier
623:1  Error: Replace `┬
╖┬╖┬╖┬╖┬╖┬╖┬╖┬╖┬╖┬╖┬╖┬╖┬
╖┬╖┬╖┬╖┬╖┬╖┬╖┬╖┬╖┬╖┬╖┬╖┬
╖┬╖┬╖┬╖┬╖┬╖┬╖┬╖┬╖┬╖┬╖┬╖`
 with `┬╖┬╖┬╖┬╖┬╖┬╖┬╖┬╖┬
╖┬╖┬╖┬╖┬╖┬╖┬╖┬╖┬╖┬╖`  
prettier/prettier
624:1  Error: Replace `┬
╖┬╖┬╖┬╖┬╖┬╖┬╖┬╖┬╖┬╖┬╖┬╖┬
╖┬╖┬╖┬╖┬╖┬╖┬╖┬╖┬╖┬╖┬╖┬╖┬
╖┬╖┬╖┬╖┬╖┬╖┬╖┬╖` with `┬
╖┬╖┬╖┬╖┬╖┬╖┬╖┬╖┬╖┬╖┬╖┬╖┬
╖┬╖┬╖┬╖`  
prettier/prettier
625:1  Error: Replace `┬
╖┬╖┬╖┬╖┬╖┬╖┬╖┬╖┬╖┬╖┬╖┬╖┬
╖┬╖┬╖┬╖┬╖┬╖┬╖┬╖┬╖┬╖┬╖┬╖┬
╖┬╖┬╖┬╖` with `┬╖┬╖┬╖┬╖┬
╖┬╖┬╖┬╖┬╖┬╖┬╖┬╖┬╖┬╖`  
prettier/prettier
627:1  Error: Replace `┬
╖┬╖┬╖┬╖┬╖┬╖┬╖┬╖┬╖┬╖┬╖┬╖┬
╖┬╖┬╖┬╖┬╖┬╖┬╖┬╖┬╖┬╖┬╖┬╖┬
╖┬╖┬╖┬╖` with `┬╖┬╖┬╖┬╖┬
╖┬╖┬╖┬╖┬╖┬╖┬╖┬╖┬╖┬╖`  
prettier/prettier
628:1  Error: Delete `┬╖
┬╖┬╖┬╖┬╖┬╖┬╖┬╖┬╖┬╖┬╖┬╖┬╖
┬╖┬╖┬╖`  
prettier/prettier
629:1  Error: Replace `┬
╖┬╖┬╖┬╖┬╖┬╖┬╖┬╖┬╖┬╖┬╖┬╖┬
╖┬╖┬╖┬╖┬╖┬╖┬╖┬╖┬╖┬╖┬╖┬╖┬
╖┬╖┬╖┬╖┬╖┬╖┬╖┬╖┬╖┬╖┬╖┬╖`
 with `┬╖┬╖┬╖┬╖┬╖┬╖┬╖┬╖┬
╖┬╖┬╖┬╖┬╖┬╖┬╖┬╖┬╖┬╖`  
prettier/prettier
630:1  Error: Replace `┬
╖┬╖┬╖┬╖┬╖┬╖┬╖┬╖┬╖┬╖┬╖┬╖┬
╖┬╖┬╖┬╖┬╖┬╖┬╖┬╖┬╖┬╖┬╖┬╖┬
╖┬╖┬╖┬╖┬╖┬╖┬╖┬╖┬╖┬╖┬╖┬╖`
 with `┬╖┬╖┬╖┬╖┬╖┬╖┬╖┬╖┬
╖┬╖┬╖┬╖┬╖┬╖┬╖┬╖┬╖┬╖`  
prettier/prettier
631:1  Error: Delete `┬╖
┬╖┬╖┬╖┬╖┬╖┬╖┬╖┬╖┬╖┬╖┬╖┬╖
┬╖┬╖┬╖┬╖┬╖`  
prettier/prettier
632:21  Error: Replace `
┬╖┬╖┬╖┬╖┬╖┬╖┬╖┬╖┬╖┬╖┬╖┬╖
┬╖┬╖┬╖┬╖┬╖┬╖┬╖┬╖<article
┬╖key={useCase.title}┬╖c
lassName={`cursor-pointe
r┬╖rounded-2xl┬╖border┬╖
border-borderColor/80┬╖p
-6┬╖backdrop-blur-sm┬╖tr
ansition-all┬╖duration-3
00┬╖hover:-translate-y-1
┬╖hover:shadow-[0_20px_4
5px_-28px_rgba(15,23,42,
0.35)]┬╖dark:border-bord
erColor-dark┬╖${style.su
rface}`}>` with `<articl
eΓÉìΓÅÄ┬╖┬╖┬╖┬╖┬╖┬╖┬╖┬╖┬
╖┬╖┬╖┬╖┬╖┬╖┬╖┬╖┬╖┬╖┬╖┬╖┬
╖┬╖key={useCase.title}ΓÉ
ìΓÅÄ┬╖┬╖┬╖┬╖┬╖┬╖┬╖┬╖┬╖┬╖
┬╖┬╖┬╖┬╖┬╖┬╖┬╖┬╖┬╖┬╖┬╖┬╖
className={`cursor-point
er┬╖rounded-2xl┬╖border┬
╖border-borderColor/80┬╖
p-6┬╖backdrop-blur-sm┬╖t
ransition-all┬╖duration-
300┬╖hover:-translate-y-
1┬╖hover:shadow-[0_20px_
45px_-28px_rgba(15,23,42
,0.35)]┬╖dark:border-bor
derColor-dark┬╖${style.s
urface}`}>ΓÉì`  
prettier/prettier
633:1  Error: Replace `┬
╖┬╖┬╖┬╖┬╖┬╖┬╖┬╖┬╖┬╖┬╖┬╖┬
╖┬╖┬╖┬╖┬╖┬╖┬╖┬╖┬╖┬╖┬╖┬╖┬
╖┬╖┬╖┬╖┬╖┬╖┬╖┬╖┬╖┬╖┬╖┬╖┬
╖┬╖┬╖┬╖┬╖┬╖┬╖┬╖` with `┬
╖┬╖┬╖┬╖┬╖┬╖┬╖┬╖┬╖┬╖┬╖┬╖┬
╖┬╖┬╖┬╖┬╖┬╖┬╖┬╖┬╖┬╖`  
prettier/prettier
634:25  Error: Replace `
┬╖┬╖┬╖┬╖┬╖┬╖┬╖┬╖┬╖┬╖┬╖┬╖
┬╖┬╖┬╖┬╖┬╖┬╖┬╖┬╖┬╖┬╖┬╖┬╖
<div` with `<divΓÉìΓÅÄ┬╖
┬╖┬╖┬╖┬╖┬╖┬╖┬╖┬╖┬╖┬╖┬╖┬╖
┬╖┬╖┬╖┬╖┬╖┬╖┬╖┬╖┬╖┬╖┬╖┬╖
`  prettier/prettier
635:1  Error: Replace `┬
╖┬╖┬╖┬╖┬╖┬╖┬╖┬╖┬╖┬╖┬╖┬╖┬
╖┬╖┬╖┬╖┬╖┬╖┬╖┬╖┬╖┬╖┬╖┬╖┬
╖┬╖┬╖┬╖┬╖┬╖┬╖┬╖┬╖┬╖┬╖┬╖┬
╖┬╖┬╖┬╖┬╖┬╖┬╖┬╖┬╖┬╖┬╖┬╖┬
╖┬╖┬╖┬╖` with `┬╖┬╖┬╖┬╖┬
╖┬╖┬╖┬╖┬╖┬╖┬╖┬╖┬╖┬╖┬╖┬╖┬
╖┬╖┬╖┬╖┬╖┬╖┬╖┬╖┬╖┬╖`  
prettier/prettier
636:25  Error: Delete `┬
╖┬╖┬╖┬╖┬╖┬╖┬╖┬╖┬╖┬╖┬╖┬╖┬
╖┬╖┬╖┬╖┬╖┬╖┬╖┬╖┬╖┬╖┬╖┬╖`
  prettier/prettier
637:1  Error: Replace `┬
╖┬╖┬╖┬╖┬╖┬╖┬╖┬╖┬╖┬╖┬╖┬╖┬
╖┬╖┬╖┬╖┬╖┬╖┬╖┬╖┬╖┬╖┬╖┬╖┬
╖┬╖┬╖┬╖┬╖┬╖┬╖┬╖┬╖┬╖┬╖┬╖┬
╖┬╖┬╖┬╖┬╖┬╖┬╖┬╖┬╖┬╖┬╖┬╖`
 with `┬╖┬╖┬╖┬╖┬╖┬╖┬╖┬╖┬
╖┬╖┬╖┬╖┬╖┬╖┬╖┬╖┬╖┬╖┬╖┬╖┬
╖┬╖┬╖┬╖`  
prettier/prettier
638:1  Error: Delete `┬╖
┬╖┬╖┬╖┬╖┬╖┬╖┬╖┬╖┬╖┬╖┬╖┬╖
┬╖┬╖┬╖┬╖┬╖┬╖┬╖┬╖┬╖┬╖┬╖┬╖
┬╖`  prettier/prettier
639:1  Error: Replace `┬
╖┬╖┬╖┬╖┬╖┬╖┬╖┬╖┬╖┬╖┬╖┬╖┬
╖┬╖┬╖┬╖┬╖┬╖┬╖┬╖┬╖┬╖┬╖┬╖┬
╖┬╖┬╖┬╖┬╖┬╖┬╖┬╖┬╖┬╖┬╖┬╖┬
╖┬╖┬╖┬╖┬╖┬╖┬╖┬╖┬╖┬╖┬╖┬╖┬
╖┬╖┬╖┬╖<p┬╖className="mt
-2┬╖text-sm┬╖leading-rel
axed┬╖text-paragraph-lig
ht┬╖dark:text-white/75">
{useCase.description}</p
>` with `┬╖┬╖┬╖┬╖┬╖┬╖┬╖┬
╖┬╖┬╖┬╖┬╖┬╖┬╖┬╖┬╖┬╖┬╖┬╖┬
╖┬╖┬╖┬╖┬╖┬╖┬╖<p┬╖classNa
me="mt-2┬╖text-sm┬╖leadi
ng-relaxed┬╖text-paragra
ph-light┬╖dark:text-whit
e/75">`  
prettier/prettier
640:1  Error: Replace `┬
╖┬╖┬╖┬╖┬╖┬╖┬╖┬╖┬╖┬╖┬╖┬╖┬
╖┬╖┬╖┬╖┬╖┬╖┬╖┬╖┬╖┬╖┬╖┬╖┬
╖┬╖┬╖┬╖┬╖┬╖┬╖┬╖┬╖┬╖┬╖┬╖┬
╖┬╖┬╖┬╖┬╖┬╖┬╖┬╖┬╖┬╖┬╖┬╖<
/div>ΓÉìΓÅÄ┬╖┬╖┬╖┬╖┬╖┬╖┬
╖┬╖┬╖┬╖┬╖┬╖┬╖┬╖┬╖┬╖┬╖┬╖┬
╖┬╖` with `┬╖┬╖┬╖┬╖┬╖┬╖┬
╖┬╖┬╖┬╖┬╖┬╖┬╖┬╖┬╖┬╖┬╖┬╖┬
╖┬╖┬╖┬╖┬╖┬╖┬╖┬╖┬╖┬╖{useC
ase.description}ΓÉìΓÅÄ┬╖
┬╖┬╖┬╖┬╖┬╖┬╖┬╖┬╖┬╖┬╖┬╖┬╖
┬╖┬╖┬╖┬╖┬╖┬╖┬╖┬╖┬╖┬╖┬╖┬╖
┬╖</p>ΓÉìΓÅÄ`  
prettier/prettier
642:23  Error: Insert 
`</div>ΓÉìΓÅÄ`  
prettier/prettier
643:1  Error: Replace `┬
╖┬╖┬╖┬╖┬╖┬╖┬╖┬╖┬╖┬╖┬╖┬╖┬
╖┬╖┬╖┬╖┬╖┬╖┬╖┬╖┬╖┬╖┬╖┬╖┬
╖┬╖┬╖┬╖┬╖┬╖┬╖┬╖┬╖┬╖┬╖┬╖┬
╖┬╖┬╖┬╖┬╖┬╖┬╖┬╖┬╖┬╖┬╖┬╖`
 with `┬╖┬╖┬╖┬╖┬╖┬╖┬╖┬╖┬
╖┬╖┬╖┬╖┬╖┬╖┬╖┬╖┬╖┬╖┬╖┬╖┬
╖┬╖┬╖┬╖`  
prettier/prettier
644:27  Error: Replace `
┬╖┬╖┬╖┬╖┬╖┬╖┬╖┬╖┬╖┬╖┬╖┬╖
┬╖┬╖┬╖┬╖┬╖┬╖┬╖┬╖┬╖┬╖┬╖┬╖
┬╖┬╖<span┬╖key={example}
┬╖className="rounded-ful
l┬╖border┬╖border-border
Color/80┬╖bg-white/85┬╖p
x-3┬╖py-1┬╖text-xs┬╖font
-medium┬╖text-paragraph-
light┬╖dark:border-borde
rColor-dark┬╖dark:bg-dar
k-100/80┬╖dark:text-whit
e/70">` with `<spanΓÉìΓÅ
Ä┬╖┬╖┬╖┬╖┬╖┬╖┬╖┬╖┬╖┬╖┬╖┬
╖┬╖┬╖┬╖┬╖┬╖┬╖┬╖┬╖┬╖┬╖┬╖┬
╖┬╖┬╖┬╖┬╖key={example}ΓÉ
ìΓÅÄ┬╖┬╖┬╖┬╖┬╖┬╖┬╖┬╖┬╖┬╖
┬╖┬╖┬╖┬╖┬╖┬╖┬╖┬╖┬╖┬╖┬╖┬╖
┬╖┬╖┬╖┬╖┬╖┬╖className="r
ounded-full┬╖border┬╖bor
der-borderColor/80┬╖bg-w
hite/85┬╖px-3┬╖py-1┬╖tex
t-xs┬╖font-medium┬╖text-
paragraph-light┬╖dark:bo
rder-borderColor-dark┬╖d
ark:bg-dark-100/80┬╖dark
:text-white/70">ΓÉì`  
prettier/prettier
645:1  Error: Replace `┬
╖┬╖┬╖┬╖┬╖┬╖┬╖┬╖┬╖┬╖┬╖┬╖┬
╖┬╖┬╖┬╖┬╖┬╖┬╖┬╖┬╖┬╖┬╖┬╖┬
╖┬╖┬╖┬╖┬╖┬╖┬╖┬╖┬╖┬╖┬╖┬╖┬
╖┬╖┬╖┬╖┬╖┬╖┬╖┬╖┬╖┬╖┬╖┬╖┬
╖┬╖┬╖┬╖┬╖┬╖┬╖┬╖{example}
` with `┬╖┬╖┬╖┬╖┬╖┬╖┬╖┬╖
┬╖┬╖┬╖┬╖┬╖┬╖┬╖┬╖┬╖┬╖┬╖┬╖
┬╖┬╖┬╖┬╖┬╖┬╖┬╖┬╖{example
}ΓÉì`  prettier/prettier
646:1  Error: Replace `┬
╖┬╖┬╖┬╖┬╖┬╖┬╖┬╖┬╖┬╖┬╖┬╖┬
╖┬╖┬╖┬╖┬╖┬╖┬╖┬╖┬╖┬╖┬╖┬╖┬
╖┬╖┬╖┬╖┬╖┬╖┬╖┬╖┬╖┬╖┬╖┬╖┬
╖┬╖┬╖┬╖┬╖┬╖┬╖┬╖┬╖┬╖┬╖┬╖┬
╖┬╖┬╖┬╖</span>` with `┬╖
┬╖┬╖┬╖┬╖┬╖┬╖┬╖┬╖┬╖┬╖┬╖┬╖
┬╖┬╖┬╖┬╖┬╖┬╖┬╖┬╖┬╖┬╖┬╖┬╖
┬╖</span>ΓÉì`  
prettier/prettier
647:1  Error: Replace `┬
╖┬╖┬╖┬╖┬╖┬╖┬╖┬╖┬╖┬╖┬╖┬╖┬
╖┬╖┬╖┬╖┬╖┬╖┬╖┬╖┬╖┬╖┬╖┬╖┬
╖┬╖┬╖┬╖┬╖┬╖┬╖┬╖┬╖┬╖┬╖┬╖┬
╖┬╖┬╖┬╖┬╖┬╖┬╖┬╖┬╖┬╖┬╖┬╖)
)}` with `┬╖┬╖┬╖┬╖┬╖┬╖┬╖
┬╖┬╖┬╖┬╖┬╖┬╖┬╖┬╖┬╖┬╖┬╖┬╖
┬╖┬╖┬╖┬╖┬╖))}ΓÉì`  
prettier/prettier
648:1  Error: Replace `┬
╖┬╖┬╖┬╖┬╖┬╖┬╖┬╖┬╖┬╖┬╖┬╖┬
╖┬╖┬╖┬╖┬╖┬╖┬╖┬╖┬╖┬╖┬╖┬╖┬
╖┬╖┬╖┬╖┬╖┬╖┬╖┬╖┬╖┬╖┬╖┬╖┬
╖┬╖┬╖┬╖┬╖┬╖┬╖┬╖` with `┬
╖┬╖┬╖┬╖┬╖┬╖┬╖┬╖┬╖┬╖┬╖┬╖┬
╖┬╖┬╖┬╖┬╖┬╖┬╖┬╖┬╖┬╖`  
prettier/prettier
649:1  Error: Delete `┬╖
┬╖┬╖┬╖┬╖┬╖┬╖┬╖┬╖┬╖┬╖┬╖┬╖
┬╖┬╖┬╖┬╖┬╖┬╖┬╖`  
prettier/prettier
650:1  Error: Replace `┬
╖┬╖┬╖┬╖┬╖┬╖┬╖┬╖┬╖┬╖┬╖┬╖┬
╖┬╖┬╖┬╖┬╖┬╖┬╖┬╖┬╖┬╖┬╖┬╖┬
╖┬╖┬╖┬╖┬╖┬╖┬╖┬╖┬╖┬╖┬╖┬╖`
 with `┬╖┬╖┬╖┬╖┬╖┬╖┬╖┬╖┬
╖┬╖┬╖┬╖┬╖┬╖┬╖┬╖┬╖┬╖`  
prettier/prettier
651:1  Error: Replace `┬
╖┬╖┬╖┬╖┬╖┬╖┬╖┬╖┬╖┬╖┬╖┬╖┬
╖┬╖┬╖┬╖┬╖┬╖┬╖┬╖┬╖┬╖┬╖┬╖┬
╖┬╖┬╖┬╖┬╖┬╖┬╖┬╖` with `┬
╖┬╖┬╖┬╖┬╖┬╖┬╖┬╖┬╖┬╖┬╖┬╖┬
╖┬╖┬╖┬╖`  
prettier/prettier
652:1  Error: Replace `┬
╖┬╖┬╖┬╖┬╖┬╖┬╖┬╖┬╖┬╖┬╖┬╖┬
╖┬╖┬╖┬╖┬╖┬╖┬╖┬╖┬╖┬╖┬╖┬╖┬
╖┬╖┬╖┬╖` with `┬╖┬╖┬╖┬╖┬
╖┬╖┬╖┬╖┬╖┬╖┬╖┬╖┬╖┬╖`  
prettier/prettier
653:1  Error: Replace `┬
╖┬╖┬╖┬╖┬╖┬╖┬╖┬╖┬╖┬╖┬╖┬╖┬
╖┬╖┬╖┬╖┬╖┬╖┬╖┬╖┬╖┬╖┬╖┬╖`
 with `┬╖┬╖┬╖┬╖┬╖┬╖┬╖┬╖┬
╖┬╖┬╖┬╖`  
prettier/prettier
654:1  Error: Replace `┬
╖┬╖┬╖┬╖┬╖┬╖┬╖┬╖┬╖┬╖┬╖┬╖┬
╖┬╖┬╖┬╖┬╖┬╖┬╖┬╖` with 
`┬╖┬╖┬╖┬╖┬╖┬╖┬╖┬╖┬╖┬╖`  
prettier/prettier
655:1  Error: Replace `┬
╖┬╖┬╖┬╖┬╖┬╖┬╖┬╖┬╖┬╖┬╖┬╖┬
╖┬╖┬╖┬╖` with 
`┬╖┬╖┬╖┬╖┬╖┬╖┬╖┬╖`  
prettier/prettier
657:1  Error: Delete 
`┬╖┬╖┬╖┬╖┬╖┬╖┬╖┬╖`  
prettier/prettier
658:1  Error: Replace `┬
╖┬╖┬╖┬╖┬╖┬╖┬╖┬╖┬╖┬╖┬╖┬╖┬
╖┬╖┬╖┬╖` with 
`┬╖┬╖┬╖┬╖┬╖┬╖┬╖┬╖`  
prettier/prettier
659:1  Error: Replace `┬
╖┬╖┬╖┬╖┬╖┬╖┬╖┬╖┬╖┬╖┬╖┬╖┬
╖┬╖┬╖┬╖┬╖┬╖┬╖┬╖` with 
`┬╖┬╖┬╖┬╖┬╖┬╖┬╖┬╖┬╖┬╖`  
prettier/prettier
660:1  Error: Delete `┬╖
┬╖┬╖┬╖┬╖┬╖┬╖┬╖┬╖┬╖┬╖┬╖` 
 prettier/prettier
661:1  Error: Replace `┬
╖┬╖┬╖┬╖┬╖┬╖┬╖┬╖┬╖┬╖┬╖┬╖┬
╖┬╖┬╖┬╖┬╖┬╖┬╖┬╖┬╖┬╖┬╖┬╖┬
╖┬╖┬╖┬╖` with `┬╖┬╖┬╖┬╖┬
╖┬╖┬╖┬╖┬╖┬╖┬╖┬╖┬╖┬╖`  
prettier/prettier
662:1  Error: Delete `┬╖
┬╖┬╖┬╖┬╖┬╖┬╖┬╖┬╖┬╖┬╖┬╖┬╖
┬╖┬╖┬╖`  
prettier/prettier
663:1  Error: Replace `┬
╖┬╖┬╖┬╖┬╖┬╖┬╖┬╖┬╖┬╖┬╖┬╖┬
╖┬╖┬╖┬╖┬╖┬╖┬╖┬╖┬╖┬╖┬╖┬╖┬
╖┬╖┬╖┬╖┬╖┬╖┬╖┬╖┬╖┬╖┬╖┬╖`
 with `┬╖┬╖┬╖┬╖┬╖┬╖┬╖┬╖┬
╖┬╖┬╖┬╖┬╖┬╖┬╖┬╖┬╖┬╖`  
prettier/prettier
664:1  Error: Replace `┬
╖┬╖┬╖┬╖┬╖┬╖┬╖┬╖┬╖┬╖┬╖┬╖┬
╖┬╖┬╖┬╖┬╖┬╖┬╖┬╖┬╖┬╖┬╖┬╖┬
╖┬╖┬╖┬╖┬╖┬╖┬╖┬╖` with `┬
╖┬╖┬╖┬╖┬╖┬╖┬╖┬╖┬╖┬╖┬╖┬╖┬
╖┬╖┬╖┬╖`  
prettier/prettier
665:1  Error: Replace `┬
╖┬╖┬╖┬╖┬╖┬╖┬╖┬╖┬╖┬╖┬╖┬╖┬
╖┬╖┬╖┬╖┬╖┬╖┬╖┬╖┬╖┬╖┬╖┬╖┬
╖┬╖┬╖┬╖┬╖┬╖┬╖┬╖` with `┬
╖┬╖┬╖┬╖┬╖┬╖┬╖┬╖┬╖┬╖┬╖┬╖┬
╖┬╖┬╖┬╖`  
prettier/prettier
666:19  Error: Delete `┬
╖┬╖┬╖┬╖┬╖┬╖┬╖┬╖┬╖┬╖┬╖┬╖┬
╖┬╖┬╖┬╖┬╖┬╖`  
prettier/prettier
667:1  Error: Replace `┬
╖┬╖┬╖┬╖┬╖┬╖┬╖┬╖┬╖┬╖┬╖┬╖┬
╖┬╖┬╖┬╖┬╖┬╖┬╖┬╖┬╖┬╖┬╖┬╖┬
╖┬╖┬╖┬╖┬╖┬╖┬╖┬╖┬╖┬╖┬╖┬╖`
 with `┬╖┬╖┬╖┬╖┬╖┬╖┬╖┬╖┬
╖┬╖┬╖┬╖┬╖┬╖┬╖┬╖┬╖┬╖`  
prettier/prettier
668:1  Error: Replace `┬
╖┬╖┬╖┬╖┬╖┬╖┬╖┬╖┬╖┬╖┬╖┬╖┬
╖┬╖┬╖┬╖┬╖┬╖┬╖┬╖┬╖┬╖┬╖┬╖┬
╖┬╖┬╖┬╖┬╖┬╖┬╖┬╖` with `┬
╖┬╖┬╖┬╖┬╖┬╖┬╖┬╖┬╖┬╖┬╖┬╖┬
╖┬╖┬╖┬╖`  
prettier/prettier
669:1  Error: Delete `┬╖
┬╖┬╖┬╖┬╖┬╖┬╖┬╖┬╖┬╖┬╖┬╖┬╖
┬╖┬╖┬╖`  
prettier/prettier
670:19  Error: Delete `┬
╖┬╖┬╖┬╖┬╖┬╖┬╖┬╖┬╖┬╖┬╖┬╖┬
╖┬╖┬╖┬╖┬╖┬╖`  
prettier/prettier
671:1  Error: Replace `┬
╖┬╖┬╖┬╖┬╖┬╖┬╖┬╖┬╖┬╖┬╖┬╖┬
╖┬╖┬╖┬╖┬╖┬╖┬╖┬╖┬╖┬╖┬╖┬╖┬
╖┬╖┬╖┬╖┬╖┬╖┬╖┬╖` with `┬
╖┬╖┬╖┬╖┬╖┬╖┬╖┬╖┬╖┬╖┬╖┬╖┬
╖┬╖┬╖┬╖`  
prettier/prettier
672:1  Error: Replace `┬
╖┬╖┬╖┬╖┬╖┬╖┬╖┬╖┬╖┬╖┬╖┬╖┬
╖┬╖┬╖┬╖┬╖┬╖┬╖┬╖┬╖┬╖┬╖┬╖┬
╖┬╖┬╖┬╖` with `┬╖┬╖┬╖┬╖┬
╖┬╖┬╖┬╖┬╖┬╖┬╖┬╖┬╖┬╖`  
prettier/prettier
674:1  Error: Replace `┬
╖┬╖┬╖┬╖┬╖┬╖┬╖┬╖┬╖┬╖┬╖┬╖┬
╖┬╖┬╖┬╖┬╖┬╖┬╖┬╖┬╖┬╖┬╖┬╖┬
╖┬╖┬╖┬╖<div┬╖className="
rounded-3xl┬╖border┬╖bor
der-borderColor/80┬╖bg-w
hite/85┬╖p-5┬╖backdrop-b
lur-xl┬╖dark:border-bord
erColor-dark┬╖dark:bg-da
rk-200/85">` with `┬╖┬╖┬
╖┬╖┬╖┬╖┬╖┬╖┬╖┬╖┬╖┬╖┬╖┬╖<
div┬╖className="rounded-
3xl┬╖border┬╖border-bord
erColor/80┬╖bg-white/85┬
╖p-5┬╖backdrop-blur-xl┬╖
dark:border-borderColor-
dark┬╖dark:bg-dark-200/8
5">ΓÉì`  
prettier/prettier
675:1  Error: Replace `┬
╖┬╖┬╖┬╖┬╖┬╖┬╖┬╖┬╖┬╖┬╖┬╖┬
╖┬╖┬╖┬╖┬╖┬╖┬╖┬╖┬╖┬╖┬╖┬╖┬
╖┬╖┬╖┬╖┬╖┬╖┬╖┬╖` with `┬
╖┬╖┬╖┬╖┬╖┬╖┬╖┬╖┬╖┬╖┬╖┬╖┬
╖┬╖┬╖┬╖`  
prettier/prettier
676:19  Error: Delete `┬
╖┬╖┬╖┬╖┬╖┬╖┬╖┬╖┬╖┬╖┬╖┬╖┬
╖┬╖┬╖┬╖┬╖┬╖`  
prettier/prettier
677:1  Error: Replace `┬
╖┬╖┬╖┬╖┬╖┬╖┬╖┬╖┬╖┬╖┬╖┬╖┬
╖┬╖┬╖┬╖┬╖┬╖┬╖┬╖┬╖┬╖┬╖┬╖┬
╖┬╖┬╖┬╖┬╖┬╖┬╖┬╖` with `┬
╖┬╖┬╖┬╖┬╖┬╖┬╖┬╖┬╖┬╖┬╖┬╖┬
╖┬╖┬╖┬╖`  
prettier/prettier
678:1  Error: Replace `┬
╖┬╖┬╖┬╖┬╖┬╖┬╖┬╖┬╖┬╖┬╖┬╖┬
╖┬╖┬╖┬╖┬╖┬╖┬╖┬╖┬╖┬╖┬╖┬╖┬
╖┬╖┬╖┬╖┬╖┬╖┬╖┬╖` with `┬
╖┬╖┬╖┬╖┬╖┬╖┬╖┬╖┬╖┬╖┬╖┬╖┬
╖┬╖┬╖┬╖`  
prettier/prettier
679:1  Error: Delete `┬╖
┬╖┬╖┬╖┬╖┬╖┬╖┬╖┬╖┬╖┬╖┬╖┬╖
┬╖┬╖┬╖┬╖┬╖`  
prettier/prettier
680:21  Error: Replace `
┬╖┬╖┬╖┬╖┬╖┬╖┬╖┬╖┬╖┬╖┬╖┬╖
┬╖┬╖┬╖┬╖┬╖┬╖┬╖┬╖<li┬╖key
={stat.label}┬╖className
="flex┬╖items-center┬╖ju
stify-between┬╖rounded-x
l┬╖border┬╖border-border
Color/80┬╖bg-white/75┬╖p
x-3┬╖py-2┬╖dark:border-b
orderColor-dark┬╖dark:bg
-dark-100/75">` with `<l
iΓÉìΓÅÄ┬╖┬╖┬╖┬╖┬╖┬╖┬╖┬╖┬
╖┬╖┬╖┬╖┬╖┬╖┬╖┬╖┬╖┬╖┬╖┬╖┬
╖┬╖key={stat.label}ΓÉìΓÅ
Ä┬╖┬╖┬╖┬╖┬╖┬╖┬╖┬╖┬╖┬╖┬╖┬
╖┬╖┬╖┬╖┬╖┬╖┬╖┬╖┬╖┬╖┬╖cla
ssName="flex┬╖items-cent
er┬╖justify-between┬╖rou
nded-xl┬╖border┬╖border-
borderColor/80┬╖bg-white
/75┬╖px-3┬╖py-2┬╖dark:bo
rder-borderColor-dark┬╖d
ark:bg-dark-100/75">ΓÉì`
  prettier/prettier
681:1  Error: Replace `┬
╖┬╖┬╖┬╖┬╖┬╖┬╖┬╖┬╖┬╖┬╖┬╖┬
╖┬╖┬╖┬╖┬╖┬╖┬╖┬╖┬╖┬╖┬╖┬╖┬
╖┬╖┬╖┬╖┬╖┬╖┬╖┬╖┬╖┬╖┬╖┬╖┬
╖┬╖┬╖┬╖┬╖┬╖┬╖┬╖<span┬╖cl
assName="text-sm┬╖text-p
aragraph-light┬╖dark:tex
t-white/70">{stat.label}
</span>` with `┬╖┬╖┬╖┬╖┬
╖┬╖┬╖┬╖┬╖┬╖┬╖┬╖┬╖┬╖┬╖┬╖┬
╖┬╖┬╖┬╖┬╖┬╖<span┬╖classN
ame="text-sm┬╖text-parag
raph-light┬╖dark:text-wh
ite/70">{stat.label}</sp
an>ΓÉì`  
prettier/prettier
682:1  Error: Replace `┬
╖┬╖┬╖┬╖┬╖┬╖┬╖┬╖┬╖┬╖┬╖┬╖┬
╖┬╖┬╖┬╖┬╖┬╖┬╖┬╖┬╖┬╖┬╖┬╖┬
╖┬╖┬╖┬╖┬╖┬╖┬╖┬╖┬╖┬╖┬╖┬╖┬
╖┬╖┬╖┬╖┬╖┬╖┬╖┬╖<span┬╖cl
assName="text-sm┬╖font-s
emibold┬╖text-paragraph┬
╖dark:text-white">{stat.
value}</span>` with `┬╖┬
╖┬╖┬╖┬╖┬╖┬╖┬╖┬╖┬╖┬╖┬╖┬╖┬
╖┬╖┬╖┬╖┬╖┬╖┬╖┬╖┬╖<span┬╖
className="text-sm┬╖font
-semibold┬╖text-paragrap
h┬╖dark:text-white">{sta
t.value}</span>ΓÉì`  
prettier/prettier
683:1  Error: Replace `┬
╖┬╖┬╖┬╖┬╖┬╖┬╖┬╖┬╖┬╖┬╖┬╖┬
╖┬╖┬╖┬╖┬╖┬╖┬╖┬╖┬╖┬╖┬╖┬╖┬
╖┬╖┬╖┬╖┬╖┬╖┬╖┬╖┬╖┬╖┬╖┬╖┬
╖┬╖┬╖┬╖</li>` with `┬╖┬╖
┬╖┬╖┬╖┬╖┬╖┬╖┬╖┬╖┬╖┬╖┬╖┬╖
┬╖┬╖┬╖┬╖┬╖┬╖</li>ΓÉì`  
prettier/prettier
684:1  Error: Replace `┬
╖┬╖┬╖┬╖┬╖┬╖┬╖┬╖┬╖┬╖┬╖┬╖┬
╖┬╖┬╖┬╖┬╖┬╖┬╖┬╖┬╖┬╖┬╖┬╖┬
╖┬╖┬╖┬╖┬╖┬╖┬╖┬╖┬╖┬╖┬╖┬╖`
 with `┬╖┬╖┬╖┬╖┬╖┬╖┬╖┬╖┬
╖┬╖┬╖┬╖┬╖┬╖┬╖┬╖┬╖┬╖`  
prettier/prettier
685:1  Error: Replace `┬
╖┬╖┬╖┬╖┬╖┬╖┬╖┬╖┬╖┬╖┬╖┬╖┬
╖┬╖┬╖┬╖┬╖┬╖┬╖┬╖┬╖┬╖┬╖┬╖┬
╖┬╖┬╖┬╖┬╖┬╖┬╖┬╖` with `┬
╖┬╖┬╖┬╖┬╖┬╖┬╖┬╖┬╖┬╖┬╖┬╖┬
╖┬╖┬╖┬╖`  
prettier/prettier
686:1  Error: Replace `┬
╖┬╖┬╖┬╖┬╖┬╖┬╖┬╖┬╖┬╖┬╖┬╖┬
╖┬╖┬╖┬╖┬╖┬╖┬╖┬╖┬╖┬╖┬╖┬╖┬
╖┬╖┬╖┬╖` with `┬╖┬╖┬╖┬╖┬
╖┬╖┬╖┬╖┬╖┬╖┬╖┬╖┬╖┬╖`  
prettier/prettier
687:1  Error: Replace `┬
╖┬╖┬╖┬╖┬╖┬╖┬╖┬╖┬╖┬╖┬╖┬╖┬
╖┬╖┬╖┬╖┬╖┬╖┬╖┬╖┬╖┬╖┬╖┬╖`
 with `┬╖┬╖┬╖┬╖┬╖┬╖┬╖┬╖┬
╖┬╖┬╖┬╖`  
prettier/prettier
689:1  Error: Replace `┬
╖┬╖┬╖┬╖┬╖┬╖┬╖┬╖┬╖┬╖┬╖┬╖┬
╖┬╖┬╖┬╖┬╖┬╖┬╖┬╖┬╖┬╖┬╖┬╖`
 with `┬╖┬╖┬╖┬╖┬╖┬╖┬╖┬╖┬
╖┬╖┬╖┬╖`  
prettier/prettier
690:15  Error: Delete `┬
╖┬╖┬╖┬╖┬╖┬╖┬╖┬╖┬╖┬╖┬╖┬╖┬
╖┬╖`  prettier/prettier
691:1  Error: Replace `┬
╖┬╖┬╖┬╖┬╖┬╖┬╖┬╖┬╖┬╖┬╖┬╖┬
╖┬╖┬╖┬╖┬╖┬╖┬╖┬╖┬╖┬╖┬╖┬╖┬
╖┬╖┬╖┬╖┬╖┬╖┬╖┬╖{integrat
ions.map((category,┬╖i)┬
╖=>┬╖{` with `┬╖┬╖┬╖┬╖┬╖
┬╖┬╖┬╖┬╖┬╖┬╖┬╖┬╖┬╖┬╖┬╖{i
ntegrations.map((categor
y,┬╖i)┬╖=>┬╖{ΓÉì`  
prettier/prettier
692:1  Error: Replace `┬
╖┬╖┬╖┬╖┬╖┬╖┬╖┬╖┬╖┬╖┬╖┬╖┬
╖┬╖┬╖┬╖┬╖┬╖┬╖┬╖┬╖┬╖┬╖┬╖┬
╖┬╖┬╖┬╖┬╖┬╖┬╖┬╖┬╖┬╖┬╖┬╖c
onst┬╖style┬╖=┬╖integrat
ionCardMeta[i┬╖%┬╖integr
ationCardMeta.length]` 
with `┬╖┬╖┬╖┬╖┬╖┬╖┬╖┬╖┬╖
┬╖┬╖┬╖┬╖┬╖┬╖┬╖┬╖┬╖const┬
╖style┬╖=┬╖integrationCa
rdMeta[i┬╖%┬╖integration
CardMeta.length]ΓÉì`  
prettier/prettier
693:1  Error: Replace `┬
╖┬╖┬╖┬╖┬╖┬╖┬╖┬╖┬╖┬╖┬╖┬╖┬
╖┬╖┬╖┬╖┬╖┬╖┬╖┬╖┬╖┬╖┬╖┬╖┬
╖┬╖┬╖┬╖┬╖┬╖┬╖┬╖┬╖┬╖┬╖┬╖c
onst┬╖Icon┬╖=┬╖style.ico
n` with `┬╖┬╖┬╖┬╖┬╖┬╖┬╖┬
╖┬╖┬╖┬╖┬╖┬╖┬╖┬╖┬╖┬╖┬╖con
st┬╖Icon┬╖=┬╖style.iconΓ
Éì`  prettier/prettier
694:1  Error: Replace `┬
╖┬╖┬╖┬╖┬╖┬╖┬╖┬╖┬╖┬╖┬╖┬╖┬
╖┬╖┬╖┬╖┬╖┬╖┬╖┬╖┬╖┬╖┬╖┬╖┬
╖┬╖┬╖┬╖┬╖┬╖┬╖┬╖┬╖┬╖┬╖┬╖c
onst┬╖visibleItems┬╖=┬╖c
ategory.items.slice(0,┬╖
4)` with `┬╖┬╖┬╖┬╖┬╖┬╖┬╖
┬╖┬╖┬╖┬╖┬╖┬╖┬╖┬╖┬╖┬╖┬╖co
nst┬╖visibleItems┬╖=┬╖ca
tegory.items.slice(0,┬╖4
)ΓÉì`  prettier/prettier
695:1  Error: Replace `┬
╖┬╖┬╖┬╖┬╖┬╖┬╖┬╖┬╖┬╖┬╖┬╖┬
╖┬╖┬╖┬╖┬╖┬╖┬╖┬╖┬╖┬╖┬╖┬╖┬
╖┬╖┬╖┬╖┬╖┬╖┬╖┬╖┬╖┬╖┬╖┬╖c
onst┬╖hiddenItemsCount┬╖
=┬╖Math.max(category.ite
ms.length┬╖-┬╖visibleIte
ms.length,┬╖0)` with `┬╖
┬╖┬╖┬╖┬╖┬╖┬╖┬╖┬╖┬╖┬╖┬╖┬╖
┬╖┬╖┬╖┬╖┬╖const┬╖hiddenI
temsCount┬╖=┬╖Math.max(c
ategory.items.length┬╖-┬
╖visibleItems.length,┬╖0
)ΓÉì`  prettier/prettier
696:1  Error: Replace `┬
╖┬╖┬╖┬╖┬╖┬╖┬╖┬╖┬╖┬╖┬╖┬╖┬
╖┬╖┬╖┬╖┬╖┬╖┬╖┬╖┬╖┬╖┬╖┬╖┬
╖┬╖┬╖┬╖┬╖┬╖┬╖┬╖┬╖┬╖┬╖┬╖c
onst┬╖isExpanded┬╖=┬╖exp
andedIntegrationIndex┬╖=
==┬╖i` with `┬╖┬╖┬╖┬╖┬╖┬
╖┬╖┬╖┬╖┬╖┬╖┬╖┬╖┬╖┬╖┬╖┬╖┬
╖const┬╖isExpanded┬╖=┬╖e
xpandedIntegrationIndex┬
╖===┬╖iΓÉì`  
prettier/prettier
697:1  Error: Replace `┬
╖┬╖┬╖┬╖┬╖┬╖┬╖┬╖┬╖┬╖┬╖┬╖┬
╖┬╖┬╖┬╖┬╖┬╖┬╖┬╖┬╖┬╖┬╖┬╖┬
╖┬╖┬╖┬╖┬╖┬╖┬╖┬╖┬╖┬╖┬╖┬╖c
onst┬╖displayedItems┬╖=┬
╖isExpanded┬╖?┬╖category
.items┬╖:┬╖visibleItems`
 with `┬╖┬╖┬╖┬╖┬╖┬╖┬╖┬╖┬
╖┬╖┬╖┬╖┬╖┬╖┬╖┬╖┬╖┬╖const
┬╖displayedItems┬╖=┬╖isE
xpanded┬╖?┬╖category.ite
ms┬╖:┬╖visibleItemsΓÉì` 
 prettier/prettier
698:1  Error: Insert 
`ΓÉì`  prettier/prettier
699:1  Error: Replace `┬
╖┬╖┬╖┬╖┬╖┬╖┬╖┬╖┬╖┬╖┬╖┬╖┬
╖┬╖┬╖┬╖┬╖┬╖┬╖┬╖┬╖┬╖┬╖┬╖┬
╖┬╖┬╖┬╖┬╖┬╖┬╖┬╖┬╖┬╖┬╖┬╖r
eturn┬╖(` with `┬╖┬╖┬╖┬╖
┬╖┬╖┬╖┬╖┬╖┬╖┬╖┬╖┬╖┬╖┬╖┬╖
┬╖┬╖return┬╖(ΓÉì`  
prettier/prettier
700:1  Error: Replace `┬
╖┬╖┬╖┬╖┬╖┬╖┬╖┬╖┬╖┬╖┬╖┬╖┬
╖┬╖┬╖┬╖┬╖┬╖┬╖┬╖┬╖┬╖┬╖┬╖┬
╖┬╖┬╖┬╖┬╖┬╖┬╖┬╖┬╖┬╖┬╖┬╖┬
╖┬╖┬╖┬╖<article` with `┬
╖┬╖┬╖┬╖┬╖┬╖┬╖┬╖┬╖┬╖┬╖┬╖┬
╖┬╖┬╖┬╖┬╖┬╖┬╖┬╖<articleΓ
Éì`  prettier/prettier
701:1  Error: Replace `┬
╖┬╖┬╖┬╖┬╖┬╖┬╖┬╖┬╖┬╖┬╖┬╖┬
╖┬╖┬╖┬╖┬╖┬╖┬╖┬╖┬╖┬╖┬╖┬╖┬
╖┬╖┬╖┬╖┬╖┬╖┬╖┬╖┬╖┬╖┬╖┬╖┬
╖┬╖┬╖┬╖┬╖┬╖┬╖┬╖key={i}` 
with `┬╖┬╖┬╖┬╖┬╖┬╖┬╖┬╖┬╖
┬╖┬╖┬╖┬╖┬╖┬╖┬╖┬╖┬╖┬╖┬╖┬╖
┬╖key={i}ΓÉì`  
prettier/prettier
702:1  Error: Replace `┬
╖┬╖┬╖┬╖┬╖┬╖┬╖┬╖┬╖┬╖┬╖┬╖┬
╖┬╖┬╖┬╖┬╖┬╖┬╖┬╖┬╖┬╖┬╖┬╖┬
╖┬╖┬╖┬╖┬╖┬╖┬╖┬╖┬╖┬╖┬╖┬╖┬
╖┬╖┬╖┬╖┬╖┬╖┬╖┬╖role={hid
denItemsCount┬╖>┬╖0┬╖?┬╖
'button'┬╖:┬╖undefined}`
 with `┬╖┬╖┬╖┬╖┬╖┬╖┬╖┬╖┬
╖┬╖┬╖┬╖┬╖┬╖┬╖┬╖┬╖┬╖┬╖┬╖┬
╖┬╖role={hiddenItemsCoun
t┬╖>┬╖0┬╖?┬╖'button'┬╖:┬
╖undefined}ΓÉì`  
prettier/prettier
703:1  Error: Replace `┬
╖┬╖┬╖┬╖┬╖┬╖┬╖┬╖┬╖┬╖┬╖┬╖┬
╖┬╖┬╖┬╖┬╖┬╖┬╖┬╖┬╖┬╖┬╖┬╖┬
╖┬╖┬╖┬╖┬╖┬╖┬╖┬╖┬╖┬╖┬╖┬╖┬
╖┬╖┬╖┬╖┬╖┬╖┬╖┬╖tabIndex=
{hiddenItemsCount┬╖>┬╖0┬
╖?┬╖0┬╖:┬╖-1}` with `┬╖┬
╖┬╖┬╖┬╖┬╖┬╖┬╖┬╖┬╖┬╖┬╖┬╖┬
╖┬╖┬╖┬╖┬╖┬╖┬╖┬╖┬╖tabInde
x={hiddenItemsCount┬╖>┬╖
0┬╖?┬╖0┬╖:┬╖-1}ΓÉì`  
prettier/prettier
704:1  Error: Replace `┬
╖┬╖┬╖┬╖┬╖┬╖┬╖┬╖┬╖┬╖┬╖┬╖┬
╖┬╖┬╖┬╖┬╖┬╖┬╖┬╖┬╖┬╖┬╖┬╖┬
╖┬╖┬╖┬╖┬╖┬╖┬╖┬╖┬╖┬╖┬╖┬╖┬
╖┬╖┬╖┬╖┬╖┬╖┬╖┬╖aria-expa
nded={hiddenItemsCount┬╖
>┬╖0┬╖?┬╖isExpanded┬╖:┬╖
undefined}` with `┬╖┬╖┬╖
┬╖┬╖┬╖┬╖┬╖┬╖┬╖┬╖┬╖┬╖┬╖┬╖
┬╖┬╖┬╖┬╖┬╖┬╖┬╖aria-expan
ded={hiddenItemsCount┬╖>
┬╖0┬╖?┬╖isExpanded┬╖:┬╖u
ndefined}ΓÉì`  
prettier/prettier
705:1  Error: Replace `┬
╖┬╖┬╖┬╖┬╖┬╖┬╖┬╖┬╖┬╖┬╖┬╖┬
╖┬╖┬╖┬╖┬╖┬╖┬╖┬╖┬╖┬╖┬╖┬╖┬
╖┬╖┬╖┬╖┬╖┬╖┬╖┬╖┬╖┬╖┬╖┬╖┬
╖┬╖┬╖┬╖┬╖┬╖┬╖┬╖onClick={
()┬╖=>┬╖{` with `┬╖┬╖┬╖┬
╖┬╖┬╖┬╖┬╖┬╖┬╖┬╖┬╖┬╖┬╖┬╖┬
╖┬╖┬╖┬╖┬╖┬╖┬╖onClick={()
┬╖=>┬╖{ΓÉì`  
prettier/prettier
706:1  Error: Replace `┬
╖┬╖┬╖┬╖┬╖┬╖┬╖┬╖┬╖┬╖┬╖┬╖┬
╖┬╖┬╖┬╖┬╖┬╖┬╖┬╖┬╖┬╖┬╖┬╖┬
╖┬╖┬╖┬╖┬╖┬╖┬╖┬╖┬╖┬╖┬╖┬╖┬
╖┬╖┬╖┬╖┬╖┬╖┬╖┬╖┬╖┬╖┬╖┬╖i
f┬╖(hiddenItemsCount┬╖>┬
╖0)┬╖{` with `┬╖┬╖┬╖┬╖┬╖
┬╖┬╖┬╖┬╖┬╖┬╖┬╖┬╖┬╖┬╖┬╖┬╖
┬╖┬╖┬╖┬╖┬╖┬╖┬╖if┬╖(hidde
nItemsCount┬╖>┬╖0)┬╖{ΓÉì
`  prettier/prettier
707:1  Error: Replace `┬
╖┬╖┬╖┬╖┬╖┬╖┬╖┬╖┬╖┬╖┬╖┬╖┬
╖┬╖┬╖┬╖┬╖┬╖┬╖┬╖┬╖┬╖┬╖┬╖┬
╖┬╖┬╖┬╖┬╖┬╖┬╖┬╖┬╖┬╖┬╖┬╖┬
╖┬╖┬╖┬╖┬╖┬╖┬╖┬╖┬╖┬╖┬╖┬╖┬
╖┬╖┬╖┬╖setExpandedIntegr
ationIndex((prev)┬╖=>┬╖(
prev┬╖===┬╖i┬╖?┬╖null┬╖:
┬╖i))` with `┬╖┬╖┬╖┬╖┬╖┬
╖┬╖┬╖┬╖┬╖┬╖┬╖┬╖┬╖┬╖┬╖┬╖┬
╖┬╖┬╖┬╖┬╖┬╖┬╖┬╖┬╖setExpa
ndedIntegrationIndex((pr
ev)┬╖=>┬╖(prev┬╖===┬╖i┬╖
?┬╖null┬╖:┬╖i))ΓÉì`  
prettier/prettier
708:1  Error: Replace `┬
╖┬╖┬╖┬╖┬╖┬╖┬╖┬╖┬╖┬╖┬╖┬╖┬
╖┬╖┬╖┬╖┬╖┬╖┬╖┬╖┬╖┬╖┬╖┬╖┬
╖┬╖┬╖┬╖┬╖┬╖┬╖┬╖┬╖┬╖┬╖┬╖┬
╖┬╖┬╖┬╖┬╖┬╖┬╖┬╖┬╖┬╖┬╖┬╖}
` with `┬╖┬╖┬╖┬╖┬╖┬╖┬╖┬╖
┬╖┬╖┬╖┬╖┬╖┬╖┬╖┬╖┬╖┬╖┬╖┬╖
┬╖┬╖┬╖┬╖}ΓÉì`  
prettier/prettier
709:1  Error: Replace `┬
╖┬╖┬╖┬╖┬╖┬╖┬╖┬╖┬╖┬╖┬╖┬╖┬
╖┬╖┬╖┬╖┬╖┬╖┬╖┬╖┬╖┬╖┬╖┬╖┬
╖┬╖┬╖┬╖┬╖┬╖┬╖┬╖┬╖┬╖┬╖┬╖┬
╖┬╖┬╖┬╖┬╖┬╖┬╖┬╖}}` with 
`┬╖┬╖┬╖┬╖┬╖┬╖┬╖┬╖┬╖┬╖┬╖┬
╖┬╖┬╖┬╖┬╖┬╖┬╖┬╖┬╖┬╖┬╖}}Γ
Éì`  prettier/prettier
710:1  Error: Replace `┬
╖┬╖┬╖┬╖┬╖┬╖┬╖┬╖┬╖┬╖┬╖┬╖┬
╖┬╖┬╖┬╖┬╖┬╖┬╖┬╖┬╖┬╖┬╖┬╖┬
╖┬╖┬╖┬╖┬╖┬╖┬╖┬╖┬╖┬╖┬╖┬╖┬
╖┬╖┬╖┬╖┬╖┬╖┬╖┬╖onKeyDown
={(event)┬╖=>┬╖{` with `
┬╖┬╖┬╖┬╖┬╖┬╖┬╖┬╖┬╖┬╖┬╖┬╖
┬╖┬╖┬╖┬╖┬╖┬╖┬╖┬╖┬╖┬╖onKe
yDown={(event)┬╖=>┬╖{ΓÉì
`  prettier/prettier
711:1  Error: Replace `┬
╖┬╖┬╖┬╖┬╖┬╖┬╖┬╖┬╖┬╖┬╖┬╖┬
╖┬╖┬╖┬╖┬╖┬╖┬╖┬╖┬╖┬╖┬╖┬╖┬
╖┬╖┬╖┬╖┬╖┬╖┬╖┬╖┬╖┬╖┬╖┬╖┬
╖┬╖┬╖┬╖┬╖┬╖┬╖┬╖┬╖┬╖┬╖┬╖i
f┬╖(hiddenItemsCount┬╖>┬
╖0┬╖&&┬╖(event.key┬╖===┬
╖'Enter'┬╖||┬╖event.key┬
╖===┬╖'┬╖'))┬╖{` with `┬
╖┬╖┬╖┬╖┬╖┬╖┬╖┬╖┬╖┬╖┬╖┬╖┬
╖┬╖┬╖┬╖┬╖┬╖┬╖┬╖┬╖┬╖┬╖┬╖i
f┬╖(hiddenItemsCount┬╖>┬
╖0┬╖&&┬╖(event.key┬╖===┬
╖'Enter'┬╖||┬╖event.key┬
╖===┬╖'┬╖'))┬╖{ΓÉì`  
prettier/prettier
712:1  Error: Replace `┬
╖┬╖┬╖┬╖┬╖┬╖┬╖┬╖┬╖┬╖┬╖┬╖┬
╖┬╖┬╖┬╖┬╖┬╖┬╖┬╖┬╖┬╖┬╖┬╖┬
╖┬╖┬╖┬╖┬╖┬╖┬╖┬╖┬╖┬╖┬╖┬╖┬
╖┬╖┬╖┬╖┬╖┬╖┬╖┬╖┬╖┬╖┬╖┬╖┬
╖┬╖┬╖┬╖event.preventDefa
ult()` with `┬╖┬╖┬╖┬╖┬╖┬
╖┬╖┬╖┬╖┬╖┬╖┬╖┬╖┬╖┬╖┬╖┬╖┬
╖┬╖┬╖┬╖┬╖┬╖┬╖┬╖┬╖event.p
reventDefault()ΓÉì`  
prettier/prettier
713:1  Error: Replace `┬
╖┬╖┬╖┬╖┬╖┬╖┬╖┬╖┬╖┬╖┬╖┬╖┬
╖┬╖┬╖┬╖┬╖┬╖┬╖┬╖┬╖┬╖┬╖┬╖┬
╖┬╖┬╖┬╖┬╖┬╖┬╖┬╖┬╖┬╖┬╖┬╖┬
╖┬╖┬╖┬╖┬╖┬╖┬╖┬╖┬╖┬╖┬╖┬╖┬
╖┬╖┬╖┬╖setExpandedIntegr
ationIndex((prev)┬╖=>┬╖(
prev┬╖===┬╖i┬╖?┬╖null┬╖:
┬╖i))` with `┬╖┬╖┬╖┬╖┬╖┬
╖┬╖┬╖┬╖┬╖┬╖┬╖┬╖┬╖┬╖┬╖┬╖┬
╖┬╖┬╖┬╖┬╖┬╖┬╖┬╖┬╖setExpa
ndedIntegrationIndex((pr
ev)┬╖=>┬╖(prev┬╖===┬╖i┬╖
?┬╖null┬╖:┬╖i))ΓÉì`  
prettier/prettier
714:1  Error: Replace `┬
╖┬╖┬╖┬╖┬╖┬╖┬╖┬╖┬╖┬╖┬╖┬╖┬
╖┬╖┬╖┬╖┬╖┬╖┬╖┬╖┬╖┬╖┬╖┬╖┬
╖┬╖┬╖┬╖┬╖┬╖┬╖┬╖┬╖┬╖┬╖┬╖┬
╖┬╖┬╖┬╖┬╖┬╖┬╖┬╖┬╖┬╖┬╖┬╖}
` with `┬╖┬╖┬╖┬╖┬╖┬╖┬╖┬╖
┬╖┬╖┬╖┬╖┬╖┬╖┬╖┬╖┬╖┬╖┬╖┬╖
┬╖┬╖┬╖┬╖}ΓÉì`  
prettier/prettier
715:1  Error: Replace `┬
╖┬╖┬╖┬╖┬╖┬╖┬╖┬╖┬╖┬╖┬╖┬╖┬
╖┬╖┬╖┬╖┬╖┬╖┬╖┬╖┬╖┬╖┬╖┬╖┬
╖┬╖┬╖┬╖┬╖┬╖┬╖┬╖┬╖┬╖┬╖┬╖┬
╖┬╖┬╖┬╖┬╖┬╖┬╖┬╖}}` with 
`┬╖┬╖┬╖┬╖┬╖┬╖┬╖┬╖┬╖┬╖┬╖┬
╖┬╖┬╖┬╖┬╖┬╖┬╖┬╖┬╖┬╖┬╖}}Γ
Éì`  prettier/prettier
716:1  Error: Replace `┬
╖┬╖┬╖┬╖┬╖┬╖┬╖┬╖┬╖┬╖┬╖┬╖┬
╖┬╖┬╖┬╖┬╖┬╖┬╖┬╖┬╖┬╖┬╖┬╖┬
╖┬╖┬╖┬╖┬╖┬╖┬╖┬╖┬╖┬╖┬╖┬╖┬
╖┬╖┬╖┬╖┬╖┬╖┬╖┬╖className
={`group┬╖relative┬╖over
flow-hidden┬╖rounded-2xl
┬╖border┬╖border-borderC
olor/80┬╖bg-white/85┬╖p-
5┬╖shadow-[0_18px_40px_-
28px_rgba(15,23,42,0.35)
]┬╖backdrop-blur-sm┬╖tra
nsition-all┬╖duration-30
0┬╖hover:-translate-y-1┬
╖hover:shadow-[0_22px_48
px_-28px_rgba(132,204,22
,0.35)]┬╖dark:border-bor
derColor-dark┬╖dark:bg-d
ark-200/85┬╖${hiddenItem
sCount┬╖>┬╖0┬╖?┬╖'cursor
-pointer'┬╖:┬╖''}┬╖${isE
xpanded┬╖?┬╖'border-prim
ary/55┬╖dark:border-prim
ary/45'┬╖:┬╖''}`}ΓÅÄ┬╖┬╖
┬╖┬╖┬╖┬╖┬╖┬╖┬╖┬╖┬╖┬╖┬╖┬╖
┬╖┬╖┬╖┬╖┬╖┬╖┬╖┬╖┬╖┬╖┬╖┬╖
┬╖┬╖┬╖┬╖┬╖┬╖┬╖┬╖┬╖┬╖┬╖┬╖
┬╖┬╖>` with `┬╖┬╖┬╖┬╖┬╖┬
╖┬╖┬╖┬╖┬╖┬╖┬╖┬╖┬╖┬╖┬╖┬╖┬
╖┬╖┬╖┬╖┬╖className={`gro
up┬╖relative┬╖overflow-h
idden┬╖rounded-2xl┬╖bord
er┬╖border-borderColor/8
0┬╖bg-white/85┬╖p-5┬╖sha
dow-[0_18px_40px_-28px_r
gba(15,23,42,0.35)]┬╖bac
kdrop-blur-sm┬╖transitio
n-all┬╖duration-300┬╖hov
er:-translate-y-1┬╖hover
:shadow-[0_22px_48px_-28
px_rgba(132,204,22,0.35)
]┬╖dark:border-borderCol
or-dark┬╖dark:bg-dark-20
0/85┬╖${hiddenItemsCount
┬╖>┬╖0┬╖?┬╖'cursor-point
er'┬╖:┬╖''}┬╖${isExpande
d┬╖?┬╖'border-primary/55
┬╖dark:border-primary/45
'┬╖:┬╖''}`}>ΓÉì`  
prettier/prettier
718:1  Error: Replace `┬
╖┬╖┬╖┬╖┬╖┬╖┬╖┬╖┬╖┬╖┬╖┬╖┬
╖┬╖┬╖┬╖┬╖┬╖┬╖┬╖┬╖┬╖┬╖┬╖┬
╖┬╖┬╖┬╖┬╖┬╖┬╖┬╖┬╖┬╖┬╖┬╖┬
╖┬╖┬╖┬╖┬╖┬╖┬╖┬╖<div┬╖cla
ssName="absolute┬╖inset-
x-0┬╖top-0┬╖h-0.5┬╖bg-gr
adient-to-r┬╖from-transp
arent┬╖via-primary/80┬╖t
o-transparent┬╖opacity-0
┬╖transition-opacity┬╖du
ration-300┬╖group-hover:
opacity-100"┬╖/>` with `
┬╖┬╖┬╖┬╖┬╖┬╖┬╖┬╖┬╖┬╖┬╖┬╖
┬╖┬╖┬╖┬╖┬╖┬╖┬╖┬╖┬╖┬╖<div
┬╖className="absolute┬╖i
nset-x-0┬╖top-0┬╖h-0.5┬╖
bg-gradient-to-r┬╖from-t
ransparent┬╖via-primary/
80┬╖to-transparent┬╖opac
ity-0┬╖transition-opacit
y┬╖duration-300┬╖group-h
over:opacity-100"┬╖/>ΓÉì
`  prettier/prettier
719:1  Error: Replace `┬
╖┬╖┬╖┬╖┬╖┬╖┬╖┬╖┬╖┬╖┬╖┬╖┬
╖┬╖┬╖┬╖┬╖┬╖┬╖┬╖┬╖┬╖┬╖┬╖┬
╖┬╖┬╖┬╖┬╖┬╖┬╖┬╖┬╖┬╖┬╖┬╖┬
╖┬╖┬╖┬╖┬╖┬╖┬╖┬╖<div┬╖cla
ssName="flex┬╖items-star
t┬╖justify-between┬╖gap-
3">` with `┬╖┬╖┬╖┬╖┬╖┬╖┬
╖┬╖┬╖┬╖┬╖┬╖┬╖┬╖┬╖┬╖┬╖┬╖┬
╖┬╖┬╖┬╖<div┬╖className="
flex┬╖items-start┬╖justi
fy-between┬╖gap-3">ΓÉì` 
 prettier/prettier
720:1  Error: Replace `┬
╖┬╖┬╖┬╖┬╖┬╖┬╖┬╖┬╖┬╖┬╖┬╖┬
╖┬╖┬╖┬╖┬╖┬╖┬╖┬╖┬╖┬╖┬╖┬╖┬
╖┬╖┬╖┬╖┬╖┬╖┬╖┬╖┬╖┬╖┬╖┬╖┬
╖┬╖┬╖┬╖┬╖┬╖┬╖┬╖┬╖┬╖┬╖┬╖`
 with `┬╖┬╖┬╖┬╖┬╖┬╖┬╖┬╖┬
╖┬╖┬╖┬╖┬╖┬╖┬╖┬╖┬╖┬╖┬╖┬╖┬
╖┬╖┬╖┬╖`  
prettier/prettier
721:1  Error: Delete `┬╖
┬╖┬╖┬╖┬╖┬╖┬╖┬╖┬╖┬╖┬╖┬╖┬╖
┬╖┬╖┬╖┬╖┬╖┬╖┬╖┬╖┬╖┬╖┬╖┬╖
┬╖`  prettier/prettier
722:1  Error: Replace `┬
╖┬╖┬╖┬╖┬╖┬╖┬╖┬╖┬╖┬╖┬╖┬╖┬
╖┬╖┬╖┬╖┬╖┬╖┬╖┬╖┬╖┬╖┬╖┬╖┬
╖┬╖┬╖┬╖┬╖┬╖┬╖┬╖┬╖┬╖┬╖┬╖┬
╖┬╖┬╖┬╖┬╖┬╖┬╖┬╖┬╖┬╖┬╖┬╖┬
╖┬╖┬╖┬╖┬╖┬╖┬╖┬╖` with `┬
╖┬╖┬╖┬╖┬╖┬╖┬╖┬╖┬╖┬╖┬╖┬╖┬
╖┬╖┬╖┬╖┬╖┬╖┬╖┬╖┬╖┬╖┬╖┬╖┬
╖┬╖┬╖┬╖`  
prettier/prettier
723:1  Error: Replace `┬
╖┬╖┬╖┬╖┬╖┬╖┬╖┬╖┬╖┬╖┬╖┬╖┬
╖┬╖┬╖┬╖┬╖┬╖┬╖┬╖┬╖┬╖┬╖┬╖┬
╖┬╖┬╖┬╖┬╖┬╖┬╖┬╖┬╖┬╖┬╖┬╖┬
╖┬╖┬╖┬╖┬╖┬╖┬╖┬╖┬╖┬╖┬╖┬╖┬
╖┬╖┬╖┬╖` with `┬╖┬╖┬╖┬╖┬
╖┬╖┬╖┬╖┬╖┬╖┬╖┬╖┬╖┬╖┬╖┬╖┬
╖┬╖┬╖┬╖┬╖┬╖┬╖┬╖┬╖┬╖`  
prettier/prettier
724:1  Error: Replace `┬
╖┬╖┬╖┬╖┬╖┬╖┬╖┬╖┬╖┬╖┬╖┬╖┬
╖┬╖┬╖┬╖┬╖┬╖┬╖┬╖┬╖┬╖┬╖┬╖┬
╖┬╖┬╖┬╖┬╖┬╖┬╖┬╖┬╖┬╖┬╖┬╖┬
╖┬╖┬╖┬╖┬╖┬╖┬╖┬╖┬╖┬╖┬╖┬╖┬
╖┬╖┬╖┬╖` with `┬╖┬╖┬╖┬╖┬
╖┬╖┬╖┬╖┬╖┬╖┬╖┬╖┬╖┬╖┬╖┬╖┬
╖┬╖┬╖┬╖┬╖┬╖┬╖┬╖┬╖┬╖`  
prettier/prettier
725:1  Error: Replace `┬
╖┬╖┬╖┬╖┬╖┬╖┬╖┬╖┬╖┬╖┬╖┬╖┬
╖┬╖┬╖┬╖┬╖┬╖┬╖┬╖┬╖┬╖┬╖┬╖┬
╖┬╖┬╖┬╖┬╖┬╖┬╖┬╖┬╖┬╖┬╖┬╖┬
╖┬╖┬╖┬╖┬╖┬╖┬╖┬╖┬╖┬╖┬╖┬╖┬
╖┬╖┬╖┬╖┬╖┬╖┬╖┬╖` with `┬
╖┬╖┬╖┬╖┬╖┬╖┬╖┬╖┬╖┬╖┬╖┬╖┬
╖┬╖┬╖┬╖┬╖┬╖┬╖┬╖┬╖┬╖┬╖┬╖┬
╖┬╖┬╖┬╖`  
prettier/prettier
726:29  Error: Replace `
┬╖┬╖┬╖┬╖┬╖┬╖┬╖┬╖┬╖┬╖┬╖┬╖
┬╖┬╖┬╖┬╖┬╖┬╖┬╖┬╖┬╖┬╖┬╖┬╖
┬╖┬╖┬╖┬╖<p┬╖className="m
t-1┬╖text-sm┬╖text-parag
raph-light┬╖dark:text-wh
ite/65">{category.descri
ption}</p>` with `<p┬╖cl
assName="mt-1┬╖text-sm┬╖
text-paragraph-light┬╖da
rk:text-white/65">`  
prettier/prettier
727:31  Error: Replace `
┬╖┬╖┬╖┬╖┬╖┬╖┬╖┬╖┬╖┬╖┬╖┬╖
┬╖┬╖┬╖┬╖┬╖┬╖┬╖┬╖┬╖┬╖</di
v>ΓÉìΓÅÄ┬╖┬╖┬╖┬╖┬╖┬╖┬╖┬╖
┬╖┬╖┬╖┬╖┬╖┬╖┬╖┬╖┬╖┬╖┬╖┬╖
┬╖┬╖` with `{category.de
scription}ΓÉìΓÅÄ┬╖┬╖┬╖┬╖
┬╖┬╖┬╖┬╖┬╖┬╖┬╖┬╖┬╖┬╖┬╖┬╖
┬╖┬╖┬╖┬╖┬╖┬╖┬╖┬╖┬╖┬╖┬╖┬╖
</p>ΓÉìΓÅÄ`  
prettier/prettier
729:25  Error: Insert 
`</div>ΓÉìΓÅÄ`  
prettier/prettier
730:1  Error: Replace `┬
╖┬╖┬╖┬╖┬╖┬╖┬╖┬╖┬╖┬╖┬╖┬╖┬
╖┬╖┬╖┬╖┬╖┬╖┬╖┬╖┬╖┬╖┬╖┬╖┬
╖┬╖┬╖┬╖┬╖┬╖┬╖┬╖┬╖┬╖┬╖┬╖┬
╖┬╖┬╖┬╖┬╖┬╖┬╖┬╖┬╖┬╖┬╖┬╖┬
╖┬╖┬╖┬╖` with `┬╖┬╖┬╖┬╖┬
╖┬╖┬╖┬╖┬╖┬╖┬╖┬╖┬╖┬╖┬╖┬╖┬
╖┬╖┬╖┬╖┬╖┬╖┬╖┬╖┬╖┬╖`  
prettier/prettier
731:1  Error: Replace `┬
╖┬╖┬╖┬╖┬╖┬╖┬╖┬╖┬╖┬╖┬╖┬╖┬
╖┬╖┬╖┬╖┬╖┬╖┬╖┬╖┬╖┬╖┬╖┬╖┬
╖┬╖┬╖┬╖┬╖┬╖┬╖┬╖┬╖┬╖┬╖┬╖┬
╖┬╖┬╖┬╖┬╖┬╖┬╖┬╖┬╖┬╖┬╖┬╖`
 with `┬╖┬╖┬╖┬╖┬╖┬╖┬╖┬╖┬
╖┬╖┬╖┬╖┬╖┬╖┬╖┬╖┬╖┬╖┬╖┬╖┬
╖┬╖┬╖┬╖`  
prettier/prettier
732:1  Error: Replace `┬
╖┬╖┬╖┬╖┬╖┬╖┬╖┬╖┬╖┬╖┬╖┬╖┬
╖┬╖┬╖┬╖┬╖┬╖┬╖┬╖┬╖┬╖┬╖┬╖┬
╖┬╖┬╖┬╖┬╖┬╖┬╖┬╖┬╖┬╖┬╖┬╖┬
╖┬╖┬╖┬╖┬╖┬╖┬╖┬╖</div>` 
with `┬╖┬╖┬╖┬╖┬╖┬╖┬╖┬╖┬╖
┬╖┬╖┬╖┬╖┬╖┬╖┬╖┬╖┬╖┬╖┬╖┬╖
┬╖</div>ΓÉì`  
prettier/prettier
733:1  Error: Insert 
`ΓÉì`  prettier/prettier
734:1  Error: Replace `┬
╖┬╖┬╖┬╖┬╖┬╖┬╖┬╖┬╖┬╖┬╖┬╖┬
╖┬╖┬╖┬╖┬╖┬╖┬╖┬╖┬╖┬╖┬╖┬╖┬
╖┬╖┬╖┬╖┬╖┬╖┬╖┬╖┬╖┬╖┬╖┬╖┬
╖┬╖┬╖┬╖┬╖┬╖┬╖┬╖<div┬╖cla
ssName="mt-4┬╖flex┬╖flex
-wrap┬╖gap-2">` with `┬╖
┬╖┬╖┬╖┬╖┬╖┬╖┬╖┬╖┬╖┬╖┬╖┬╖
┬╖┬╖┬╖┬╖┬╖┬╖┬╖┬╖┬╖<div┬╖
className="mt-4┬╖flex┬╖f
lex-wrap┬╖gap-2">ΓÉì`  
prettier/prettier
735:1  Error: Replace `┬
╖┬╖┬╖┬╖┬╖┬╖┬╖┬╖┬╖┬╖┬╖┬╖┬
╖┬╖┬╖┬╖┬╖┬╖┬╖┬╖┬╖┬╖┬╖┬╖┬
╖┬╖┬╖┬╖┬╖┬╖┬╖┬╖┬╖┬╖┬╖┬╖┬
╖┬╖┬╖┬╖┬╖┬╖┬╖┬╖┬╖┬╖┬╖┬╖{
displayedItems.map((item
)┬╖=>┬╖(` with `┬╖┬╖┬╖┬╖
┬╖┬╖┬╖┬╖┬╖┬╖┬╖┬╖┬╖┬╖┬╖┬╖
┬╖┬╖┬╖┬╖┬╖┬╖┬╖┬╖{display
edItems.map((item)┬╖=>┬╖
(ΓÉì`  prettier/prettier
736:27  Error: Replace `
┬╖┬╖┬╖┬╖┬╖┬╖┬╖┬╖┬╖┬╖┬╖┬╖
┬╖┬╖┬╖┬╖┬╖┬╖┬╖┬╖┬╖┬╖┬╖┬╖
┬╖┬╖<span┬╖key={item}┬╖c
lassName="rounded-full┬╖
border┬╖border-borderCol
or┬╖bg-white┬╖px-3┬╖py-1
┬╖text-xs┬╖font-medium┬╖
text-paragraph-light┬╖da
rk:border-borderColor-da
rk┬╖dark:bg-dark-100┬╖da
rk:text-white/75">` 
with `<spanΓÉìΓÅÄ┬╖┬╖┬╖┬
╖┬╖┬╖┬╖┬╖┬╖┬╖┬╖┬╖┬╖┬╖┬╖┬
╖┬╖┬╖┬╖┬╖┬╖┬╖┬╖┬╖┬╖┬╖┬╖┬
╖key={item}ΓÉìΓÅÄ┬╖┬╖┬╖┬
╖┬╖┬╖┬╖┬╖┬╖┬╖┬╖┬╖┬╖┬╖┬╖┬
╖┬╖┬╖┬╖┬╖┬╖┬╖┬╖┬╖┬╖┬╖┬╖┬
╖className="rounded-full
┬╖border┬╖border-borderC
olor┬╖bg-white┬╖px-3┬╖py
-1┬╖text-xs┬╖font-medium
┬╖text-paragraph-light┬╖
dark:border-borderColor-
dark┬╖dark:bg-dark-100┬╖
dark:text-white/75">ΓÉì`
  prettier/prettier
737:1  Error: Replace `┬
╖┬╖┬╖┬╖┬╖┬╖┬╖┬╖┬╖┬╖┬╖┬╖┬
╖┬╖┬╖┬╖┬╖┬╖┬╖┬╖┬╖┬╖┬╖┬╖┬
╖┬╖┬╖┬╖┬╖┬╖┬╖┬╖┬╖┬╖┬╖┬╖┬
╖┬╖┬╖┬╖┬╖┬╖┬╖┬╖┬╖┬╖┬╖┬╖┬
╖┬╖┬╖┬╖┬╖┬╖┬╖┬╖{item}` 
with `┬╖┬╖┬╖┬╖┬╖┬╖┬╖┬╖┬╖
┬╖┬╖┬╖┬╖┬╖┬╖┬╖┬╖┬╖┬╖┬╖┬╖
┬╖┬╖┬╖┬╖┬╖┬╖┬╖{item}ΓÉì`
  prettier/prettier
738:1  Error: Replace `┬
╖┬╖┬╖┬╖┬╖┬╖┬╖┬╖┬╖┬╖┬╖┬╖┬
╖┬╖┬╖┬╖┬╖┬╖┬╖┬╖┬╖┬╖┬╖┬╖┬
╖┬╖┬╖┬╖┬╖┬╖┬╖┬╖┬╖┬╖┬╖┬╖┬
╖┬╖┬╖┬╖┬╖┬╖┬╖┬╖┬╖┬╖┬╖┬╖┬
╖┬╖┬╖┬╖</span>` with `┬╖
┬╖┬╖┬╖┬╖┬╖┬╖┬╖┬╖┬╖┬╖┬╖┬╖
┬╖┬╖┬╖┬╖┬╖┬╖┬╖┬╖┬╖┬╖┬╖┬╖
┬╖</span>ΓÉì`  
prettier/prettier
739:1  Error: Replace `┬
╖┬╖┬╖┬╖┬╖┬╖┬╖┬╖┬╖┬╖┬╖┬╖┬
╖┬╖┬╖┬╖┬╖┬╖┬╖┬╖┬╖┬╖┬╖┬╖┬
╖┬╖┬╖┬╖┬╖┬╖┬╖┬╖┬╖┬╖┬╖┬╖┬
╖┬╖┬╖┬╖┬╖┬╖┬╖┬╖┬╖┬╖┬╖┬╖)
)}` with `┬╖┬╖┬╖┬╖┬╖┬╖┬╖
┬╖┬╖┬╖┬╖┬╖┬╖┬╖┬╖┬╖┬╖┬╖┬╖
┬╖┬╖┬╖┬╖┬╖))}ΓÉì`  
prettier/prettier
740:1  Error: Replace `┬
╖┬╖┬╖┬╖┬╖┬╖┬╖┬╖┬╖┬╖┬╖┬╖┬
╖┬╖┬╖┬╖┬╖┬╖┬╖┬╖┬╖┬╖┬╖┬╖┬
╖┬╖┬╖┬╖┬╖┬╖┬╖┬╖┬╖┬╖┬╖┬╖┬
╖┬╖┬╖┬╖┬╖┬╖┬╖┬╖┬╖┬╖┬╖┬╖{
hiddenItemsCount┬╖>┬╖0┬╖
&&┬╖(` with `┬╖┬╖┬╖┬╖┬╖┬
╖┬╖┬╖┬╖┬╖┬╖┬╖┬╖┬╖┬╖┬╖┬╖┬
╖┬╖┬╖┬╖┬╖┬╖┬╖{hiddenItem
sCount┬╖>┬╖0┬╖&&┬╖(ΓÉì` 
 prettier/prettier
741:1  Error: Replace `┬
╖┬╖┬╖┬╖┬╖┬╖┬╖┬╖┬╖┬╖┬╖┬╖┬
╖┬╖┬╖┬╖┬╖┬╖┬╖┬╖┬╖┬╖┬╖┬╖┬
╖┬╖┬╖┬╖┬╖┬╖┬╖┬╖┬╖┬╖┬╖┬╖┬
╖┬╖┬╖┬╖┬╖┬╖┬╖┬╖┬╖┬╖┬╖┬╖┬
╖┬╖┬╖┬╖<button` with `┬╖
┬╖┬╖┬╖┬╖┬╖┬╖┬╖┬╖┬╖┬╖┬╖┬╖
┬╖┬╖┬╖┬╖┬╖┬╖┬╖┬╖┬╖┬╖┬╖┬╖
┬╖<buttonΓÉì`  
prettier/prettier
742:1  Error: Replace `┬
╖┬╖┬╖┬╖┬╖┬╖┬╖┬╖┬╖┬╖┬╖┬╖┬
╖┬╖┬╖┬╖┬╖┬╖┬╖┬╖┬╖┬╖┬╖┬╖┬
╖┬╖┬╖┬╖┬╖┬╖┬╖┬╖┬╖┬╖┬╖┬╖┬
╖┬╖┬╖┬╖┬╖┬╖┬╖┬╖┬╖┬╖┬╖┬╖┬
╖┬╖┬╖┬╖┬╖┬╖┬╖┬╖type="but
ton"` with `┬╖┬╖┬╖┬╖┬╖┬╖
┬╖┬╖┬╖┬╖┬╖┬╖┬╖┬╖┬╖┬╖┬╖┬╖
┬╖┬╖┬╖┬╖┬╖┬╖┬╖┬╖┬╖┬╖type
="button"ΓÉì`  
prettier/prettier
743:1  Error: Replace `┬
╖┬╖┬╖┬╖┬╖┬╖┬╖┬╖┬╖┬╖┬╖┬╖┬
╖┬╖┬╖┬╖┬╖┬╖┬╖┬╖┬╖┬╖┬╖┬╖┬
╖┬╖┬╖┬╖┬╖┬╖┬╖┬╖┬╖┬╖┬╖┬╖┬
╖┬╖┬╖┬╖┬╖┬╖┬╖┬╖┬╖┬╖┬╖┬╖┬
╖┬╖┬╖┬╖┬╖┬╖┬╖┬╖onClick={
(event)┬╖=>┬╖{` with `┬╖
┬╖┬╖┬╖┬╖┬╖┬╖┬╖┬╖┬╖┬╖┬╖┬╖
┬╖┬╖┬╖┬╖┬╖┬╖┬╖┬╖┬╖┬╖┬╖┬╖
┬╖┬╖┬╖onClick={(event)┬╖
=>┬╖{ΓÉì`  
prettier/prettier
744:1  Error: Replace `┬
╖┬╖┬╖┬╖┬╖┬╖┬╖┬╖┬╖┬╖┬╖┬╖┬
╖┬╖┬╖┬╖┬╖┬╖┬╖┬╖┬╖┬╖┬╖┬╖┬
╖┬╖┬╖┬╖┬╖┬╖┬╖┬╖┬╖┬╖┬╖┬╖┬
╖┬╖┬╖┬╖┬╖┬╖┬╖┬╖┬╖┬╖┬╖┬╖┬
╖┬╖┬╖┬╖┬╖┬╖┬╖┬╖┬╖┬╖┬╖┬╖e
vent.stopPropagation()` 
with `┬╖┬╖┬╖┬╖┬╖┬╖┬╖┬╖┬╖
┬╖┬╖┬╖┬╖┬╖┬╖┬╖┬╖┬╖┬╖┬╖┬╖
┬╖┬╖┬╖┬╖┬╖┬╖┬╖┬╖┬╖event.
stopPropagation()ΓÉì`  
prettier/prettier
745:1  Error: Replace `┬
╖┬╖┬╖┬╖┬╖┬╖┬╖┬╖┬╖┬╖┬╖┬╖┬
╖┬╖┬╖┬╖┬╖┬╖┬╖┬╖┬╖┬╖┬╖┬╖┬
╖┬╖┬╖┬╖┬╖┬╖┬╖┬╖┬╖┬╖┬╖┬╖┬
╖┬╖┬╖┬╖┬╖┬╖┬╖┬╖┬╖┬╖┬╖┬╖┬
╖┬╖┬╖┬╖┬╖┬╖┬╖┬╖┬╖┬╖┬╖┬╖s
etExpandedIntegrationInd
ex((prev)┬╖=>┬╖(prev┬╖==
=┬╖i┬╖?┬╖null┬╖:┬╖i))` 
with `┬╖┬╖┬╖┬╖┬╖┬╖┬╖┬╖┬╖
┬╖┬╖┬╖┬╖┬╖┬╖┬╖┬╖┬╖┬╖┬╖┬╖
┬╖┬╖┬╖┬╖┬╖┬╖┬╖┬╖┬╖setExp
andedIntegrationIndex((p
rev)┬╖=>┬╖(prev┬╖===┬╖i┬
╖?┬╖null┬╖:┬╖i))ΓÉì`  
prettier/prettier
746:1  Error: Replace `┬
╖┬╖┬╖┬╖┬╖┬╖┬╖┬╖┬╖┬╖┬╖┬╖┬
╖┬╖┬╖┬╖┬╖┬╖┬╖┬╖┬╖┬╖┬╖┬╖┬
╖┬╖┬╖┬╖┬╖┬╖┬╖┬╖┬╖┬╖┬╖┬╖┬
╖┬╖┬╖┬╖┬╖┬╖┬╖┬╖┬╖┬╖┬╖┬╖┬
╖┬╖┬╖┬╖┬╖┬╖┬╖┬╖}}` with 
`┬╖┬╖┬╖┬╖┬╖┬╖┬╖┬╖┬╖┬╖┬╖┬
╖┬╖┬╖┬╖┬╖┬╖┬╖┬╖┬╖┬╖┬╖┬╖┬
╖┬╖┬╖┬╖┬╖}}ΓÉì`  
prettier/prettier
747:1  Error: Replace `┬
╖┬╖┬╖┬╖┬╖┬╖┬╖┬╖┬╖┬╖┬╖┬╖┬
╖┬╖┬╖┬╖┬╖┬╖┬╖┬╖┬╖┬╖┬╖┬╖┬
╖┬╖┬╖┬╖┬╖┬╖┬╖┬╖┬╖┬╖┬╖┬╖┬
╖┬╖┬╖┬╖┬╖┬╖┬╖┬╖┬╖┬╖┬╖┬╖┬
╖┬╖┬╖┬╖┬╖┬╖┬╖┬╖className
="rounded-full┬╖border┬╖
border-dashed┬╖border-pr
imary/40┬╖bg-primary/10┬
╖px-3┬╖py-1┬╖text-xs┬╖fo
nt-semibold┬╖text-paragr
aph┬╖transition-colors┬╖
hover:bg-primary/20┬╖dar
k:bg-primary/20"ΓÅÄ┬╖┬╖┬
╖┬╖┬╖┬╖┬╖┬╖┬╖┬╖┬╖┬╖┬╖┬╖┬
╖┬╖┬╖┬╖┬╖┬╖┬╖┬╖┬╖┬╖┬╖┬╖┬
╖┬╖┬╖┬╖┬╖┬╖┬╖┬╖┬╖┬╖┬╖┬╖┬
╖┬╖┬╖┬╖┬╖┬╖┬╖┬╖┬╖┬╖┬╖┬╖┬
╖┬╖>` with `┬╖┬╖┬╖┬╖┬╖┬╖
┬╖┬╖┬╖┬╖┬╖┬╖┬╖┬╖┬╖┬╖┬╖┬╖
┬╖┬╖┬╖┬╖┬╖┬╖┬╖┬╖┬╖┬╖clas
sName="rounded-full┬╖bor
der┬╖border-dashed┬╖bord
er-primary/40┬╖bg-primar
y/10┬╖px-3┬╖py-1┬╖text-x
s┬╖font-semibold┬╖text-p
aragraph┬╖transition-col
ors┬╖hover:bg-primary/20
┬╖dark:bg-primary/20">ΓÉ
ì`  prettier/prettier
749:1  Error: Replace `┬
╖┬╖┬╖┬╖┬╖┬╖┬╖┬╖┬╖┬╖┬╖┬╖┬
╖┬╖┬╖┬╖┬╖┬╖┬╖┬╖┬╖┬╖┬╖┬╖┬
╖┬╖┬╖┬╖┬╖┬╖┬╖┬╖┬╖┬╖┬╖┬╖┬
╖┬╖┬╖┬╖┬╖┬╖┬╖┬╖┬╖┬╖┬╖┬╖┬
╖┬╖┬╖┬╖┬╖┬╖┬╖┬╖{isExpand
ed` with `┬╖┬╖┬╖┬╖┬╖┬╖┬╖
┬╖┬╖┬╖┬╖┬╖┬╖┬╖┬╖┬╖┬╖┬╖┬╖
┬╖┬╖┬╖┬╖┬╖┬╖┬╖┬╖┬╖{isExp
andedΓÉì`  
prettier/prettier
750:1  Error: Replace `┬
╖┬╖┬╖┬╖┬╖┬╖┬╖┬╖┬╖┬╖┬╖┬╖┬
╖┬╖┬╖┬╖┬╖┬╖┬╖┬╖┬╖┬╖┬╖┬╖┬
╖┬╖┬╖┬╖┬╖┬╖┬╖┬╖┬╖┬╖┬╖┬╖┬
╖┬╖┬╖┬╖┬╖┬╖┬╖┬╖┬╖┬╖┬╖┬╖┬
╖┬╖┬╖┬╖┬╖┬╖┬╖┬╖┬╖┬╖┬╖┬╖?
┬╖integrationCopy.lessLa
bel` with `┬╖┬╖┬╖┬╖┬╖┬╖┬
╖┬╖┬╖┬╖┬╖┬╖┬╖┬╖┬╖┬╖┬╖┬╖┬
╖┬╖┬╖┬╖┬╖┬╖┬╖┬╖┬╖┬╖┬╖┬╖?
┬╖integrationCopy.lessLa
belΓÉì`  
prettier/prettier
751:1  Error: Replace `┬
╖┬╖┬╖┬╖┬╖┬╖┬╖┬╖┬╖┬╖┬╖┬╖┬
╖┬╖┬╖┬╖┬╖┬╖┬╖┬╖┬╖┬╖┬╖┬╖┬
╖┬╖┬╖┬╖┬╖┬╖┬╖┬╖┬╖┬╖┬╖┬╖┬
╖┬╖┬╖┬╖┬╖┬╖┬╖┬╖┬╖┬╖┬╖┬╖┬
╖┬╖┬╖┬╖┬╖┬╖┬╖┬╖┬╖┬╖┬╖┬╖:
┬╖`+${hiddenItemsCount}┬
╖${integrationCopy.moreL
abel}`}` with `┬╖┬╖┬╖┬╖┬
╖┬╖┬╖┬╖┬╖┬╖┬╖┬╖┬╖┬╖┬╖┬╖┬
╖┬╖┬╖┬╖┬╖┬╖┬╖┬╖┬╖┬╖┬╖┬╖┬
╖┬╖:┬╖`+${hiddenItemsCou
nt}┬╖${integrationCopy.m
oreLabel}`}ΓÉì`  
prettier/prettier
752:1  Error: Replace `┬
╖┬╖┬╖┬╖┬╖┬╖┬╖┬╖┬╖┬╖┬╖┬╖┬
╖┬╖┬╖┬╖┬╖┬╖┬╖┬╖┬╖┬╖┬╖┬╖┬
╖┬╖┬╖┬╖┬╖┬╖┬╖┬╖┬╖┬╖┬╖┬╖┬
╖┬╖┬╖┬╖┬╖┬╖┬╖┬╖┬╖┬╖┬╖┬╖┬
╖┬╖┬╖┬╖</button>` with `
┬╖┬╖┬╖┬╖┬╖┬╖┬╖┬╖┬╖┬╖┬╖┬╖
┬╖┬╖┬╖┬╖┬╖┬╖┬╖┬╖┬╖┬╖┬╖┬╖
┬╖┬╖</button>ΓÉì`  
prettier/prettier
753:1  Error: Replace `┬
╖┬╖┬╖┬╖┬╖┬╖┬╖┬╖┬╖┬╖┬╖┬╖┬
╖┬╖┬╖┬╖┬╖┬╖┬╖┬╖┬╖┬╖┬╖┬╖┬
╖┬╖┬╖┬╖┬╖┬╖┬╖┬╖┬╖┬╖┬╖┬╖┬
╖┬╖┬╖┬╖┬╖┬╖┬╖┬╖┬╖┬╖┬╖┬╖)
}` with `┬╖┬╖┬╖┬╖┬╖┬╖┬╖┬
╖┬╖┬╖┬╖┬╖┬╖┬╖┬╖┬╖┬╖┬╖┬╖┬
╖┬╖┬╖┬╖┬╖)}ΓÉì`  
prettier/prettier
754:1  Error: Replace `┬
╖┬╖┬╖┬╖┬╖┬╖┬╖┬╖┬╖┬╖┬╖┬╖┬
╖┬╖┬╖┬╖┬╖┬╖┬╖┬╖┬╖┬╖┬╖┬╖┬
╖┬╖┬╖┬╖┬╖┬╖┬╖┬╖┬╖┬╖┬╖┬╖┬
╖┬╖┬╖┬╖┬╖┬╖┬╖┬╖</div>` 
with `┬╖┬╖┬╖┬╖┬╖┬╖┬╖┬╖┬╖
┬╖┬╖┬╖┬╖┬╖┬╖┬╖┬╖┬╖┬╖┬╖┬╖
┬╖</div>ΓÉì`  
prettier/prettier
755:1  Error: Replace `┬
╖┬╖┬╖┬╖┬╖┬╖┬╖┬╖┬╖┬╖┬╖┬╖┬
╖┬╖┬╖┬╖┬╖┬╖┬╖┬╖┬╖┬╖┬╖┬╖┬
╖┬╖┬╖┬╖┬╖┬╖┬╖┬╖┬╖┬╖┬╖┬╖┬
╖┬╖┬╖┬╖</article>` with 
`┬╖┬╖┬╖┬╖┬╖┬╖┬╖┬╖┬╖┬╖┬╖┬
╖┬╖┬╖┬╖┬╖┬╖┬╖┬╖┬╖</artic
le>ΓÉì`  
prettier/prettier
756:1  Error: Replace `┬
╖┬╖┬╖┬╖┬╖┬╖┬╖┬╖┬╖┬╖┬╖┬╖┬
╖┬╖┬╖┬╖┬╖┬╖┬╖┬╖┬╖┬╖┬╖┬╖┬
╖┬╖┬╖┬╖┬╖┬╖┬╖┬╖┬╖┬╖┬╖┬╖)
` with `┬╖┬╖┬╖┬╖┬╖┬╖┬╖┬╖
┬╖┬╖┬╖┬╖┬╖┬╖┬╖┬╖┬╖┬╖)ΓÉì
`  prettier/prettier
757:17  Error: Replace `
┬╖┬╖┬╖┬╖┬╖┬╖┬╖┬╖┬╖┬╖┬╖┬╖
┬╖┬╖┬╖┬╖})}` with 
`})}ΓÉì`  
prettier/prettier
758:1  Error: Replace `┬
╖┬╖┬╖┬╖┬╖┬╖┬╖┬╖┬╖┬╖┬╖┬╖┬
╖┬╖┬╖┬╖┬╖┬╖┬╖┬╖┬╖┬╖┬╖┬╖┬
╖┬╖┬╖┬╖` with `┬╖┬╖┬╖┬╖┬
╖┬╖┬╖┬╖┬╖┬╖┬╖┬╖┬╖┬╖`  
prettier/prettier
760:1  Error: Replace `┬
╖┬╖┬╖┬╖┬╖┬╖┬╖┬╖┬╖┬╖┬╖┬╖┬
╖┬╖┬╖┬╖┬╖┬╖┬╖┬╖┬╖┬╖┬╖┬╖┬
╖┬╖┬╖┬╖<aside┬╖className
="relative┬╖overflow-hid
den┬╖rounded-3xl┬╖border
┬╖border-borderColor┬╖bg
-paragraph┬╖p-6┬╖text-wh
ite┬╖shadow-[0_24px_60px
_-30px_rgba(15,23,42,0.5
5)]┬╖dark:border-borderC
olor-dark┬╖dark:bg-dark-
200">` with `┬╖┬╖┬╖┬╖┬╖┬
╖┬╖┬╖┬╖┬╖┬╖┬╖┬╖┬╖<aside┬
╖className="relative┬╖ov
erflow-hidden┬╖rounded-3
xl┬╖border┬╖border-borde
rColor┬╖bg-paragraph┬╖p-
6┬╖text-white┬╖shadow-[0
_24px_60px_-30px_rgba(15
,23,42,0.55)]┬╖dark:bord
er-borderColor-dark┬╖dar
k:bg-dark-200">ΓÉì`  
prettier/prettier
761:1  Error: Replace `┬
╖┬╖┬╖┬╖┬╖┬╖┬╖┬╖┬╖┬╖┬╖┬╖┬
╖┬╖┬╖┬╖┬╖┬╖┬╖┬╖┬╖┬╖┬╖┬╖┬
╖┬╖┬╖┬╖┬╖┬╖┬╖┬╖` with `┬
╖┬╖┬╖┬╖┬╖┬╖┬╖┬╖┬╖┬╖┬╖┬╖┬
╖┬╖┬╖┬╖`  
prettier/prettier
762:1  Error: Replace `┬
╖┬╖┬╖┬╖┬╖┬╖┬╖┬╖┬╖┬╖┬╖┬╖┬
╖┬╖┬╖┬╖┬╖┬╖┬╖┬╖┬╖┬╖┬╖┬╖┬
╖┬╖┬╖┬╖┬╖┬╖┬╖┬╖` with `┬
╖┬╖┬╖┬╖┬╖┬╖┬╖┬╖┬╖┬╖┬╖┬╖┬
╖┬╖┬╖┬╖`  
prettier/prettier
763:17  Error: Delete `┬
╖┬╖┬╖┬╖┬╖┬╖┬╖┬╖┬╖┬╖┬╖┬╖┬
╖┬╖┬╖┬╖`  
prettier/prettier
764:1  Error: Replace `┬
╖┬╖┬╖┬╖┬╖┬╖┬╖┬╖┬╖┬╖┬╖┬╖┬
╖┬╖┬╖┬╖┬╖┬╖┬╖┬╖┬╖┬╖┬╖┬╖┬
╖┬╖┬╖┬╖┬╖┬╖┬╖┬╖` with `┬
╖┬╖┬╖┬╖┬╖┬╖┬╖┬╖┬╖┬╖┬╖┬╖┬
╖┬╖┬╖┬╖`  
prettier/prettier
766:1  Error: Replace `┬
╖┬╖┬╖┬╖┬╖┬╖┬╖┬╖┬╖┬╖┬╖┬╖┬
╖┬╖┬╖┬╖┬╖┬╖┬╖┬╖┬╖┬╖┬╖┬╖┬
╖┬╖┬╖┬╖┬╖┬╖┬╖┬╖` with `┬
╖┬╖┬╖┬╖┬╖┬╖┬╖┬╖┬╖┬╖┬╖┬╖┬
╖┬╖┬╖┬╖`  
prettier/prettier
767:1  Error: Delete `┬╖
┬╖┬╖┬╖┬╖┬╖┬╖┬╖┬╖┬╖┬╖┬╖┬╖
┬╖┬╖┬╖┬╖┬╖`  
prettier/prettier
768:21  Error: Replace `
┬╖┬╖┬╖┬╖┬╖┬╖┬╖┬╖┬╖┬╖┬╖┬╖
┬╖┬╖┬╖┬╖┬╖┬╖┬╖┬╖<li┬╖key
={step}` with `<liΓÉìΓÅÄ
┬╖┬╖┬╖┬╖┬╖┬╖┬╖┬╖┬╖┬╖┬╖┬╖
┬╖┬╖┬╖┬╖┬╖┬╖┬╖┬╖┬╖┬╖key=
{step}ΓÉìΓÅÄ┬╖┬╖┬╖┬╖┬╖┬╖
┬╖┬╖┬╖┬╖┬╖┬╖┬╖┬╖┬╖┬╖┬╖┬╖
┬╖┬╖┬╖`  
prettier/prettier
769:1  Error: Replace `┬
╖┬╖┬╖┬╖┬╖┬╖┬╖┬╖┬╖┬╖┬╖┬╖┬
╖┬╖┬╖┬╖┬╖┬╖┬╖┬╖┬╖┬╖┬╖┬╖┬
╖┬╖┬╖┬╖┬╖┬╖┬╖┬╖┬╖┬╖┬╖┬╖┬
╖┬╖┬╖┬╖┬╖┬╖┬╖┬╖` with `┬
╖┬╖┬╖┬╖┬╖┬╖┬╖┬╖┬╖┬╖┬╖┬╖┬
╖┬╖┬╖┬╖┬╖┬╖┬╖┬╖┬╖┬╖`  
prettier/prettier
770:25  Error: Delete `┬
╖┬╖┬╖┬╖┬╖┬╖┬╖┬╖┬╖┬╖┬╖┬╖┬
╖┬╖┬╖┬╖┬╖┬╖┬╖┬╖┬╖┬╖┬╖┬╖`
  prettier/prettier
771:1  Error: Replace `┬
╖┬╖┬╖┬╖┬╖┬╖┬╖┬╖┬╖┬╖┬╖┬╖┬
╖┬╖┬╖┬╖┬╖┬╖┬╖┬╖┬╖┬╖┬╖┬╖┬
╖┬╖┬╖┬╖┬╖┬╖┬╖┬╖┬╖┬╖┬╖┬╖┬
╖┬╖┬╖┬╖┬╖┬╖┬╖┬╖` with `┬
╖┬╖┬╖┬╖┬╖┬╖┬╖┬╖┬╖┬╖┬╖┬╖┬
╖┬╖┬╖┬╖┬╖┬╖┬╖┬╖┬╖┬╖`  
prettier/prettier
772:1  Error: Delete `┬╖
┬╖┬╖┬╖┬╖┬╖┬╖┬╖┬╖┬╖┬╖┬╖┬╖
┬╖┬╖┬╖┬╖┬╖┬╖┬╖┬╖┬╖`  
prettier/prettier
773:1  Error: Replace `┬
╖┬╖┬╖┬╖┬╖┬╖┬╖┬╖┬╖┬╖┬╖┬╖┬
╖┬╖┬╖┬╖┬╖┬╖┬╖┬╖┬╖┬╖┬╖┬╖┬
╖┬╖┬╖┬╖┬╖┬╖┬╖┬╖┬╖┬╖┬╖┬╖┬
╖┬╖┬╖┬╖┬╖┬╖┬╖┬╖` with `┬
╖┬╖┬╖┬╖┬╖┬╖┬╖┬╖┬╖┬╖┬╖┬╖┬
╖┬╖┬╖┬╖┬╖┬╖┬╖┬╖┬╖┬╖`  
prettier/prettier
774:1  Error: Replace `┬
╖┬╖┬╖┬╖┬╖┬╖┬╖┬╖┬╖┬╖┬╖┬╖┬
╖┬╖┬╖┬╖┬╖┬╖┬╖┬╖┬╖┬╖┬╖┬╖┬
╖┬╖┬╖┬╖┬╖┬╖┬╖┬╖┬╖┬╖┬╖┬╖┬
╖┬╖┬╖┬╖` with `┬╖┬╖┬╖┬╖┬
╖┬╖┬╖┬╖┬╖┬╖┬╖┬╖┬╖┬╖┬╖┬╖┬
╖┬╖┬╖┬╖`  
prettier/prettier
775:1  Error: Replace `┬
╖┬╖┬╖┬╖┬╖┬╖┬╖┬╖┬╖┬╖┬╖┬╖┬
╖┬╖┬╖┬╖┬╖┬╖┬╖┬╖┬╖┬╖┬╖┬╖┬
╖┬╖┬╖┬╖┬╖┬╖┬╖┬╖┬╖┬╖┬╖┬╖`
 with `┬╖┬╖┬╖┬╖┬╖┬╖┬╖┬╖┬
╖┬╖┬╖┬╖┬╖┬╖┬╖┬╖┬╖┬╖`  
prettier/prettier
776:1  Error: Replace `┬
╖┬╖┬╖┬╖┬╖┬╖┬╖┬╖┬╖┬╖┬╖┬╖┬
╖┬╖┬╖┬╖┬╖┬╖┬╖┬╖┬╖┬╖┬╖┬╖┬
╖┬╖┬╖┬╖┬╖┬╖┬╖┬╖` with `┬
╖┬╖┬╖┬╖┬╖┬╖┬╖┬╖┬╖┬╖┬╖┬╖┬
╖┬╖┬╖┬╖`  
prettier/prettier
778:1  Error: Delete `┬╖
┬╖┬╖┬╖┬╖┬╖┬╖┬╖┬╖┬╖┬╖┬╖┬╖
┬╖┬╖┬╖`  
prettier/prettier
779:1  Error: Replace `┬
╖┬╖┬╖┬╖┬╖┬╖┬╖┬╖┬╖┬╖┬╖┬╖┬
╖┬╖┬╖┬╖┬╖┬╖┬╖┬╖┬╖┬╖┬╖┬╖┬
╖┬╖┬╖┬╖┬╖┬╖┬╖┬╖` with `┬
╖┬╖┬╖┬╖┬╖┬╖┬╖┬╖┬╖┬╖┬╖┬╖┬
╖┬╖┬╖┬╖`  
prettier/prettier
780:1  Error: Replace `┬
╖┬╖┬╖┬╖┬╖┬╖┬╖┬╖┬╖┬╖┬╖┬╖┬
╖┬╖┬╖┬╖┬╖┬╖┬╖┬╖┬╖┬╖┬╖┬╖┬
╖┬╖┬╖┬╖┬╖┬╖┬╖┬╖┬╖┬╖┬╖┬╖`
 with `┬╖┬╖┬╖┬╖┬╖┬╖┬╖┬╖┬
╖┬╖┬╖┬╖┬╖┬╖┬╖┬╖┬╖┬╖`  
prettier/prettier
781:1  Error: Replace `┬
╖┬╖┬╖┬╖┬╖┬╖┬╖┬╖┬╖┬╖┬╖┬╖┬
╖┬╖┬╖┬╖┬╖┬╖┬╖┬╖┬╖┬╖┬╖┬╖┬
╖┬╖┬╖┬╖┬╖┬╖┬╖┬╖┬╖┬╖┬╖┬╖`
 with `┬╖┬╖┬╖┬╖┬╖┬╖┬╖┬╖┬
╖┬╖┬╖┬╖┬╖┬╖┬╖┬╖┬╖┬╖`  
prettier/prettier
782:1  Error: Replace `┬
╖┬╖┬╖┬╖┬╖┬╖┬╖┬╖┬╖┬╖┬╖┬╖┬
╖┬╖┬╖┬╖┬╖┬╖┬╖┬╖┬╖┬╖┬╖┬╖┬
╖┬╖┬╖┬╖┬╖┬╖┬╖┬╖` with `┬
╖┬╖┬╖┬╖┬╖┬╖┬╖┬╖┬╖┬╖┬╖┬╖┬
╖┬╖┬╖┬╖`  
prettier/prettier
784:1  Error: Replace `┬
╖┬╖┬╖┬╖┬╖┬╖┬╖┬╖┬╖┬╖┬╖┬╖┬
╖┬╖┬╖┬╖┬╖┬╖┬╖┬╖┬╖┬╖┬╖┬╖┬
╖┬╖┬╖┬╖┬╖┬╖┬╖┬╖<p┬╖class
Name="mt-7┬╖text-xs┬╖fon
t-semibold┬╖tracking-[0.
18em]┬╖text-white/60">{i
ntegrationCopy.stacksLab
el}</p>` with `┬╖┬╖┬╖┬╖┬
╖┬╖┬╖┬╖┬╖┬╖┬╖┬╖┬╖┬╖┬╖┬╖<
p┬╖className="mt-7┬╖text
-xs┬╖font-semibold┬╖trac
king-[0.18em]┬╖text-whit
e/60">ΓÉìΓÅÄ┬╖┬╖┬╖┬╖┬╖┬╖
┬╖┬╖┬╖┬╖┬╖┬╖┬╖┬╖┬╖┬╖┬╖┬╖
{integrationCopy.stacksL
abel}`  
prettier/prettier
785:17  Error: Insert 
`</p>ΓÉìΓÅÄ`  
prettier/prettier
786:1  Error: Replace `┬
╖┬╖┬╖┬╖┬╖┬╖┬╖┬╖┬╖┬╖┬╖┬╖┬
╖┬╖┬╖┬╖┬╖┬╖┬╖┬╖┬╖┬╖┬╖┬╖┬
╖┬╖┬╖┬╖┬╖┬╖┬╖┬╖┬╖┬╖┬╖┬╖`
 with `┬╖┬╖┬╖┬╖┬╖┬╖┬╖┬╖┬
╖┬╖┬╖┬╖┬╖┬╖┬╖┬╖┬╖┬╖`  
prettier/prettier
787:21  Error: Replace `
┬╖┬╖┬╖┬╖┬╖┬╖┬╖┬╖┬╖┬╖┬╖┬╖
┬╖┬╖┬╖┬╖┬╖┬╖┬╖┬╖<span┬╖k
ey={stack}` with `<spanΓ
ÉìΓÅÄ┬╖┬╖┬╖┬╖┬╖┬╖┬╖┬╖┬╖┬
╖┬╖┬╖┬╖┬╖┬╖┬╖┬╖┬╖┬╖┬╖┬╖┬
╖key={stack}ΓÉìΓÅÄ┬╖┬╖┬╖
┬╖┬╖┬╖┬╖┬╖┬╖┬╖┬╖┬╖┬╖┬╖┬╖
┬╖┬╖┬╖┬╖┬╖┬╖`  
prettier/prettier
788:1  Error: Replace `┬
╖┬╖┬╖┬╖┬╖┬╖┬╖┬╖┬╖┬╖┬╖┬╖┬
╖┬╖┬╖┬╖┬╖┬╖┬╖┬╖┬╖┬╖┬╖┬╖┬
╖┬╖┬╖┬╖┬╖┬╖┬╖┬╖┬╖┬╖┬╖┬╖┬
╖┬╖┬╖┬╖┬╖┬╖┬╖┬╖` with `┬
╖┬╖┬╖┬╖┬╖┬╖┬╖┬╖┬╖┬╖┬╖┬╖┬
╖┬╖┬╖┬╖┬╖┬╖┬╖┬╖┬╖┬╖`  
prettier/prettier
789:1  Error: Replace `┬
╖┬╖┬╖┬╖┬╖┬╖┬╖┬╖┬╖┬╖┬╖┬╖┬
╖┬╖┬╖┬╖┬╖┬╖┬╖┬╖┬╖┬╖┬╖┬╖┬
╖┬╖┬╖┬╖┬╖┬╖┬╖┬╖┬╖┬╖┬╖┬╖┬
╖┬╖┬╖┬╖` with `┬╖┬╖┬╖┬╖┬
╖┬╖┬╖┬╖┬╖┬╖┬╖┬╖┬╖┬╖┬╖┬╖┬
╖┬╖┬╖┬╖`  
prettier/prettier
790:1  Error: Replace `┬
╖┬╖┬╖┬╖┬╖┬╖┬╖┬╖┬╖┬╖┬╖┬╖┬
╖┬╖┬╖┬╖┬╖┬╖┬╖┬╖┬╖┬╖┬╖┬╖┬
╖┬╖┬╖┬╖┬╖┬╖┬╖┬╖┬╖┬╖┬╖┬╖`
 with `┬╖┬╖┬╖┬╖┬╖┬╖┬╖┬╖┬
╖┬╖┬╖┬╖┬╖┬╖┬╖┬╖┬╖┬╖`  
prettier/prettier
791:1  Error: Replace `┬
╖┬╖┬╖┬╖┬╖┬╖┬╖┬╖┬╖┬╖┬╖┬╖┬
╖┬╖┬╖┬╖┬╖┬╖┬╖┬╖┬╖┬╖┬╖┬╖┬
╖┬╖┬╖┬╖┬╖┬╖┬╖┬╖` with `┬
╖┬╖┬╖┬╖┬╖┬╖┬╖┬╖┬╖┬╖┬╖┬╖┬
╖┬╖┬╖┬╖`  
prettier/prettier
792:1  Error: Replace `┬
╖┬╖┬╖┬╖┬╖┬╖┬╖┬╖┬╖┬╖┬╖┬╖┬
╖┬╖┬╖┬╖┬╖┬╖┬╖┬╖┬╖┬╖┬╖┬╖┬
╖┬╖┬╖┬╖` with `┬╖┬╖┬╖┬╖┬
╖┬╖┬╖┬╖┬╖┬╖┬╖┬╖┬╖┬╖`  
prettier/prettier
793:1  Error: Replace `┬
╖┬╖┬╖┬╖┬╖┬╖┬╖┬╖┬╖┬╖┬╖┬╖┬
╖┬╖┬╖┬╖┬╖┬╖┬╖┬╖┬╖┬╖┬╖┬╖`
 with `┬╖┬╖┬╖┬╖┬╖┬╖┬╖┬╖┬
╖┬╖┬╖┬╖`  
prettier/prettier
794:1  Error: Replace `┬
╖┬╖┬╖┬╖┬╖┬╖┬╖┬╖┬╖┬╖┬╖┬╖┬
╖┬╖┬╖┬╖┬╖┬╖┬╖┬╖` with 
`┬╖┬╖┬╖┬╖┬╖┬╖┬╖┬╖┬╖┬╖`  
prettier/prettier
795:1  Error: Replace `┬
╖┬╖┬╖┬╖┬╖┬╖┬╖┬╖┬╖┬╖┬╖┬╖┬
╖┬╖┬╖┬╖` with 
`┬╖┬╖┬╖┬╖┬╖┬╖┬╖┬╖`  
prettier/prettier
797:1  Error: Replace `┬
╖┬╖┬╖┬╖┬╖┬╖┬╖┬╖┬╖┬╖┬╖┬╖┬
╖┬╖┬╖┬╖` with 
`┬╖┬╖┬╖┬╖┬╖┬╖┬╖┬╖`  
prettier/prettier
798:9  Error: Delete 
`┬╖┬╖┬╖┬╖┬╖┬╖┬╖┬╖`  
prettier/prettier
800:1  Error: Replace `┬
╖┬╖┬╖┬╖┬╖┬╖┬╖┬╖┬╖┬╖┬╖┬╖┬
╖┬╖┬╖┬╖` with 
`┬╖┬╖┬╖┬╖┬╖┬╖┬╖┬╖`  
prettier/prettier
801:1  Error: Replace `┬
╖┬╖┬╖┬╖┬╖┬╖┬╖┬╖┬╖┬╖┬╖┬╖┬
╖┬╖┬╖┬╖` with 
`┬╖┬╖┬╖┬╖┬╖┬╖┬╖┬╖`  
prettier/prettier
802:1  Error: Replace `┬
╖┬╖┬╖┬╖┬╖┬╖┬╖┬╖┬╖┬╖┬╖┬╖┬
╖┬╖┬╖┬╖┬╖┬╖┬╖┬╖` with 
`┬╖┬╖┬╖┬╖┬╖┬╖┬╖┬╖┬╖┬╖`  
prettier/prettier
803:9  Error: Delete 
`┬╖┬╖┬╖┬╖┬╖┬╖┬╖┬╖`  
prettier/prettier
804:1  Error: Replace `Γ
ÉìΓÅÄ┬╖┬╖┬╖┬╖┬╖┬╖┬╖┬╖┬╖┬
╖┬╖┬╖` with 
`┬╖┬╖┬╖┬╖┬╖┬╖`  
prettier/prettier
807:1  Error: Delete 
`┬╖┬╖┬╖┬╖┬╖┬╖`  
prettier/prettier
808:1  Error: Delete 
`┬╖┬╖┬╖┬╖┬╖┬╖`  
prettier/prettier
809:5  Error: Delete 
`┬╖┬╖┬╖┬╖`  
prettier/prettier
810:1  Error: Delete 
`┬╖┬╖`  
prettier/prettier

./components/home/Locale
Provider.jsx
21:10  Error: Replace `(
ΓÉìΓÅÄ┬╖┬╖┬╖┬╖<LocaleCon
text.Provider┬╖value={{┬
╖locale,┬╖setLocale,┬╖to
ggleLocale┬╖}}>ΓÉìΓÅÄ┬╖┬
╖┬╖┬╖┬╖┬╖{children}ΓÉìΓÅ
Ä┬╖┬╖┬╖┬╖</LocaleContext
.Provider>ΓÉìΓÅÄ┬╖┬╖)` 
with `<LocaleContext.Pro
vider┬╖value={{┬╖locale,
┬╖setLocale,┬╖toggleLoca
le┬╖}}>{children}</Local
eContext.Provider>`  
prettier/prettier

./components/home/Waitli
stForm.jsx
8:3  Error: Delete 
`┬╖┬╖`  
prettier/prettier
9:1  Error: Delete 
`┬╖┬╖`  
prettier/prettier
10:1  Error: Delete 
`┬╖┬╖`  
prettier/prettier
11:3  Error: Delete 
`┬╖┬╖`  
prettier/prettier
12:3  Error: Delete 
`┬╖┬╖`  
prettier/prettier
14:1  Error: Replace 
`┬╖┬╖┬╖┬╖` with `┬╖┬╖`  
prettier/prettier
15:5  Error: Delete 
`┬╖┬╖┬╖┬╖`  
prettier/prettier
16:1  Error: Replace 
`┬╖┬╖┬╖┬╖┬╖┬╖┬╖┬╖` with 
`┬╖┬╖┬╖┬╖`  
prettier/prettier
17:1  Error: Replace 
`┬╖┬╖┬╖┬╖┬╖┬╖┬╖┬╖` with 
`┬╖┬╖┬╖┬╖`  
prettier/prettier
18:1  Error: Delete 
`┬╖┬╖┬╖┬╖┬╖┬╖`  
prettier/prettier
19:9  Error: Delete 
`┬╖┬╖┬╖┬╖┬╖┬╖┬╖┬╖`  
prettier/prettier
20:1  Error: Replace `┬╖
┬╖┬╖┬╖┬╖┬╖┬╖┬╖┬╖┬╖┬╖┬╖┬╖
┬╖┬╖┬╖` with 
`┬╖┬╖┬╖┬╖┬╖┬╖┬╖┬╖`  
prettier/prettier
21:9  Error: Delete 
`┬╖┬╖┬╖┬╖┬╖┬╖┬╖┬╖`  
prettier/prettier
22:1  Error: Replace `┬╖
┬╖┬╖┬╖┬╖┬╖┬╖┬╖┬╖┬╖┬╖┬╖` 
with `┬╖┬╖┬╖┬╖┬╖┬╖`  
prettier/prettier
23:1  Error: Delete 
`┬╖┬╖┬╖┬╖`  
prettier/prettier
24:1  Error: Replace `┬╖
┬╖┬╖┬╖┬╖┬╖┬╖┬╖┬╖┬╖┬╖┬╖` 
with `┬╖┬╖┬╖┬╖┬╖┬╖`  
prettier/prettier
25:5  Error: Delete 
`┬╖┬╖┬╖┬╖`  
prettier/prettier
26:1  Error: Replace 
`┬╖┬╖┬╖┬╖┬╖┬╖┬╖┬╖` with 
`┬╖┬╖┬╖┬╖`  
prettier/prettier
27:1  Error: Delete 
`┬╖┬╖┬╖┬╖`  
prettier/prettier
28:5  Error: Delete 
`┬╖┬╖┬╖┬╖`  
prettier/prettier
29:1  Error: Replace 
`┬╖┬╖┬╖┬╖┬╖┬╖┬╖┬╖` with 
`┬╖┬╖┬╖┬╖`  
prettier/prettier
30:3  Error: Delete 
`┬╖┬╖`  
prettier/prettier
32:1  Error: Replace `┬╖
┬╖┬╖┬╖const┬╖trustItems┬
╖=` with `┬╖┬╖const┬╖tru
stItems┬╖=ΓÅÄ┬╖┬╖┬╖`  
prettier/prettier
33:7  Error: Delete 
`┬╖┬╖`  
prettier/prettier
34:7  Error: Delete 
`┬╖┬╖`  
prettier/prettier
36:1  Error: Delete 
`┬╖┬╖`  
prettier/prettier
37:5  Error: Delete 
`┬╖┬╖┬╖┬╖`  
prettier/prettier
38:1  Error: Replace `┬╖
┬╖┬╖┬╖┬╖┬╖┬╖┬╖┬╖┬╖┬╖┬╖` 
with `┬╖┬╖┬╖┬╖┬╖┬╖`  
prettier/prettier
39:1  Error: Delete 
`┬╖┬╖┬╖┬╖┬╖┬╖┬╖┬╖`  
prettier/prettier
41:9  Error: Delete 
`┬╖┬╖┬╖┬╖┬╖┬╖┬╖┬╖`  
prettier/prettier
42:1  Error: Replace `┬╖
┬╖┬╖┬╖┬╖┬╖┬╖┬╖┬╖┬╖┬╖┬╖┬╖
┬╖┬╖┬╖┬╖┬╖┬╖┬╖` with 
`┬╖┬╖┬╖┬╖┬╖┬╖┬╖┬╖┬╖┬╖`  
prettier/prettier
43:13  Error: Delete `┬╖
┬╖┬╖┬╖┬╖┬╖┬╖┬╖┬╖┬╖┬╖┬╖` 
 prettier/prettier
44:1  Error: Replace `┬╖
┬╖┬╖┬╖┬╖┬╖┬╖┬╖┬╖┬╖┬╖┬╖┬╖
┬╖┬╖┬╖┬╖┬╖┬╖┬╖┬╖┬╖┬╖┬╖` 
with `┬╖┬╖┬╖┬╖┬╖┬╖┬╖┬╖┬╖
┬╖┬╖┬╖`  
prettier/prettier
46:1  Error: Replace `┬╖
┬╖┬╖┬╖┬╖┬╖┬╖┬╖┬╖┬╖┬╖┬╖┬╖
┬╖┬╖┬╖┬╖┬╖┬╖┬╖┬╖┬╖┬╖┬╖` 
with `┬╖┬╖┬╖┬╖┬╖┬╖┬╖┬╖┬╖
┬╖┬╖┬╖`  
prettier/prettier
47:1  Error: Delete `┬╖┬
╖┬╖┬╖┬╖┬╖┬╖┬╖┬╖┬╖┬╖┬╖┬╖┬
╖`  prettier/prettier
48:17  Error: Delete `┬╖
┬╖┬╖┬╖┬╖┬╖┬╖┬╖┬╖┬╖┬╖┬╖┬╖
┬╖┬╖┬╖`  
prettier/prettier
49:1  Error: Replace `┬╖
┬╖┬╖┬╖┬╖┬╖┬╖┬╖┬╖┬╖┬╖┬╖┬╖
┬╖┬╖┬╖┬╖┬╖┬╖┬╖┬╖┬╖┬╖┬╖┬╖
┬╖┬╖┬╖` with `┬╖┬╖┬╖┬╖┬╖
┬╖┬╖┬╖┬╖┬╖┬╖┬╖┬╖┬╖`  
prettier/prettier
50:1  Error: Delete `┬╖┬
╖┬╖┬╖┬╖┬╖┬╖┬╖┬╖┬╖┬╖┬╖┬╖┬
╖`  prettier/prettier
51:17  Error: Delete `┬╖
┬╖┬╖┬╖┬╖┬╖┬╖┬╖┬╖┬╖┬╖┬╖┬╖
┬╖┬╖┬╖`  
prettier/prettier
52:1  Error: Replace `┬╖
┬╖┬╖┬╖┬╖┬╖┬╖┬╖┬╖┬╖┬╖┬╖┬╖
┬╖┬╖┬╖┬╖┬╖┬╖┬╖┬╖┬╖┬╖┬╖┬╖
┬╖┬╖┬╖` with `┬╖┬╖┬╖┬╖┬╖
┬╖┬╖┬╖┬╖┬╖┬╖┬╖┬╖┬╖`  
prettier/prettier
53:1  Error: Delete `┬╖┬
╖┬╖┬╖┬╖┬╖┬╖┬╖┬╖┬╖┬╖┬╖┬╖┬
╖`  prettier/prettier
54:17  Error: Delete `┬╖
┬╖┬╖┬╖┬╖┬╖┬╖┬╖┬╖┬╖┬╖┬╖┬╖
┬╖┬╖┬╖`  
prettier/prettier
55:1  Error: Replace `┬╖
┬╖┬╖┬╖┬╖┬╖┬╖┬╖┬╖┬╖┬╖┬╖┬╖
┬╖┬╖┬╖┬╖┬╖┬╖┬╖┬╖┬╖┬╖┬╖┬╖
┬╖┬╖┬╖` with `┬╖┬╖┬╖┬╖┬╖
┬╖┬╖┬╖┬╖┬╖┬╖┬╖┬╖┬╖`  
prettier/prettier
57:1  Error: Delete `┬╖┬
╖┬╖┬╖┬╖┬╖┬╖┬╖┬╖┬╖┬╖┬╖┬╖┬
╖`  prettier/prettier
58:17  Error: Delete `┬╖
┬╖┬╖┬╖┬╖┬╖┬╖┬╖┬╖┬╖┬╖┬╖┬╖
┬╖┬╖┬╖`  
prettier/prettier
59:1  Error: Replace `┬╖
┬╖┬╖┬╖┬╖┬╖┬╖┬╖┬╖┬╖┬╖┬╖┬╖
┬╖┬╖┬╖┬╖┬╖┬╖┬╖┬╖┬╖┬╖┬╖┬╖
┬╖┬╖┬╖┬╖┬╖┬╖┬╖┬╖┬╖┬╖┬╖` 
with `┬╖┬╖┬╖┬╖┬╖┬╖┬╖┬╖┬╖
┬╖┬╖┬╖┬╖┬╖┬╖┬╖┬╖┬╖`  
prettier/prettier
60:1  Error: Replace `┬╖
┬╖┬╖┬╖┬╖┬╖┬╖┬╖┬╖┬╖┬╖┬╖┬╖
┬╖┬╖┬╖┬╖┬╖┬╖┬╖┬╖┬╖┬╖┬╖┬╖
┬╖┬╖┬╖┬╖┬╖┬╖┬╖┬╖┬╖┬╖┬╖┬╖
┬╖┬╖┬╖` with `┬╖┬╖┬╖┬╖┬╖
┬╖┬╖┬╖┬╖┬╖┬╖┬╖┬╖┬╖┬╖┬╖┬╖
┬╖┬╖┬╖`  
prettier/prettier
61:1  Error: Replace `┬╖
┬╖┬╖┬╖┬╖┬╖┬╖┬╖┬╖┬╖┬╖┬╖┬╖
┬╖┬╖┬╖┬╖┬╖┬╖┬╖┬╖┬╖┬╖┬╖┬╖
┬╖┬╖┬╖┬╖┬╖┬╖┬╖┬╖┬╖┬╖┬╖┬╖
┬╖┬╖┬╖` with `┬╖┬╖┬╖┬╖┬╖
┬╖┬╖┬╖┬╖┬╖┬╖┬╖┬╖┬╖┬╖┬╖┬╖
┬╖┬╖┬╖`  
prettier/prettier
62:1  Error: Delete `┬╖┬
╖┬╖┬╖┬╖┬╖┬╖┬╖┬╖┬╖┬╖┬╖┬╖┬
╖┬╖┬╖┬╖┬╖┬╖┬╖`  
prettier/prettier
63:1  Error: Replace `┬╖
┬╖┬╖┬╖┬╖┬╖┬╖┬╖┬╖┬╖┬╖┬╖┬╖
┬╖┬╖┬╖┬╖┬╖┬╖┬╖┬╖┬╖┬╖┬╖┬╖
┬╖┬╖┬╖┬╖┬╖┬╖┬╖┬╖┬╖┬╖┬╖┬╖
┬╖┬╖┬╖` with `┬╖┬╖┬╖┬╖┬╖
┬╖┬╖┬╖┬╖┬╖┬╖┬╖┬╖┬╖┬╖┬╖┬╖
┬╖┬╖┬╖`  
prettier/prettier
64:21  Error: Delete `┬╖
┬╖┬╖┬╖┬╖┬╖┬╖┬╖┬╖┬╖┬╖┬╖┬╖
┬╖┬╖┬╖┬╖┬╖┬╖┬╖`  
prettier/prettier
65:1  Error: Replace `┬╖
┬╖┬╖┬╖┬╖┬╖┬╖┬╖┬╖┬╖┬╖┬╖┬╖
┬╖┬╖┬╖┬╖┬╖┬╖┬╖┬╖┬╖┬╖┬╖┬╖
┬╖┬╖┬╖┬╖┬╖┬╖┬╖┬╖┬╖┬╖┬╖┬╖
┬╖┬╖┬╖` with `┬╖┬╖┬╖┬╖┬╖
┬╖┬╖┬╖┬╖┬╖┬╖┬╖┬╖┬╖┬╖┬╖┬╖
┬╖┬╖┬╖`  
prettier/prettier
66:1  Error: Replace `┬╖
┬╖┬╖┬╖┬╖┬╖┬╖┬╖┬╖┬╖┬╖┬╖┬╖
┬╖┬╖┬╖┬╖┬╖┬╖┬╖┬╖┬╖┬╖┬╖┬╖
┬╖┬╖┬╖┬╖┬╖┬╖┬╖┬╖┬╖┬╖┬╖┬╖
┬╖┬╖┬╖className="flex-1┬
╖rounded-xl┬╖border┬╖bor
der-borderColor┬╖bg-whit
e/90┬╖px-5┬╖py-3.5┬╖text
-paragraph┬╖placeholder:
text-paragraph-light/50┬
╖transition-all┬╖` with 
`┬╖┬╖┬╖┬╖┬╖┬╖┬╖┬╖┬╖┬╖┬╖┬
╖┬╖┬╖┬╖┬╖┬╖┬╖┬╖┬╖classNa
me="flex-1┬╖rounded-xl┬╖
border┬╖border-borderCol
or┬╖bg-white/90┬╖px-5┬╖p
y-3.5┬╖text-paragraph┬╖t
ransition-all┬╖placehold
er:text-paragraph-light/
50┬╖`  prettier/prettier
67:19  Error: Delete `┬╖
┬╖┬╖┬╖┬╖┬╖┬╖┬╖┬╖┬╖┬╖┬╖┬╖
┬╖┬╖┬╖┬╖┬╖`  
prettier/prettier
68:1  Error: Replace `┬╖
┬╖┬╖┬╖┬╖┬╖┬╖┬╖┬╖┬╖┬╖┬╖┬╖
┬╖┬╖┬╖┬╖┬╖┬╖┬╖┬╖┬╖┬╖┬╖┬╖
┬╖┬╖┬╖┬╖┬╖┬╖┬╖┬╖┬╖┬╖┬╖` 
with `┬╖┬╖┬╖┬╖┬╖┬╖┬╖┬╖┬╖
┬╖┬╖┬╖┬╖┬╖┬╖┬╖┬╖┬╖`  
prettier/prettier
69:1  Error: Replace `┬╖
┬╖┬╖┬╖┬╖┬╖┬╖┬╖┬╖┬╖┬╖┬╖┬╖
┬╖┬╖┬╖┬╖┬╖┬╖┬╖┬╖┬╖┬╖┬╖┬╖
┬╖┬╖┬╖┬╖┬╖┬╖┬╖┬╖┬╖┬╖┬╖┬╖
┬╖┬╖┬╖` with `┬╖┬╖┬╖┬╖┬╖
┬╖┬╖┬╖┬╖┬╖┬╖┬╖┬╖┬╖┬╖┬╖┬╖
┬╖┬╖┬╖`  
prettier/prettier
70:1  Error: Replace `┬╖
┬╖┬╖┬╖┬╖┬╖┬╖┬╖┬╖┬╖┬╖┬╖┬╖
┬╖┬╖┬╖┬╖┬╖┬╖┬╖┬╖┬╖┬╖┬╖┬╖
┬╖┬╖┬╖┬╖┬╖┬╖┬╖┬╖┬╖┬╖┬╖┬╖
┬╖┬╖┬╖` with `┬╖┬╖┬╖┬╖┬╖
┬╖┬╖┬╖┬╖┬╖┬╖┬╖┬╖┬╖┬╖┬╖┬╖
┬╖┬╖┬╖`  
prettier/prettier
71:1  Error: Replace `┬╖
┬╖┬╖┬╖┬╖┬╖┬╖┬╖┬╖┬╖┬╖┬╖┬╖
┬╖┬╖┬╖┬╖┬╖┬╖┬╖┬╖┬╖┬╖┬╖┬╖
┬╖┬╖┬╖┬╖┬╖┬╖┬╖┬╖┬╖┬╖┬╖┬╖
┬╖┬╖┬╖className={`flex┬╖
items-center┬╖justify-ce
nter┬╖gap-2┬╖whitespace-
nowrap┬╖rounded-xl┬╖px-7
┬╖py-3.5┬╖font-semibold┬
╖transition-all┬╖duratio
n-300┬╖${submitting` 
with `┬╖┬╖┬╖┬╖┬╖┬╖┬╖┬╖┬╖
┬╖┬╖┬╖┬╖┬╖┬╖┬╖┬╖┬╖┬╖┬╖cl
assName={`flex┬╖items-ce
nter┬╖justify-center┬╖ga
p-2┬╖whitespace-nowrap┬╖
rounded-xl┬╖px-7┬╖py-3.5
┬╖font-semibold┬╖transit
ion-all┬╖duration-300┬╖$
{`  prettier/prettier
72:21  Error: Insert 
`┬╖┬╖submittingΓÅÄ`  
prettier/prettier
73:1  Error: Replace `┬╖
┬╖┬╖┬╖┬╖┬╖┬╖┬╖┬╖┬╖┬╖┬╖┬╖
┬╖┬╖┬╖┬╖┬╖┬╖┬╖┬╖┬╖┬╖┬╖┬╖
┬╖┬╖┬╖┬╖┬╖┬╖┬╖┬╖┬╖┬╖┬╖┬╖
┬╖┬╖┬╖┬╖┬╖┬╖┬╖` with `┬╖
┬╖┬╖┬╖┬╖┬╖┬╖┬╖┬╖┬╖┬╖┬╖┬╖
┬╖┬╖┬╖┬╖┬╖┬╖┬╖┬╖┬╖┬╖┬╖` 
 prettier/prettier
74:21  Error: Replace `┬
╖┬╖┬╖┬╖┬╖┬╖┬╖┬╖┬╖┬╖┬╖┬╖┬
╖┬╖┬╖┬╖┬╖┬╖┬╖┬╖┬╖┬╖┬╖┬╖}
`}ΓÅÄ┬╖┬╖┬╖┬╖┬╖┬╖┬╖┬╖┬╖┬
╖┬╖┬╖┬╖┬╖┬╖┬╖┬╖┬╖┬╖┬╖┬╖┬
╖┬╖┬╖┬╖┬╖┬╖┬╖┬╖┬╖┬╖┬╖┬╖┬
╖┬╖┬╖` with `}`}`  
prettier/prettier
76:1  Error: Replace `┬╖
┬╖┬╖┬╖┬╖┬╖┬╖┬╖┬╖┬╖┬╖┬╖┬╖
┬╖┬╖┬╖┬╖┬╖┬╖┬╖┬╖┬╖┬╖┬╖┬╖
┬╖┬╖┬╖┬╖┬╖┬╖┬╖┬╖┬╖┬╖┬╖┬╖
┬╖┬╖┬╖` with `┬╖┬╖┬╖┬╖┬╖
┬╖┬╖┬╖┬╖┬╖┬╖┬╖┬╖┬╖┬╖┬╖┬╖
┬╖┬╖┬╖`  
prettier/prettier
77:23  Error: Replace `┬
╖┬╖┬╖┬╖┬╖┬╖┬╖┬╖┬╖┬╖┬╖┬╖┬
╖┬╖┬╖┬╖┬╖┬╖┬╖┬╖┬╖┬╖<svg┬
╖className="h-5┬╖w-5┬╖an
imate-spin"┬╖xmlns="http
://www.w3.org/2000/svg"┬
╖fill="none"┬╖viewBox="0
┬╖0┬╖24┬╖24">ΓÅÄ┬╖┬╖┬╖┬╖
┬╖┬╖┬╖┬╖┬╖┬╖┬╖┬╖┬╖┬╖┬╖┬╖
┬╖┬╖┬╖┬╖┬╖┬╖┬╖┬╖` with `
<svgΓÅÄ┬╖┬╖┬╖┬╖┬╖┬╖┬╖┬╖┬
╖┬╖┬╖┬╖┬╖┬╖┬╖┬╖┬╖┬╖┬╖┬╖┬
╖┬╖┬╖┬╖className="h-5┬╖w
-5┬╖animate-spin"ΓÅÄ┬╖┬╖
┬╖┬╖┬╖┬╖┬╖┬╖┬╖┬╖┬╖┬╖┬╖┬╖
┬╖┬╖┬╖┬╖┬╖┬╖┬╖┬╖┬╖┬╖xmln
s="http://www.w3.org/200
0/svg"ΓÅÄ┬╖┬╖┬╖┬╖┬╖┬╖┬╖┬
╖┬╖┬╖┬╖┬╖┬╖┬╖┬╖┬╖┬╖┬╖┬╖┬
╖┬╖┬╖┬╖┬╖fill="none"ΓÅÄ┬
╖┬╖┬╖┬╖┬╖┬╖┬╖┬╖┬╖┬╖┬╖┬╖┬
╖┬╖┬╖┬╖┬╖┬╖┬╖┬╖┬╖┬╖┬╖┬╖v
iewBox="0┬╖0┬╖24┬╖24">ΓÅ
Ä`  prettier/prettier
79:25  Error: Replace `┬
╖┬╖┬╖┬╖┬╖┬╖┬╖┬╖┬╖┬╖┬╖┬╖┬
╖┬╖┬╖┬╖┬╖┬╖┬╖┬╖┬╖┬╖┬╖┬╖<
path┬╖className="opacity
-75"┬╖fill="currentColor
"┬╖d="M4┬╖12a8┬╖8┬╖0┬╖0┬
╖1┬╖8-8V0C5.373┬╖0┬╖0┬╖5
.373┬╖0┬╖12h4zm2┬╖5.291A
7.962┬╖7.962┬╖0┬╖0┬╖1┬╖4
┬╖12H0c0┬╖3.042┬╖1.135┬╖
5.824┬╖3┬╖7.938l3-2.647z
"┬╖/>` with `<pathΓÅÄ┬╖┬
╖┬╖┬╖┬╖┬╖┬╖┬╖┬╖┬╖┬╖┬╖┬╖┬
╖┬╖┬╖┬╖┬╖┬╖┬╖┬╖┬╖┬╖┬╖┬╖┬
╖className="opacity-75"Γ
ÅÄ┬╖┬╖┬╖┬╖┬╖┬╖┬╖┬╖┬╖┬╖┬╖
┬╖┬╖┬╖┬╖┬╖┬╖┬╖┬╖┬╖┬╖┬╖┬╖
┬╖┬╖┬╖fill="currentColor
"ΓÅÄ┬╖┬╖┬╖┬╖┬╖┬╖┬╖┬╖┬╖┬╖
┬╖┬╖┬╖┬╖┬╖┬╖┬╖┬╖┬╖┬╖┬╖┬╖
┬╖┬╖┬╖┬╖d="M4┬╖12a8┬╖8┬╖
0┬╖0┬╖1┬╖8-8V0C5.373┬╖0┬
╖0┬╖5.373┬╖0┬╖12h4zm2┬╖5
.291A7.962┬╖7.962┬╖0┬╖0┬
╖1┬╖4┬╖12H0c0┬╖3.042┬╖1.
135┬╖5.824┬╖3┬╖7.938l3-2
.647z"`  
prettier/prettier
80:23  Error: Insert 
`┬╖┬╖/>ΓÅÄ`  
prettier/prettier
81:21  Error: Delete `┬╖
┬╖┬╖┬╖┬╖┬╖┬╖┬╖┬╖┬╖┬╖┬╖┬╖
┬╖┬╖┬╖┬╖┬╖┬╖┬╖`  
prettier/prettier
82:1  Error: Replace `┬╖
┬╖┬╖┬╖┬╖┬╖┬╖┬╖┬╖┬╖┬╖┬╖┬╖
┬╖┬╖┬╖┬╖┬╖┬╖┬╖┬╖┬╖┬╖┬╖┬╖
┬╖┬╖┬╖┬╖┬╖┬╖┬╖┬╖┬╖┬╖┬╖┬╖
┬╖┬╖┬╖┬╖┬╖┬╖┬╖` with `┬╖
┬╖┬╖┬╖┬╖┬╖┬╖┬╖┬╖┬╖┬╖┬╖┬╖
┬╖┬╖┬╖┬╖┬╖┬╖┬╖┬╖┬╖`  
prettier/prettier
83:1  Error: Replace `┬╖
┬╖┬╖┬╖┬╖┬╖┬╖┬╖┬╖┬╖┬╖┬╖┬╖
┬╖┬╖┬╖┬╖┬╖┬╖┬╖┬╖┬╖┬╖┬╖┬╖
┬╖┬╖┬╖┬╖┬╖┬╖┬╖┬╖┬╖┬╖┬╖┬╖
┬╖┬╖┬╖┬╖┬╖┬╖┬╖┬╖┬╖┬╖┬╖` 
with `┬╖┬╖┬╖┬╖┬╖┬╖┬╖┬╖┬╖
┬╖┬╖┬╖┬╖┬╖┬╖┬╖┬╖┬╖┬╖┬╖┬╖
┬╖┬╖┬╖`  
prettier/prettier
84:1  Error: Replace `┬╖
┬╖┬╖┬╖┬╖┬╖┬╖┬╖┬╖┬╖┬╖┬╖┬╖
┬╖┬╖┬╖┬╖┬╖┬╖┬╖┬╖┬╖┬╖┬╖┬╖
┬╖┬╖┬╖┬╖┬╖┬╖┬╖┬╖┬╖┬╖┬╖┬╖
┬╖┬╖┬╖┬╖┬╖┬╖┬╖┬╖┬╖┬╖┬╖` 
with `┬╖┬╖┬╖┬╖┬╖┬╖┬╖┬╖┬╖
┬╖┬╖┬╖┬╖┬╖┬╖┬╖┬╖┬╖┬╖┬╖┬╖
┬╖┬╖┬╖`  
prettier/prettier
85:23  Error: Delete `┬╖
┬╖┬╖┬╖┬╖┬╖┬╖┬╖┬╖┬╖┬╖┬╖┬╖
┬╖┬╖┬╖┬╖┬╖┬╖┬╖┬╖┬╖`  
prettier/prettier
86:1  Error: Replace `┬╖
┬╖┬╖┬╖┬╖┬╖┬╖┬╖┬╖┬╖┬╖┬╖┬╖
┬╖┬╖┬╖┬╖┬╖┬╖┬╖┬╖┬╖┬╖┬╖┬╖
┬╖┬╖┬╖┬╖┬╖┬╖┬╖┬╖┬╖┬╖┬╖┬╖
┬╖┬╖┬╖` with `┬╖┬╖┬╖┬╖┬╖
┬╖┬╖┬╖┬╖┬╖┬╖┬╖┬╖┬╖┬╖┬╖┬╖
┬╖┬╖┬╖`  
prettier/prettier
87:1  Error: Delete `┬╖┬
╖┬╖┬╖┬╖┬╖┬╖┬╖┬╖┬╖┬╖┬╖┬╖┬
╖┬╖┬╖┬╖┬╖`  
prettier/prettier
88:1  Error: Replace `┬╖
┬╖┬╖┬╖┬╖┬╖┬╖┬╖┬╖┬╖┬╖┬╖┬╖
┬╖┬╖┬╖┬╖┬╖┬╖┬╖┬╖┬╖┬╖┬╖┬╖
┬╖┬╖┬╖┬╖┬╖┬╖┬╖` with `┬╖
┬╖┬╖┬╖┬╖┬╖┬╖┬╖┬╖┬╖┬╖┬╖┬╖
┬╖┬╖┬╖`  
prettier/prettier
89:1  Error: Replace `┬╖
┬╖┬╖┬╖┬╖┬╖┬╖┬╖┬╖┬╖┬╖┬╖┬╖
┬╖┬╖┬╖┬╖┬╖┬╖┬╖┬╖┬╖┬╖┬╖┬╖
┬╖┬╖┬╖┬╖┬╖┬╖┬╖` with `┬╖
┬╖┬╖┬╖┬╖┬╖┬╖┬╖┬╖┬╖┬╖┬╖┬╖
┬╖┬╖┬╖`  
prettier/prettier
90:1  Error: Delete `┬╖┬
╖┬╖┬╖┬╖┬╖┬╖┬╖┬╖┬╖┬╖┬╖┬╖┬
╖`  prettier/prettier
92:15  Error: Delete `┬╖
┬╖┬╖┬╖┬╖┬╖┬╖┬╖┬╖┬╖┬╖┬╖┬╖
┬╖`  prettier/prettier
93:1  Error: Replace `┬╖
┬╖┬╖┬╖┬╖┬╖┬╖┬╖┬╖┬╖┬╖┬╖┬╖
┬╖┬╖┬╖┬╖┬╖┬╖┬╖┬╖┬╖┬╖┬╖┬╖
┬╖┬╖┬╖┬╖┬╖┬╖┬╖` with `┬╖
┬╖┬╖┬╖┬╖┬╖┬╖┬╖┬╖┬╖┬╖┬╖┬╖
┬╖┬╖┬╖`  
prettier/prettier
94:1  Error: Delete `┬╖┬
╖┬╖┬╖┬╖┬╖┬╖┬╖┬╖┬╖┬╖┬╖┬╖┬
╖┬╖┬╖┬╖┬╖`  
prettier/prettier
95:1  Error: Replace `┬╖
┬╖┬╖┬╖┬╖┬╖┬╖┬╖┬╖┬╖┬╖┬╖┬╖
┬╖┬╖┬╖┬╖┬╖┬╖┬╖┬╖┬╖┬╖┬╖┬╖
┬╖┬╖┬╖┬╖┬╖┬╖┬╖┬╖┬╖┬╖┬╖┬╖
┬╖┬╖┬╖` with `┬╖┬╖┬╖┬╖┬╖
┬╖┬╖┬╖┬╖┬╖┬╖┬╖┬╖┬╖┬╖┬╖┬╖
┬╖┬╖┬╖`  
prettier/prettier
96:21  Error: Delete `┬╖
┬╖┬╖┬╖┬╖┬╖┬╖┬╖┬╖┬╖┬╖┬╖┬╖
┬╖┬╖┬╖┬╖┬╖┬╖┬╖`  
prettier/prettier
97:19  Error: Delete `┬╖
┬╖┬╖┬╖┬╖┬╖┬╖┬╖┬╖┬╖┬╖┬╖┬╖
┬╖┬╖┬╖┬╖┬╖`  
prettier/prettier
98:1  Error: Replace `┬╖
┬╖┬╖┬╖┬╖┬╖┬╖┬╖┬╖┬╖┬╖┬╖┬╖
┬╖┬╖┬╖┬╖┬╖┬╖┬╖┬╖┬╖┬╖┬╖┬╖
┬╖┬╖┬╖┬╖┬╖┬╖┬╖` with `┬╖
┬╖┬╖┬╖┬╖┬╖┬╖┬╖┬╖┬╖┬╖┬╖┬╖
┬╖┬╖┬╖`  
prettier/prettier
99:1  Error: Replace `┬╖
┬╖┬╖┬╖┬╖┬╖┬╖┬╖┬╖┬╖┬╖┬╖┬╖
┬╖┬╖┬╖┬╖┬╖┬╖┬╖┬╖┬╖┬╖┬╖┬╖
┬╖┬╖┬╖` with `┬╖┬╖┬╖┬╖┬╖
┬╖┬╖┬╖┬╖┬╖┬╖┬╖┬╖┬╖`  
prettier/prettier
100:1  Error: Replace `┬
╖┬╖┬╖┬╖┬╖┬╖┬╖┬╖┬╖┬╖┬╖┬╖┬
╖┬╖┬╖┬╖┬╖┬╖┬╖┬╖┬╖┬╖┬╖┬╖`
 with `┬╖┬╖┬╖┬╖┬╖┬╖┬╖┬╖┬
╖┬╖┬╖┬╖`  
prettier/prettier
101:1  Error: Replace `┬
╖┬╖┬╖┬╖┬╖┬╖┬╖┬╖┬╖┬╖┬╖┬╖┬
╖┬╖┬╖┬╖┬╖┬╖┬╖┬╖` with 
`┬╖┬╖┬╖┬╖┬╖┬╖┬╖┬╖┬╖┬╖`  
prettier/prettier
102:1  Error: Replace `┬
╖┬╖┬╖┬╖┬╖┬╖┬╖┬╖┬╖┬╖┬╖┬╖┬
╖┬╖┬╖┬╖` with 
`┬╖┬╖┬╖┬╖┬╖┬╖┬╖┬╖`  
prettier/prettier
103:1  Error: Replace `┬
╖┬╖┬╖┬╖┬╖┬╖┬╖┬╖┬╖┬╖┬╖┬╖`
 with `┬╖┬╖┬╖┬╖┬╖┬╖`  
prettier/prettier
105:1  Error: Delete 
`┬╖┬╖┬╖┬╖┬╖┬╖`  
prettier/prettier
106:1  Error: Delete 
`┬╖┬╖┬╖┬╖┬╖┬╖┬╖┬╖`  
prettier/prettier
107:1  Error: Replace `┬
╖┬╖┬╖┬╖┬╖┬╖┬╖┬╖┬╖┬╖┬╖┬╖┬
╖┬╖┬╖┬╖┬╖┬╖┬╖┬╖` with 
`┬╖┬╖┬╖┬╖┬╖┬╖┬╖┬╖┬╖┬╖`  
prettier/prettier
108:1  Error: Replace `┬
╖┬╖┬╖┬╖┬╖┬╖┬╖┬╖┬╖┬╖┬╖┬╖┬
╖┬╖┬╖┬╖┬╖┬╖┬╖┬╖┬╖┬╖┬╖┬╖`
 with `┬╖┬╖┬╖┬╖┬╖┬╖┬╖┬╖┬
╖┬╖┬╖┬╖`  
prettier/prettier
109:1  Error: Replace `┬
╖┬╖┬╖┬╖┬╖┬╖┬╖┬╖┬╖┬╖┬╖┬╖┬
╖┬╖┬╖┬╖┬╖┬╖┬╖┬╖` with 
`┬╖┬╖┬╖┬╖┬╖┬╖┬╖┬╖┬╖┬╖`  
prettier/prettier
110:1  Error: Delete 
`┬╖┬╖┬╖┬╖┬╖┬╖┬╖┬╖┬╖┬╖`  
prettier/prettier
111:1  Error: Replace `┬
╖┬╖┬╖┬╖┬╖┬╖┬╖┬╖┬╖┬╖┬╖┬╖┬
╖┬╖┬╖┬╖┬╖┬╖┬╖┬╖┬╖┬╖┬╖┬╖`
 with `┬╖┬╖┬╖┬╖┬╖┬╖┬╖┬╖┬
╖┬╖┬╖┬╖`  
prettier/prettier
112:1  Error: Replace `┬
╖┬╖┬╖┬╖┬╖┬╖┬╖┬╖┬╖┬╖┬╖┬╖┬
╖┬╖┬╖┬╖┬╖┬╖┬╖┬╖┬╖┬╖┬╖┬╖`
 with `┬╖┬╖┬╖┬╖┬╖┬╖┬╖┬╖┬
╖┬╖┬╖┬╖`  
prettier/prettier
113:1  Error: Replace `┬
╖┬╖┬╖┬╖┬╖┬╖┬╖┬╖┬╖┬╖┬╖┬╖┬
╖┬╖┬╖┬╖┬╖┬╖┬╖┬╖` with 
`┬╖┬╖┬╖┬╖┬╖┬╖┬╖┬╖┬╖┬╖`  
prettier/prettier
114:1  Error: Replace `┬
╖┬╖┬╖┬╖┬╖┬╖┬╖┬╖┬╖┬╖┬╖┬╖┬
╖┬╖┬╖┬╖` with 
`┬╖┬╖┬╖┬╖┬╖┬╖┬╖┬╖`  
prettier/prettier
115:1  Error: Replace `┬
╖┬╖┬╖┬╖┬╖┬╖┬╖┬╖┬╖┬╖┬╖┬╖`
 with `┬╖┬╖┬╖┬╖┬╖┬╖`  
prettier/prettier
116:1  Error: Replace 
`┬╖┬╖┬╖┬╖┬╖┬╖┬╖┬╖` with 
`┬╖┬╖┬╖┬╖`  
prettier/prettier
117:1  Error: Delete 
`┬╖┬╖`  
prettier/prettier

./components/navbar/Seco
ndaryNavbar.jsx
32:11  Error: Insert 
`ΓÉìΓÅÄ┬╖┬╖┬╖┬╖┬╖┬╖┬╖`  
prettier/prettier
33:1  Error: Insert 
`┬╖┬╖`  
prettier/prettier
34:9  Error: Insert 
`┬╖┬╖`  
prettier/prettier
35:11  Error: Replace `?
┬╖'bg-white/80┬╖dark:bg-
dark-300/80┬╖backdrop-bl
ur-lg┬╖border-b┬╖border-
borderColor┬╖dark:border
-borderColor-dark┬╖shado
w-nav` with `┬╖┬╖?┬╖'bor
der-b┬╖border-borderColo
r┬╖bg-white/80┬╖shadow-n
av┬╖backdrop-blur-lg┬╖da
rk:border-borderColor-da
rk┬╖dark:bg-dark-300/80`
  prettier/prettier
36:1  Error: Insert 
`┬╖┬╖`  
prettier/prettier
37:1  Error: Insert 
`┬╖┬╖`  
prettier/prettier
44:26  Error: Insert `ΓÉ
ìΓÅÄ┬╖┬╖┬╖┬╖┬╖┬╖┬╖┬╖┬╖┬╖
┬╖┬╖┬╖`  
prettier/prettier
51:26  Error: Insert `ΓÉ
ìΓÅÄ┬╖┬╖┬╖┬╖┬╖┬╖┬╖┬╖┬╖┬╖
┬╖┬╖┬╖`  
prettier/prettier
58:26  Error: Replace `h
idden┬╖lg:flex┬╖items-ce
nter┬╖gap-1┬╖ml-12` 
with `ml-12┬╖hidden┬╖ite
ms-center┬╖gap-1┬╖lg:fle
x`  prettier/prettier
61:19  Error: Insert `ΓÉ
ìΓÅÄ┬╖┬╖┬╖┬╖┬╖┬╖┬╖┬╖┬╖┬╖
┬╖┬╖┬╖┬╖┬╖┬╖┬╖`  
prettier/prettier
62:30  Error: Replace `p
x-4┬╖py-2┬╖text-sm┬╖font
-medium┬╖text-paragraph-
light┬╖dark:text-white/7
0┬╖hover:text-primary┬╖t
ransition-colors┬╖rounde
d-lg┬╖hover:bg-primary/5
` with `rounded-lg┬╖px-4
┬╖py-2┬╖text-sm┬╖font-me
dium┬╖text-paragraph-lig
ht┬╖transition-colors┬╖h
over:bg-primary/5┬╖hover
:text-primary┬╖dark:text
-white/70`  
prettier/prettier
71:20  Error: Insert `ΓÉ
ìΓÅÄ┬╖┬╖┬╖┬╖┬╖┬╖┬╖┬╖┬╖┬╖
┬╖┬╖┬╖`  
prettier/prettier
72:52  Error: Replace `p
x-3┬╖py-2┬╖rounded-lg┬╖t
ext-sm┬╖font-medium┬╖tex
t-paragraph-light┬╖dark:
text-white/70┬╖hover:tex
t-primary┬╖transition-co
lors` with `rounded-lg┬╖
px-3┬╖py-2┬╖text-sm┬╖fon
t-medium┬╖text-paragraph
-light┬╖transition-color
s┬╖hover:text-primary┬╖d
ark:text-white/70`  
prettier/prettier
74:33  Error: Replace 
`w-4┬╖h` with `h-4┬╖w`  
prettier/prettier
78:20  Error: Insert `ΓÉ
ìΓÅÄ┬╖┬╖┬╖┬╖┬╖┬╖┬╖┬╖┬╖┬╖
┬╖┬╖┬╖`  
prettier/prettier
79:33  Error: Replace `s
m:flex┬╖items-center┬╖bg
-primary┬╖hover:bg-prima
ry-200┬╖text-paragraph┬╖
text-sm┬╖font-semibold┬╖
px-6┬╖py-2.5┬╖rounded-fu
ll┬╖transition-all┬╖dura
tion-300┬╖shadow-md┬╖sha
dow-primary/30┬╖hover:sh
adow-lg┬╖hover:shadow-pr
imary/40` with `items-ce
nter┬╖rounded-full┬╖bg-p
rimary┬╖px-6┬╖py-2.5┬╖te
xt-sm┬╖font-semibold┬╖te
xt-paragraph┬╖shadow-md┬
╖shadow-primary/30┬╖tran
sition-all┬╖duration-300
┬╖hover:bg-primary-200┬╖
hover:shadow-lg┬╖hover:s
hadow-primary/40┬╖sm:fle
x`  prettier/prettier
83:20  Error: Replace `┬
╖className="lg:hidden┬╖m
l-2┬╖text-paragraph┬╖dar
k:text-white"` with `ΓÉì
ΓÅÄ┬╖┬╖┬╖┬╖┬╖┬╖┬╖┬╖┬╖┬╖┬
╖┬╖┬╖┬╖className="ml-2┬╖
text-paragraph┬╖dark:tex
t-white┬╖lg:hidden"ΓÉìΓÅ
Ä┬╖┬╖┬╖┬╖┬╖┬╖┬╖┬╖┬╖┬╖┬╖┬
╖┬╖`  prettier/prettier
84:43  Error: Replace `w
-6┬╖h-6"┬╖/>┬╖:┬╖<Menu┬╖
className="w-6┬╖h` with 
`h-6┬╖w-6"┬╖/>┬╖:┬╖<Menu
┬╖className="h-6┬╖w`  
prettier/prettier
90:38  Error: Replace `t
op-full┬╖left-0┬╖right-0
┬╖bg-white┬╖dark:bg-dark
-200┬╖border-b┬╖border-b
orderColor┬╖dark:border-
borderColor-dark┬╖shadow
-box` with `left-0┬╖righ
t-0┬╖top-full┬╖border-b┬
╖border-borderColor┬╖bg-
white┬╖shadow-box┬╖dark:
border-borderColor-dark┬
╖dark:bg-dark-200`  
prettier/prettier
91:44  Error: Replace 
`p-4┬╖gap-1` with 
`gap-1┬╖p-4`  
prettier/prettier
94:23  Error: Replace 
`┬╖href={item.path}` 
with `ΓÉìΓÅÄ┬╖┬╖┬╖┬╖┬╖┬╖
┬╖┬╖┬╖┬╖┬╖┬╖┬╖┬╖┬╖┬╖┬╖┬╖
┬╖┬╖┬╖┬╖href={item.path}
ΓÉìΓÅÄ┬╖┬╖┬╖┬╖┬╖┬╖┬╖┬╖┬╖
┬╖┬╖┬╖┬╖┬╖┬╖┬╖┬╖┬╖┬╖┬╖┬╖
`  prettier/prettier
95:40  Error: Replace `p
x-4┬╖py-3┬╖text-paragrap
h┬╖dark:text-white┬╖hove
r:bg-primary/5┬╖rounded-
lg┬╖transition-colors` 
with `rounded-lg┬╖px-4┬╖
py-3┬╖text-paragraph┬╖tr
ansition-colors┬╖hover:b
g-primary/5┬╖dark:text-w
hite`  prettier/prettier
101:26  Error: Replace `
┬╖onClick={()┬╖=>┬╖{┬╖se
tMobileMenu(false);┬╖scr
ollToWaitlist?.()` with 
`ΓÉìΓÅÄ┬╖┬╖┬╖┬╖┬╖┬╖┬╖┬╖┬
╖┬╖┬╖┬╖┬╖┬╖┬╖┬╖┬╖┬╖┬╖┬╖o
nClick={()┬╖=>┬╖{ΓÉìΓÅÄ┬
╖┬╖┬╖┬╖┬╖┬╖┬╖┬╖┬╖┬╖┬╖┬╖┬
╖┬╖┬╖┬╖┬╖┬╖┬╖┬╖┬╖┬╖setMo
bileMenu(false)ΓÉìΓÅÄ┬╖┬
╖┬╖┬╖┬╖┬╖┬╖┬╖┬╖┬╖┬╖┬╖┬╖┬
╖┬╖┬╖┬╖┬╖┬╖┬╖┬╖┬╖scrollT
oWaitlist?.()ΓÉìΓÅÄ┬╖┬╖┬
╖┬╖┬╖┬╖┬╖┬╖┬╖┬╖┬╖┬╖┬╖┬╖┬
╖┬╖┬╖┬╖┬╖`  
prettier/prettier
102:39  Error: Replace `
px-6┬╖py-3┬╖bg-primary┬╖
hover:bg-primary-200┬╖te
xt-paragraph┬╖font-semib
old┬╖rounded-full┬╖trans
ition-all` with `rounded
-full┬╖bg-primary┬╖px-6┬
╖py-3┬╖font-semibold┬╖te
xt-paragraph┬╖transition
-all┬╖hover:bg-primary-2
00`  prettier/prettier
107:26  Error: Replace `
┬╖onClick={()┬╖=>┬╖{┬╖to
ggleLocale();┬╖setMobile
Menu(false)` with `ΓÉìΓÅ
Ä┬╖┬╖┬╖┬╖┬╖┬╖┬╖┬╖┬╖┬╖┬╖┬
╖┬╖┬╖┬╖┬╖┬╖┬╖┬╖┬╖onClick
={()┬╖=>┬╖{ΓÉìΓÅÄ┬╖┬╖┬╖┬
╖┬╖┬╖┬╖┬╖┬╖┬╖┬╖┬╖┬╖┬╖┬╖┬
╖┬╖┬╖┬╖┬╖┬╖┬╖toggleLocal
e()ΓÉìΓÅÄ┬╖┬╖┬╖┬╖┬╖┬╖┬╖┬
╖┬╖┬╖┬╖┬╖┬╖┬╖┬╖┬╖┬╖┬╖┬╖┬
╖┬╖┬╖setMobileMenu(false
)ΓÉìΓÅÄ┬╖┬╖┬╖┬╖┬╖┬╖┬╖┬╖┬
╖┬╖┬╖┬╖┬╖┬╖┬╖┬╖┬╖┬╖┬╖`  
prettier/prettier
108:32  Error: Replace `
w-full┬╖flex┬╖items-cent
er┬╖justify-center┬╖gap-
2┬╖px-6┬╖py-3┬╖border┬╖b
order-borderColor┬╖dark:
border-borderColor-dark┬
╖text-paragraph┬╖dark:te
xt-white┬╖rounded-full` 
with `flex┬╖w-full┬╖item
s-center┬╖justify-center
┬╖gap-2┬╖rounded-full┬╖b
order┬╖border-borderColo
r┬╖px-6┬╖py-3┬╖text-para
graph┬╖dark:border-borde
rColor-dark┬╖dark:text-w
hite`  prettier/prettier
109:39  Error: Replace 
`w-4┬╖h` with `h-4┬╖w`  
prettier/prettier

./components/navbar/TopB
ar.jsx
10:84  Error: Replace `Γ
ÉìΓÅÄ┬╖┬╖┬╖┬╖┬╖┬╖┬╖┬╖aiv
alancheΓÉìΓÅÄ┬╖┬╖┬╖┬╖┬╖┬
╖` with `aivalanche`  
prettier/prettier

info  - Need to disable 
some ESLint rules? 
Learn more here: https:/
/nextjs.org/docs/basic-f
eatures/eslint#disabling
-rules
